16:13:52 **** Build of configuration Coordinator_JN5168 for project JN-AN-1174-JN516x-802-15-4-Application-Template ****
make clean JENNIC_CHIP=JN5168 all 
rm -f crd_coordinator.o dbg.o lcd.o node.o queue.o rnd.o uart.o wuart.o AppQueueApi.o crd_coordinator.d dbg.d lcd.d node.d queue.d rnd.d uart.d wuart.d AppQueueApi.d Coordinator_JN5168*.bin Coordinator_JN5168*.elf Coordinator_JN5168*.map
Compiling /c/Users/K98David/Documents/工作區/JN5168Zigbee/JN-AN-1069-IEEE-802.15.4-Serial-Cable-Replacement/Coordinator/Source/crd_coordinator.c ...
/c/Users/K98David/Documents/工作區/sdk/JN-SW-4163/../Tools/ba-elf-ba2-r36379/bin/ba-elf-gcc -c -o crd_coordinator.o -DLED_CTRL_CARRIER_BOARD= -DJN516x=5160 -DJN5168=5168 -DJENNIC_CHIP_NAME=_JN5168 -DJENNIC_CHIP_FAMILY_NAME=_JN516x -march=ba2 -mcpu=jn51xx -mredzone-size=4 -mbranch-cost=3 -fomit-frame-pointer -Os -fshort-enums -Wall  -Wpacked -Wcast-align -fdata-sections -ffunction-sections -flto  -DWATCHDOG_ENABLED -DJENNIC_HW_BBC_RXINCCA=1 -DJENNIC_HW_BBC_DMA=1 -DJENNIC_HW_BBC_ISA=0 -DJENNIC_SW_EXTERNAL_FLASH=0 -DJN516X_DMA_UART_BACKWARDS_COMPATIBLE_API=1 -DUART_BACKWARDS_COMPATIBLE_API=1 -DJENNIC_CHIP=JN5168 -DJENNIC_CHIP_JN5168 -DJENNIC_CHIP_FAMILY=JN516x -DJENNIC_CHIP_FAMILY_JN516x -DJENNIC_STACK_MAC -DJENNIC_MAC_MAC -Wall -Wunreachable-code -DEMBEDDED -I/c/Users/K98David/Documents/工作區/sdk/JN-SW-4163/Platform/Common/Include -DJENNIC_PCB=DEVKIT4 -DJENNIC_PCB_DEVKIT4 -I/c/Users/K98David/Documents/工作區/sdk/JN-SW-4163/Platform/DK4/Include -I/c/Users/K98David/Documents/工作區/sdk/JN-SW-4163/Components/Common/Include -I/c/Users/K98David/Documents/工作區/JN5168Zigbee/JN-AN-1069-IEEE-802.15.4-Serial-Cable-Replacement/Coordinator/Source -I/c/Users/K98David/Documents/工作區/JN5168Zigbee/JN-AN-1069-IEEE-802.15.4-Serial-Cable-Replacement/Coordinator/Source/.. -I/c/Users/K98David/Documents/工作區/JN5168Zigbee/JN-AN-1069-IEEE-802.15.4-Serial-Cable-Replacement/Common/Source -I/c/Users/K98David/Documents/工作區/sdk/JN-SW-4163/Components/JennicLogo/Include -I/c/Users/K98David/Documents/工作區/sdk/JN-SW-4163/Components/Utilities/Include -I/c/Users/K98David/Documents/工作區/sdk/JN-SW-4163/Components/AppQueueApi/Include  -I/c/Users/K98David/Documents/工作區/sdk/JN-SW-4163/Components/AppApi/Include -I/c/Users/K98David/Documents/工作區/sdk/JN-SW-4163/Components/MAC/Include -I/c/Users/K98David/Documents/工作區/sdk/JN-SW-4163/Components/MMAC/Include -I/c/Users/K98David/Documents/工作區/sdk/JN-SW-4163/Components/HardwareApi/Include -I/c/Users/K98David/Documents/工作區/sdk/JN-SW-4163/Components/Aes/Include -I/c/Users/K98David/Documents/工作區/sdk/JN-SW-4163/Components/DBG/Include -I/c/Users/K98David/Documents/工作區/sdk/JN-SW-4163/Components/MAC/Include -I/c/Users/K98David/Documents/工作區/sdk/JN-SW-4163/Components/TimerServer/Include -I/c/Users/K98David/Documents/工作區/sdk/JN-SW-4163/Components/PDM/Include  /c/Users/K98David/Documents/工作區/JN5168Zigbee/JN-AN-1069-IEEE-802.15.4-Serial-Cable-Replacement/Coordinator/Source/crd_coordinator.c -MD -MF crd_coordinator.d -MP

Compiling /c/Users/K98David/Documents/工作區/JN5168Zigbee/JN-AN-1069-IEEE-802.15.4-Serial-Cable-Replacement/Common/Source/dbg.c ...
/c/Users/K98David/Documents/工作區/sdk/JN-SW-4163/../Tools/ba-elf-ba2-r36379/bin/ba-elf-gcc -c -o dbg.o -DLED_CTRL_CARRIER_BOARD= -DJN516x=5160 -DJN5168=5168 -DJENNIC_CHIP_NAME=_JN5168 -DJENNIC_CHIP_FAMILY_NAME=_JN516x -march=ba2 -mcpu=jn51xx -mredzone-size=4 -mbranch-cost=3 -fomit-frame-pointer -Os -fshort-enums -Wall  -Wpacked -Wcast-align -fdata-sections -ffunction-sections -flto  -DWATCHDOG_ENABLED -DJENNIC_HW_BBC_RXINCCA=1 -DJENNIC_HW_BBC_DMA=1 -DJENNIC_HW_BBC_ISA=0 -DJENNIC_SW_EXTERNAL_FLASH=0 -DJN516X_DMA_UART_BACKWARDS_COMPATIBLE_API=1 -DUART_BACKWARDS_COMPATIBLE_API=1 -DJENNIC_CHIP=JN5168 -DJENNIC_CHIP_JN5168 -DJENNIC_CHIP_FAMILY=JN516x -DJENNIC_CHIP_FAMILY_JN516x -DJENNIC_STACK_MAC -DJENNIC_MAC_MAC -Wall -Wunreachable-code -DEMBEDDED -I/c/Users/K98David/Documents/工作區/sdk/JN-SW-4163/Platform/Common/Include -DJENNIC_PCB=DEVKIT4 -DJENNIC_PCB_DEVKIT4 -I/c/Users/K98David/Documents/工作區/sdk/JN-SW-4163/Platform/DK4/Include -I/c/Users/K98David/Documents/工作區/sdk/JN-SW-4163/Components/Common/Include -I/c/Users/K98David/Documents/工作區/JN5168Zigbee/JN-AN-1069-IEEE-802.15.4-Serial-Cable-Replacement/Coordinator/Source -I/c/Users/K98David/Documents/工作區/JN5168Zigbee/JN-AN-1069-IEEE-802.15.4-Serial-Cable-Replacement/Coordinator/Source/.. -I/c/Users/K98David/Documents/工作區/JN5168Zigbee/JN-AN-1069-IEEE-802.15.4-Serial-Cable-Replacement/Common/Source -I/c/Users/K98David/Documents/工作區/sdk/JN-SW-4163/Components/JennicLogo/Include -I/c/Users/K98David/Documents/工作區/sdk/JN-SW-4163/Components/Utilities/Include -I/c/Users/K98David/Documents/工作區/sdk/JN-SW-4163/Components/AppQueueApi/Include  -I/c/Users/K98David/Documents/工作區/sdk/JN-SW-4163/Components/AppApi/Include -I/c/Users/K98David/Documents/工作區/sdk/JN-SW-4163/Components/MAC/Include -I/c/Users/K98David/Documents/工作區/sdk/JN-SW-4163/Components/MMAC/Include -I/c/Users/K98David/Documents/工作區/sdk/JN-SW-4163/Components/HardwareApi/Include -I/c/Users/K98David/Documents/工作區/sdk/JN-SW-4163/Components/Aes/Include -I/c/Users/K98David/Documents/工作區/sdk/JN-SW-4163/Components/DBG/Include -I/c/Users/K98David/Documents/工作區/sdk/JN-SW-4163/Components/MAC/Include -I/c/Users/K98David/Documents/工作區/sdk/JN-SW-4163/Components/TimerServer/Include -I/c/Users/K98David/Documents/工作區/sdk/JN-SW-4163/Components/PDM/Include  /c/Users/K98David/Documents/工作區/JN5168Zigbee/JN-AN-1069-IEEE-802.15.4-Serial-Cable-Replacement/Common/Source/dbg.c -MD -MF dbg.d -MP

Compiling /c/Users/K98David/Documents/工作區/JN5168Zigbee/JN-AN-1069-IEEE-802.15.4-Serial-Cable-Replacement/Common/Source/lcd.c ...
/c/Users/K98David/Documents/工作區/sdk/JN-SW-4163/../Tools/ba-elf-ba2-r36379/bin/ba-elf-gcc -c -o lcd.o -DLED_CTRL_CARRIER_BOARD= -DJN516x=5160 -DJN5168=5168 -DJENNIC_CHIP_NAME=_JN5168 -DJENNIC_CHIP_FAMILY_NAME=_JN516x -march=ba2 -mcpu=jn51xx -mredzone-size=4 -mbranch-cost=3 -fomit-frame-pointer -Os -fshort-enums -Wall  -Wpacked -Wcast-align -fdata-sections -ffunction-sections -flto  -DWATCHDOG_ENABLED -DJENNIC_HW_BBC_RXINCCA=1 -DJENNIC_HW_BBC_DMA=1 -DJENNIC_HW_BBC_ISA=0 -DJENNIC_SW_EXTERNAL_FLASH=0 -DJN516X_DMA_UART_BACKWARDS_COMPATIBLE_API=1 -DUART_BACKWARDS_COMPATIBLE_API=1 -DJENNIC_CHIP=JN5168 -DJENNIC_CHIP_JN5168 -DJENNIC_CHIP_FAMILY=JN516x -DJENNIC_CHIP_FAMILY_JN516x -DJENNIC_STACK_MAC -DJENNIC_MAC_MAC -Wall -Wunreachable-code -DEMBEDDED -I/c/Users/K98David/Documents/工作區/sdk/JN-SW-4163/Platform/Common/Include -DJENNIC_PCB=DEVKIT4 -DJENNIC_PCB_DEVKIT4 -I/c/Users/K98David/Documents/工作區/sdk/JN-SW-4163/Platform/DK4/Include -I/c/Users/K98David/Documents/工作區/sdk/JN-SW-4163/Components/Common/Include -I/c/Users/K98David/Documents/工作區/JN5168Zigbee/JN-AN-1069-IEEE-802.15.4-Serial-Cable-Replacement/Coordinator/Source -I/c/Users/K98David/Documents/工作區/JN5168Zigbee/JN-AN-1069-IEEE-802.15.4-Serial-Cable-Replacement/Coordinator/Source/.. -I/c/Users/K98David/Documents/工作區/JN5168Zigbee/JN-AN-1069-IEEE-802.15.4-Serial-Cable-Replacement/Common/Source -I/c/Users/K98David/Documents/工作區/sdk/JN-SW-4163/Components/JennicLogo/Include -I/c/Users/K98David/Documents/工作區/sdk/JN-SW-4163/Components/Utilities/Include -I/c/Users/K98David/Documents/工作區/sdk/JN-SW-4163/Components/AppQueueApi/Include  -I/c/Users/K98David/Documents/工作區/sdk/JN-SW-4163/Components/AppApi/Include -I/c/Users/K98David/Documents/工作區/sdk/JN-SW-4163/Components/MAC/Include -I/c/Users/K98David/Documents/工作區/sdk/JN-SW-4163/Components/MMAC/Include -I/c/Users/K98David/Documents/工作區/sdk/JN-SW-4163/Components/HardwareApi/Include -I/c/Users/K98David/Documents/工作區/sdk/JN-SW-4163/Components/Aes/Include -I/c/Users/K98David/Documents/工作區/sdk/JN-SW-4163/Components/DBG/Include -I/c/Users/K98David/Documents/工作區/sdk/JN-SW-4163/Components/MAC/Include -I/c/Users/K98David/Documents/工作區/sdk/JN-SW-4163/Components/TimerServer/Include -I/c/Users/K98David/Documents/工作區/sdk/JN-SW-4163/Components/PDM/Include  /c/Users/K98David/Documents/工作區/JN5168Zigbee/JN-AN-1069-IEEE-802.15.4-Serial-Cable-Replacement/Common/Source/lcd.c -MD -MF lcd.d -MP

Compiling /c/Users/K98David/Documents/工作區/JN5168Zigbee/JN-AN-1069-IEEE-802.15.4-Serial-Cable-Replacement/Common/Source/node.c ...
/c/Users/K98David/Documents/工作區/sdk/JN-SW-4163/../Tools/ba-elf-ba2-r36379/bin/ba-elf-gcc -c -o node.o -DLED_CTRL_CARRIER_BOARD= -DJN516x=5160 -DJN5168=5168 -DJENNIC_CHIP_NAME=_JN5168 -DJENNIC_CHIP_FAMILY_NAME=_JN516x -march=ba2 -mcpu=jn51xx -mredzone-size=4 -mbranch-cost=3 -fomit-frame-pointer -Os -fshort-enums -Wall  -Wpacked -Wcast-align -fdata-sections -ffunction-sections -flto  -DWATCHDOG_ENABLED -DJENNIC_HW_BBC_RXINCCA=1 -DJENNIC_HW_BBC_DMA=1 -DJENNIC_HW_BBC_ISA=0 -DJENNIC_SW_EXTERNAL_FLASH=0 -DJN516X_DMA_UART_BACKWARDS_COMPATIBLE_API=1 -DUART_BACKWARDS_COMPATIBLE_API=1 -DJENNIC_CHIP=JN5168 -DJENNIC_CHIP_JN5168 -DJENNIC_CHIP_FAMILY=JN516x -DJENNIC_CHIP_FAMILY_JN516x -DJENNIC_STACK_MAC -DJENNIC_MAC_MAC -Wall -Wunreachable-code -DEMBEDDED -I/c/Users/K98David/Documents/工作區/sdk/JN-SW-4163/Platform/Common/Include -DJENNIC_PCB=DEVKIT4 -DJENNIC_PCB_DEVKIT4 -I/c/Users/K98David/Documents/工作區/sdk/JN-SW-4163/Platform/DK4/Include -I/c/Users/K98David/Documents/工作區/sdk/JN-SW-4163/Components/Common/Include -I/c/Users/K98David/Documents/工作區/JN5168Zigbee/JN-AN-1069-IEEE-802.15.4-Serial-Cable-Replacement/Coordinator/Source -I/c/Users/K98David/Documents/工作區/JN5168Zigbee/JN-AN-1069-IEEE-802.15.4-Serial-Cable-Replacement/Coordinator/Source/.. -I/c/Users/K98David/Documents/工作區/JN5168Zigbee/JN-AN-1069-IEEE-802.15.4-Serial-Cable-Replacement/Common/Source -I/c/Users/K98David/Documents/工作區/sdk/JN-SW-4163/Components/JennicLogo/Include -I/c/Users/K98David/Documents/工作區/sdk/JN-SW-4163/Components/Utilities/Include -I/c/Users/K98David/Documents/工作區/sdk/JN-SW-4163/Components/AppQueueApi/Include  -I/c/Users/K98David/Documents/工作區/sdk/JN-SW-4163/Components/AppApi/Include -I/c/Users/K98David/Documents/工作區/sdk/JN-SW-4163/Components/MAC/Include -I/c/Users/K98David/Documents/工作區/sdk/JN-SW-4163/Components/MMAC/Include -I/c/Users/K98David/Documents/工作區/sdk/JN-SW-4163/Components/HardwareApi/Include -I/c/Users/K98David/Documents/工作區/sdk/JN-SW-4163/Components/Aes/Include -I/c/Users/K98David/Documents/工作區/sdk/JN-SW-4163/Components/DBG/Include -I/c/Users/K98David/Documents/工作區/sdk/JN-SW-4163/Components/MAC/Include -I/c/Users/K98David/Documents/工作區/sdk/JN-SW-4163/Components/TimerServer/Include -I/c/Users/K98David/Documents/工作區/sdk/JN-SW-4163/Components/PDM/Include  /c/Users/K98David/Documents/工作區/JN5168Zigbee/JN-AN-1069-IEEE-802.15.4-Serial-Cable-Replacement/Common/Source/node.c -MD -MF node.d -MP

Compiling /c/Users/K98David/Documents/工作區/JN5168Zigbee/JN-AN-1069-IEEE-802.15.4-Serial-Cable-Replacement/Common/Source/queue.c ...
/c/Users/K98David/Documents/工作區/sdk/JN-SW-4163/../Tools/ba-elf-ba2-r36379/bin/ba-elf-gcc -c -o queue.o -DLED_CTRL_CARRIER_BOARD= -DJN516x=5160 -DJN5168=5168 -DJENNIC_CHIP_NAME=_JN5168 -DJENNIC_CHIP_FAMILY_NAME=_JN516x -march=ba2 -mcpu=jn51xx -mredzone-size=4 -mbranch-cost=3 -fomit-frame-pointer -Os -fshort-enums -Wall  -Wpacked -Wcast-align -fdata-sections -ffunction-sections -flto  -DWATCHDOG_ENABLED -DJENNIC_HW_BBC_RXINCCA=1 -DJENNIC_HW_BBC_DMA=1 -DJENNIC_HW_BBC_ISA=0 -DJENNIC_SW_EXTERNAL_FLASH=0 -DJN516X_DMA_UART_BACKWARDS_COMPATIBLE_API=1 -DUART_BACKWARDS_COMPATIBLE_API=1 -DJENNIC_CHIP=JN5168 -DJENNIC_CHIP_JN5168 -DJENNIC_CHIP_FAMILY=JN516x -DJENNIC_CHIP_FAMILY_JN516x -DJENNIC_STACK_MAC -DJENNIC_MAC_MAC -Wall -Wunreachable-code -DEMBEDDED -I/c/Users/K98David/Documents/工作區/sdk/JN-SW-4163/Platform/Common/Include -DJENNIC_PCB=DEVKIT4 -DJENNIC_PCB_DEVKIT4 -I/c/Users/K98David/Documents/工作區/sdk/JN-SW-4163/Platform/DK4/Include -I/c/Users/K98David/Documents/工作區/sdk/JN-SW-4163/Components/Common/Include -I/c/Users/K98David/Documents/工作區/JN5168Zigbee/JN-AN-1069-IEEE-802.15.4-Serial-Cable-Replacement/Coordinator/Source -I/c/Users/K98David/Documents/工作區/JN5168Zigbee/JN-AN-1069-IEEE-802.15.4-Serial-Cable-Replacement/Coordinator/Source/.. -I/c/Users/K98David/Documents/工作區/JN5168Zigbee/JN-AN-1069-IEEE-802.15.4-Serial-Cable-Replacement/Common/Source -I/c/Users/K98David/Documents/工作區/sdk/JN-SW-4163/Components/JennicLogo/Include -I/c/Users/K98David/Documents/工作區/sdk/JN-SW-4163/Components/Utilities/Include -I/c/Users/K98David/Documents/工作區/sdk/JN-SW-4163/Components/AppQueueApi/Include  -I/c/Users/K98David/Documents/工作區/sdk/JN-SW-4163/Components/AppApi/Include -I/c/Users/K98David/Documents/工作區/sdk/JN-SW-4163/Components/MAC/Include -I/c/Users/K98David/Documents/工作區/sdk/JN-SW-4163/Components/MMAC/Include -I/c/Users/K98David/Documents/工作區/sdk/JN-SW-4163/Components/HardwareApi/Include -I/c/Users/K98David/Documents/工作區/sdk/JN-SW-4163/Components/Aes/Include -I/c/Users/K98David/Documents/工作區/sdk/JN-SW-4163/Components/DBG/Include -I/c/Users/K98David/Documents/工作區/sdk/JN-SW-4163/Components/MAC/Include -I/c/Users/K98David/Documents/工作區/sdk/JN-SW-4163/Components/TimerServer/Include -I/c/Users/K98David/Documents/工作區/sdk/JN-SW-4163/Components/PDM/Include  /c/Users/K98David/Documents/工作區/JN5168Zigbee/JN-AN-1069-IEEE-802.15.4-Serial-Cable-Replacement/Common/Source/queue.c -MD -MF queue.d -MP

Compiling /c/Users/K98David/Documents/工作區/JN5168Zigbee/JN-AN-1069-IEEE-802.15.4-Serial-Cable-Replacement/Common/Source/rnd.c ...
/c/Users/K98David/Documents/工作區/sdk/JN-SW-4163/../Tools/ba-elf-ba2-r36379/bin/ba-elf-gcc -c -o rnd.o -DLED_CTRL_CARRIER_BOARD= -DJN516x=5160 -DJN5168=5168 -DJENNIC_CHIP_NAME=_JN5168 -DJENNIC_CHIP_FAMILY_NAME=_JN516x -march=ba2 -mcpu=jn51xx -mredzone-size=4 -mbranch-cost=3 -fomit-frame-pointer -Os -fshort-enums -Wall  -Wpacked -Wcast-align -fdata-sections -ffunction-sections -flto  -DWATCHDOG_ENABLED -DJENNIC_HW_BBC_RXINCCA=1 -DJENNIC_HW_BBC_DMA=1 -DJENNIC_HW_BBC_ISA=0 -DJENNIC_SW_EXTERNAL_FLASH=0 -DJN516X_DMA_UART_BACKWARDS_COMPATIBLE_API=1 -DUART_BACKWARDS_COMPATIBLE_API=1 -DJENNIC_CHIP=JN5168 -DJENNIC_CHIP_JN5168 -DJENNIC_CHIP_FAMILY=JN516x -DJENNIC_CHIP_FAMILY_JN516x -DJENNIC_STACK_MAC -DJENNIC_MAC_MAC -Wall -Wunreachable-code -DEMBEDDED -I/c/Users/K98David/Documents/工作區/sdk/JN-SW-4163/Platform/Common/Include -DJENNIC_PCB=DEVKIT4 -DJENNIC_PCB_DEVKIT4 -I/c/Users/K98David/Documents/工作區/sdk/JN-SW-4163/Platform/DK4/Include -I/c/Users/K98David/Documents/工作區/sdk/JN-SW-4163/Components/Common/Include -I/c/Users/K98David/Documents/工作區/JN5168Zigbee/JN-AN-1069-IEEE-802.15.4-Serial-Cable-Replacement/Coordinator/Source -I/c/Users/K98David/Documents/工作區/JN5168Zigbee/JN-AN-1069-IEEE-802.15.4-Serial-Cable-Replacement/Coordinator/Source/.. -I/c/Users/K98David/Documents/工作區/JN5168Zigbee/JN-AN-1069-IEEE-802.15.4-Serial-Cable-Replacement/Common/Source -I/c/Users/K98David/Documents/工作區/sdk/JN-SW-4163/Components/JennicLogo/Include -I/c/Users/K98David/Documents/工作區/sdk/JN-SW-4163/Components/Utilities/Include -I/c/Users/K98David/Documents/工作區/sdk/JN-SW-4163/Components/AppQueueApi/Include  -I/c/Users/K98David/Documents/工作區/sdk/JN-SW-4163/Components/AppApi/Include -I/c/Users/K98David/Documents/工作區/sdk/JN-SW-4163/Components/MAC/Include -I/c/Users/K98David/Documents/工作區/sdk/JN-SW-4163/Components/MMAC/Include -I/c/Users/K98David/Documents/工作區/sdk/JN-SW-4163/Components/HardwareApi/Include -I/c/Users/K98David/Documents/工作區/sdk/JN-SW-4163/Components/Aes/Include -I/c/Users/K98David/Documents/工作區/sdk/JN-SW-4163/Components/DBG/Include -I/c/Users/K98David/Documents/工作區/sdk/JN-SW-4163/Components/MAC/Include -I/c/Users/K98David/Documents/工作區/sdk/JN-SW-4163/Components/TimerServer/Include -I/c/Users/K98David/Documents/工作區/sdk/JN-SW-4163/Components/PDM/Include  /c/Users/K98David/Documents/工作區/JN5168Zigbee/JN-AN-1069-IEEE-802.15.4-Serial-Cable-Replacement/Common/Source/rnd.c -MD -MF rnd.d -MP

Compiling /c/Users/K98David/Documents/工作區/JN5168Zigbee/JN-AN-1069-IEEE-802.15.4-Serial-Cable-Replacement/Common/Source/uart.c ...
/c/Users/K98David/Documents/工作區/sdk/JN-SW-4163/../Tools/ba-elf-ba2-r36379/bin/ba-elf-gcc -c -o uart.o -DLED_CTRL_CARRIER_BOARD= -DJN516x=5160 -DJN5168=5168 -DJENNIC_CHIP_NAME=_JN5168 -DJENNIC_CHIP_FAMILY_NAME=_JN516x -march=ba2 -mcpu=jn51xx -mredzone-size=4 -mbranch-cost=3 -fomit-frame-pointer -Os -fshort-enums -Wall  -Wpacked -Wcast-align -fdata-sections -ffunction-sections -flto  -DWATCHDOG_ENABLED -DJENNIC_HW_BBC_RXINCCA=1 -DJENNIC_HW_BBC_DMA=1 -DJENNIC_HW_BBC_ISA=0 -DJENNIC_SW_EXTERNAL_FLASH=0 -DJN516X_DMA_UART_BACKWARDS_COMPATIBLE_API=1 -DUART_BACKWARDS_COMPATIBLE_API=1 -DJENNIC_CHIP=JN5168 -DJENNIC_CHIP_JN5168 -DJENNIC_CHIP_FAMILY=JN516x -DJENNIC_CHIP_FAMILY_JN516x -DJENNIC_STACK_MAC -DJENNIC_MAC_MAC -Wall -Wunreachable-code -DEMBEDDED -I/c/Users/K98David/Documents/工作區/sdk/JN-SW-4163/Platform/Common/Include -DJENNIC_PCB=DEVKIT4 -DJENNIC_PCB_DEVKIT4 -I/c/Users/K98David/Documents/工作區/sdk/JN-SW-4163/Platform/DK4/Include -I/c/Users/K98David/Documents/工作區/sdk/JN-SW-4163/Components/Common/Include -I/c/Users/K98David/Documents/工作區/JN5168Zigbee/JN-AN-1069-IEEE-802.15.4-Serial-Cable-Replacement/Coordinator/Source -I/c/Users/K98David/Documents/工作區/JN5168Zigbee/JN-AN-1069-IEEE-802.15.4-Serial-Cable-Replacement/Coordinator/Source/.. -I/c/Users/K98David/Documents/工作區/JN5168Zigbee/JN-AN-1069-IEEE-802.15.4-Serial-Cable-Replacement/Common/Source -I/c/Users/K98David/Documents/工作區/sdk/JN-SW-4163/Components/JennicLogo/Include -I/c/Users/K98David/Documents/工作區/sdk/JN-SW-4163/Components/Utilities/Include -I/c/Users/K98David/Documents/工作區/sdk/JN-SW-4163/Components/AppQueueApi/Include  -I/c/Users/K98David/Documents/工作區/sdk/JN-SW-4163/Components/AppApi/Include -I/c/Users/K98David/Documents/工作區/sdk/JN-SW-4163/Components/MAC/Include -I/c/Users/K98David/Documents/工作區/sdk/JN-SW-4163/Components/MMAC/Include -I/c/Users/K98David/Documents/工作區/sdk/JN-SW-4163/Components/HardwareApi/Include -I/c/Users/K98David/Documents/工作區/sdk/JN-SW-4163/Components/Aes/Include -I/c/Users/K98David/Documents/工作區/sdk/JN-SW-4163/Components/DBG/Include -I/c/Users/K98David/Documents/工作區/sdk/JN-SW-4163/Components/MAC/Include -I/c/Users/K98David/Documents/工作區/sdk/JN-SW-4163/Components/TimerServer/Include -I/c/Users/K98David/Documents/工作區/sdk/JN-SW-4163/Components/PDM/Include  /c/Users/K98David/Documents/工作區/JN5168Zigbee/JN-AN-1069-IEEE-802.15.4-Serial-Cable-Replacement/Common/Source/uart.c -MD -MF uart.d -MP

Compiling /c/Users/K98David/Documents/工作區/JN5168Zigbee/JN-AN-1069-IEEE-802.15.4-Serial-Cable-Replacement/Common/Source/wuart.c ...
/c/Users/K98David/Documents/工作區/sdk/JN-SW-4163/../Tools/ba-elf-ba2-r36379/bin/ba-elf-gcc -c -o wuart.o -DLED_CTRL_CARRIER_BOARD= -DJN516x=5160 -DJN5168=5168 -DJENNIC_CHIP_NAME=_JN5168 -DJENNIC_CHIP_FAMILY_NAME=_JN516x -march=ba2 -mcpu=jn51xx -mredzone-size=4 -mbranch-cost=3 -fomit-frame-pointer -Os -fshort-enums -Wall  -Wpacked -Wcast-align -fdata-sections -ffunction-sections -flto  -DWATCHDOG_ENABLED -DJENNIC_HW_BBC_RXINCCA=1 -DJENNIC_HW_BBC_DMA=1 -DJENNIC_HW_BBC_ISA=0 -DJENNIC_SW_EXTERNAL_FLASH=0 -DJN516X_DMA_UART_BACKWARDS_COMPATIBLE_API=1 -DUART_BACKWARDS_COMPATIBLE_API=1 -DJENNIC_CHIP=JN5168 -DJENNIC_CHIP_JN5168 -DJENNIC_CHIP_FAMILY=JN516x -DJENNIC_CHIP_FAMILY_JN516x -DJENNIC_STACK_MAC -DJENNIC_MAC_MAC -Wall -Wunreachable-code -DEMBEDDED -I/c/Users/K98David/Documents/工作區/sdk/JN-SW-4163/Platform/Common/Include -DJENNIC_PCB=DEVKIT4 -DJENNIC_PCB_DEVKIT4 -I/c/Users/K98David/Documents/工作區/sdk/JN-SW-4163/Platform/DK4/Include -I/c/Users/K98David/Documents/工作區/sdk/JN-SW-4163/Components/Common/Include -I/c/Users/K98David/Documents/工作區/JN5168Zigbee/JN-AN-1069-IEEE-802.15.4-Serial-Cable-Replacement/Coordinator/Source -I/c/Users/K98David/Documents/工作區/JN5168Zigbee/JN-AN-1069-IEEE-802.15.4-Serial-Cable-Replacement/Coordinator/Source/.. -I/c/Users/K98David/Documents/工作區/JN5168Zigbee/JN-AN-1069-IEEE-802.15.4-Serial-Cable-Replacement/Common/Source -I/c/Users/K98David/Documents/工作區/sdk/JN-SW-4163/Components/JennicLogo/Include -I/c/Users/K98David/Documents/工作區/sdk/JN-SW-4163/Components/Utilities/Include -I/c/Users/K98David/Documents/工作區/sdk/JN-SW-4163/Components/AppQueueApi/Include  -I/c/Users/K98David/Documents/工作區/sdk/JN-SW-4163/Components/AppApi/Include -I/c/Users/K98David/Documents/工作區/sdk/JN-SW-4163/Components/MAC/Include -I/c/Users/K98David/Documents/工作區/sdk/JN-SW-4163/Components/MMAC/Include -I/c/Users/K98David/Documents/工作區/sdk/JN-SW-4163/Components/HardwareApi/Include -I/c/Users/K98David/Documents/工作區/sdk/JN-SW-4163/Components/Aes/Include -I/c/Users/K98David/Documents/工作區/sdk/JN-SW-4163/Components/DBG/Include -I/c/Users/K98David/Documents/工作區/sdk/JN-SW-4163/Components/MAC/Include -I/c/Users/K98David/Documents/工作區/sdk/JN-SW-4163/Components/TimerServer/Include -I/c/Users/K98David/Documents/工作區/sdk/JN-SW-4163/Components/PDM/Include  /c/Users/K98David/Documents/工作區/JN5168Zigbee/JN-AN-1069-IEEE-802.15.4-Serial-Cable-Replacement/Common/Source/wuart.c -MD -MF wuart.d -MP
c:/Users/K98David/Documents/工作區/JN5168Zigbee/JN-AN-1069-IEEE-802.15.4-Serial-Cable-Replacement/Common/Source/wuart.c: In function 'WUART_vInit':
c:/Users/K98David/Documents/工作區/JN5168Zigbee/JN-AN-1069-IEEE-802.15.4-Serial-Cable-Replacement/Common/Source/wuart.c:168:2: warning: "/*" within comment [-Wcomment]
c:/Users/K98David/Documents/工作區/JN5168Zigbee/JN-AN-1069-IEEE-802.15.4-Serial-Cable-Replacement/Common/Source/wuart.c:180:3: warning: "/*" within comment [-Wcomment]
c:/Users/K98David/Documents/工作區/JN5168Zigbee/JN-AN-1069-IEEE-802.15.4-Serial-Cable-Replacement/Common/Source/wuart.c:182:3: warning: "/*" within comment [-Wcomment]

Compiling /c/Users/K98David/Documents/工作區/sdk/JN-SW-4163/Components/AppQueueApi/Source/AppQueueApi.c ...
/c/Users/K98David/Documents/工作區/sdk/JN-SW-4163/../Tools/ba-elf-ba2-r36379/bin/ba-elf-gcc -c -o AppQueueApi.o -DLED_CTRL_CARRIER_BOARD= -DJN516x=5160 -DJN5168=5168 -DJENNIC_CHIP_NAME=_JN5168 -DJENNIC_CHIP_FAMILY_NAME=_JN516x -march=ba2 -mcpu=jn51xx -mredzone-size=4 -mbranch-cost=3 -fomit-frame-pointer -Os -fshort-enums -Wall  -Wpacked -Wcast-align -fdata-sections -ffunction-sections -flto  -DWATCHDOG_ENABLED -DJENNIC_HW_BBC_RXINCCA=1 -DJENNIC_HW_BBC_DMA=1 -DJENNIC_HW_BBC_ISA=0 -DJENNIC_SW_EXTERNAL_FLASH=0 -DJN516X_DMA_UART_BACKWARDS_COMPATIBLE_API=1 -DUART_BACKWARDS_COMPATIBLE_API=1 -DJENNIC_CHIP=JN5168 -DJENNIC_CHIP_JN5168 -DJENNIC_CHIP_FAMILY=JN516x -DJENNIC_CHIP_FAMILY_JN516x -DJENNIC_STACK_MAC -DJENNIC_MAC_MAC -Wall -Wunreachable-code -DEMBEDDED -I/c/Users/K98David/Documents/工作區/sdk/JN-SW-4163/Platform/Common/Include -DJENNIC_PCB=DEVKIT4 -DJENNIC_PCB_DEVKIT4 -I/c/Users/K98David/Documents/工作區/sdk/JN-SW-4163/Platform/DK4/Include -I/c/Users/K98David/Documents/工作區/sdk/JN-SW-4163/Components/Common/Include -I/c/Users/K98David/Documents/工作區/JN5168Zigbee/JN-AN-1069-IEEE-802.15.4-Serial-Cable-Replacement/Coordinator/Source -I/c/Users/K98David/Documents/工作區/JN5168Zigbee/JN-AN-1069-IEEE-802.15.4-Serial-Cable-Replacement/Coordinator/Source/.. -I/c/Users/K98David/Documents/工作區/JN5168Zigbee/JN-AN-1069-IEEE-802.15.4-Serial-Cable-Replacement/Common/Source -I/c/Users/K98David/Documents/工作區/sdk/JN-SW-4163/Components/JennicLogo/Include -I/c/Users/K98David/Documents/工作區/sdk/JN-SW-4163/Components/Utilities/Include -I/c/Users/K98David/Documents/工作區/sdk/JN-SW-4163/Components/AppQueueApi/Include  -I/c/Users/K98David/Documents/工作區/sdk/JN-SW-4163/Components/AppApi/Include -I/c/Users/K98David/Documents/工作區/sdk/JN-SW-4163/Components/MAC/Include -I/c/Users/K98David/Documents/工作區/sdk/JN-SW-4163/Components/MMAC/Include -I/c/Users/K98David/Documents/工作區/sdk/JN-SW-4163/Components/HardwareApi/Include -I/c/Users/K98David/Documents/工作區/sdk/JN-SW-4163/Components/Aes/Include -I/c/Users/K98David/Documents/工作區/sdk/JN-SW-4163/Components/DBG/Include -I/c/Users/K98David/Documents/工作區/sdk/JN-SW-4163/Components/MAC/Include -I/c/Users/K98David/Documents/工作區/sdk/JN-SW-4163/Components/TimerServer/Include -I/c/Users/K98David/Documents/工作區/sdk/JN-SW-4163/Components/PDM/Include  /c/Users/K98David/Documents/工作區/sdk/JN-SW-4163/Components/AppQueueApi/Source/AppQueueApi.c -MD -MF AppQueueApi.d -MP

Linking Coordinator_JN5168.elf ...
/c/Users/K98David/Documents/工作區/sdk/JN-SW-4163/../Tools/ba-elf-ba2-r36379/bin/ba-elf-gcc -Wl,--gc-sections -Wl,-u_AppColdStart -Wl,-u_AppWarmStart -TApp_Stack_Size.ld -march=ba2 -mcpu=jn51xx -mredzone-size=4 -mbranch-cost=3 -fomit-frame-pointer -Os -fshort-enums -flto  -nostartfiles -L/c/Users/K98David/Documents/工作區/sdk/JN-SW-4163/Chip/JN5168/Build -L/c/Users/K98David/Documents/工作區/sdk/JN-SW-4163/Chip/JN5168/Library -L/c/Users/K98David/Documents/工作區/sdk/JN-SW-4163/Platform/DK4/Library -L/c/Users/K98David/Documents/工作區/sdk/JN-SW-4163/Components/Library -L/c/Users/K98David/Documents/工作區/sdk/JN-SW-4163/Stack/MAC/Build -TAppBuildMac.ld -o Coordinator_JN5168.elf crd_coordinator.o dbg.o lcd.o node.o queue.o rnd.o uart.o wuart.o AppQueueApi.o -Wl,--start-group  -lAppApi_JN516x -lMAC_JN516x -lTimerServer_JN516x -lTOF_JN516x -lXcv_JN516x -lAes_JN516x -lHardwareApi_JN516x -lMicroSpecific_JN516x -lBoot_JN516x -lPDM_EEPROM_JN516x_NO_RTOS -lBoardLib_JN516x -Wl,--end-group -Wl,-Map,Coordinator_JN5168.map 
/c/Users/K98David/Documents/工作區/sdk/JN-SW-4163/../Tools/ba-elf-ba2-r36379/bin/ba-elf-size Coordinator_JN5168.elf
   text	   data	    bss	    dec	    hex	filename
  34033	    284	  25119	  59436	   e82c	Coordinator_JN5168.elf

Generating binary ...
/c/Users/K98David/Documents/工作區/sdk/JN-SW-4163/../Tools/ba-elf-ba2-r36379/bin/ba-elf-objcopy -S -O binary Coordinator_JN5168.elf Coordinator_JN5168.bin

16:14:00 Build Finished (took 8s.163ms)

