Archive member included because of file (symbol)

C:\nxp\bstudio_nxp\sdk\JN-SW-4163/Components/Library\libAppApi_JN516x.a(AppApi.o)
                              crd_coordinator.o (symbol from plugin) (vAppApiSetHighPowerMode)
C:\nxp\bstudio_nxp\sdk\JN-SW-4163/Components/Library\libAppApi_JN516x.a(AppApiSleep.o)
                              (vAppApiDefSaveMacSettings)
C:\nxp\bstudio_nxp\sdk\JN-SW-4163/Components/Library\libMAC_JN516x.a(mac_main.o)
                              AppApi.o (symbol from plugin) (MAC_pvCtor)
C:\nxp\bstudio_nxp\sdk\JN-SW-4163/Components/Library\libMAC_JN516x.a(mac_mcps.o)
                              AppApi.o (symbol from plugin) (MAC_vHandleMcpsReqRsp)
C:\nxp\bstudio_nxp\sdk\JN-SW-4163/Components/Library\libMAC_JN516x.a(mac_mlme.o)
                              AppApi.o (symbol from plugin) (MAC_vHandleMlmeReqRsp)
C:\nxp\bstudio_nxp\sdk\JN-SW-4163/Components/Library\libMAC_JN516x.a(mac_pib.o)
                              node.o (symbol from plugin) (MAC_psPibGetHandle)
C:\nxp\bstudio_nxp\sdk\JN-SW-4163/Components/Library\libMAC_JN516x.a(mac_pib_mlme.o)
                              mac_main.o (symbol from plugin) (mac_vPibSetDefaults)
C:\nxp\bstudio_nxp\sdk\JN-SW-4163/Components/Library\libMAC_JN516x.a(mac_pmic.o)
                              mac_main.o (symbol from plugin) (vPMICreset)
C:\nxp\bstudio_nxp\sdk\JN-SW-4163/Components/Library\libMAC_JN516x.a(mac_ind.o)
                              AppApi.o (symbol from plugin) (MAC_vRegisterMlmeDcfmIndCallbacks)
C:\nxp\bstudio_nxp\sdk\JN-SW-4163/Components/Library\libMAC_JN516x.a(mac_scan.o)
                              mac_main.o (symbol from plugin) (mac_eScanInit)
C:\nxp\bstudio_nxp\sdk\JN-SW-4163/Components/Library\libMAC_JN516x.a(mac_lp.o)
                              mac_pmic.o (symbol from plugin) (g_sLP)
C:\nxp\bstudio_nxp\sdk\JN-SW-4163/Components/Library\libMAC_JN516x.a(MCPS.o)
                              mac_mcps.o (symbol from plugin) (vTAM_MCPSdataRequest)
C:\nxp\bstudio_nxp\sdk\JN-SW-4163/Components/Library\libMAC_JN516x.a(phy_pib.o)
                              AppApi.o (symbol from plugin) (phy_ePibGet)
C:\nxp\bstudio_nxp\sdk\JN-SW-4163/Components/Library\libMAC_JN516x.a(TAM.o)
                              MCPS.o (symbol from plugin) (bTAMinPAN)
C:\nxp\bstudio_nxp\sdk\JN-SW-4163/Components/Library\libMAC_JN516x.a(TAMCO.o)
                              TAM.o (symbol from plugin) (vTAMCOsetCoordinator)
C:\nxp\bstudio_nxp\sdk\JN-SW-4163/Components/Library\libMAC_JN516x.a(TAMDE.o)
                              TAM.o (symbol from plugin) (vTAMDEdetermineNullState)
C:\nxp\bstudio_nxp\sdk\JN-SW-4163/Components/Library\libMAC_JN516x.a(TAM_MEM.o)
                              TAM.o (symbol from plugin) (vMEMreset)
C:\nxp\bstudio_nxp\sdk\JN-SW-4163/Components/Library\libMAC_JN516x.a(TAM_MLME.o)
                              mac_scan.o (symbol from plugin) (vMLMEbeaconNotify)
C:\nxp\bstudio_nxp\sdk\JN-SW-4163/Components/Library\libMAC_JN516x.a(TAM_TAH.o)
                              TAMCO.o (symbol from plugin) (vTAHsetCutOff)
C:\nxp\bstudio_nxp\sdk\JN-SW-4163/Components/Library\libMAC_JN516x.a(TAM_TAI.o)
                              TAM.o (symbol from plugin) (vTAIsetCapTime)
C:\nxp\bstudio_nxp\sdk\JN-SW-4163/Components/Library\libMAC_JN516x.a(TAM_TAT.o)
                              TAMDE.o (symbol from plugin) (vTATstartReceiveAt)
C:\nxp\bstudio_nxp\sdk\JN-SW-4163/Components/Library\libMAC_JN516x.a(TAMcommon.o)
                              mac_scan.o (symbol from plugin) (bTACassessBeaconForPayload)
C:\nxp\bstudio_nxp\sdk\JN-SW-4163/Components/Library\libMAC_JN516x.a(TAMevent.o)
                              mac_lp.o (symbol from plugin) (vTAMinsertEvent)
C:\nxp\bstudio_nxp\sdk\JN-SW-4163/Components/Library\libMAC_JN516x.a(TAMqueue.o)
                              TAMcommon.o (symbol from plugin) (vTAQaddToFifo)
C:\nxp\bstudio_nxp\sdk\JN-SW-4163/Components/Library\libMAC_JN516x.a(TAMrxEnable.o)
                              TAMevent.o (symbol from plugin) (vTAMRXEint2Fired)
C:\nxp\bstudio_nxp\sdk\JN-SW-4163/Components/Library\libMAC_JN516x.a(TAMsecurity.o)
                              TAMcommon.o (symbol from plugin) (vTSCgetIncomingInfo)
C:\nxp\bstudio_nxp\sdk\JN-SW-4163/Components/Library\libMAC_JN516x.a(TAMsideways.o)
                              mac_pmic.o (symbol from plugin) (eTAStransmitRequest)
C:\nxp\bstudio_nxp\sdk\JN-SW-4163/Components/Library\libMAC_JN516x.a(TAMtime.o)
                              TAM.o (symbol from plugin) (vTTIBLETimerExpired)
C:\nxp\bstudio_nxp\sdk\JN-SW-4163/Components/Library\libMAC_JN516x.a(TAM_AES.o)
                              TAMsecurity.o (symbol from plugin) (u8TAM_AES_WriteAuxilliarySecurityHeaderIntoBuffer)
C:\nxp\bstudio_nxp\sdk\JN-SW-4163/Components/Library\libMAC_JN516x.a(Endian.o)
                              TAM_AES.o (symbol from plugin) (vFromU16ToLe)
C:\nxp\bstudio_nxp\sdk\JN-SW-4163/Components/Library\libMAC_JN516x.a(mac_acl.o)
                              TAMsecurity.o (symbol from plugin) (MAC_u8AclFindInfo)
C:\nxp\bstudio_nxp\sdk\JN-SW-4163/Components/Library\libMAC_JN516x.a(mac_misc.o)
                              mac_mlme.o (symbol from plugin) (vMAC_MISCpollRequest)
C:\nxp\bstudio_nxp\sdk\JN-SW-4163/Components/Library\libTimerServer_JN516x.a(tsv_main.o)
                              AppApiSleep.o (symbol from plugin) (s_sTimerList)
C:\nxp\bstudio_nxp\sdk\JN-SW-4163/Components/Library\libXcv_JN516x.a(xcv_main.o)
                              AppApi.o (symbol from plugin) (XCV_vCtor)
C:\nxp\bstudio_nxp\sdk\JN-SW-4163/Components/Library\libXcv_JN516x.a(xcv_access.o)
                              mac_main.o (symbol from plugin) (XCV_vDevWriteIER)
C:\nxp\bstudio_nxp\sdk\JN-SW-4163/Components/Library\libXcv_JN516x.a(xcv_isr.o)
                              AppApi.o (symbol from plugin) (vXCV_IntHandlerPhy)
C:\nxp\bstudio_nxp\sdk\JN-SW-4163/Components/Library\libAes_JN516x.a(AES_CCM_Star.o)
                              TAM_AES.o (symbol from plugin) (vACI_OptimisedCcmStar)
C:\nxp\bstudio_nxp\sdk\JN-SW-4163/Components/Library\libAes_JN516x.a(AEScoprocessorAPI.o)
                              AES_CCM_Star.o (symbol from plugin) (vACI_CmdWaitBusy)
C:\nxp\bstudio_nxp\sdk\JN-SW-4163/Components/Library\libHardwareApi_JN516x.a(AHI_Analogue.o)
                              AppQueueApi.o (symbol from plugin) (vAHI_APRegisterCallback)
C:\nxp\bstudio_nxp\sdk\JN-SW-4163/Components/Library\libHardwareApi_JN516x.a(AHI_Dio.o)
                              crd_coordinator.o (symbol from plugin) (vAHI_DioSetDirection)
C:\nxp\bstudio_nxp\sdk\JN-SW-4163/Components/Library\libHardwareApi_JN516x.a(AHI_Reset.o)
                              QApp.o (symbol from plugin) (vAHI_SwReset)
C:\nxp\bstudio_nxp\sdk\JN-SW-4163/Components/Library\libHardwareApi_JN516x.a(AHI_Spi.o)
                              AppQueueApi.o (symbol from plugin) (vAHI_SpiRegisterCallback)
C:\nxp\bstudio_nxp\sdk\JN-SW-4163/Components/Library\libHardwareApi_JN516x.a(AHI_System.o)
                              AppApiSleep.o (symbol from plugin) (u8AHI_PowerStatus)
C:\nxp\bstudio_nxp\sdk\JN-SW-4163/Components/Library\libHardwareApi_JN516x.a(AHI_Timer.o)
                              crd_coordinator.o (symbol from plugin) (vAHI_TimerEnable)
C:\nxp\bstudio_nxp\sdk\JN-SW-4163/Components/Library\libHardwareApi_JN516x.a(AHI_TimerInt.o)
                              crd_coordinator.o (symbol from plugin) (vAHI_Timer0RegisterCallback)
C:\nxp\bstudio_nxp\sdk\JN-SW-4163/Components/Library\libHardwareApi_JN516x.a(AHI_Uart.o)
                              uart.o (symbol from plugin) (vAHI_UartSetBaudDivisor)
C:\nxp\bstudio_nxp\sdk\JN-SW-4163/Components/Library\libHardwareApi_JN516x.a(AHI_WakeTimer.o)
                              mac_lp.o (symbol from plugin) (vAHI_WakeTimerEnable)
C:\nxp\bstudio_nxp\sdk\JN-SW-4163/Components/Library\libHardwareApi_JN516x.a(AHI_Flash.o)
                              AHI_System.o (symbol from plugin) (vAHI_FlashAndEEPROMControllerIntHandler)
C:\nxp\bstudio_nxp\sdk\JN-SW-4163/Components/Library\libHardwareApi_JN516x.a(AHI_Infrared.o)
                              AHI_TimerInt.o (symbol from plugin) (vAHI_IntHandlerInfrared)
C:\nxp\bstudio_nxp\sdk\JN-SW-4163/Components/Library\libHardwareApi_JN516x.a(InternalFlashApi.o)
                              AHI_Flash.o (symbol from plugin) (bFlashErase)
C:\nxp\bstudio_nxp\sdk\JN-SW-4163/Components/Library\libHardwareApi_JN516x.a(EEP_EEPROM.o)
                              crd_coordinator.o (symbol from plugin) (u16AHI_InitialiseEEP)
C:\nxp\bstudio_nxp\sdk\JN-SW-4163/Components/Library\libHardwareApi_JN516x.a(AHI_Si.o)
                              AppQueueApi.o (symbol from plugin) (vAHI_SiRegisterCallback)
C:\nxp\bstudio_nxp\sdk\JN-SW-4163/Components/Library\libHardwareApi_JN516x.a(AHI_TickTimer.o)
                              AppQueueApi.o (symbol from plugin) (vAHI_TickTimerInit)
C:\nxp\bstudio_nxp\sdk\JN-SW-4163/Components/Library\libHardwareApi_JN516x.a(AHI_Interrupt.o)
                              AppApi.o (symbol from plugin) (vAHI_InterruptSetPriority)
C:\nxp\bstudio_nxp\sdk\JN-SW-4163/Components/Library\libHardwareApi_JN516x.a(AHI_Init.o)
                              crd_coordinator.o (symbol from plugin) (u32AHI_Init)
C:\nxp\bstudio_nxp\sdk\JN-SW-4163/Components/Library\libHardwareApi_JN516x.a(AHI_SpiSlave.o)
                              AHI_Init.o (symbol from plugin) (vAHI_IntHandlerSpiSlave)
C:\nxp\bstudio_nxp\sdk\JN-SW-4163/Components/Library\libMicroSpecific_JN516x.a(MicroInt_ba.o)
                              AppApi.o (symbol from plugin) (vMicroIntEnableOnly)
C:\nxp\bstudio_nxp\sdk\JN-SW-4163/Components/Library\libMicroSpecific_JN516x.a(MicroSyscall_ba.o)
                              AHI_Reset.o (symbol from plugin) (vMicroSyscall)
C:\nxp\bstudio_nxp\sdk\JN-SW-4163/Components/Library\libBoot_JN516x.a(Heap.o)
                              (u32HeapStart)
C:\nxp\bstudio_nxp\sdk\JN-SW-4163/Components/Library\libBoot_JN516x.a(ExceptionHandler.o)
                              (_exception_external_interrupt)
C:\nxp\bstudio_nxp\sdk\JN-SW-4163/Platform/DK4/Library\libBoardLib_JN516x.a(LcdDriver.o)
                              lcd.o (symbol from plugin) (vLcdClear)
C:\nxp\bstudio_nxp\sdk\JN-SW-4163/Platform/DK4/Library\libBoardLib_JN516x.a(LcdFont.o)
                              LcdDriver.o (symbol from plugin) (vLcdFontReset)
C:\nxp\bstudio_nxp\sdk\JN-SW-4163/Components/Library\libAppApi_JN516x.a(AppHousekeeping.o)
                              mac_scan.o (symbol from plugin) (sAppHousekeeping)
C:\nxp\bstudio_nxp\sdk\JN-SW-4163/Components/Library\libAes_JN516x.a(AEScoprocessorAPIinterrupts.o)
                              AHI_Init.o (symbol from plugin) (vACI_IntHandlerAes)
c:/nxp/bstudio_nxp/sdk/tools/ba-elf-ba2-r36379/bin/../lib/gcc/ba-elf/4.7.4/../../../../ba-elf/lib/mcpu_jn51xx_sizeopt\libc.a(lib_a-strtok.o)
                              QApp.o (symbol from plugin) (strtok)
c:/nxp/bstudio_nxp/sdk/tools/ba-elf-ba2-r36379/bin/../lib/gcc/ba-elf/4.7.4/../../../../ba-elf/lib/mcpu_jn51xx_sizeopt\libc.a(lib_a-strtok_r.o)
                              c:/nxp/bstudio_nxp/sdk/tools/ba-elf-ba2-r36379/bin/../lib/gcc/ba-elf/4.7.4/../../../../ba-elf/lib/mcpu_jn51xx_sizeopt\libc.a(lib_a-strtok.o) (__strtok_r)
c:/nxp/bstudio_nxp/sdk/tools/ba-elf-ba2-r36379/bin/../lib/gcc/ba-elf/4.7.4/../../../../ba-elf/lib/mcpu_jn51xx_sizeopt\libc.a(lib_a-impure.o)
                              c:/nxp/bstudio_nxp/sdk/tools/ba-elf-ba2-r36379/bin/../lib/gcc/ba-elf/4.7.4/../../../../ba-elf/lib/mcpu_jn51xx_sizeopt\libc.a(lib_a-strtok.o) (_impure_ptr)
c:/nxp/bstudio_nxp/sdk/tools/ba-elf-ba2-r36379/bin/../lib/gcc/ba-elf/4.7.4/../../../../ba-elf/lib/mcpu_jn51xx_sizeopt\libc.a(lib_a-memcmp.o)
                              C:\Users\K98David\AppData\Local\Temp\cccgVChM.ltrans0.ltrans.o (memcmp)
c:/nxp/bstudio_nxp/sdk/tools/ba-elf-ba2-r36379/bin/../lib/gcc/ba-elf/4.7.4/../../../../ba-elf/lib/mcpu_jn51xx_sizeopt\libc.a(lib_a-memcpy.o)
                              C:\Users\K98David\AppData\Local\Temp\cccgVChM.ltrans0.ltrans.o (memcpy)
c:/nxp/bstudio_nxp/sdk/tools/ba-elf-ba2-r36379/bin/../lib/gcc/ba-elf/4.7.4/../../../../ba-elf/lib/mcpu_jn51xx_sizeopt\libc.a(lib_a-memset.o)
                              C:\Users\K98David\AppData\Local\Temp\cccgVChM.ltrans0.ltrans.o (memset)
c:/nxp/bstudio_nxp/sdk/tools/ba-elf-ba2-r36379/bin/../lib/gcc/ba-elf/4.7.4/../../../../ba-elf/lib/mcpu_jn51xx_sizeopt\libc.a(lib_a-strcmp.o)
                              C:\Users\K98David\AppData\Local\Temp\cccgVChM.ltrans3.ltrans.o (strcmp)
c:/nxp/bstudio_nxp/sdk/tools/ba-elf-ba2-r36379/bin/../lib/gcc/ba-elf/4.7.4/../../../../ba-elf/lib/mcpu_jn51xx_sizeopt\libc.a(lib_a-strcpy.o)
                              C:\Users\K98David\AppData\Local\Temp\cccgVChM.ltrans1.ltrans.o (strcpy)
c:/nxp/bstudio_nxp/sdk/tools/ba-elf-ba2-r36379/bin/../lib/gcc/ba-elf/4.7.4/../../../../ba-elf/lib/mcpu_jn51xx_sizeopt\libc.a(lib_a-strlen.o)
                              C:\Users\K98David\AppData\Local\Temp\cccgVChM.ltrans3.ltrans.o (strlen)
c:/nxp/bstudio_nxp/sdk/tools/ba-elf-ba2-r36379/bin/../lib/gcc/ba-elf/4.7.4/mcpu_jn51xx_sizeopt\libgcc.a(__udivsi3.o)
                              C:\Users\K98David\AppData\Local\Temp\cccgVChM.ltrans0.ltrans.o (__udivsi3)
c:/nxp/bstudio_nxp/sdk/tools/ba-elf-ba2-r36379/bin/../lib/gcc/ba-elf/4.7.4/mcpu_jn51xx_sizeopt\libgcc.a(__umodsi3.o)
                              C:\Users\K98David\AppData\Local\Temp\cccgVChM.ltrans5.ltrans.o (__umodsi3)

Allocating common symbols
Common symbol       size              file

apvHwIndBufferData  0x18              AppQueueApi.o (symbol from plugin)
prMAC_TofMlmeReqHandler
                    0x4               mac_mlme.o (symbol from plugin)
apvMlmeIndBufferData
                    0x18              AppQueueApi.o (symbol from plugin)
asMcpsIndBuffer     0x348             AppQueueApi.o (symbol from plugin)
g_tSpiConfiguration
                    0x4               AHI_Flash.o (symbol from plugin)
asHwIndBuffer       0x28              AppQueueApi.o (symbol from plugin)
u8TAM_TxStatusOverride
                    0x1               TAMevent.o (symbol from plugin)
prMAC_TofRxHandler  0x4               TAMcommon.o (symbol from plugin)
apvMlmeIndData      0x18              AppQueueApi.o (symbol from plugin)
au8Shadow           0x400             lcd.o (symbol from plugin)
apvMcpsIndData      0x18              AppQueueApi.o (symbol from plugin)
apvMcpsIndBufferData
                    0x18              AppQueueApi.o (symbol from plugin)
apvHwIndData        0x18              AppQueueApi.o (symbol from plugin)
bAHI_ExtendedTemperatureOperation
                    0x1               AHI_System.o (symbol from plugin)
bMAC_DiscardUnsuccessfulAssocResponses
                    0x1               mac_pmic.o (symbol from plugin)
u8Msq               0x1               TAM_TAT.o (symbol from plugin)
g_bLegacyHwBugEmulation
                    0x1               AES_CCM_Star.o (symbol from plugin)
asMlmeIndBuffer     0x44c             AppQueueApi.o (symbol from plugin)

Discarded input sections

 .text          0x0000000000000000        0x0 crd_coordinator.o (symbol from plugin)
 .data          0x0000000000000000        0x0 C:\Users\K98David\AppData\Local\Temp\cccgVChM.ltrans0.ltrans.o
 .data          0x0000000000000000        0x0 C:\Users\K98David\AppData\Local\Temp\cccgVChM.ltrans2.ltrans.o
 .data          0x0000000000000000        0x0 C:\Users\K98David\AppData\Local\Temp\cccgVChM.ltrans4.ltrans.o
 .data          0x0000000000000000        0x0 C:\Users\K98David\AppData\Local\Temp\cccgVChM.ltrans5.ltrans.o
 .data          0x0000000000000000        0x0 C:\Users\K98David\AppData\Local\Temp\cccgVChM.ltrans8.ltrans.o
 .data          0x0000000000000000        0x0 C:\Users\K98David\AppData\Local\Temp\cccgVChM.ltrans9.ltrans.o
 .data          0x0000000000000000        0x0 C:\Users\K98David\AppData\Local\Temp\cccgVChM.ltrans10.ltrans.o
 .bss           0x0000000000000000        0x0 C:\Users\K98David\AppData\Local\Temp\cccgVChM.ltrans10.ltrans.o
 .data          0x0000000000000000        0x0 C:\Users\K98David\AppData\Local\Temp\cccgVChM.ltrans11.ltrans.o
 .data          0x0000000000000000        0x0 C:\Users\K98David\AppData\Local\Temp\cccgVChM.ltrans12.ltrans.o
 .data          0x0000000000000000        0x0 C:\Users\K98David\AppData\Local\Temp\cccgVChM.ltrans13.ltrans.o
 .data          0x0000000000000000        0x0 c:/nxp/bstudio_nxp/sdk/tools/ba-elf-ba2-r36379/bin/../lib/gcc/ba-elf/4.7.4/../../../../ba-elf/lib/mcpu_jn51xx_sizeopt\libc.a(lib_a-memcmp.o)
 .bss           0x0000000000000000        0x0 c:/nxp/bstudio_nxp/sdk/tools/ba-elf-ba2-r36379/bin/../lib/gcc/ba-elf/4.7.4/../../../../ba-elf/lib/mcpu_jn51xx_sizeopt\libc.a(lib_a-memcmp.o)
 .data          0x0000000000000000        0x0 c:/nxp/bstudio_nxp/sdk/tools/ba-elf-ba2-r36379/bin/../lib/gcc/ba-elf/4.7.4/../../../../ba-elf/lib/mcpu_jn51xx_sizeopt\libc.a(lib_a-memcpy.o)
 .bss           0x0000000000000000        0x0 c:/nxp/bstudio_nxp/sdk/tools/ba-elf-ba2-r36379/bin/../lib/gcc/ba-elf/4.7.4/../../../../ba-elf/lib/mcpu_jn51xx_sizeopt\libc.a(lib_a-memcpy.o)
 .data          0x0000000000000000        0x0 c:/nxp/bstudio_nxp/sdk/tools/ba-elf-ba2-r36379/bin/../lib/gcc/ba-elf/4.7.4/../../../../ba-elf/lib/mcpu_jn51xx_sizeopt\libc.a(lib_a-memset.o)
 .bss           0x0000000000000000        0x0 c:/nxp/bstudio_nxp/sdk/tools/ba-elf-ba2-r36379/bin/../lib/gcc/ba-elf/4.7.4/../../../../ba-elf/lib/mcpu_jn51xx_sizeopt\libc.a(lib_a-memset.o)
 .data          0x0000000000000000        0x0 c:/nxp/bstudio_nxp/sdk/tools/ba-elf-ba2-r36379/bin/../lib/gcc/ba-elf/4.7.4/../../../../ba-elf/lib/mcpu_jn51xx_sizeopt\libc.a(lib_a-strcmp.o)
 .bss           0x0000000000000000        0x0 c:/nxp/bstudio_nxp/sdk/tools/ba-elf-ba2-r36379/bin/../lib/gcc/ba-elf/4.7.4/../../../../ba-elf/lib/mcpu_jn51xx_sizeopt\libc.a(lib_a-strcmp.o)
 .data          0x0000000000000000        0x0 c:/nxp/bstudio_nxp/sdk/tools/ba-elf-ba2-r36379/bin/../lib/gcc/ba-elf/4.7.4/../../../../ba-elf/lib/mcpu_jn51xx_sizeopt\libc.a(lib_a-strcpy.o)
 .bss           0x0000000000000000        0x0 c:/nxp/bstudio_nxp/sdk/tools/ba-elf-ba2-r36379/bin/../lib/gcc/ba-elf/4.7.4/../../../../ba-elf/lib/mcpu_jn51xx_sizeopt\libc.a(lib_a-strcpy.o)
 .data          0x0000000000000000        0x0 c:/nxp/bstudio_nxp/sdk/tools/ba-elf-ba2-r36379/bin/../lib/gcc/ba-elf/4.7.4/../../../../ba-elf/lib/mcpu_jn51xx_sizeopt\libc.a(lib_a-strlen.o)
 .bss           0x0000000000000000        0x0 c:/nxp/bstudio_nxp/sdk/tools/ba-elf-ba2-r36379/bin/../lib/gcc/ba-elf/4.7.4/../../../../ba-elf/lib/mcpu_jn51xx_sizeopt\libc.a(lib_a-strlen.o)
 .data          0x0000000000000000        0x0 c:/nxp/bstudio_nxp/sdk/tools/ba-elf-ba2-r36379/bin/../lib/gcc/ba-elf/4.7.4/mcpu_jn51xx_sizeopt\libgcc.a(__udivsi3.o)
 .bss           0x0000000000000000        0x0 c:/nxp/bstudio_nxp/sdk/tools/ba-elf-ba2-r36379/bin/../lib/gcc/ba-elf/4.7.4/mcpu_jn51xx_sizeopt\libgcc.a(__udivsi3.o)
 .data          0x0000000000000000        0x0 c:/nxp/bstudio_nxp/sdk/tools/ba-elf-ba2-r36379/bin/../lib/gcc/ba-elf/4.7.4/mcpu_jn51xx_sizeopt\libgcc.a(__umodsi3.o)
 .bss           0x0000000000000000        0x0 c:/nxp/bstudio_nxp/sdk/tools/ba-elf-ba2-r36379/bin/../lib/gcc/ba-elf/4.7.4/mcpu_jn51xx_sizeopt\libgcc.a(__umodsi3.o)
 .text          0x0000000000000000        0x0 dbg.o (symbol from plugin)
 .text          0x0000000000000000        0x0 lcd.o (symbol from plugin)
 .text          0x0000000000000000        0x0 node.o (symbol from plugin)
 .text          0x0000000000000000        0x0 queue.o (symbol from plugin)
 .text          0x0000000000000000        0x0 rnd.o (symbol from plugin)
 .text          0x0000000000000000        0x0 uart.o (symbol from plugin)
 .text          0x0000000000000000        0x0 wuart.o (symbol from plugin)
 .text          0x0000000000000000        0x0 AppQueueApi.o (symbol from plugin)
 .text          0x0000000000000000        0x0 QApp.o (symbol from plugin)
 .text          0x0000000000000000        0x0 enddevice.o (symbol from plugin)
 .text          0x0000000000000000        0x0 AppApi.o (symbol from plugin)
 .text          0x0000000000000000        0x0 AppApiSleep.o (symbol from plugin)
 .text          0x0000000000000000        0x0 mac_main.o (symbol from plugin)
 .text          0x0000000000000000        0x0 mac_mcps.o (symbol from plugin)
 .text          0x0000000000000000        0x0 mac_mlme.o (symbol from plugin)
 .text          0x0000000000000000        0x0 mac_pib.o (symbol from plugin)
 .text          0x0000000000000000        0x0 mac_pib_mlme.o (symbol from plugin)
 .text          0x0000000000000000        0x0 mac_pmic.o (symbol from plugin)
 .text          0x0000000000000000        0x0 mac_ind.o (symbol from plugin)
 .text          0x0000000000000000        0x0 mac_scan.o (symbol from plugin)
 .text          0x0000000000000000        0x0 mac_lp.o (symbol from plugin)
 .text          0x0000000000000000        0x0 MCPS.o (symbol from plugin)
 .text          0x0000000000000000        0x0 phy_pib.o (symbol from plugin)
 .text          0x0000000000000000        0x0 TAM.o (symbol from plugin)
 .text          0x0000000000000000        0x0 TAMCO.o (symbol from plugin)
 .text          0x0000000000000000        0x0 TAMDE.o (symbol from plugin)
 .text          0x0000000000000000        0x0 TAM_MEM.o (symbol from plugin)
 .text          0x0000000000000000        0x0 TAM_MLME.o (symbol from plugin)
 .text          0x0000000000000000        0x0 TAM_TAH.o (symbol from plugin)
 .text          0x0000000000000000        0x0 TAM_TAI.o (symbol from plugin)
 .text          0x0000000000000000        0x0 TAM_TAT.o (symbol from plugin)
 .text          0x0000000000000000        0x0 TAMcommon.o (symbol from plugin)
 .text          0x0000000000000000        0x0 TAMevent.o (symbol from plugin)
 .text          0x0000000000000000        0x0 TAMqueue.o (symbol from plugin)
 .text          0x0000000000000000        0x0 TAMrxEnable.o (symbol from plugin)
 .text          0x0000000000000000        0x0 TAMsecurity.o (symbol from plugin)
 .text          0x0000000000000000        0x0 TAMsideways.o (symbol from plugin)
 .text          0x0000000000000000        0x0 TAMtime.o (symbol from plugin)
 .text          0x0000000000000000        0x0 TAM_AES.o (symbol from plugin)
 .text          0x0000000000000000        0x0 Endian.o (symbol from plugin)
 .text          0x0000000000000000        0x0 mac_acl.o (symbol from plugin)
 .text          0x0000000000000000        0x0 mac_misc.o (symbol from plugin)
 .text          0x0000000000000000        0x0 tsv_main.o (symbol from plugin)
 .text          0x0000000000000000        0x0 xcv_main.o (symbol from plugin)
 .text          0x0000000000000000        0x0 xcv_access.o (symbol from plugin)
 .text          0x0000000000000000        0x0 xcv_isr.o (symbol from plugin)
 .text          0x0000000000000000        0x0 AES_CCM_Star.o (symbol from plugin)
 .text          0x0000000000000000        0x0 AEScoprocessorAPI.o (symbol from plugin)
 .text          0x0000000000000000        0x0 AHI_Analogue.o (symbol from plugin)
 .text          0x0000000000000000        0x0 AHI_Dio.o (symbol from plugin)
 .text          0x0000000000000000        0x0 AHI_Reset.o (symbol from plugin)
 .text          0x0000000000000000        0x0 AHI_Spi.o (symbol from plugin)
 .text          0x0000000000000000        0x0 AHI_System.o (symbol from plugin)
 .text          0x0000000000000000        0x0 AHI_Timer.o (symbol from plugin)
 .text          0x0000000000000000        0x0 AHI_TimerInt.o (symbol from plugin)
 .text          0x0000000000000000        0x0 AHI_Uart.o (symbol from plugin)
 .text          0x0000000000000000        0x0 AHI_WakeTimer.o (symbol from plugin)
 .text          0x0000000000000000        0x0 AHI_Flash.o (symbol from plugin)
 .text          0x0000000000000000        0x0 AHI_Infrared.o (symbol from plugin)
 .text          0x0000000000000000        0x0 InternalFlashApi.o (symbol from plugin)
 .text          0x0000000000000000        0x0 EEP_EEPROM.o (symbol from plugin)
 .text          0x0000000000000000        0x0 AHI_Si.o (symbol from plugin)
 .text          0x0000000000000000        0x0 AHI_TickTimer.o (symbol from plugin)
 .data          0x0000000000000000        0x0 C:\nxp\bstudio_nxp\sdk\JN-SW-4163/Components/Library\libHardwareApi_JN516x.a(AHI_Interrupt.o)
 .bss           0x0000000000000000        0x0 C:\nxp\bstudio_nxp\sdk\JN-SW-4163/Components/Library\libHardwareApi_JN516x.a(AHI_Interrupt.o)
 .text          0x0000000000000000        0x0 AHI_Init.o (symbol from plugin)
 .text          0x0000000000000000        0x0 AHI_SpiSlave.o (symbol from plugin)
 .text          0x0000000000000000        0x0 MicroInt_ba.o (symbol from plugin)
 .text          0x0000000000000000        0x0 C:\nxp\bstudio_nxp\sdk\JN-SW-4163/Components/Library\libMicroSpecific_JN516x.a(MicroSyscall_ba.o)
 .data          0x0000000000000000        0x0 C:\nxp\bstudio_nxp\sdk\JN-SW-4163/Components/Library\libMicroSpecific_JN516x.a(MicroSyscall_ba.o)
 .bss           0x0000000000000000        0x0 C:\nxp\bstudio_nxp\sdk\JN-SW-4163/Components/Library\libMicroSpecific_JN516x.a(MicroSyscall_ba.o)
 .text          0x0000000000000000        0x0 Heap.o (symbol from plugin)
 .text          0x0000000000000000        0x0 C:\nxp\bstudio_nxp\sdk\JN-SW-4163/Components/Library\libBoot_JN516x.a(ExceptionHandler.o)
 .data          0x0000000000000000        0x0 C:\nxp\bstudio_nxp\sdk\JN-SW-4163/Components/Library\libBoot_JN516x.a(ExceptionHandler.o)
 .bss           0x0000000000000000        0x0 C:\nxp\bstudio_nxp\sdk\JN-SW-4163/Components/Library\libBoot_JN516x.a(ExceptionHandler.o)
 .text          0x0000000000000000        0x0 LcdDriver.o (symbol from plugin)
 .text          0x0000000000000000        0x0 LcdFont.o (symbol from plugin)
 .text          0x0000000000000000        0x0 AppHousekeeping.o (symbol from plugin)
 .text          0x0000000000000000        0x0 AEScoprocessorAPIinterrupts.o (symbol from plugin)
 .data          0x0000000000000000        0x0 c:/nxp/bstudio_nxp/sdk/tools/ba-elf-ba2-r36379/bin/../lib/gcc/ba-elf/4.7.4/../../../../ba-elf/lib/mcpu_jn51xx_sizeopt\libc.a(lib_a-strtok.o)
 .bss           0x0000000000000000        0x0 c:/nxp/bstudio_nxp/sdk/tools/ba-elf-ba2-r36379/bin/../lib/gcc/ba-elf/4.7.4/../../../../ba-elf/lib/mcpu_jn51xx_sizeopt\libc.a(lib_a-strtok.o)
 .data          0x0000000000000000        0x0 c:/nxp/bstudio_nxp/sdk/tools/ba-elf-ba2-r36379/bin/../lib/gcc/ba-elf/4.7.4/../../../../ba-elf/lib/mcpu_jn51xx_sizeopt\libc.a(lib_a-strtok_r.o)
 .bss           0x0000000000000000        0x0 c:/nxp/bstudio_nxp/sdk/tools/ba-elf-ba2-r36379/bin/../lib/gcc/ba-elf/4.7.4/../../../../ba-elf/lib/mcpu_jn51xx_sizeopt\libc.a(lib_a-strtok_r.o)
 .text          0x0000000000000000        0x0 c:/nxp/bstudio_nxp/sdk/tools/ba-elf-ba2-r36379/bin/../lib/gcc/ba-elf/4.7.4/../../../../ba-elf/lib/mcpu_jn51xx_sizeopt\libc.a(lib_a-impure.o)
 .bss           0x0000000000000000        0x0 c:/nxp/bstudio_nxp/sdk/tools/ba-elf-ba2-r36379/bin/../lib/gcc/ba-elf/4.7.4/../../../../ba-elf/lib/mcpu_jn51xx_sizeopt\libc.a(lib_a-impure.o)
 .rodata        0x0000000000000000        0x4 c:/nxp/bstudio_nxp/sdk/tools/ba-elf-ba2-r36379/bin/../lib/gcc/ba-elf/4.7.4/../../../../ba-elf/lib/mcpu_jn51xx_sizeopt\libc.a(lib_a-impure.o)

Memory Configuration

Name             Origin             Length             Attributes
flash            0x0000000000080000 0x0000000000040000
ram              0x000000000400004c 0x0000000000007fb4
*default*        0x0000000000000000 0xffffffffffffffff

Linker script and memory map

LOAD crd_coordinator.o
LOAD C:\Users\K98David\AppData\Local\Temp\cccgVChM.ltrans0.ltrans.o
LOAD C:\Users\K98David\AppData\Local\Temp\cccgVChM.ltrans1.ltrans.o
LOAD C:\Users\K98David\AppData\Local\Temp\cccgVChM.ltrans2.ltrans.o
LOAD C:\Users\K98David\AppData\Local\Temp\cccgVChM.ltrans3.ltrans.o
LOAD C:\Users\K98David\AppData\Local\Temp\cccgVChM.ltrans4.ltrans.o
LOAD C:\Users\K98David\AppData\Local\Temp\cccgVChM.ltrans5.ltrans.o
LOAD C:\Users\K98David\AppData\Local\Temp\cccgVChM.ltrans6.ltrans.o
LOAD C:\Users\K98David\AppData\Local\Temp\cccgVChM.ltrans7.ltrans.o
LOAD C:\Users\K98David\AppData\Local\Temp\cccgVChM.ltrans8.ltrans.o
LOAD C:\Users\K98David\AppData\Local\Temp\cccgVChM.ltrans9.ltrans.o
LOAD C:\Users\K98David\AppData\Local\Temp\cccgVChM.ltrans10.ltrans.o
LOAD C:\Users\K98David\AppData\Local\Temp\cccgVChM.ltrans11.ltrans.o
LOAD C:\Users\K98David\AppData\Local\Temp\cccgVChM.ltrans12.ltrans.o
LOAD C:\Users\K98David\AppData\Local\Temp\cccgVChM.ltrans13.ltrans.o
LOAD c:/nxp/bstudio_nxp/sdk/tools/ba-elf-ba2-r36379/bin/../lib/gcc/ba-elf/4.7.4/../../../../ba-elf/lib/mcpu_jn51xx_sizeopt\libc.a
LOAD c:/nxp/bstudio_nxp/sdk/tools/ba-elf-ba2-r36379/bin/../lib/gcc/ba-elf/4.7.4/mcpu_jn51xx_sizeopt\libgcc.a
LOAD c:/nxp/bstudio_nxp/sdk/tools/ba-elf-ba2-r36379/bin/../lib/gcc/ba-elf/4.7.4/../../../../ba-elf/lib/mcpu_jn51xx_sizeopt\libc.a
LOAD dbg.o
LOAD lcd.o
LOAD node.o
LOAD queue.o
LOAD rnd.o
LOAD uart.o
LOAD wuart.o
LOAD AppQueueApi.o
LOAD QApp.o
LOAD enddevice.o
START GROUP
LOAD C:\nxp\bstudio_nxp\sdk\JN-SW-4163/Components/Library\libAppApi_JN516x.a
LOAD C:\nxp\bstudio_nxp\sdk\JN-SW-4163/Components/Library\libMAC_JN516x.a
LOAD C:\nxp\bstudio_nxp\sdk\JN-SW-4163/Components/Library\libTimerServer_JN516x.a
LOAD C:\nxp\bstudio_nxp\sdk\JN-SW-4163/Components/Library\libTOF_JN516x.a
LOAD C:\nxp\bstudio_nxp\sdk\JN-SW-4163/Components/Library\libXcv_JN516x.a
LOAD C:\nxp\bstudio_nxp\sdk\JN-SW-4163/Components/Library\libAes_JN516x.a
LOAD C:\nxp\bstudio_nxp\sdk\JN-SW-4163/Components/Library\libHardwareApi_JN516x.a
LOAD C:\nxp\bstudio_nxp\sdk\JN-SW-4163/Components/Library\libMicroSpecific_JN516x.a
LOAD C:\nxp\bstudio_nxp\sdk\JN-SW-4163/Components/Library\libBoot_JN516x.a
LOAD C:\nxp\bstudio_nxp\sdk\JN-SW-4163/Components/Library\libPDM_EEPROM_JN516x_NO_RTOS.a
LOAD C:\nxp\bstudio_nxp\sdk\JN-SW-4163/Platform/DK4/Library\libBoardLib_JN516x.a
END GROUP
LOAD c:/nxp/bstudio_nxp/sdk/tools/ba-elf-ba2-r36379/bin/../lib/gcc/ba-elf/4.7.4/../../../../ba-elf/lib/mcpu_jn51xx_sizeopt\libc.a
LOAD c:/nxp/bstudio_nxp/sdk/tools/ba-elf-ba2-r36379/bin/../lib/gcc/ba-elf/4.7.4/mcpu_jn51xx_sizeopt\libgcc.a
LOAD c:/nxp/bstudio_nxp/sdk/tools/ba-elf-ba2-r36379/bin/../lib/gcc/ba-elf/4.7.4/../../../../ba-elf/lib/mcpu_jn51xx_sizeopt\libc.a
                0x0000000000000800                _stack_size = 0x800
                0x0000000000080038                _exception_vsr_table = 0x80038
                0x0000000004000000                pSPIflashFncTable = 0x4000000
                0x0000000000000800                _stack_size = 0x800
                0x0000000000000044                restore_state = 0x44
                0x000000000000004a                bZSPIWaitWIPClear = 0x4a
                0x0000000000000050                u16ZSPIflashRDID = 0x50
                0x0000000000000056                u8SelectFlashChipType = 0x56
                0x000000000000005c                memcpy = 0x5c
                0x0000000000000066                vBootFlashProg = 0x66
                [0x0000000000000d16]                _minimum_heap_size = DEFINED (_minimum_heap_size)?_minimum_heap_size:0xd16
                0x0000000000000000                _SwConfig = (DEFINED (g_bSWConf_Debug) | (DEFINED (g_bSWConf_AltDebugPort) << 0x1))

.version        0x000000000007fffc        0x4
                0x000000000007fffc        0x4 LONG 0x7030008

.bir            0x0000000000080000       0x10
                0x0000000000080000                _flash_start = ABSOLUTE (.)
                0x0000000000080000                _flash_beg = ABSOLUTE (.)
                0x0000000000080000        0x4 LONG 0x12345678
                0x0000000000080004        0x4 LONG 0x11223344
                0x0000000000080008        0x4 LONG 0x55667788
                0x000000000008000c        0x1 BYTE 0x8
                0x000000000008000d        0x1 BYTE 0x1
                0x000000000008000e        0x2 SHORT 0x0

.flashheader    0x0000000000080010       0x28
                0x0000000000080010        0x4 LONG 0x0
                0x0000000000080014        0x4 LONG 0x0
                0x0000000000080018        0x4 LONG 0x0
                0x000000000008001c        0x2 SHORT 0x0
                0x000000000008001e        0x2 SHORT 0x0 ABSOLUTE (_SwConfig)
                0x0000000000080020                _enc_start = ABSOLUTE (.)
                0x0000000000080020        0x4 LONG 0xb360 ABSOLUTE (_image_len)
                0x0000000000080024        0x4 LONG 0x8ae94 ABSOLUTE (_flash_data_start)
                0x0000000000080028        0x2 SHORT 0x13 ((ABSOLUTE (_ram_data_start) / 0x4) & 0xffff)
                0x000000000008002a        0x2 SHORT 0x133 ((ABSOLUTE (_ram_data_len) / 0x4) & 0xffff)
                0x000000000008002c        0x2 SHORT 0x146 ((ABSOLUTE (_bss_start) / 0x4) & 0xffff)
                0x000000000008002e        0x2 SHORT 0x153b ((ABSOLUTE (_bss_len) / 0x4) & 0xffff)
                0x0000000000080030        0x4 LONG 0x87ed0 ABSOLUTE (AppWarmStart)
                0x0000000000080034        0x4 LONG 0x87edc ABSOLUTE (AppColdStart)
                0x0000000000000000                _enc_offset = (_enc_start & 0xf)
                0x0000000000000044                PROVIDE (vException_BusError, restore_state)
                0x0000000000000044                PROVIDE (vException_UnalignedAccess, restore_state)
                0x0000000000000044                PROVIDE (vException_IllegalInstruction, restore_state)
                0x0000000000000044                PROVIDE (vException_SysCall, restore_state)
                0x0000000000000044                PROVIDE (vException_Trap, restore_state)
                0x0000000000000044                PROVIDE (vException_StackOverflow, restore_state)
                0x0000000000080038                . = ABSOLUTE (_exception_vsr_table)

.vsr_table      0x0000000000080038       0x18
                0x0000000000080038        0x4 LONG 0x44 ABSOLUTE (vException_BusError)
                0x000000000008003c        0x4 LONG 0x44 ABSOLUTE (vException_UnalignedAccess)
                0x0000000000080040        0x4 LONG 0x44 ABSOLUTE (vException_IllegalInstruction)
                0x0000000000080044        0x4 LONG 0x44 ABSOLUTE (vException_SysCall)
                0x0000000000080048        0x4 LONG 0x44 ABSOLUTE (vException_Trap)
                0x000000000008004c        0x4 LONG 0x44 ABSOLUTE (vException_StackOverflow)

.vsr_handlers   0x0000000000080050       0xaa
 *(.vsr_handlers)
 .vsr_handlers  0x0000000000080050       0xaa C:\nxp\bstudio_nxp\sdk\JN-SW-4163/Components/Library\libBoot_JN516x.a(ExceptionHandler.o)
                0x0000000000080050                _exception_external_interrupt
                0x00000000000800f8                _default_vsr_dummy

.rodata         0x00000000000800fc      0xc74
 *(.rodata*)
 .rodata        0x00000000000800fc       0xcb C:\Users\K98David\AppData\Local\Temp\cccgVChM.ltrans0.ltrans.o
 .rodata.str1.1
                0x00000000000801c7      0x2c5 C:\Users\K98David\AppData\Local\Temp\cccgVChM.ltrans1.ltrans.o
 .rodata        0x000000000008048c       0x14 C:\Users\K98David\AppData\Local\Temp\cccgVChM.ltrans1.ltrans.o
                0x000000000008048c                au32TimerBaseAddress
 .rodata        0x00000000000804a0       0xd4 C:\Users\K98David\AppData\Local\Temp\cccgVChM.ltrans2.ltrans.o
                0x00000000000804a0                s_aprScanHandleEvt.9689
                0x00000000000804d0                apvActionCalls
                0x0000000000080558                aprLPBMacVectorRamTable
                0x000000000008056c                psTamMacContext
                0x0000000000080570                psTAMcontext
 .rodata.str1.1
                0x0000000000080574      0x3bb C:\Users\K98David\AppData\Local\Temp\cccgVChM.ltrans3.ltrans.o
                                        0x40c (size before relaxing)
 .rodata.str1.1
                0x000000000008092f       0x44 C:\Users\K98David\AppData\Local\Temp\cccgVChM.ltrans4.ltrans.o
 *fill*         0x0000000000080973        0x1 00
 .rodata        0x0000000000080974        0xc C:\Users\K98David\AppData\Local\Temp\cccgVChM.ltrans4.ltrans.o
                0x0000000000080974                au32UartAddrOffset
 .rodata.str1.1
                0x0000000000080980      0x273 C:\Users\K98David\AppData\Local\Temp\cccgVChM.ltrans5.ltrans.o
                                        0x278 (size before relaxing)
 *fill*         0x0000000000080bf3        0x1 00
 .rodata        0x0000000000080bf4       0x1c C:\Users\K98David\AppData\Local\Temp\cccgVChM.ltrans6.ltrans.o
 .rodata        0x0000000000080c10       0x1c C:\Users\K98David\AppData\Local\Temp\cccgVChM.ltrans7.ltrans.o
                0x0000000000080c10                psTamXcvContext
 .rodata        0x0000000000080c2c       0x17 C:\Users\K98David\AppData\Local\Temp\cccgVChM.ltrans8.ltrans.o
 .rodata        0x0000000000080c43        0x6 C:\Users\K98David\AppData\Local\Temp\cccgVChM.ltrans9.ltrans.o
                0x0000000000080c43                aeXcvPhyEvtToScanEvt.5378.9692
 .rodata        0x0000000000080c49        0xa C:\Users\K98David\AppData\Local\Temp\cccgVChM.ltrans10.ltrans.o
 .rodata.str1.1
                0x0000000000080c53      0x107 C:\Users\K98David\AppData\Local\Temp\cccgVChM.ltrans11.ltrans.o
                                        0x14e (size before relaxing)
 *fill*         0x0000000000080d5a        0x2 00
 .rodata        0x0000000000080d5c       0x14 C:\Users\K98David\AppData\Local\Temp\cccgVChM.ltrans11.ltrans.o
                0x0000000000080d5c                CSWTCH.35.19886.19886
 .rodata.str1.1
                0x0000000000000000        0x0 c:/nxp/bstudio_nxp/sdk/tools/ba-elf-ba2-r36379/bin/../lib/gcc/ba-elf/4.7.4/../../../../ba-elf/lib/mcpu_jn51xx_sizeopt\libc.a(lib_a-impure.o)
                                          0x2 (size before relaxing)

.text           0x0000000000080d70     0xa123
 *(.text*)
 .text          0x0000000000080d70     0x13b0 C:\Users\K98David\AppData\Local\Temp\cccgVChM.ltrans0.ltrans.o
                0x0000000000080d70                vTTIBLETimerExpired
                0x0000000000080d7b                mac_vLPBAdjustBeaconOffset
                0x0000000000080dd8                mac_u32LPBGetBeaconTimeout
                0x0000000000080de1                eWEnDTmrExpiry.9330
                0x0000000000080dec                eWEnDEdDone.9327
                0x0000000000080e47                eGenlDontCare.9324
                0x0000000000080e4c                eGenlIllegal.8949
                0x0000000000080e53                u32GetTimer0
                0x0000000000080e5a                vSetTimer0
                0x0000000000080e69                ISR_handleSysCtrl.3398
                0x0000000000080e8f                MAC_u8AclFindInfo
                0x0000000000080fb9                vTASretrieveSecurity
                0x0000000000080fdb                MAC_bLookUpKeyDescriptor.16443
                0x0000000000081055                u8TSCframeIncrease
                0x000000000008108e                vCopyToDataFromMacAddr.16353
                0x00000000000810c1                bTSCgetOutgoingInfo
                0x00000000000811ca                psTAQsearchFifo
                0x0000000000081213                bTAQremoveFromFifo
                0x0000000000081250                vTAMinsertEvent
                0x00000000000812b6                vTTITimer2Expired
                0x00000000000812ba                vTTITimer1Expired
                0x00000000000812be                vTAM_TxRetryTimeout
                0x00000000000812c2                vTACsetTxFrameDefaults
                0x00000000000812e8                u8TACgetHeaderSize
                0x0000000000081325                bUpdateTime.14671
                0x0000000000081360                u32TACpayloadToU32M
                0x0000000000081381                vTACu32ToPayloadM
                0x0000000000081399                vTACbuildBeacon
                0x00000000000815a1                bTACframeInProgress
                0x00000000000815cb                bTACassessBeaconForPayload
                0x000000000008161c                bIsBbcSafeForTx
                0x0000000000081645                vTATwriteAclMaterialToHardware
                0x000000000008166a                vTATsetBLE
                0x00000000000816a1                vTATgetFramePayload
                0x00000000000816be                eTATreadTXstatus
                0x0000000000081704                vTAHsetPhyStateDirect.part.0.13814
                0x0000000000081720                vDoGoOff.15633
                0x000000000008173a                vMEMreturn
                0x00000000000817ab                vTACinformOriginator
                0x00000000000817cd                vTTITransactionTimerExpired
                0x00000000000817f5                pvMEMget
                0x0000000000081821                vTAMDEdetermineNullState
                0x000000000008183b                vTAMCOupdatePendingList
                0x000000000008190d                vTAMCOsetCoordinator
                0x0000000000081933                vPhySetChannel
                0x00000000000819ca                eScanHandleEvt.part.0.9360
                0x00000000000819f3                mac_eDcfmIndPost
                0x0000000000081a14                mac_psDcfmIndGetBuf
                0x0000000000081a35                vMLMErxEnableConfirm
                0x0000000000081a67                vMLMEcommStatus
                0x0000000000081aca                vMLMEcommStatusFromFrame
                0x0000000000081b0e                vTSCpostTransmitUpdate
                0x0000000000081b3d                vMLMEsyncLoss
                0x0000000000081b70                vPMICpostFailedAssocDcfm
                0x0000000000081ba8                vPMICassocReqTO_2.7777
                0x0000000000081bbf                MAC_vPibSetMinBe
                0x0000000000081bdd                MAC_vPibSetPanId
                0x0000000000081bf8                vHandleTofRequest.5888
                0x0000000000081bfb                vAppApiDefSetPrbsSeed
                0x0000000000081c1f                convertASCII2HexByte
                0x0000000000081c79                bFifoPush.3143
                0x0000000000081cb2                vAppQApiPostMlme.3125
                0x0000000000081ccd                vAppQApiPostMcps.3132
                0x0000000000081ce8                pvFifoPull.3140
                0x0000000000081d0f                psAppQApiGetMlmeBuffer.3122
                0x0000000000081d17                psAppQApiGetMcpsBuffer.3129
                0x0000000000081d1f                QUEUE_bGet
                0x0000000000081da7                QUEUE_bPut
                0x0000000000081e23                UART_bPutChar
                0x0000000000081e4c                printMsg
                0x0000000000081e75                UART_bPad2Min.2495
                0x0000000000081eb7                UART_bNum2String.2511
                0x000000000008203a                QUEUE_bInit
 .text          0x0000000000082120      0xca4 C:\Users\K98David\AppData\Local\Temp\cccgVChM.ltrans1.ltrans.o
                0x0000000000082120                CRD_vMain.1556
 .text          0x0000000000082dc4      0xba0 C:\Users\K98David\AppData\Local\Temp\cccgVChM.ltrans2.ltrans.o
                0x0000000000082dc4                eWBRTTxDone.9346
                0x0000000000082de2                vTAMCOframeTXgoingIdle
                0x0000000000082dfb                vTAMCOframeTXcap
                0x0000000000082e1f                eWCoRRxDone.9337
                0x0000000000082ec9                eWBcnRxDone.9349
                0x00000000000834b2                vTAMCOframeRXcap
                0x00000000000834c4                vTAMCOframeRXgoingIdle
                0x00000000000834da                vTAMCOframeRXnobeacon
                0x00000000000834ec                vTAMDEframeRX
                0x0000000000083514                vTAMDEframeRXtrackingDR
                0x0000000000083557                vTAMDEframePreSyncReq
                0x000000000008356f                vTAMCOframeTXbeacon
                0x0000000000083636                vTAMDEframeRXsyncReq
                0x0000000000083885                vTAMDEint1FiredTrackingCAPgts
                0x0000000000083936                eWONTTxDone.9343
 .text          0x0000000000083964      0xd4f C:\Users\K98David\AppData\Local\Temp\cccgVChM.ltrans3.ltrans.o
                0x0000000000083964                processExit
                0x00000000000839a5                vAppApiDefMcpsRequest
                0x0000000000083b57                CRD_vHwInd.1528
                0x00000000000840bc                ED_vMlmeDcfmInd_Slave.1547
                0x0000000000084597                CRD_vReqStartCoordinator.1485
                0x0000000000084601                CRD_vMlmeDcfmInd_Master.1541
 .text.unlikely
                0x00000000000846b3       0x6a C:\Users\K98David\AppData\Local\Temp\cccgVChM.ltrans3.ltrans.o
                0x00000000000846b3                ED_vReqStartEnddevice
 .text          0x000000000008471d      0xaf6 C:\Users\K98David\AppData\Local\Temp\cccgVChM.ltrans4.ltrans.o
                0x000000000008471d                vTACintRXheader
                0x0000000000084f18                eGenRxHdrDone.9340
                0x0000000000084f28                UART_vInterrupt.2399
                0x00000000000850f3                bStartCallback.12025
                0x0000000000085122                vAppApiDefMlmeRequest
                0x0000000000085150                ED_vReqActiveScan
                0x00000000000851af                ED_vReqAssociate
                0x000000000008520a                pvAppApiDefGetMacHandle
 *fill*         0x0000000000085213        0x1 00
 .text          0x0000000000085214      0xc90 C:\Users\K98David\AppData\Local\Temp\cccgVChM.ltrans5.ltrans.o
                0x000000000008537f                processSwcf
                0x00000000000854da                UART_bOpen.part.1.2411.constprop.51
                0x00000000000857e0                wuart_vPrintf.constprop.49
                0x0000000000085809                DBG_vPrintf
                0x0000000000085858                CRD_vMcpsDcfmInd.1553
                0x0000000000085960                UART_bTxEnable.part.11.2584
                0x00000000000859e4                UART_bRxEnable.part.6.2449
                0x0000000000085a88                UART_bTxDisable.part.9.2457
                0x0000000000085b04                processRepeat
                0x0000000000085b2f                processMasterSlave
                0x0000000000085b79                processStopBit
                0x0000000000085bba                processDataBit
                0x0000000000085bfc                processParityType
                0x0000000000085c3f                processParity
                0x0000000000085c80                processBaud
                0x0000000000085d18                processReset
                0x0000000000085d36                processSaveFlash
                0x0000000000085d69                timer0Callback
                0x0000000000085da9                processRFChannel
                0x0000000000085dd0                processDestAddress
                0x0000000000085e07                processOwnAddress
                0x0000000000085e44                processPANID
                0x0000000000085e81                processBitMode
 .text          0x0000000000085ea4      0x9a9 C:\Users\K98David\AppData\Local\Temp\cccgVChM.ltrans6.ltrans.o
                0x0000000000085efc                mac_vLPBStopTimer
                0x0000000000085f1d                mac_vLPBStartTimer
                0x0000000000086034                vACI_IntHandlerAes
                0x0000000000086059                vAHI_IntHandlerSpiSlave
                0x0000000000086064                vAHI_IntHandlerTickTimer
                0x00000000000860ab                vAHI_IntHandlerSi
                0x00000000000860f6                vAHI_IntHandlerTimer2
                0x0000000000086124                vAHI_IntHandlerSysCtrl
                0x000000000008617e                vAHI_IntHandlerUart1
                0x00000000000861a9                vAHI_IntHandlerUart0
                0x00000000000861d4                vAHI_IntHandlerTimer4
                0x00000000000861f5                vAHI_IntHandlerTimer3
                0x0000000000086216                vAHI_IntHandlerTimer1
                0x0000000000086236                vAHI_IntHandlerTimer0
                0x0000000000086257                vAHI_IntHandlerSpiMaster
                0x000000000008627d                vAHI_IntHandlerAnalogPeriph
                0x000000000008634f                vAHI_TimerEnable.part.1.19753.constprop.63
                0x00000000000863ad                XCV_vCtor.constprop.32
                0x000000000008657b                vMicroIntEnableOnly.constprop.25
                0x00000000000865a7                pvHeap_Alloc
                0x00000000000865aa                bAHI_InitialiseEEPROM
                0x00000000000865f2                iAHI_EraseEEPROMsegment.constprop.45
                0x000000000008662b                iAHI_WriteDataIntoEEPROMsegment.constprop.46
                0x000000000008667e                u16AHI_InitialiseEEP
                0x00000000000866c0                UART_vRts.part.0.2403
                0x0000000000086711                vAHI_UartWriteData
                0x000000000008672d                vAHI_UartReset.part.4.19972
                0x0000000000086765                vAHI_WatchdogStop
                0x000000000008677c                vAHI_DioSetOutput
                0x0000000000086790                vAHI_DioSetDirection
                0x00000000000867a4                vTAIdisableInterrupt
                0x00000000000867bd                psRemove.part.0.18891
                0x00000000000867ec                vExpireHead.18896
                0x000000000008681c                vMAC_MISCpollConfirm
 .text.unlikely
                0x000000000008684d      0x113 C:\Users\K98David\AppData\Local\Temp\cccgVChM.ltrans6.ltrans.o
                0x0000000000086862                vAHI_MemoryHold.19652
 *fill*         0x0000000000086960        0x0 00
 .text          0x0000000000086960      0xa00 C:\Users\K98David\AppData\Local\Temp\cccgVChM.ltrans7.ltrans.o
                0x0000000000086960                vPMICassocReqTO_1.7770
                0x00000000000869e8                vTAM_MCPSdataRequest
                0x0000000000086a2b                bTACcheckPANconflict
                0x0000000000086ae4                vTAMDEstartSync
                0x0000000000086b63                eTAMselect
                0x0000000000086ca4                MAC_pvCtor
                0x00000000000870ac                u32AppApiDefInit
                0x0000000000087161                vDeterminePowerState.12595
                0x00000000000871e5                vTAMDEint1FiredTrackingBeacon
                0x0000000000087285                vTAMDEint2FiredTrackingDR
                0x00000000000872aa                vTAMDEframeTXtrackingDR
                0x0000000000087303                vTAMDEint2FiredPollActive
                0x0000000000087337                vTAMDEreqTXnullTrackingCAP
                0x0000000000087350                vTAM_TxRetryTimer
 .text          0x0000000000087360      0xa9b C:\Users\K98David\AppData\Local\Temp\cccgVChM.ltrans8.ltrans.o
                0x0000000000087360                vAppQApiPostHwInt
                0x00000000000873d5                vXCV_IntHandlerPhy
                0x0000000000087487                vScanHandleTimer.8946
                0x000000000008748c                vXCV_IntHandlerBbc
                0x000000000008752f                UART_vStartTx
                0x00000000000875e8                UART_bPrintf_ap.part.10.2568
                0x00000000000878b5                u8TAM_AES_WriteAuxilliarySecurityHeaderIntoBuffer
                0x0000000000087927                phy_ePibSet.part.1.11156
                0x000000000008798d                vTAIsetCapTime
                0x00000000000879ae                vTAIsetRxEnableTime
                0x00000000000879cf                vDoGoActive.15635
                0x00000000000879f1                vTAMRXEint2Fired
                0x0000000000087a27                vMLMEbeaconNotify
                0x0000000000087b85                vMCPSframeReceived
                0x0000000000087c48                vTAMRXEsetPhy
                0x0000000000087d0b                vTAHsetPhyState
                0x0000000000087d3b                vTAMCOint2Fired
                0x0000000000087d5b                vSetPHYfromMacValue.12471
                0x0000000000087d8d                vTAMDEint1FiredWaitDR
                0x0000000000087d9a                vTACsetPHYfromMacValue
                0x0000000000087dbb                vTAMRXEsetReceiveForPibChange
 *fill*         0x0000000000087dfb        0x1 00
 .text          0x0000000000087dfc      0x97c C:\Users\K98David\AppData\Local\Temp\cccgVChM.ltrans9.ltrans.o
                0x0000000000087dfc                vPostDcfm.9333
                0x0000000000087ed0                AppWarmStart
                0x0000000000087edc                AppColdStart
                0x0000000000087ee8                vSetNextChannel.9381
                0x0000000000087f27                MAC_vHandleMlmeReqRsp
                0x00000000000886a0                vTAMDEint1FiredTracking
                0x0000000000088710                vTAMDEint1FiredSyncReq
 .text          0x0000000000088778      0x972 C:\Users\K98David\AppData\Local\Temp\cccgVChM.ltrans10.ltrans.o
                0x0000000000088778                bTAM_AES_CCMstarPatch
                0x00000000000888bc                bTAM_AES_CCMstarPatch2006
                0x0000000000088b9b                bTATsendFrame
                0x0000000000088bee                vTrySendFromDirectCAP.11928
                0x0000000000088c09                vTrySendFromDirectNoBeacon.11932
                0x0000000000088c34                vTAMCOint1Fired
                0x0000000000088d50                vTAMCOstartBeacon
                0x0000000000088d8b                vStartStoreValues.11996
                0x0000000000088e42                vTAMCOint1FiredCAP
                0x0000000000088eb5                vTAMCOreqTXnoBeacon
                0x0000000000088ec7                vTAMCOreqTXinCAP
                0x0000000000088eed                vTrySendUnslotted.12473
                0x0000000000088f07                bSendDataRequest.12475
                0x0000000000089019                bProcessBeaconRX.12478
 .text          0x00000000000890ea      0x9de C:\Users\K98David\AppData\Local\Temp\cccgVChM.ltrans11.ltrans.o
                0x0000000000089140                u8Write802_15_4HeaderIntoBuffer.17642
                0x00000000000892a0                UART_bRxDisable.part.8.2453
                0x0000000000089355                WUART_vState.part.2.2838.constprop.24
                0x0000000000089410                vACI_OptimisedCcmStar
                0x0000000000089628                WUART_vInit
                0x0000000000089862                timer1Callback
 *fill*         0x0000000000089ac8        0x0 00
 .text          0x0000000000089ac8      0x780 C:\Users\K98David\AppData\Local\Temp\cccgVChM.ltrans12.ltrans.o
                0x0000000000089ac8                eGenTmrExpiry.9642
                0x0000000000089b0a                eWEDTEdDone.9645
                0x0000000000089b2e                TSV_eStop
                0x0000000000089bed                bPMICdisassocReqSent.7766
                0x0000000000089ca7                MAC_vHandleMcpsReqRsp
                0x0000000000089d34                bMCPSframeTXcomplete.10377
                0x0000000000089d89                bSendSyncLoss.14606
                0x0000000000089da1                bPollReqSent.18202
                0x0000000000089db9                bTASsendCommStatusInd
                0x0000000000089dce                bAssocRespSent.7762
                0x0000000000089de1                eTACprocessFrameTXcomplete
                0x0000000000089f5d                vTAMCOframeTXnobeacon
                0x0000000000089f72                vTAMCOframeStarting
                0x0000000000089f8b                vTAMDEframeTXDEnull
                0x0000000000089fae                vTAMDEframeTXtrackingCAPgts
                0x0000000000089fda                bPMICassocReqSent.7758
                0x000000000008a05c                bPMICassocReqPollSent.7773
                0x000000000008a0b0                eWChCChanChgd.9357
 .text          0x000000000008a248      0x736 C:\Users\K98David\AppData\Local\Temp\cccgVChM.ltrans13.ltrans.o
                0x000000000008a248                TSV_eStart
                0x000000000008a32c                eTAStransmitRequest
                0x000000000008a6c7                TSV_eOpen
                0x000000000008a6cf                vAppApiDefRestoreMacSettings
                0x000000000008a7a8                vAppApiDefSaveMacSettings
                0x000000000008a805                mac_vLPBSleep
                0x000000000008a8ca                pvAppApiDefGetMacAddrLocation
                0x000000000008a8d3                eAppApiDefPlmeGet
                0x000000000008a926                eAppApiDefPlmeSet
 .text          0x000000000008a97e       0x25 c:/nxp/bstudio_nxp/sdk/tools/ba-elf-ba2-r36379/bin/../lib/gcc/ba-elf/4.7.4/../../../../ba-elf/lib/mcpu_jn51xx_sizeopt\libc.a(lib_a-memcmp.o)
                0x000000000008a97e                memcmp
 .text          0x000000000008a9a3       0x19 c:/nxp/bstudio_nxp/sdk/tools/ba-elf-ba2-r36379/bin/../lib/gcc/ba-elf/4.7.4/../../../../ba-elf/lib/mcpu_jn51xx_sizeopt\libc.a(lib_a-memcpy.o)
 .text          0x000000000008a9bc       0x12 c:/nxp/bstudio_nxp/sdk/tools/ba-elf-ba2-r36379/bin/../lib/gcc/ba-elf/4.7.4/../../../../ba-elf/lib/mcpu_jn51xx_sizeopt\libc.a(lib_a-memset.o)
                0x000000000008a9bc                memset
 .text          0x000000000008a9ce       0x25 c:/nxp/bstudio_nxp/sdk/tools/ba-elf-ba2-r36379/bin/../lib/gcc/ba-elf/4.7.4/../../../../ba-elf/lib/mcpu_jn51xx_sizeopt\libc.a(lib_a-strcmp.o)
                0x000000000008a9ce                strcmp
 .text          0x000000000008a9f3       0x15 c:/nxp/bstudio_nxp/sdk/tools/ba-elf-ba2-r36379/bin/../lib/gcc/ba-elf/4.7.4/../../../../ba-elf/lib/mcpu_jn51xx_sizeopt\libc.a(lib_a-strcpy.o)
                0x000000000008a9f3                strcpy
 .text          0x000000000008aa08       0x12 c:/nxp/bstudio_nxp/sdk/tools/ba-elf-ba2-r36379/bin/../lib/gcc/ba-elf/4.7.4/../../../../ba-elf/lib/mcpu_jn51xx_sizeopt\libc.a(lib_a-strlen.o)
                0x000000000008aa08                strlen
 *fill*         0x000000000008aa1a        0x2 00
 .text          0x000000000008aa1c      0x204 c:/nxp/bstudio_nxp/sdk/tools/ba-elf-ba2-r36379/bin/../lib/gcc/ba-elf/4.7.4/mcpu_jn51xx_sizeopt\libgcc.a(__udivsi3.o)
                0x000000000008aa1c                __udivsi3
 .text          0x000000000008ac20      0x1b0 c:/nxp/bstudio_nxp/sdk/tools/ba-elf-ba2-r36379/bin/../lib/gcc/ba-elf/4.7.4/mcpu_jn51xx_sizeopt\libgcc.a(__umodsi3.o)
                0x000000000008ac20                __umodsi3
 .text          0x000000000008add0       0x27 C:\nxp\bstudio_nxp\sdk\JN-SW-4163/Components/Library\libHardwareApi_JN516x.a(AHI_Interrupt.o)
                0x000000000008add0                vAHI_InterruptSetPriority
                0x000000000008adee                vAHI_InterruptSetActivePriorityLevel
 .text.vMicroSyscall
                0x000000000008adf7       0x17 C:\nxp\bstudio_nxp\sdk\JN-SW-4163/Components/Library\libMicroSpecific_JN516x.a(MicroSyscall_ba.o)
                0x000000000008adf7                vMicroSyscall
 .text          0x000000000008ae0e        0xd c:/nxp/bstudio_nxp/sdk/tools/ba-elf-ba2-r36379/bin/../lib/gcc/ba-elf/4.7.4/../../../../ba-elf/lib/mcpu_jn51xx_sizeopt\libc.a(lib_a-strtok.o)
                0x000000000008ae0e                strtok
 .text          0x000000000008ae1b       0x78 c:/nxp/bstudio_nxp/sdk/tools/ba-elf-ba2-r36379/bin/../lib/gcc/ba-elf/4.7.4/../../../../ba-elf/lib/mcpu_jn51xx_sizeopt\libc.a(lib_a-strtok_r.o)
                0x000000000008ae1b                __strtok_r
                0x000000000008ae8f                strtok_r
                0x000000000008ae93                _flash_end = ABSOLUTE (.)

.rela.dyn       0x000000000008ae94        0x0
 .rela.text     0x0000000000000000        0x0 c:/nxp/bstudio_nxp/sdk/tools/ba-elf-ba2-r36379/bin/../lib/gcc/ba-elf/4.7.4/../../../../ba-elf/lib/mcpu_jn51xx_sizeopt\libc.a(lib_a-strtok.o)
 .rela.rodata   0x0000000000000000        0x0 c:/nxp/bstudio_nxp/sdk/tools/ba-elf-ba2-r36379/bin/../lib/gcc/ba-elf/4.7.4/../../../../ba-elf/lib/mcpu_jn51xx_sizeopt\libc.a(lib_a-strtok.o)
 .rela.data     0x0000000000000000        0x0 c:/nxp/bstudio_nxp/sdk/tools/ba-elf-ba2-r36379/bin/../lib/gcc/ba-elf/4.7.4/../../../../ba-elf/lib/mcpu_jn51xx_sizeopt\libc.a(lib_a-strtok.o)
                0x000000000400004c                . = ORIGIN (ram)

.data           0x000000000400004c      0x4cc load address 0x000000000008ae94
                0x000000000400004c                _ram_data_start = ABSOLUTE (.)
 *(.data*)
 .data          0x000000000400004c        0xc C:\Users\K98David\AppData\Local\Temp\cccgVChM.ltrans1.ltrans.o
 .data          0x0000000004000058       0x80 C:\Users\K98David\AppData\Local\Temp\cccgVChM.ltrans3.ltrans.o
                0x0000000004000058                ResetModeNoPairkey
                0x000000000400005c                gRxdelay_count
                0x000000000400005d                gWaitUARTPacket
                0x000000000400005e                au8CmdData.2901
 .data          0x00000000040000d8        0x4 C:\Users\K98David\AppData\Local\Temp\cccgVChM.ltrans6.ltrans.o
                0x00000000040000d8                u32HeapStart
 .data.initinboot
                0x00000000040000dc        0x8 C:\Users\K98David\AppData\Local\Temp\cccgVChM.ltrans6.ltrans.o
 .data          0x00000000040000e4        0x1 C:\Users\K98David\AppData\Local\Temp\cccgVChM.ltrans7.ltrans.o
 .data.initinboot
                0x00000000040000e5        0x1 C:\Users\K98David\AppData\Local\Temp\cccgVChM.ltrans7.ltrans.o
                0x00000000040000e5                gMAC_u8MaxBuffers
 *fill*         0x00000000040000e6        0x2 00
 .data          0x00000000040000e8      0x430 c:/nxp/bstudio_nxp/sdk/tools/ba-elf-ba2-r36379/bin/../lib/gcc/ba-elf/4.7.4/../../../../ba-elf/lib/mcpu_jn51xx_sizeopt\libc.a(lib_a-impure.o)
                0x00000000040000e8                _impure_ptr
 *(.data.*)
                0x0000000004000518                . = ALIGN (0x4)
                0x0000000004000518                _ram_data_end = ABSOLUTE (.)

.bss            0x0000000004000518     0x54ec load address 0x000000000008b360
                0x0000000004000518                _bss_start = ABSOLUTE (.)
 *(.bss*)
 .bss           0x0000000004000518        0x8 C:\Users\K98David\AppData\Local\Temp\cccgVChM.ltrans0.ltrans.o
 .bss           0x0000000004000520      0xc90 C:\Users\K98David\AppData\Local\Temp\cccgVChM.ltrans1.ltrans.o
                0x0000000004000520                prSiAppCallback.20661
                0x0000000004000524                prSpiAppCallback.19526
                0x0000000004000528                prTickTimeAppCallback
                0x000000000400052c                prUart1AppCallback.20193
                0x0000000004000530                prUart0AppCallback.20192
                0x0000000004000534                prApAppCallback.19401
                0x0000000004000538                prAppHwCallback
                0x000000000400053c                prAppMcpsCallback
                0x0000000004000540                prAppMlmeCallback
                0x0000000004000544                u8Uart.2017
                0x0000000004000545                gbHighPowerMode
                0x0000000004000546                gu8ModuleID
                0x0000000004000548                gu16NumberOfSegments.20578
                0x000000000400054c                apfTimerAppCallback.19938
                0x0000000004000560                au16TimerSettings.19887
                0x000000000400056a                EEPROMSegmentDataLength
                0x000000000400056c                CommandList
                0x00000000040006fc                sMlmeIndQueue
                0x000000000400070c                sMlmeIndBufferQueue
                0x000000000400071c                sMcpsIndQueue
                0x000000000400072c                sMcpsIndBufferQueue
                0x000000000400073c                sHwIndQueue
                0x000000000400074c                sHwIndBufferQueue
                0x0000000004000760                NODE_sData
                0x0000000004000790                gConfigData
 .bss.initinboot
                0x00000000040011b0        0x8 C:\Users\K98David\AppData\Local\Temp\cccgVChM.ltrans1.ltrans.o
                0x00000000040011b0                g_u32MacAddrLocation
                0x00000000040011b4                prSysCtrlAppCallback.19729
 .bss           0x00000000040011b8       0x40 C:\Users\K98David\AppData\Local\Temp\cccgVChM.ltrans2.ltrans.o
                0x00000000040011b8                g_sLP
                0x00000000040011f4                g_pvMac
 .bss.initinboot
                0x00000000040011f8      0x1c0 C:\Users\K98David\AppData\Local\Temp\cccgVChM.ltrans2.ltrans.o
                0x00000000040011f8                g_sMac
 .bss           0x00000000040013b8      0x528 C:\Users\K98David\AppData\Local\Temp\cccgVChM.ltrans3.ltrans.o
                0x00000000040013b8                ED_sData.4239
                0x00000000040013bc                asUart.2628
                0x0000000004001404                gKey0DebounceCount
                0x0000000004001408                gKey0Pressed
                0x000000000400140c                gFlashDataLED
                0x0000000004001410                gCheckTimeoutCounter
                0x0000000004001411                gCheckRXTimeout
                0x0000000004001414                asQueue.2899
                0x0000000004001464                gApplicationResend
                0x0000000004001468                gDoApplicationResend
                0x0000000004001470                WUART_sData
 .bss           0x00000000040018e0        0x8 C:\Users\K98David\AppData\Local\Temp\cccgVChM.ltrans4.ltrans.o
 .bss           0x00000000040018e8        0x8 C:\Users\K98David\AppData\Local\Temp\cccgVChM.ltrans5.ltrans.o
 .bss           0x00000000040018f0        0x8 C:\Users\K98David\AppData\Local\Temp\cccgVChM.ltrans6.ltrans.o
 .bss.dontinitinboot
                0x00000000040018f8        0xc C:\Users\K98David\AppData\Local\Temp\cccgVChM.ltrans6.ltrans.o
 .bss           0x0000000004001904        0xc C:\Users\K98David\AppData\Local\Temp\cccgVChM.ltrans7.ltrans.o
                0x0000000004001904                g_sXcv
                0x0000000004001908                prMcpsRequest.4775
                0x000000000400190c                prMlmeRequest.4774
 .bss.initinboot
                0x0000000004001910        0x4 C:\Users\K98David\AppData\Local\Temp\cccgVChM.ltrans7.ltrans.o
                0x0000000004001910                prvUserTxStartedCallback
 .bss           0x0000000004001914       0x1c C:\Users\K98David\AppData\Local\Temp\cccgVChM.ltrans8.ltrans.o
                0x0000000004001914                bTxEventQueued.15501
                0x0000000004001915                u8TxEventStatus.15502
                0x0000000004001918                sAppHousekeeping
 .bss           0x0000000004001930       0x10 C:\Users\K98David\AppData\Local\Temp\cccgVChM.ltrans9.ltrans.o
                0x0000000004001930                sAssocSecurity.8387
                0x000000000400193c                g_bJenieBackwardsCompatibilityMode
 .bss.dontinitinboot
                0x0000000004001940        0x1 C:\Users\K98David\AppData\Local\Temp\cccgVChM.ltrans10.ltrans.o
                0x0000000004001940                u8SecurityMode.17669
 *fill*         0x0000000004001941        0x3 00
 .bss           0x0000000004001944     0x404c C:\Users\K98David\AppData\Local\Temp\cccgVChM.ltrans11.ltrans.o
 .bss           0x0000000004005990       0x14 C:\Users\K98David\AppData\Local\Temp\cccgVChM.ltrans12.ltrans.o
                0x0000000004005990                s_sTimerList
                0x00000000040059a0                u8AssocResponsesInProgress.8386
 .bss           0x00000000040059a4       0x1c C:\Users\K98David\AppData\Local\Temp\cccgVChM.ltrans13.ltrans.o
 .bss.initinboot
                0x00000000040059c0        0x1 C:\Users\K98David\AppData\Local\Temp\cccgVChM.ltrans13.ltrans.o
 *fill*         0x00000000040059c1        0x3 00
 .bss.dontinitinboot
                0x00000000040059c4       0x40 C:\nxp\bstudio_nxp\sdk\JN-SW-4163/Components/Library\libBoot_JN516x.a(ExceptionHandler.o)
                0x00000000040059c4                isr_handlers
 *(.bss.*)
 *(.scommon*)
 *(.scommon.*)
 *(COMMON)
                0x0000000004005a04                . = ALIGN (0x4)
                0x0000000004005a04                _bss_end = ABSOLUTE (.)

.heap           0x0000000004005a04      0xd16 load address 0x000000000009084c
                0x0000000004005a04                _heap_start = ABSOLUTE (.)
                0x000000000400671a                . = (. + _minimum_heap_size)
 *fill*         0x0000000004005a04      0xd16 00

.stack          0x0000000004007800      0x800 load address 0x0000000000092648
                0x0000000004007800                _heap_end = ABSOLUTE (.)
                0x0000000004007800                _stack_low_water_mark = ABSOLUTE (.)
                0x0000000004008000                . = (. + _stack_size)
 *fill*         0x0000000004007800      0x800 00

.test           0x000000000008b360        0x1
                0x000000000008b360        0x1 BYTE 0xff
                0x000000000008ae94                _flash_data_start = LOADADDR (.data)
                0x00000000000004cc                _ram_data_len = (((_ram_data_end - _ram_data_start) + 0x3) & 0xfffffffffffffffc)
                0x00000000000054ec                _bss_len = (((_bss_end - _bss_start) + 0x3) & 0xfffffffffffffffc)
                0x000000000000b360                _image_len = ((((_flash_end - _flash_start) + _ram_data_len) + 0x3) & 0xfffffffffffffffc)
                0x0000000004008000                _ram_top = (ABSOLUTE (ORIGIN (ram)) + 0x7fb4)
                0x0000000004008000                ram_top = (ABSOLUTE (ORIGIN (ram)) + 0x7fb4)
                0x0000000001001580                _app_ram_start = 0x1001580
                0x00000000040000d8                PROVIDE (_heap_location, u32HeapStart)
                0x00000000040000d8                PROVIDE (heap_location, u32HeapStart)
                0x000000000008a6c7                TSV_eOpenVector = TSV_eOpen
                0x000000000008a248                TSV_eStartVector = TSV_eStart
                0x0000000000089b2e                TSV_eStopVector = TSV_eStop
                0x000000000008520a                pvAppApiGetMacHandle = pvAppApiDefGetMacHandle
                0x00000000000870ac                u32AppApiInit = u32AppApiDefInit
                0x0000000000085122                vAppApiMlmeRequest = vAppApiDefMlmeRequest
                0x00000000000839a5                vAppApiMcpsRequest = vAppApiDefMcpsRequest
                0x000000000008a926                eAppApiPlmeSet = eAppApiDefPlmeSet
                0x000000000008a8d3                eAppApiPlmeGet = eAppApiDefPlmeGet
                0x000000000008a8ca                pvAppApiGetMacAddrLocation = pvAppApiDefGetMacAddrLocation
                0x000000000008a7a8                vAppApiSaveMacSettings = vAppApiDefSaveMacSettings
                0x000000000008a6cf                vAppApiRestoreMacSettings = vAppApiDefRestoreMacSettings
OUTPUT(Coordinator_JN5168.elf elf32-ba)

.comment        0x0000000000000000       0x11
 .comment       0x0000000000000000       0x12 C:\Users\K98David\AppData\Local\Temp\cccgVChM.ltrans0.ltrans.o
 .comment       0x0000000000000000       0x12 C:\Users\K98David\AppData\Local\Temp\cccgVChM.ltrans1.ltrans.o
 .comment       0x0000000000000000       0x12 C:\Users\K98David\AppData\Local\Temp\cccgVChM.ltrans2.ltrans.o
 .comment       0x0000000000000000       0x12 C:\Users\K98David\AppData\Local\Temp\cccgVChM.ltrans3.ltrans.o
 .comment       0x0000000000000000       0x12 C:\Users\K98David\AppData\Local\Temp\cccgVChM.ltrans4.ltrans.o
 .comment       0x0000000000000000       0x12 C:\Users\K98David\AppData\Local\Temp\cccgVChM.ltrans5.ltrans.o
 .comment       0x0000000000000000       0x12 C:\Users\K98David\AppData\Local\Temp\cccgVChM.ltrans6.ltrans.o
 .comment       0x0000000000000000       0x12 C:\Users\K98David\AppData\Local\Temp\cccgVChM.ltrans7.ltrans.o
 .comment       0x0000000000000000       0x12 C:\Users\K98David\AppData\Local\Temp\cccgVChM.ltrans8.ltrans.o
 .comment       0x0000000000000000       0x12 C:\Users\K98David\AppData\Local\Temp\cccgVChM.ltrans9.ltrans.o
 .comment       0x0000000000000000       0x12 C:\Users\K98David\AppData\Local\Temp\cccgVChM.ltrans10.ltrans.o
 .comment       0x0000000000000000       0x12 C:\Users\K98David\AppData\Local\Temp\cccgVChM.ltrans11.ltrans.o
 .comment       0x0000000000000000       0x12 C:\Users\K98David\AppData\Local\Temp\cccgVChM.ltrans12.ltrans.o
 .comment       0x0000000000000000       0x12 C:\Users\K98David\AppData\Local\Temp\cccgVChM.ltrans13.ltrans.o
 .comment       0x0000000000000000       0x12 c:/nxp/bstudio_nxp/sdk/tools/ba-elf-ba2-r36379/bin/../lib/gcc/ba-elf/4.7.4/../../../../ba-elf/lib/mcpu_jn51xx_sizeopt\libc.a(lib_a-memcmp.o)
 .comment       0x0000000000000000       0x12 c:/nxp/bstudio_nxp/sdk/tools/ba-elf-ba2-r36379/bin/../lib/gcc/ba-elf/4.7.4/../../../../ba-elf/lib/mcpu_jn51xx_sizeopt\libc.a(lib_a-memcpy.o)
 .comment       0x0000000000000000       0x12 c:/nxp/bstudio_nxp/sdk/tools/ba-elf-ba2-r36379/bin/../lib/gcc/ba-elf/4.7.4/../../../../ba-elf/lib/mcpu_jn51xx_sizeopt\libc.a(lib_a-memset.o)
 .comment       0x0000000000000000       0x12 c:/nxp/bstudio_nxp/sdk/tools/ba-elf-ba2-r36379/bin/../lib/gcc/ba-elf/4.7.4/../../../../ba-elf/lib/mcpu_jn51xx_sizeopt\libc.a(lib_a-strcmp.o)
 .comment       0x0000000000000000       0x12 c:/nxp/bstudio_nxp/sdk/tools/ba-elf-ba2-r36379/bin/../lib/gcc/ba-elf/4.7.4/../../../../ba-elf/lib/mcpu_jn51xx_sizeopt\libc.a(lib_a-strcpy.o)
 .comment       0x0000000000000000       0x12 c:/nxp/bstudio_nxp/sdk/tools/ba-elf-ba2-r36379/bin/../lib/gcc/ba-elf/4.7.4/../../../../ba-elf/lib/mcpu_jn51xx_sizeopt\libc.a(lib_a-strlen.o)
 .comment       0x0000000000000000       0x11 C:\nxp\bstudio_nxp\sdk\JN-SW-4163/Components/Library\libMicroSpecific_JN516x.a(MicroSyscall_ba.o)
                                         0x12 (size before relaxing)
 .comment       0x0000000000000000       0x12 c:/nxp/bstudio_nxp/sdk/tools/ba-elf-ba2-r36379/bin/../lib/gcc/ba-elf/4.7.4/../../../../ba-elf/lib/mcpu_jn51xx_sizeopt\libc.a(lib_a-strtok.o)
 .comment       0x0000000000000000       0x12 c:/nxp/bstudio_nxp/sdk/tools/ba-elf-ba2-r36379/bin/../lib/gcc/ba-elf/4.7.4/../../../../ba-elf/lib/mcpu_jn51xx_sizeopt\libc.a(lib_a-strtok_r.o)
 .comment       0x0000000000000000       0x12 c:/nxp/bstudio_nxp/sdk/tools/ba-elf-ba2-r36379/bin/../lib/gcc/ba-elf/4.7.4/../../../../ba-elf/lib/mcpu_jn51xx_sizeopt\libc.a(lib_a-impure.o)

.debug_info     0x0000000000000000     0x1c00
 .debug_info    0x0000000000000000       0xf3 c:/nxp/bstudio_nxp/sdk/tools/ba-elf-ba2-r36379/bin/../lib/gcc/ba-elf/4.7.4/../../../../ba-elf/lib/mcpu_jn51xx_sizeopt\libc.a(lib_a-memcmp.o)
 .debug_info    0x00000000000000f3      0x106 c:/nxp/bstudio_nxp/sdk/tools/ba-elf-ba2-r36379/bin/../lib/gcc/ba-elf/4.7.4/../../../../ba-elf/lib/mcpu_jn51xx_sizeopt\libc.a(lib_a-memcpy.o)
 .debug_info    0x00000000000001f9       0xd7 c:/nxp/bstudio_nxp/sdk/tools/ba-elf-ba2-r36379/bin/../lib/gcc/ba-elf/4.7.4/../../../../ba-elf/lib/mcpu_jn51xx_sizeopt\libc.a(lib_a-memset.o)
 .debug_info    0x00000000000002d0       0xbb c:/nxp/bstudio_nxp/sdk/tools/ba-elf-ba2-r36379/bin/../lib/gcc/ba-elf/4.7.4/../../../../ba-elf/lib/mcpu_jn51xx_sizeopt\libc.a(lib_a-strcmp.o)
 .debug_info    0x000000000000038b       0xce c:/nxp/bstudio_nxp/sdk/tools/ba-elf-ba2-r36379/bin/../lib/gcc/ba-elf/4.7.4/../../../../ba-elf/lib/mcpu_jn51xx_sizeopt\libc.a(lib_a-strcpy.o)
 .debug_info    0x0000000000000459       0xc8 c:/nxp/bstudio_nxp/sdk/tools/ba-elf-ba2-r36379/bin/../lib/gcc/ba-elf/4.7.4/../../../../ba-elf/lib/mcpu_jn51xx_sizeopt\libc.a(lib_a-strlen.o)
 .debug_info    0x0000000000000521       0xb4 c:/nxp/bstudio_nxp/sdk/tools/ba-elf-ba2-r36379/bin/../lib/gcc/ba-elf/4.7.4/mcpu_jn51xx_sizeopt\libgcc.a(__udivsi3.o)
 .debug_info    0x00000000000005d5       0xb4 c:/nxp/bstudio_nxp/sdk/tools/ba-elf-ba2-r36379/bin/../lib/gcc/ba-elf/4.7.4/mcpu_jn51xx_sizeopt\libgcc.a(__umodsi3.o)
 .debug_info    0x0000000000000689       0xaa C:\nxp\bstudio_nxp\sdk\JN-SW-4163/Components/Library\libBoot_JN516x.a(ExceptionHandler.o)
 .debug_info    0x0000000000000733      0x9cf c:/nxp/bstudio_nxp/sdk/tools/ba-elf-ba2-r36379/bin/../lib/gcc/ba-elf/4.7.4/../../../../ba-elf/lib/mcpu_jn51xx_sizeopt\libc.a(lib_a-strtok.o)
 .debug_info    0x0000000000001102      0x18e c:/nxp/bstudio_nxp/sdk/tools/ba-elf-ba2-r36379/bin/../lib/gcc/ba-elf/4.7.4/../../../../ba-elf/lib/mcpu_jn51xx_sizeopt\libc.a(lib_a-strtok_r.o)
 .debug_info    0x0000000000001290      0x970 c:/nxp/bstudio_nxp/sdk/tools/ba-elf-ba2-r36379/bin/../lib/gcc/ba-elf/4.7.4/../../../../ba-elf/lib/mcpu_jn51xx_sizeopt\libc.a(lib_a-impure.o)

.debug_abbrev   0x0000000000000000      0x761
 .debug_abbrev  0x0000000000000000       0x8e c:/nxp/bstudio_nxp/sdk/tools/ba-elf-ba2-r36379/bin/../lib/gcc/ba-elf/4.7.4/../../../../ba-elf/lib/mcpu_jn51xx_sizeopt\libc.a(lib_a-memcmp.o)
 .debug_abbrev  0x000000000000008e       0xa4 c:/nxp/bstudio_nxp/sdk/tools/ba-elf-ba2-r36379/bin/../lib/gcc/ba-elf/4.7.4/../../../../ba-elf/lib/mcpu_jn51xx_sizeopt\libc.a(lib_a-memcpy.o)
 .debug_abbrev  0x0000000000000132       0x8e c:/nxp/bstudio_nxp/sdk/tools/ba-elf-ba2-r36379/bin/../lib/gcc/ba-elf/4.7.4/../../../../ba-elf/lib/mcpu_jn51xx_sizeopt\libc.a(lib_a-memset.o)
 .debug_abbrev  0x00000000000001c0       0x63 c:/nxp/bstudio_nxp/sdk/tools/ba-elf-ba2-r36379/bin/../lib/gcc/ba-elf/4.7.4/../../../../ba-elf/lib/mcpu_jn51xx_sizeopt\libc.a(lib_a-strcmp.o)
 .debug_abbrev  0x0000000000000223       0x72 c:/nxp/bstudio_nxp/sdk/tools/ba-elf-ba2-r36379/bin/../lib/gcc/ba-elf/4.7.4/../../../../ba-elf/lib/mcpu_jn51xx_sizeopt\libc.a(lib_a-strcpy.o)
 .debug_abbrev  0x0000000000000295       0x7f c:/nxp/bstudio_nxp/sdk/tools/ba-elf-ba2-r36379/bin/../lib/gcc/ba-elf/4.7.4/../../../../ba-elf/lib/mcpu_jn51xx_sizeopt\libc.a(lib_a-strlen.o)
 .debug_abbrev  0x0000000000000314       0x14 c:/nxp/bstudio_nxp/sdk/tools/ba-elf-ba2-r36379/bin/../lib/gcc/ba-elf/4.7.4/mcpu_jn51xx_sizeopt\libgcc.a(__udivsi3.o)
 .debug_abbrev  0x0000000000000328       0x14 c:/nxp/bstudio_nxp/sdk/tools/ba-elf-ba2-r36379/bin/../lib/gcc/ba-elf/4.7.4/mcpu_jn51xx_sizeopt\libgcc.a(__umodsi3.o)
 .debug_abbrev  0x000000000000033c       0x14 C:\nxp\bstudio_nxp\sdk\JN-SW-4163/Components/Library\libBoot_JN516x.a(ExceptionHandler.o)
 .debug_abbrev  0x0000000000000350      0x1c0 c:/nxp/bstudio_nxp/sdk/tools/ba-elf-ba2-r36379/bin/../lib/gcc/ba-elf/4.7.4/../../../../ba-elf/lib/mcpu_jn51xx_sizeopt\libc.a(lib_a-strtok.o)
 .debug_abbrev  0x0000000000000510       0xef c:/nxp/bstudio_nxp/sdk/tools/ba-elf-ba2-r36379/bin/../lib/gcc/ba-elf/4.7.4/../../../../ba-elf/lib/mcpu_jn51xx_sizeopt\libc.a(lib_a-strtok_r.o)
 .debug_abbrev  0x00000000000005ff      0x162 c:/nxp/bstudio_nxp/sdk/tools/ba-elf-ba2-r36379/bin/../lib/gcc/ba-elf/4.7.4/../../../../ba-elf/lib/mcpu_jn51xx_sizeopt\libc.a(lib_a-impure.o)

.debug_loc      0x0000000000000000      0x3f2
 .debug_loc     0x0000000000000000       0x73 c:/nxp/bstudio_nxp/sdk/tools/ba-elf-ba2-r36379/bin/../lib/gcc/ba-elf/4.7.4/../../../../ba-elf/lib/mcpu_jn51xx_sizeopt\libc.a(lib_a-memcmp.o)
 .debug_loc     0x0000000000000073       0x39 c:/nxp/bstudio_nxp/sdk/tools/ba-elf-ba2-r36379/bin/../lib/gcc/ba-elf/4.7.4/../../../../ba-elf/lib/mcpu_jn51xx_sizeopt\libc.a(lib_a-memcpy.o)
 .debug_loc     0x00000000000000ac       0x3f c:/nxp/bstudio_nxp/sdk/tools/ba-elf-ba2-r36379/bin/../lib/gcc/ba-elf/4.7.4/../../../../ba-elf/lib/mcpu_jn51xx_sizeopt\libc.a(lib_a-memset.o)
 .debug_loc     0x00000000000000eb       0x3c c:/nxp/bstudio_nxp/sdk/tools/ba-elf-ba2-r36379/bin/../lib/gcc/ba-elf/4.7.4/../../../../ba-elf/lib/mcpu_jn51xx_sizeopt\libc.a(lib_a-strcmp.o)
 .debug_loc     0x0000000000000127       0x49 c:/nxp/bstudio_nxp/sdk/tools/ba-elf-ba2-r36379/bin/../lib/gcc/ba-elf/4.7.4/../../../../ba-elf/lib/mcpu_jn51xx_sizeopt\libc.a(lib_a-strcpy.o)
 .debug_loc     0x0000000000000170       0x3f c:/nxp/bstudio_nxp/sdk/tools/ba-elf-ba2-r36379/bin/../lib/gcc/ba-elf/4.7.4/../../../../ba-elf/lib/mcpu_jn51xx_sizeopt\libc.a(lib_a-strlen.o)
 .debug_loc     0x00000000000001af       0x42 c:/nxp/bstudio_nxp/sdk/tools/ba-elf-ba2-r36379/bin/../lib/gcc/ba-elf/4.7.4/../../../../ba-elf/lib/mcpu_jn51xx_sizeopt\libc.a(lib_a-strtok.o)
 .debug_loc     0x00000000000001f1      0x201 c:/nxp/bstudio_nxp/sdk/tools/ba-elf-ba2-r36379/bin/../lib/gcc/ba-elf/4.7.4/../../../../ba-elf/lib/mcpu_jn51xx_sizeopt\libc.a(lib_a-strtok_r.o)

.debug_aranges  0x0000000000000000      0x178
 .debug_aranges
                0x0000000000000000       0x20 c:/nxp/bstudio_nxp/sdk/tools/ba-elf-ba2-r36379/bin/../lib/gcc/ba-elf/4.7.4/../../../../ba-elf/lib/mcpu_jn51xx_sizeopt\libc.a(lib_a-memcmp.o)
 .debug_aranges
                0x0000000000000020       0x20 c:/nxp/bstudio_nxp/sdk/tools/ba-elf-ba2-r36379/bin/../lib/gcc/ba-elf/4.7.4/../../../../ba-elf/lib/mcpu_jn51xx_sizeopt\libc.a(lib_a-memcpy.o)
 .debug_aranges
                0x0000000000000040       0x20 c:/nxp/bstudio_nxp/sdk/tools/ba-elf-ba2-r36379/bin/../lib/gcc/ba-elf/4.7.4/../../../../ba-elf/lib/mcpu_jn51xx_sizeopt\libc.a(lib_a-memset.o)
 .debug_aranges
                0x0000000000000060       0x20 c:/nxp/bstudio_nxp/sdk/tools/ba-elf-ba2-r36379/bin/../lib/gcc/ba-elf/4.7.4/../../../../ba-elf/lib/mcpu_jn51xx_sizeopt\libc.a(lib_a-strcmp.o)
 .debug_aranges
                0x0000000000000080       0x20 c:/nxp/bstudio_nxp/sdk/tools/ba-elf-ba2-r36379/bin/../lib/gcc/ba-elf/4.7.4/../../../../ba-elf/lib/mcpu_jn51xx_sizeopt\libc.a(lib_a-strcpy.o)
 .debug_aranges
                0x00000000000000a0       0x20 c:/nxp/bstudio_nxp/sdk/tools/ba-elf-ba2-r36379/bin/../lib/gcc/ba-elf/4.7.4/../../../../ba-elf/lib/mcpu_jn51xx_sizeopt\libc.a(lib_a-strlen.o)
 .debug_aranges
                0x00000000000000c0       0x20 c:/nxp/bstudio_nxp/sdk/tools/ba-elf-ba2-r36379/bin/../lib/gcc/ba-elf/4.7.4/mcpu_jn51xx_sizeopt\libgcc.a(__udivsi3.o)
 .debug_aranges
                0x00000000000000e0       0x20 c:/nxp/bstudio_nxp/sdk/tools/ba-elf-ba2-r36379/bin/../lib/gcc/ba-elf/4.7.4/mcpu_jn51xx_sizeopt\libgcc.a(__umodsi3.o)
 .debug_aranges
                0x0000000000000100       0x20 C:\nxp\bstudio_nxp\sdk\JN-SW-4163/Components/Library\libBoot_JN516x.a(ExceptionHandler.o)
 .debug_aranges
                0x0000000000000120       0x20 c:/nxp/bstudio_nxp/sdk/tools/ba-elf-ba2-r36379/bin/../lib/gcc/ba-elf/4.7.4/../../../../ba-elf/lib/mcpu_jn51xx_sizeopt\libc.a(lib_a-strtok.o)
 .debug_aranges
                0x0000000000000140       0x20 c:/nxp/bstudio_nxp/sdk/tools/ba-elf-ba2-r36379/bin/../lib/gcc/ba-elf/4.7.4/../../../../ba-elf/lib/mcpu_jn51xx_sizeopt\libc.a(lib_a-strtok_r.o)
 .debug_aranges
                0x0000000000000160       0x18 c:/nxp/bstudio_nxp/sdk/tools/ba-elf-ba2-r36379/bin/../lib/gcc/ba-elf/4.7.4/../../../../ba-elf/lib/mcpu_jn51xx_sizeopt\libc.a(lib_a-impure.o)

.debug_line     0x0000000000000000     0x14b7
 .debug_line    0x0000000000000000      0x154 c:/nxp/bstudio_nxp/sdk/tools/ba-elf-ba2-r36379/bin/../lib/gcc/ba-elf/4.7.4/../../../../ba-elf/lib/mcpu_jn51xx_sizeopt\libc.a(lib_a-memcmp.o)
 .debug_line    0x0000000000000154      0x148 c:/nxp/bstudio_nxp/sdk/tools/ba-elf-ba2-r36379/bin/../lib/gcc/ba-elf/4.7.4/../../../../ba-elf/lib/mcpu_jn51xx_sizeopt\libc.a(lib_a-memcpy.o)
 .debug_line    0x000000000000029c      0x13e c:/nxp/bstudio_nxp/sdk/tools/ba-elf-ba2-r36379/bin/../lib/gcc/ba-elf/4.7.4/../../../../ba-elf/lib/mcpu_jn51xx_sizeopt\libc.a(lib_a-memset.o)
 .debug_line    0x00000000000003da       0xf6 c:/nxp/bstudio_nxp/sdk/tools/ba-elf-ba2-r36379/bin/../lib/gcc/ba-elf/4.7.4/../../../../ba-elf/lib/mcpu_jn51xx_sizeopt\libc.a(lib_a-strcmp.o)
 .debug_line    0x00000000000004d0       0xda c:/nxp/bstudio_nxp/sdk/tools/ba-elf-ba2-r36379/bin/../lib/gcc/ba-elf/4.7.4/../../../../ba-elf/lib/mcpu_jn51xx_sizeopt\libc.a(lib_a-strcpy.o)
 .debug_line    0x00000000000005aa      0x12e c:/nxp/bstudio_nxp/sdk/tools/ba-elf-ba2-r36379/bin/../lib/gcc/ba-elf/4.7.4/../../../../ba-elf/lib/mcpu_jn51xx_sizeopt\libc.a(lib_a-strlen.o)
 .debug_line    0x00000000000006d8      0x47b c:/nxp/bstudio_nxp/sdk/tools/ba-elf-ba2-r36379/bin/../lib/gcc/ba-elf/4.7.4/mcpu_jn51xx_sizeopt\libgcc.a(__udivsi3.o)
 .debug_line    0x0000000000000b53      0x3c7 c:/nxp/bstudio_nxp/sdk/tools/ba-elf-ba2-r36379/bin/../lib/gcc/ba-elf/4.7.4/mcpu_jn51xx_sizeopt\libgcc.a(__umodsi3.o)
 .debug_line    0x0000000000000f1a      0x197 C:\nxp\bstudio_nxp\sdk\JN-SW-4163/Components/Library\libBoot_JN516x.a(ExceptionHandler.o)
 .debug_line    0x00000000000010b1      0x182 c:/nxp/bstudio_nxp/sdk/tools/ba-elf-ba2-r36379/bin/../lib/gcc/ba-elf/4.7.4/../../../../ba-elf/lib/mcpu_jn51xx_sizeopt\libc.a(lib_a-strtok.o)
 .debug_line    0x0000000000001233      0x16a c:/nxp/bstudio_nxp/sdk/tools/ba-elf-ba2-r36379/bin/../lib/gcc/ba-elf/4.7.4/../../../../ba-elf/lib/mcpu_jn51xx_sizeopt\libc.a(lib_a-strtok_r.o)
 .debug_line    0x000000000000139d      0x11a c:/nxp/bstudio_nxp/sdk/tools/ba-elf-ba2-r36379/bin/../lib/gcc/ba-elf/4.7.4/../../../../ba-elf/lib/mcpu_jn51xx_sizeopt\libc.a(lib_a-impure.o)

.debug_str      0x0000000000000000      0x7c2
 .debug_str     0x0000000000000000       0x50 c:/nxp/bstudio_nxp/sdk/tools/ba-elf-ba2-r36379/bin/../lib/gcc/ba-elf/4.7.4/../../../../ba-elf/lib/mcpu_jn51xx_sizeopt\libc.a(lib_a-memcmp.o)
                                        0x152 (size before relaxing)
 .debug_str     0x0000000000000050       0x5d c:/nxp/bstudio_nxp/sdk/tools/ba-elf-ba2-r36379/bin/../lib/gcc/ba-elf/4.7.4/../../../../ba-elf/lib/mcpu_jn51xx_sizeopt\libc.a(lib_a-memcpy.o)
                                        0x166 (size before relaxing)
 .debug_str     0x00000000000000ad       0x49 c:/nxp/bstudio_nxp/sdk/tools/ba-elf-ba2-r36379/bin/../lib/gcc/ba-elf/4.7.4/../../../../ba-elf/lib/mcpu_jn51xx_sizeopt\libc.a(lib_a-memset.o)
                                        0x152 (size before relaxing)
 .debug_str     0x00000000000000f6       0x49 c:/nxp/bstudio_nxp/sdk/tools/ba-elf-ba2-r36379/bin/../lib/gcc/ba-elf/4.7.4/../../../../ba-elf/lib/mcpu_jn51xx_sizeopt\libc.a(lib_a-strcmp.o)
                                        0x14b (size before relaxing)
 .debug_str     0x000000000000013f       0x49 c:/nxp/bstudio_nxp/sdk/tools/ba-elf-ba2-r36379/bin/../lib/gcc/ba-elf/4.7.4/../../../../ba-elf/lib/mcpu_jn51xx_sizeopt\libc.a(lib_a-strcpy.o)
                                        0x155 (size before relaxing)
 .debug_str     0x0000000000000188       0x4f c:/nxp/bstudio_nxp/sdk/tools/ba-elf-ba2-r36379/bin/../lib/gcc/ba-elf/4.7.4/../../../../ba-elf/lib/mcpu_jn51xx_sizeopt\libc.a(lib_a-strlen.o)
                                        0x158 (size before relaxing)
 .debug_str     0x00000000000001d7      0x4c0 c:/nxp/bstudio_nxp/sdk/tools/ba-elf-ba2-r36379/bin/../lib/gcc/ba-elf/4.7.4/../../../../ba-elf/lib/mcpu_jn51xx_sizeopt\libc.a(lib_a-strtok.o)
                                        0x51e (size before relaxing)
 .debug_str     0x0000000000000697       0x68 c:/nxp/bstudio_nxp/sdk/tools/ba-elf-ba2-r36379/bin/../lib/gcc/ba-elf/4.7.4/../../../../ba-elf/lib/mcpu_jn51xx_sizeopt\libc.a(lib_a-strtok_r.o)
                                        0x184 (size before relaxing)
 .debug_str     0x00000000000006ff       0xc3 c:/nxp/bstudio_nxp/sdk/tools/ba-elf-ba2-r36379/bin/../lib/gcc/ba-elf/4.7.4/../../../../ba-elf/lib/mcpu_jn51xx_sizeopt\libc.a(lib_a-impure.o)
                                        0x523 (size before relaxing)

.debug_frame    0x0000000000000000      0x11c
 .debug_frame   0x0000000000000000       0x20 c:/nxp/bstudio_nxp/sdk/tools/ba-elf-ba2-r36379/bin/../lib/gcc/ba-elf/4.7.4/../../../../ba-elf/lib/mcpu_jn51xx_sizeopt\libc.a(lib_a-memcmp.o)
 .debug_frame   0x0000000000000020       0x20 c:/nxp/bstudio_nxp/sdk/tools/ba-elf-ba2-r36379/bin/../lib/gcc/ba-elf/4.7.4/../../../../ba-elf/lib/mcpu_jn51xx_sizeopt\libc.a(lib_a-memcpy.o)
 .debug_frame   0x0000000000000040       0x20 c:/nxp/bstudio_nxp/sdk/tools/ba-elf-ba2-r36379/bin/../lib/gcc/ba-elf/4.7.4/../../../../ba-elf/lib/mcpu_jn51xx_sizeopt\libc.a(lib_a-memset.o)
 .debug_frame   0x0000000000000060       0x20 c:/nxp/bstudio_nxp/sdk/tools/ba-elf-ba2-r36379/bin/../lib/gcc/ba-elf/4.7.4/../../../../ba-elf/lib/mcpu_jn51xx_sizeopt\libc.a(lib_a-strcmp.o)
 .debug_frame   0x0000000000000080       0x20 c:/nxp/bstudio_nxp/sdk/tools/ba-elf-ba2-r36379/bin/../lib/gcc/ba-elf/4.7.4/../../../../ba-elf/lib/mcpu_jn51xx_sizeopt\libc.a(lib_a-strcpy.o)
 .debug_frame   0x00000000000000a0       0x20 c:/nxp/bstudio_nxp/sdk/tools/ba-elf-ba2-r36379/bin/../lib/gcc/ba-elf/4.7.4/../../../../ba-elf/lib/mcpu_jn51xx_sizeopt\libc.a(lib_a-strlen.o)
 .debug_frame   0x00000000000000c0       0x20 c:/nxp/bstudio_nxp/sdk/tools/ba-elf-ba2-r36379/bin/../lib/gcc/ba-elf/4.7.4/../../../../ba-elf/lib/mcpu_jn51xx_sizeopt\libc.a(lib_a-strtok.o)
 .debug_frame   0x00000000000000e0       0x3c c:/nxp/bstudio_nxp/sdk/tools/ba-elf-ba2-r36379/bin/../lib/gcc/ba-elf/4.7.4/../../../../ba-elf/lib/mcpu_jn51xx_sizeopt\libc.a(lib_a-strtok_r.o)
