Archive member included because of file (symbol)

C:\nxp\bstudio_nxp\sdk\JN-SW-4163/Components/Library\libAppApi_JN516x.a(AppApi.o)
                              crd_coordinator.o (symbol from plugin) (vAppApiSetHighPowerMode)
C:\nxp\bstudio_nxp\sdk\JN-SW-4163/Components/Library\libAppApi_JN516x.a(AppApiSleep.o)
                              (vAppApiDefSaveMacSettings)
C:\nxp\bstudio_nxp\sdk\JN-SW-4163/Components/Library\libMAC_JN516x.a(mac_main.o)
                              AppApi.o (symbol from plugin) (MAC_pvCtor)
C:\nxp\bstudio_nxp\sdk\JN-SW-4163/Components/Library\libMAC_JN516x.a(mac_mcps.o)
                              AppApi.o (symbol from plugin) (MAC_vHandleMcpsReqRsp)
C:\nxp\bstudio_nxp\sdk\JN-SW-4163/Components/Library\libMAC_JN516x.a(mac_mlme.o)
                              AppApi.o (symbol from plugin) (MAC_vHandleMlmeReqRsp)
C:\nxp\bstudio_nxp\sdk\JN-SW-4163/Components/Library\libMAC_JN516x.a(mac_pib.o)
                              node.o (symbol from plugin) (MAC_psPibGetHandle)
C:\nxp\bstudio_nxp\sdk\JN-SW-4163/Components/Library\libMAC_JN516x.a(mac_pib_mlme.o)
                              mac_main.o (symbol from plugin) (mac_vPibSetDefaults)
C:\nxp\bstudio_nxp\sdk\JN-SW-4163/Components/Library\libMAC_JN516x.a(mac_pmic.o)
                              mac_main.o (symbol from plugin) (vPMICreset)
C:\nxp\bstudio_nxp\sdk\JN-SW-4163/Components/Library\libMAC_JN516x.a(mac_ind.o)
                              AppApi.o (symbol from plugin) (MAC_vRegisterMlmeDcfmIndCallbacks)
C:\nxp\bstudio_nxp\sdk\JN-SW-4163/Components/Library\libMAC_JN516x.a(mac_scan.o)
                              mac_main.o (symbol from plugin) (mac_eScanInit)
C:\nxp\bstudio_nxp\sdk\JN-SW-4163/Components/Library\libMAC_JN516x.a(mac_lp.o)
                              mac_pmic.o (symbol from plugin) (g_sLP)
C:\nxp\bstudio_nxp\sdk\JN-SW-4163/Components/Library\libMAC_JN516x.a(MCPS.o)
                              mac_mcps.o (symbol from plugin) (vTAM_MCPSdataRequest)
C:\nxp\bstudio_nxp\sdk\JN-SW-4163/Components/Library\libMAC_JN516x.a(phy_pib.o)
                              AppApi.o (symbol from plugin) (phy_ePibGet)
C:\nxp\bstudio_nxp\sdk\JN-SW-4163/Components/Library\libMAC_JN516x.a(TAM.o)
                              MCPS.o (symbol from plugin) (bTAMinPAN)
C:\nxp\bstudio_nxp\sdk\JN-SW-4163/Components/Library\libMAC_JN516x.a(TAMCO.o)
                              TAM.o (symbol from plugin) (vTAMCOsetCoordinator)
C:\nxp\bstudio_nxp\sdk\JN-SW-4163/Components/Library\libMAC_JN516x.a(TAMDE.o)
                              TAM.o (symbol from plugin) (vTAMDEdetermineNullState)
C:\nxp\bstudio_nxp\sdk\JN-SW-4163/Components/Library\libMAC_JN516x.a(TAM_MEM.o)
                              TAM.o (symbol from plugin) (vMEMreset)
C:\nxp\bstudio_nxp\sdk\JN-SW-4163/Components/Library\libMAC_JN516x.a(TAM_MLME.o)
                              mac_scan.o (symbol from plugin) (vMLMEbeaconNotify)
C:\nxp\bstudio_nxp\sdk\JN-SW-4163/Components/Library\libMAC_JN516x.a(TAM_TAH.o)
                              TAMCO.o (symbol from plugin) (vTAHsetCutOff)
C:\nxp\bstudio_nxp\sdk\JN-SW-4163/Components/Library\libMAC_JN516x.a(TAM_TAI.o)
                              TAM.o (symbol from plugin) (vTAIsetCapTime)
C:\nxp\bstudio_nxp\sdk\JN-SW-4163/Components/Library\libMAC_JN516x.a(TAM_TAT.o)
                              TAMDE.o (symbol from plugin) (vTATstartReceiveAt)
C:\nxp\bstudio_nxp\sdk\JN-SW-4163/Components/Library\libMAC_JN516x.a(TAMcommon.o)
                              mac_scan.o (symbol from plugin) (bTACassessBeaconForPayload)
C:\nxp\bstudio_nxp\sdk\JN-SW-4163/Components/Library\libMAC_JN516x.a(TAMevent.o)
                              mac_lp.o (symbol from plugin) (vTAMinsertEvent)
C:\nxp\bstudio_nxp\sdk\JN-SW-4163/Components/Library\libMAC_JN516x.a(TAMqueue.o)
                              TAMcommon.o (symbol from plugin) (vTAQaddToFifo)
C:\nxp\bstudio_nxp\sdk\JN-SW-4163/Components/Library\libMAC_JN516x.a(TAMrxEnable.o)
                              TAMevent.o (symbol from plugin) (vTAMRXEint2Fired)
C:\nxp\bstudio_nxp\sdk\JN-SW-4163/Components/Library\libMAC_JN516x.a(TAMsecurity.o)
                              TAMcommon.o (symbol from plugin) (vTSCgetIncomingInfo)
C:\nxp\bstudio_nxp\sdk\JN-SW-4163/Components/Library\libMAC_JN516x.a(TAMsideways.o)
                              mac_pmic.o (symbol from plugin) (eTAStransmitRequest)
C:\nxp\bstudio_nxp\sdk\JN-SW-4163/Components/Library\libMAC_JN516x.a(TAMtime.o)
                              TAM.o (symbol from plugin) (vTTIBLETimerExpired)
C:\nxp\bstudio_nxp\sdk\JN-SW-4163/Components/Library\libMAC_JN516x.a(TAM_AES.o)
                              TAMsecurity.o (symbol from plugin) (u8TAM_AES_WriteAuxilliarySecurityHeaderIntoBuffer)
C:\nxp\bstudio_nxp\sdk\JN-SW-4163/Components/Library\libMAC_JN516x.a(Endian.o)
                              TAM_AES.o (symbol from plugin) (vFromU16ToLe)
C:\nxp\bstudio_nxp\sdk\JN-SW-4163/Components/Library\libMAC_JN516x.a(mac_acl.o)
                              TAMsecurity.o (symbol from plugin) (MAC_u8AclFindInfo)
C:\nxp\bstudio_nxp\sdk\JN-SW-4163/Components/Library\libMAC_JN516x.a(mac_misc.o)
                              mac_mlme.o (symbol from plugin) (vMAC_MISCpollRequest)
C:\nxp\bstudio_nxp\sdk\JN-SW-4163/Components/Library\libTimerServer_JN516x.a(tsv_main.o)
                              AppApiSleep.o (symbol from plugin) (s_sTimerList)
C:\nxp\bstudio_nxp\sdk\JN-SW-4163/Components/Library\libXcv_JN516x.a(xcv_main.o)
                              AppApi.o (symbol from plugin) (XCV_vCtor)
C:\nxp\bstudio_nxp\sdk\JN-SW-4163/Components/Library\libXcv_JN516x.a(xcv_access.o)
                              mac_main.o (symbol from plugin) (XCV_vDevWriteIER)
C:\nxp\bstudio_nxp\sdk\JN-SW-4163/Components/Library\libXcv_JN516x.a(xcv_isr.o)
                              AppApi.o (symbol from plugin) (vXCV_IntHandlerPhy)
C:\nxp\bstudio_nxp\sdk\JN-SW-4163/Components/Library\libAes_JN516x.a(AES_CCM_Star.o)
                              TAM_AES.o (symbol from plugin) (vACI_OptimisedCcmStar)
C:\nxp\bstudio_nxp\sdk\JN-SW-4163/Components/Library\libAes_JN516x.a(AEScoprocessorAPI.o)
                              AES_CCM_Star.o (symbol from plugin) (vACI_CmdWaitBusy)
C:\nxp\bstudio_nxp\sdk\JN-SW-4163/Components/Library\libHardwareApi_JN516x.a(AHI_Analogue.o)
                              AppQueueApi.o (symbol from plugin) (vAHI_APRegisterCallback)
C:\nxp\bstudio_nxp\sdk\JN-SW-4163/Components/Library\libHardwareApi_JN516x.a(AHI_Dio.o)
                              crd_coordinator.o (symbol from plugin) (vAHI_DioSetDirection)
C:\nxp\bstudio_nxp\sdk\JN-SW-4163/Components/Library\libHardwareApi_JN516x.a(AHI_Reset.o)
                              QApp.o (symbol from plugin) (vAHI_SwReset)
C:\nxp\bstudio_nxp\sdk\JN-SW-4163/Components/Library\libHardwareApi_JN516x.a(AHI_Spi.o)
                              AppQueueApi.o (symbol from plugin) (vAHI_SpiRegisterCallback)
C:\nxp\bstudio_nxp\sdk\JN-SW-4163/Components/Library\libHardwareApi_JN516x.a(AHI_System.o)
                              AppApiSleep.o (symbol from plugin) (u8AHI_PowerStatus)
C:\nxp\bstudio_nxp\sdk\JN-SW-4163/Components/Library\libHardwareApi_JN516x.a(AHI_Timer.o)
                              crd_coordinator.o (symbol from plugin) (vAHI_TimerEnable)
C:\nxp\bstudio_nxp\sdk\JN-SW-4163/Components/Library\libHardwareApi_JN516x.a(AHI_TimerInt.o)
                              crd_coordinator.o (symbol from plugin) (vAHI_Timer0RegisterCallback)
C:\nxp\bstudio_nxp\sdk\JN-SW-4163/Components/Library\libHardwareApi_JN516x.a(AHI_Uart.o)
                              uart.o (symbol from plugin) (vAHI_UartSetBaudDivisor)
C:\nxp\bstudio_nxp\sdk\JN-SW-4163/Components/Library\libHardwareApi_JN516x.a(AHI_WakeTimer.o)
                              mac_lp.o (symbol from plugin) (vAHI_WakeTimerEnable)
C:\nxp\bstudio_nxp\sdk\JN-SW-4163/Components/Library\libHardwareApi_JN516x.a(AHI_Flash.o)
                              AHI_System.o (symbol from plugin) (vAHI_FlashAndEEPROMControllerIntHandler)
C:\nxp\bstudio_nxp\sdk\JN-SW-4163/Components/Library\libHardwareApi_JN516x.a(AHI_Infrared.o)
                              AHI_TimerInt.o (symbol from plugin) (vAHI_IntHandlerInfrared)
C:\nxp\bstudio_nxp\sdk\JN-SW-4163/Components/Library\libHardwareApi_JN516x.a(InternalFlashApi.o)
                              AHI_Flash.o (symbol from plugin) (bFlashErase)
C:\nxp\bstudio_nxp\sdk\JN-SW-4163/Components/Library\libHardwareApi_JN516x.a(EEP_EEPROM.o)
                              crd_coordinator.o (symbol from plugin) (u16AHI_InitialiseEEP)
C:\nxp\bstudio_nxp\sdk\JN-SW-4163/Components/Library\libHardwareApi_JN516x.a(AHI_Si.o)
                              AppQueueApi.o (symbol from plugin) (vAHI_SiRegisterCallback)
C:\nxp\bstudio_nxp\sdk\JN-SW-4163/Components/Library\libHardwareApi_JN516x.a(AHI_TickTimer.o)
                              AppQueueApi.o (symbol from plugin) (vAHI_TickTimerInit)
C:\nxp\bstudio_nxp\sdk\JN-SW-4163/Components/Library\libHardwareApi_JN516x.a(AHI_Interrupt.o)
                              AppApi.o (symbol from plugin) (vAHI_InterruptSetPriority)
C:\nxp\bstudio_nxp\sdk\JN-SW-4163/Components/Library\libHardwareApi_JN516x.a(AHI_Init.o)
                              crd_coordinator.o (symbol from plugin) (u32AHI_Init)
C:\nxp\bstudio_nxp\sdk\JN-SW-4163/Components/Library\libHardwareApi_JN516x.a(AHI_SpiSlave.o)
                              AHI_Init.o (symbol from plugin) (vAHI_IntHandlerSpiSlave)
C:\nxp\bstudio_nxp\sdk\JN-SW-4163/Components/Library\libMicroSpecific_JN516x.a(MicroInt_ba.o)
                              AppApi.o (symbol from plugin) (vMicroIntEnableOnly)
C:\nxp\bstudio_nxp\sdk\JN-SW-4163/Components/Library\libMicroSpecific_JN516x.a(MicroSyscall_ba.o)
                              AHI_Reset.o (symbol from plugin) (vMicroSyscall)
C:\nxp\bstudio_nxp\sdk\JN-SW-4163/Components/Library\libBoot_JN516x.a(Heap.o)
                              (u32HeapStart)
C:\nxp\bstudio_nxp\sdk\JN-SW-4163/Components/Library\libBoot_JN516x.a(ExceptionHandler.o)
                              (_exception_external_interrupt)
C:\nxp\bstudio_nxp\sdk\JN-SW-4163/Platform/DK4/Library\libBoardLib_JN516x.a(LcdDriver.o)
                              lcd.o (symbol from plugin) (vLcdClear)
C:\nxp\bstudio_nxp\sdk\JN-SW-4163/Platform/DK4/Library\libBoardLib_JN516x.a(LcdFont.o)
                              LcdDriver.o (symbol from plugin) (vLcdFontReset)
C:\nxp\bstudio_nxp\sdk\JN-SW-4163/Components/Library\libAppApi_JN516x.a(AppHousekeeping.o)
                              mac_scan.o (symbol from plugin) (sAppHousekeeping)
C:\nxp\bstudio_nxp\sdk\JN-SW-4163/Components/Library\libAes_JN516x.a(AEScoprocessorAPIinterrupts.o)
                              AHI_Init.o (symbol from plugin) (vACI_IntHandlerAes)
c:/nxp/bstudio_nxp/sdk/tools/ba-elf-ba2-r36379/bin/../lib/gcc/ba-elf/4.7.4/../../../../ba-elf/lib/mcpu_jn51xx_sizeopt\libc.a(lib_a-strtok.o)
                              QApp.o (symbol from plugin) (strtok)
c:/nxp/bstudio_nxp/sdk/tools/ba-elf-ba2-r36379/bin/../lib/gcc/ba-elf/4.7.4/../../../../ba-elf/lib/mcpu_jn51xx_sizeopt\libc.a(lib_a-strtok_r.o)
                              c:/nxp/bstudio_nxp/sdk/tools/ba-elf-ba2-r36379/bin/../lib/gcc/ba-elf/4.7.4/../../../../ba-elf/lib/mcpu_jn51xx_sizeopt\libc.a(lib_a-strtok.o) (__strtok_r)
c:/nxp/bstudio_nxp/sdk/tools/ba-elf-ba2-r36379/bin/../lib/gcc/ba-elf/4.7.4/../../../../ba-elf/lib/mcpu_jn51xx_sizeopt\libc.a(lib_a-impure.o)
                              c:/nxp/bstudio_nxp/sdk/tools/ba-elf-ba2-r36379/bin/../lib/gcc/ba-elf/4.7.4/../../../../ba-elf/lib/mcpu_jn51xx_sizeopt\libc.a(lib_a-strtok.o) (_impure_ptr)
c:/nxp/bstudio_nxp/sdk/tools/ba-elf-ba2-r36379/bin/../lib/gcc/ba-elf/4.7.4/../../../../ba-elf/lib/mcpu_jn51xx_sizeopt\libc.a(lib_a-memcmp.o)
                              C:\Users\K98David\AppData\Local\Temp\ccR5ONWP.ltrans1.ltrans.o (memcmp)
c:/nxp/bstudio_nxp/sdk/tools/ba-elf-ba2-r36379/bin/../lib/gcc/ba-elf/4.7.4/../../../../ba-elf/lib/mcpu_jn51xx_sizeopt\libc.a(lib_a-memcpy.o)
                              C:\Users\K98David\AppData\Local\Temp\ccR5ONWP.ltrans1.ltrans.o (memcpy)
c:/nxp/bstudio_nxp/sdk/tools/ba-elf-ba2-r36379/bin/../lib/gcc/ba-elf/4.7.4/../../../../ba-elf/lib/mcpu_jn51xx_sizeopt\libc.a(lib_a-memset.o)
                              C:\Users\K98David\AppData\Local\Temp\ccR5ONWP.ltrans1.ltrans.o (memset)
c:/nxp/bstudio_nxp/sdk/tools/ba-elf-ba2-r36379/bin/../lib/gcc/ba-elf/4.7.4/../../../../ba-elf/lib/mcpu_jn51xx_sizeopt\libc.a(lib_a-strcmp.o)
                              C:\Users\K98David\AppData\Local\Temp\ccR5ONWP.ltrans5.ltrans.o (strcmp)
c:/nxp/bstudio_nxp/sdk/tools/ba-elf-ba2-r36379/bin/../lib/gcc/ba-elf/4.7.4/../../../../ba-elf/lib/mcpu_jn51xx_sizeopt\libc.a(lib_a-strcpy.o)
                              C:\Users\K98David\AppData\Local\Temp\ccR5ONWP.ltrans0.ltrans.o (strcpy)
c:/nxp/bstudio_nxp/sdk/tools/ba-elf-ba2-r36379/bin/../lib/gcc/ba-elf/4.7.4/../../../../ba-elf/lib/mcpu_jn51xx_sizeopt\libc.a(lib_a-strlen.o)
                              C:\Users\K98David\AppData\Local\Temp\ccR5ONWP.ltrans3.ltrans.o (strlen)
c:/nxp/bstudio_nxp/sdk/tools/ba-elf-ba2-r36379/bin/../lib/gcc/ba-elf/4.7.4/../../../../ba-elf/lib/mcpu_jn51xx_sizeopt\libc.a(lib_a-strncmp.o)
                              C:\Users\K98David\AppData\Local\Temp\ccR5ONWP.ltrans5.ltrans.o (strncmp)
c:/nxp/bstudio_nxp/sdk/tools/ba-elf-ba2-r36379/bin/../lib/gcc/ba-elf/4.7.4/mcpu_jn51xx_sizeopt\libgcc.a(__udivsi3.o)
                              C:\Users\K98David\AppData\Local\Temp\ccR5ONWP.ltrans1.ltrans.o (__udivsi3)
c:/nxp/bstudio_nxp/sdk/tools/ba-elf-ba2-r36379/bin/../lib/gcc/ba-elf/4.7.4/mcpu_jn51xx_sizeopt\libgcc.a(__umodsi3.o)
                              C:\Users\K98David\AppData\Local\Temp\ccR5ONWP.ltrans6.ltrans.o (__umodsi3)

Allocating common symbols
Common symbol       size              file

apvHwIndBufferData  0x18              AppQueueApi.o (symbol from plugin)
prMAC_TofMlmeReqHandler
                    0x4               mac_mlme.o (symbol from plugin)
apvMlmeIndBufferData
                    0x18              AppQueueApi.o (symbol from plugin)
asMcpsIndBuffer     0x348             AppQueueApi.o (symbol from plugin)
OldsensorData_Count
                    0x50              Qsensor.o (symbol from plugin)
Temp                0x4               Qsensor.o (symbol from plugin)
g_tSpiConfiguration
                    0x4               AHI_Flash.o (symbol from plugin)
asHwIndBuffer       0x28              AppQueueApi.o (symbol from plugin)
u8TAM_TxStatusOverride
                    0x1               TAMevent.o (symbol from plugin)
prMAC_TofRxHandler  0x4               TAMcommon.o (symbol from plugin)
apvMlmeIndData      0x18              AppQueueApi.o (symbol from plugin)
au8Shadow           0x400             lcd.o (symbol from plugin)
apvMcpsIndData      0x18              AppQueueApi.o (symbol from plugin)
apvMcpsIndBufferData
                    0x18              AppQueueApi.o (symbol from plugin)
apvHwIndData        0x18              AppQueueApi.o (symbol from plugin)
bAHI_ExtendedTemperatureOperation
                    0x1               AHI_System.o (symbol from plugin)
bMAC_DiscardUnsuccessfulAssocResponses
                    0x1               mac_pmic.o (symbol from plugin)
u8Msq               0x1               TAM_TAT.o (symbol from plugin)
g_bLegacyHwBugEmulation
                    0x1               AES_CCM_Star.o (symbol from plugin)
asMlmeIndBuffer     0x44c             AppQueueApi.o (symbol from plugin)

Discarded input sections

 .text          0x0000000000000000        0x0 crd_coordinator.o (symbol from plugin)
 .data          0x0000000000000000        0x0 C:\Users\K98David\AppData\Local\Temp\ccR5ONWP.ltrans1.ltrans.o
 .data          0x0000000000000000        0x0 C:\Users\K98David\AppData\Local\Temp\ccR5ONWP.ltrans3.ltrans.o
 .data          0x0000000000000000        0x0 C:\Users\K98David\AppData\Local\Temp\ccR5ONWP.ltrans4.ltrans.o
 .data          0x0000000000000000        0x0 C:\Users\K98David\AppData\Local\Temp\ccR5ONWP.ltrans6.ltrans.o
 .data          0x0000000000000000        0x0 C:\Users\K98David\AppData\Local\Temp\ccR5ONWP.ltrans7.ltrans.o
 .data          0x0000000000000000        0x0 C:\Users\K98David\AppData\Local\Temp\ccR5ONWP.ltrans9.ltrans.o
 .data          0x0000000000000000        0x0 C:\Users\K98David\AppData\Local\Temp\ccR5ONWP.ltrans11.ltrans.o
 .data          0x0000000000000000        0x0 C:\Users\K98David\AppData\Local\Temp\ccR5ONWP.ltrans12.ltrans.o
 .data          0x0000000000000000        0x0 C:\Users\K98David\AppData\Local\Temp\ccR5ONWP.ltrans13.ltrans.o
 .data          0x0000000000000000        0x0 C:\Users\K98David\AppData\Local\Temp\ccR5ONWP.ltrans14.ltrans.o
 .data          0x0000000000000000        0x0 C:\Users\K98David\AppData\Local\Temp\ccR5ONWP.ltrans15.ltrans.o
 .data          0x0000000000000000        0x0 c:/nxp/bstudio_nxp/sdk/tools/ba-elf-ba2-r36379/bin/../lib/gcc/ba-elf/4.7.4/../../../../ba-elf/lib/mcpu_jn51xx_sizeopt\libc.a(lib_a-memcmp.o)
 .bss           0x0000000000000000        0x0 c:/nxp/bstudio_nxp/sdk/tools/ba-elf-ba2-r36379/bin/../lib/gcc/ba-elf/4.7.4/../../../../ba-elf/lib/mcpu_jn51xx_sizeopt\libc.a(lib_a-memcmp.o)
 .data          0x0000000000000000        0x0 c:/nxp/bstudio_nxp/sdk/tools/ba-elf-ba2-r36379/bin/../lib/gcc/ba-elf/4.7.4/../../../../ba-elf/lib/mcpu_jn51xx_sizeopt\libc.a(lib_a-memcpy.o)
 .bss           0x0000000000000000        0x0 c:/nxp/bstudio_nxp/sdk/tools/ba-elf-ba2-r36379/bin/../lib/gcc/ba-elf/4.7.4/../../../../ba-elf/lib/mcpu_jn51xx_sizeopt\libc.a(lib_a-memcpy.o)
 .data          0x0000000000000000        0x0 c:/nxp/bstudio_nxp/sdk/tools/ba-elf-ba2-r36379/bin/../lib/gcc/ba-elf/4.7.4/../../../../ba-elf/lib/mcpu_jn51xx_sizeopt\libc.a(lib_a-memset.o)
 .bss           0x0000000000000000        0x0 c:/nxp/bstudio_nxp/sdk/tools/ba-elf-ba2-r36379/bin/../lib/gcc/ba-elf/4.7.4/../../../../ba-elf/lib/mcpu_jn51xx_sizeopt\libc.a(lib_a-memset.o)
 .data          0x0000000000000000        0x0 c:/nxp/bstudio_nxp/sdk/tools/ba-elf-ba2-r36379/bin/../lib/gcc/ba-elf/4.7.4/../../../../ba-elf/lib/mcpu_jn51xx_sizeopt\libc.a(lib_a-strcmp.o)
 .bss           0x0000000000000000        0x0 c:/nxp/bstudio_nxp/sdk/tools/ba-elf-ba2-r36379/bin/../lib/gcc/ba-elf/4.7.4/../../../../ba-elf/lib/mcpu_jn51xx_sizeopt\libc.a(lib_a-strcmp.o)
 .data          0x0000000000000000        0x0 c:/nxp/bstudio_nxp/sdk/tools/ba-elf-ba2-r36379/bin/../lib/gcc/ba-elf/4.7.4/../../../../ba-elf/lib/mcpu_jn51xx_sizeopt\libc.a(lib_a-strcpy.o)
 .bss           0x0000000000000000        0x0 c:/nxp/bstudio_nxp/sdk/tools/ba-elf-ba2-r36379/bin/../lib/gcc/ba-elf/4.7.4/../../../../ba-elf/lib/mcpu_jn51xx_sizeopt\libc.a(lib_a-strcpy.o)
 .data          0x0000000000000000        0x0 c:/nxp/bstudio_nxp/sdk/tools/ba-elf-ba2-r36379/bin/../lib/gcc/ba-elf/4.7.4/../../../../ba-elf/lib/mcpu_jn51xx_sizeopt\libc.a(lib_a-strlen.o)
 .bss           0x0000000000000000        0x0 c:/nxp/bstudio_nxp/sdk/tools/ba-elf-ba2-r36379/bin/../lib/gcc/ba-elf/4.7.4/../../../../ba-elf/lib/mcpu_jn51xx_sizeopt\libc.a(lib_a-strlen.o)
 .data          0x0000000000000000        0x0 c:/nxp/bstudio_nxp/sdk/tools/ba-elf-ba2-r36379/bin/../lib/gcc/ba-elf/4.7.4/../../../../ba-elf/lib/mcpu_jn51xx_sizeopt\libc.a(lib_a-strncmp.o)
 .bss           0x0000000000000000        0x0 c:/nxp/bstudio_nxp/sdk/tools/ba-elf-ba2-r36379/bin/../lib/gcc/ba-elf/4.7.4/../../../../ba-elf/lib/mcpu_jn51xx_sizeopt\libc.a(lib_a-strncmp.o)
 .data          0x0000000000000000        0x0 c:/nxp/bstudio_nxp/sdk/tools/ba-elf-ba2-r36379/bin/../lib/gcc/ba-elf/4.7.4/mcpu_jn51xx_sizeopt\libgcc.a(__udivsi3.o)
 .bss           0x0000000000000000        0x0 c:/nxp/bstudio_nxp/sdk/tools/ba-elf-ba2-r36379/bin/../lib/gcc/ba-elf/4.7.4/mcpu_jn51xx_sizeopt\libgcc.a(__udivsi3.o)
 .data          0x0000000000000000        0x0 c:/nxp/bstudio_nxp/sdk/tools/ba-elf-ba2-r36379/bin/../lib/gcc/ba-elf/4.7.4/mcpu_jn51xx_sizeopt\libgcc.a(__umodsi3.o)
 .bss           0x0000000000000000        0x0 c:/nxp/bstudio_nxp/sdk/tools/ba-elf-ba2-r36379/bin/../lib/gcc/ba-elf/4.7.4/mcpu_jn51xx_sizeopt\libgcc.a(__umodsi3.o)
 .text          0x0000000000000000        0x0 dbg.o (symbol from plugin)
 .text          0x0000000000000000        0x0 lcd.o (symbol from plugin)
 .text          0x0000000000000000        0x0 node.o (symbol from plugin)
 .text          0x0000000000000000        0x0 queue.o (symbol from plugin)
 .text          0x0000000000000000        0x0 rnd.o (symbol from plugin)
 .text          0x0000000000000000        0x0 uart.o (symbol from plugin)
 .text          0x0000000000000000        0x0 wuart.o (symbol from plugin)
 .text          0x0000000000000000        0x0 AppQueueApi.o (symbol from plugin)
 .text          0x0000000000000000        0x0 QApp.o (symbol from plugin)
 .text          0x0000000000000000        0x0 enddevice.o (symbol from plugin)
 .text          0x0000000000000000        0x0 Qsensor.o (symbol from plugin)
 .text          0x0000000000000000        0x0 QUtils.o (symbol from plugin)
 .text          0x0000000000000000        0x0 QEvent_Process.o (symbol from plugin)
 .text          0x0000000000000000        0x0 AppApi.o (symbol from plugin)
 .text          0x0000000000000000        0x0 AppApiSleep.o (symbol from plugin)
 .text          0x0000000000000000        0x0 mac_main.o (symbol from plugin)
 .text          0x0000000000000000        0x0 mac_mcps.o (symbol from plugin)
 .text          0x0000000000000000        0x0 mac_mlme.o (symbol from plugin)
 .text          0x0000000000000000        0x0 mac_pib.o (symbol from plugin)
 .text          0x0000000000000000        0x0 mac_pib_mlme.o (symbol from plugin)
 .text          0x0000000000000000        0x0 mac_pmic.o (symbol from plugin)
 .text          0x0000000000000000        0x0 mac_ind.o (symbol from plugin)
 .text          0x0000000000000000        0x0 mac_scan.o (symbol from plugin)
 .text          0x0000000000000000        0x0 mac_lp.o (symbol from plugin)
 .text          0x0000000000000000        0x0 MCPS.o (symbol from plugin)
 .text          0x0000000000000000        0x0 phy_pib.o (symbol from plugin)
 .text          0x0000000000000000        0x0 TAM.o (symbol from plugin)
 .text          0x0000000000000000        0x0 TAMCO.o (symbol from plugin)
 .text          0x0000000000000000        0x0 TAMDE.o (symbol from plugin)
 .text          0x0000000000000000        0x0 TAM_MEM.o (symbol from plugin)
 .text          0x0000000000000000        0x0 TAM_MLME.o (symbol from plugin)
 .text          0x0000000000000000        0x0 TAM_TAH.o (symbol from plugin)
 .text          0x0000000000000000        0x0 TAM_TAI.o (symbol from plugin)
 .text          0x0000000000000000        0x0 TAM_TAT.o (symbol from plugin)
 .text          0x0000000000000000        0x0 TAMcommon.o (symbol from plugin)
 .text          0x0000000000000000        0x0 TAMevent.o (symbol from plugin)
 .text          0x0000000000000000        0x0 TAMqueue.o (symbol from plugin)
 .text          0x0000000000000000        0x0 TAMrxEnable.o (symbol from plugin)
 .text          0x0000000000000000        0x0 TAMsecurity.o (symbol from plugin)
 .text          0x0000000000000000        0x0 TAMsideways.o (symbol from plugin)
 .text          0x0000000000000000        0x0 TAMtime.o (symbol from plugin)
 .text          0x0000000000000000        0x0 TAM_AES.o (symbol from plugin)
 .text          0x0000000000000000        0x0 Endian.o (symbol from plugin)
 .text          0x0000000000000000        0x0 mac_acl.o (symbol from plugin)
 .text          0x0000000000000000        0x0 mac_misc.o (symbol from plugin)
 .text          0x0000000000000000        0x0 tsv_main.o (symbol from plugin)
 .text          0x0000000000000000        0x0 xcv_main.o (symbol from plugin)
 .text          0x0000000000000000        0x0 xcv_access.o (symbol from plugin)
 .text          0x0000000000000000        0x0 xcv_isr.o (symbol from plugin)
 .text          0x0000000000000000        0x0 AES_CCM_Star.o (symbol from plugin)
 .text          0x0000000000000000        0x0 AEScoprocessorAPI.o (symbol from plugin)
 .text          0x0000000000000000        0x0 AHI_Analogue.o (symbol from plugin)
 .text          0x0000000000000000        0x0 AHI_Dio.o (symbol from plugin)
 .text          0x0000000000000000        0x0 AHI_Reset.o (symbol from plugin)
 .text          0x0000000000000000        0x0 AHI_Spi.o (symbol from plugin)
 .text          0x0000000000000000        0x0 AHI_System.o (symbol from plugin)
 .text          0x0000000000000000        0x0 AHI_Timer.o (symbol from plugin)
 .text          0x0000000000000000        0x0 AHI_TimerInt.o (symbol from plugin)
 .text          0x0000000000000000        0x0 AHI_Uart.o (symbol from plugin)
 .text          0x0000000000000000        0x0 AHI_WakeTimer.o (symbol from plugin)
 .text          0x0000000000000000        0x0 AHI_Flash.o (symbol from plugin)
 .text          0x0000000000000000        0x0 AHI_Infrared.o (symbol from plugin)
 .text          0x0000000000000000        0x0 InternalFlashApi.o (symbol from plugin)
 .text          0x0000000000000000        0x0 EEP_EEPROM.o (symbol from plugin)
 .text          0x0000000000000000        0x0 AHI_Si.o (symbol from plugin)
 .text          0x0000000000000000        0x0 AHI_TickTimer.o (symbol from plugin)
 .data          0x0000000000000000        0x0 C:\nxp\bstudio_nxp\sdk\JN-SW-4163/Components/Library\libHardwareApi_JN516x.a(AHI_Interrupt.o)
 .bss           0x0000000000000000        0x0 C:\nxp\bstudio_nxp\sdk\JN-SW-4163/Components/Library\libHardwareApi_JN516x.a(AHI_Interrupt.o)
 .text          0x0000000000000000        0x0 AHI_Init.o (symbol from plugin)
 .text          0x0000000000000000        0x0 AHI_SpiSlave.o (symbol from plugin)
 .text          0x0000000000000000        0x0 MicroInt_ba.o (symbol from plugin)
 .text          0x0000000000000000        0x0 C:\nxp\bstudio_nxp\sdk\JN-SW-4163/Components/Library\libMicroSpecific_JN516x.a(MicroSyscall_ba.o)
 .data          0x0000000000000000        0x0 C:\nxp\bstudio_nxp\sdk\JN-SW-4163/Components/Library\libMicroSpecific_JN516x.a(MicroSyscall_ba.o)
 .bss           0x0000000000000000        0x0 C:\nxp\bstudio_nxp\sdk\JN-SW-4163/Components/Library\libMicroSpecific_JN516x.a(MicroSyscall_ba.o)
 .text          0x0000000000000000        0x0 Heap.o (symbol from plugin)
 .text          0x0000000000000000        0x0 C:\nxp\bstudio_nxp\sdk\JN-SW-4163/Components/Library\libBoot_JN516x.a(ExceptionHandler.o)
 .data          0x0000000000000000        0x0 C:\nxp\bstudio_nxp\sdk\JN-SW-4163/Components/Library\libBoot_JN516x.a(ExceptionHandler.o)
 .bss           0x0000000000000000        0x0 C:\nxp\bstudio_nxp\sdk\JN-SW-4163/Components/Library\libBoot_JN516x.a(ExceptionHandler.o)
 .text          0x0000000000000000        0x0 LcdDriver.o (symbol from plugin)
 .text          0x0000000000000000        0x0 LcdFont.o (symbol from plugin)
 .text          0x0000000000000000        0x0 AppHousekeeping.o (symbol from plugin)
 .text          0x0000000000000000        0x0 AEScoprocessorAPIinterrupts.o (symbol from plugin)
 .data          0x0000000000000000        0x0 c:/nxp/bstudio_nxp/sdk/tools/ba-elf-ba2-r36379/bin/../lib/gcc/ba-elf/4.7.4/../../../../ba-elf/lib/mcpu_jn51xx_sizeopt\libc.a(lib_a-strtok.o)
 .bss           0x0000000000000000        0x0 c:/nxp/bstudio_nxp/sdk/tools/ba-elf-ba2-r36379/bin/../lib/gcc/ba-elf/4.7.4/../../../../ba-elf/lib/mcpu_jn51xx_sizeopt\libc.a(lib_a-strtok.o)
 .data          0x0000000000000000        0x0 c:/nxp/bstudio_nxp/sdk/tools/ba-elf-ba2-r36379/bin/../lib/gcc/ba-elf/4.7.4/../../../../ba-elf/lib/mcpu_jn51xx_sizeopt\libc.a(lib_a-strtok_r.o)
 .bss           0x0000000000000000        0x0 c:/nxp/bstudio_nxp/sdk/tools/ba-elf-ba2-r36379/bin/../lib/gcc/ba-elf/4.7.4/../../../../ba-elf/lib/mcpu_jn51xx_sizeopt\libc.a(lib_a-strtok_r.o)
 .text          0x0000000000000000        0x0 c:/nxp/bstudio_nxp/sdk/tools/ba-elf-ba2-r36379/bin/../lib/gcc/ba-elf/4.7.4/../../../../ba-elf/lib/mcpu_jn51xx_sizeopt\libc.a(lib_a-impure.o)
 .bss           0x0000000000000000        0x0 c:/nxp/bstudio_nxp/sdk/tools/ba-elf-ba2-r36379/bin/../lib/gcc/ba-elf/4.7.4/../../../../ba-elf/lib/mcpu_jn51xx_sizeopt\libc.a(lib_a-impure.o)
 .rodata        0x0000000000000000        0x4 c:/nxp/bstudio_nxp/sdk/tools/ba-elf-ba2-r36379/bin/../lib/gcc/ba-elf/4.7.4/../../../../ba-elf/lib/mcpu_jn51xx_sizeopt\libc.a(lib_a-impure.o)

Memory Configuration

Name             Origin             Length             Attributes
flash            0x0000000000080000 0x0000000000040000
ram              0x000000000400004c 0x0000000000007fb4
*default*        0x0000000000000000 0xffffffffffffffff

Linker script and memory map

LOAD crd_coordinator.o
LOAD C:\Users\K98David\AppData\Local\Temp\ccR5ONWP.ltrans0.ltrans.o
LOAD C:\Users\K98David\AppData\Local\Temp\ccR5ONWP.ltrans1.ltrans.o
LOAD C:\Users\K98David\AppData\Local\Temp\ccR5ONWP.ltrans2.ltrans.o
LOAD C:\Users\K98David\AppData\Local\Temp\ccR5ONWP.ltrans3.ltrans.o
LOAD C:\Users\K98David\AppData\Local\Temp\ccR5ONWP.ltrans4.ltrans.o
LOAD C:\Users\K98David\AppData\Local\Temp\ccR5ONWP.ltrans5.ltrans.o
LOAD C:\Users\K98David\AppData\Local\Temp\ccR5ONWP.ltrans6.ltrans.o
LOAD C:\Users\K98David\AppData\Local\Temp\ccR5ONWP.ltrans7.ltrans.o
LOAD C:\Users\K98David\AppData\Local\Temp\ccR5ONWP.ltrans8.ltrans.o
LOAD C:\Users\K98David\AppData\Local\Temp\ccR5ONWP.ltrans9.ltrans.o
LOAD C:\Users\K98David\AppData\Local\Temp\ccR5ONWP.ltrans10.ltrans.o
LOAD C:\Users\K98David\AppData\Local\Temp\ccR5ONWP.ltrans11.ltrans.o
LOAD C:\Users\K98David\AppData\Local\Temp\ccR5ONWP.ltrans12.ltrans.o
LOAD C:\Users\K98David\AppData\Local\Temp\ccR5ONWP.ltrans13.ltrans.o
LOAD C:\Users\K98David\AppData\Local\Temp\ccR5ONWP.ltrans14.ltrans.o
LOAD C:\Users\K98David\AppData\Local\Temp\ccR5ONWP.ltrans15.ltrans.o
LOAD C:\Users\K98David\AppData\Local\Temp\ccR5ONWP.ltrans16.ltrans.o
LOAD c:/nxp/bstudio_nxp/sdk/tools/ba-elf-ba2-r36379/bin/../lib/gcc/ba-elf/4.7.4/../../../../ba-elf/lib/mcpu_jn51xx_sizeopt\libc.a
LOAD c:/nxp/bstudio_nxp/sdk/tools/ba-elf-ba2-r36379/bin/../lib/gcc/ba-elf/4.7.4/mcpu_jn51xx_sizeopt\libgcc.a
LOAD c:/nxp/bstudio_nxp/sdk/tools/ba-elf-ba2-r36379/bin/../lib/gcc/ba-elf/4.7.4/../../../../ba-elf/lib/mcpu_jn51xx_sizeopt\libc.a
LOAD dbg.o
LOAD lcd.o
LOAD node.o
LOAD queue.o
LOAD rnd.o
LOAD uart.o
LOAD wuart.o
LOAD AppQueueApi.o
LOAD QApp.o
LOAD enddevice.o
LOAD Qsensor.o
LOAD QUtils.o
LOAD QEvent_Process.o
START GROUP
LOAD C:\nxp\bstudio_nxp\sdk\JN-SW-4163/Components/Library\libAppApi_JN516x.a
LOAD C:\nxp\bstudio_nxp\sdk\JN-SW-4163/Components/Library\libMAC_JN516x.a
LOAD C:\nxp\bstudio_nxp\sdk\JN-SW-4163/Components/Library\libTimerServer_JN516x.a
LOAD C:\nxp\bstudio_nxp\sdk\JN-SW-4163/Components/Library\libTOF_JN516x.a
LOAD C:\nxp\bstudio_nxp\sdk\JN-SW-4163/Components/Library\libXcv_JN516x.a
LOAD C:\nxp\bstudio_nxp\sdk\JN-SW-4163/Components/Library\libAes_JN516x.a
LOAD C:\nxp\bstudio_nxp\sdk\JN-SW-4163/Components/Library\libHardwareApi_JN516x.a
LOAD C:\nxp\bstudio_nxp\sdk\JN-SW-4163/Components/Library\libMicroSpecific_JN516x.a
LOAD C:\nxp\bstudio_nxp\sdk\JN-SW-4163/Components/Library\libBoot_JN516x.a
LOAD C:\nxp\bstudio_nxp\sdk\JN-SW-4163/Components/Library\libPDM_EEPROM_JN516x_NO_RTOS.a
LOAD C:\nxp\bstudio_nxp\sdk\JN-SW-4163/Platform/DK4/Library\libBoardLib_JN516x.a
END GROUP
LOAD c:/nxp/bstudio_nxp/sdk/tools/ba-elf-ba2-r36379/bin/../lib/gcc/ba-elf/4.7.4/../../../../ba-elf/lib/mcpu_jn51xx_sizeopt\libc.a
LOAD c:/nxp/bstudio_nxp/sdk/tools/ba-elf-ba2-r36379/bin/../lib/gcc/ba-elf/4.7.4/mcpu_jn51xx_sizeopt\libgcc.a
LOAD c:/nxp/bstudio_nxp/sdk/tools/ba-elf-ba2-r36379/bin/../lib/gcc/ba-elf/4.7.4/../../../../ba-elf/lib/mcpu_jn51xx_sizeopt\libc.a
                0x0000000000000800                _stack_size = 0x800
                0x0000000000080038                _exception_vsr_table = 0x80038
                0x0000000004000000                pSPIflashFncTable = 0x4000000
                0x0000000000000800                _stack_size = 0x800
                0x0000000000000044                restore_state = 0x44
                0x000000000000004a                bZSPIWaitWIPClear = 0x4a
                0x0000000000000050                u16ZSPIflashRDID = 0x50
                0x0000000000000056                u8SelectFlashChipType = 0x56
                0x000000000000005c                memcpy = 0x5c
                0x0000000000000066                vBootFlashProg = 0x66
                [0x0000000000000d16]                _minimum_heap_size = DEFINED (_minimum_heap_size)?_minimum_heap_size:0xd16
                0x0000000000000000                _SwConfig = (DEFINED (g_bSWConf_Debug) | (DEFINED (g_bSWConf_AltDebugPort) << 0x1))

.version        0x000000000007fffc        0x4
                0x000000000007fffc        0x4 LONG 0x7030008

.bir            0x0000000000080000       0x10
                0x0000000000080000                _flash_start = ABSOLUTE (.)
                0x0000000000080000                _flash_beg = ABSOLUTE (.)
                0x0000000000080000        0x4 LONG 0x12345678
                0x0000000000080004        0x4 LONG 0x11223344
                0x0000000000080008        0x4 LONG 0x55667788
                0x000000000008000c        0x1 BYTE 0x8
                0x000000000008000d        0x1 BYTE 0x1
                0x000000000008000e        0x2 SHORT 0x0

.flashheader    0x0000000000080010       0x28
                0x0000000000080010        0x4 LONG 0x0
                0x0000000000080014        0x4 LONG 0x0
                0x0000000000080018        0x4 LONG 0x0
                0x000000000008001c        0x2 SHORT 0x0
                0x000000000008001e        0x2 SHORT 0x0 ABSOLUTE (_SwConfig)
                0x0000000000080020                _enc_start = ABSOLUTE (.)
                0x0000000000080020        0x4 LONG 0xe004 ABSOLUTE (_image_len)
                0x0000000000080024        0x4 LONG 0x8db08 ABSOLUTE (_flash_data_start)
                0x0000000000080028        0x2 SHORT 0x13 ((ABSOLUTE (_ram_data_start) / 0x4) & 0xffff)
                0x000000000008002a        0x2 SHORT 0x13f ((ABSOLUTE (_ram_data_len) / 0x4) & 0xffff)
                0x000000000008002c        0x2 SHORT 0x152 ((ABSOLUTE (_bss_start) / 0x4) & 0xffff)
                0x000000000008002e        0x2 SHORT 0x17e8 ((ABSOLUTE (_bss_len) / 0x4) & 0xffff)
                0x0000000000080030        0x4 LONG 0x8a59c ABSOLUTE (AppWarmStart)
                0x0000000000080034        0x4 LONG 0x8a5a9 ABSOLUTE (AppColdStart)
                0x0000000000000000                _enc_offset = (_enc_start & 0xf)
                0x0000000000000044                PROVIDE (vException_BusError, restore_state)
                0x0000000000000044                PROVIDE (vException_UnalignedAccess, restore_state)
                0x0000000000000044                PROVIDE (vException_IllegalInstruction, restore_state)
                0x0000000000000044                PROVIDE (vException_SysCall, restore_state)
                0x0000000000000044                PROVIDE (vException_Trap, restore_state)
                0x0000000000000044                PROVIDE (vException_StackOverflow, restore_state)
                0x0000000000080038                . = ABSOLUTE (_exception_vsr_table)

.vsr_table      0x0000000000080038       0x18
                0x0000000000080038        0x4 LONG 0x44 ABSOLUTE (vException_BusError)
                0x000000000008003c        0x4 LONG 0x44 ABSOLUTE (vException_UnalignedAccess)
                0x0000000000080040        0x4 LONG 0x44 ABSOLUTE (vException_IllegalInstruction)
                0x0000000000080044        0x4 LONG 0x44 ABSOLUTE (vException_SysCall)
                0x0000000000080048        0x4 LONG 0x44 ABSOLUTE (vException_Trap)
                0x000000000008004c        0x4 LONG 0x44 ABSOLUTE (vException_StackOverflow)

.vsr_handlers   0x0000000000080050       0xaa
 *(.vsr_handlers)
 .vsr_handlers  0x0000000000080050       0xaa C:\nxp\bstudio_nxp\sdk\JN-SW-4163/Components/Library\libBoot_JN516x.a(ExceptionHandler.o)
                0x0000000000080050                _exception_external_interrupt
                0x00000000000800f8                _default_vsr_dummy

.rodata         0x00000000000800fc     0x1319
 *(.rodata*)
 .rodata.str1.1
                0x00000000000800fc      0x414 C:\Users\K98David\AppData\Local\Temp\ccR5ONWP.ltrans0.ltrans.o
 .rodata        0x0000000000080510       0xcb C:\Users\K98David\AppData\Local\Temp\ccR5ONWP.ltrans1.ltrans.o
 .rodata.str1.1
                0x00000000000805db      0x1e3 C:\Users\K98David\AppData\Local\Temp\ccR5ONWP.ltrans2.ltrans.o
                                        0x1ea (size before relaxing)
 .rodata.str1.1
                0x00000000000807be      0x217 C:\Users\K98David\AppData\Local\Temp\ccR5ONWP.ltrans3.ltrans.o
                                        0x265 (size before relaxing)
 .rodata        0x00000000000809d5        0x3 C:\Users\K98David\AppData\Local\Temp\ccR5ONWP.ltrans3.ltrans.o
 .rodata        0x00000000000809d8       0xd4 C:\Users\K98David\AppData\Local\Temp\ccR5ONWP.ltrans4.ltrans.o
                0x00000000000809d8                s_aprScanHandleEvt.10101
                0x0000000000080a08                apvActionCalls
                0x0000000000080a90                aprLPBMacVectorRamTable
                0x0000000000080aa4                psTamMacContext
                0x0000000000080aa8                psTAMcontext
 .rodata.str1.1
                0x0000000000080aac      0x3a8 C:\Users\K98David\AppData\Local\Temp\ccR5ONWP.ltrans5.ltrans.o
                                        0x3b0 (size before relaxing)
 .rodata.str1.1
                0x0000000000080e54       0xc5 C:\Users\K98David\AppData\Local\Temp\ccR5ONWP.ltrans6.ltrans.o
                                        0x10c (size before relaxing)
 *fill*         0x0000000000080f19        0x3 00
 .rodata        0x0000000000080f1c        0xc C:\Users\K98David\AppData\Local\Temp\ccR5ONWP.ltrans7.ltrans.o
                0x0000000000080f1c                au32UartAddrOffset
 .rodata        0x0000000000080f28        0xc C:\Users\K98David\AppData\Local\Temp\ccR5ONWP.ltrans8.ltrans.o
 .rodata.str1.1
                0x0000000000080f34       0x61 C:\Users\K98David\AppData\Local\Temp\ccR5ONWP.ltrans9.ltrans.o
 .rodata        0x0000000000080f95        0xa C:\Users\K98David\AppData\Local\Temp\ccR5ONWP.ltrans9.ltrans.o
 *fill*         0x0000000000080f9f        0x1 00
 .rodata        0x0000000000080fa0       0x1c C:\Users\K98David\AppData\Local\Temp\ccR5ONWP.ltrans10.ltrans.o
                0x0000000000080fa0                psTamXcvContext
 .rodata        0x0000000000080fbc        0x6 C:\Users\K98David\AppData\Local\Temp\ccR5ONWP.ltrans11.ltrans.o
                0x0000000000080fbc                aeXcvPhyEvtToScanEvt.5378.10104
 *fill*         0x0000000000080fc2        0x2 00
 .rodata        0x0000000000080fc4       0x4c C:\Users\K98David\AppData\Local\Temp\ccR5ONWP.ltrans12.ltrans.o
                0x0000000000080fc4                au32TimerBaseAddress
                0x0000000000080fd8                CSWTCH.35.20298.20298
 .rodata.str1.1
                0x0000000000081010      0x29a C:\Users\K98David\AppData\Local\Temp\ccR5ONWP.ltrans13.ltrans.o
                                        0x2c9 (size before relaxing)
 .rodata.str1.1
                0x00000000000812aa      0x16b C:\Users\K98David\AppData\Local\Temp\ccR5ONWP.ltrans16.ltrans.o
 .rodata.str1.1
                0x0000000000000000        0x0 c:/nxp/bstudio_nxp/sdk/tools/ba-elf-ba2-r36379/bin/../lib/gcc/ba-elf/4.7.4/../../../../ba-elf/lib/mcpu_jn51xx_sizeopt\libc.a(lib_a-impure.o)
                                          0x2 (size before relaxing)

.text           0x0000000000081418     0xc6ef
 *(.text*)
 .text          0x0000000000081418      0xf3c C:\Users\K98David\AppData\Local\Temp\ccR5ONWP.ltrans0.ltrans.o
                0x0000000000081418                CRD_vMain.1559
 .text          0x0000000000082354     0x114a C:\Users\K98David\AppData\Local\Temp\ccR5ONWP.ltrans1.ltrans.o
                0x0000000000082354                mac_vLPBAdjustBeaconOffset
                0x00000000000823b1                mac_u32LPBGetBeaconTimeout
                0x00000000000823ba                eWEnDTmrExpiry.9742
                0x00000000000823c5                eWEnDEdDone.9739
                0x0000000000082420                eGenlDontCare.9736
                0x0000000000082425                eGenlIllegal.9361
                0x000000000008242c                u32GetTimer0
                0x0000000000082433                vSetTimer0
                0x0000000000082442                u8TSCframeIncrease
                0x000000000008247b                vCopyToDataFromMacAddr.16765
                0x00000000000824ae                psTAQsearchFifo
                0x00000000000824f7                bTAQremoveFromFifo
                0x0000000000082534                vTAMinsertEvent
                0x000000000008259a                vTAM_TxRetryTimeout
                0x000000000008259e                vTACsetTxFrameDefaults
                0x00000000000825c4                u8TACgetHeaderSize
                0x0000000000082601                u32TACpayloadToU32M
                0x0000000000082622                vTACu32ToPayloadM
                0x000000000008263a                vTACbuildBeacon
                0x0000000000082842                bTACframeInProgress
                0x000000000008286c                bTACassessBeaconForPayload
                0x00000000000828bd                bIsBbcSafeForTx
                0x00000000000828e6                vTATwriteAclMaterialToHardware
                0x000000000008290b                vTATsetBLE
                0x0000000000082942                vTATgetFramePayload
                0x000000000008295f                eTATreadTXstatus
                0x00000000000829a5                vTAHsetPhyStateDirect.part.0.14226
                0x00000000000829c1                vDoGoOff.16045
                0x00000000000829db                vMEMreturn
                0x0000000000082a4c                vTACinformOriginator
                0x0000000000082a6e                pvMEMget
                0x0000000000082a9a                vTAMDEdetermineNullState
                0x0000000000082ab4                vTAMCOupdatePendingList
                0x0000000000082b86                vTAMCOsetCoordinator
                0x0000000000082bac                vPhySetChannel
                0x0000000000082c43                eScanHandleEvt.part.0.9772
                0x0000000000082c6c                mac_eDcfmIndPost
                0x0000000000082c8d                mac_psDcfmIndGetBuf
                0x0000000000082cae                vMLMErxEnableConfirm
                0x0000000000082ce0                vMLMEcommStatus
                0x0000000000082d43                vMLMEcommStatusFromFrame
                0x0000000000082d87                vTSCpostTransmitUpdate
                0x0000000000082db6                vMLMEsyncLoss
                0x0000000000082de9                vPMICpostFailedAssocDcfm
                0x0000000000082e21                vPMICassocReqTO_2.8189
                0x0000000000082e38                MAC_vPibSetMinBe
                0x0000000000082e56                MAC_vPibSetPanId
                0x0000000000082e71                MAC_vPibSetShortAddr
                0x0000000000082e7f                vHandleTofRequest.6300
                0x0000000000082e82                vAppApiDefSetPrbsSeed
                0x0000000000082ea6                sendEvent
                0x0000000000082eb8                convertHex2ASCII_LowNibble
                0x0000000000082ed0                convertHex2ASCII_HighNibble
                0x0000000000082ee8                convertASCII2Hex
                0x0000000000082f35                calc_crc
                0x0000000000082f7a                convertASCII2HexByte
                0x0000000000082fd4                bFifoPush.3179
                0x000000000008300d                vAppQApiPostMlme.3161
                0x0000000000083028                vAppQApiPostMcps.3168
                0x0000000000083043                pvFifoPull.3176
                0x000000000008306a                psAppQApiGetMlmeBuffer.3158
                0x0000000000083072                psAppQApiGetMcpsBuffer.3165
                0x000000000008307a                WUART_u8MsgSeqTxNew
                0x000000000008309d                QUEUE_bGet
                0x0000000000083125                QUEUE_bPut
                0x00000000000831a1                UART_bPutChar
                0x00000000000831ca                printCmd
                0x00000000000831f3                UART_bPad2Min.2511
                0x0000000000083235                UART_bNum2String.2527
                0x00000000000833b8                QUEUE_bInit
 *fill*         0x000000000008349e        0x2 00
 .text          0x00000000000834a0     0x1178 C:\Users\K98David\AppData\Local\Temp\ccR5ONWP.ltrans2.ltrans.o
                0x00000000000834a0                Eventhandle
 .text          0x0000000000084618      0xe95 C:\Users\K98David\AppData\Local\Temp\ccR5ONWP.ltrans3.ltrans.o
                0x0000000000084618                vAppQApiPostHwInt
                0x000000000008468d                vXCV_IntHandlerPhy
                0x000000000008473f                vScanHandleTimer.9358
                0x0000000000084744                vTAMRXEint2Fired
                0x000000000008477a                UART_vStartTx
                0x0000000000084850                processSwcf
                0x00000000000849ab                UART_bPrintf_ap.part.10.2584
                0x0000000000084c78                DBG_vPrintf
                0x0000000000084cc7                processSCMD
                0x0000000000084e0d                processRfEnableLoop
                0x0000000000084e37                processRfDisableLoop
                0x0000000000084e63                processRfLoopTime
                0x0000000000084f10                processlist
                0x0000000000084f75                processCMD1
                0x0000000000084f8f                processCMD2
                0x0000000000084fa2                processXLIS
                0x000000000008511c                processXCMD
                0x000000000008523a                processCMDR
                0x0000000000085279                getSensorCMD
                0x00000000000853b4                u8TAM_AES_WriteAuxilliarySecurityHeaderIntoBuffer
                0x0000000000085426                phy_ePibSet.part.1.11568
                0x000000000008548c                vTAIsetCapTime
 *fill*         0x00000000000854ad        0x3 00
 .text          0x00000000000854b0      0xbc8 C:\Users\K98David\AppData\Local\Temp\ccR5ONWP.ltrans4.ltrans.o
                0x00000000000854b0                eWBRTTxDone.9758
                0x00000000000854ce                vTAMCOframeTXgoingIdle
                0x00000000000854e7                vTAMCOframeTXcap
                0x000000000008550b                vTAMCOframeTXnobeacon
                0x0000000000085520                vTAMCOframeStarting
                0x0000000000085539                eWCoRRxDone.9749
                0x00000000000855e1                eWBcnRxDone.9761
                0x0000000000085bc5                vTAMCOframeRXcap
                0x0000000000085bd7                vTAMCOframeRXgoingIdle
                0x0000000000085bed                vTAMCOframeRXnobeacon
                0x0000000000085bff                vTAMDEframeRX
                0x0000000000085c27                vTAMDEframeRXtrackingDR
                0x0000000000085c6a                vTAMDEframePreSyncReq
                0x0000000000085c82                vTAMCOframeTXbeacon
                0x0000000000085d49                vTAMDEframeRXsyncReq
                0x0000000000085f98                vTAMDEint1FiredTrackingCAPgts
                0x0000000000086049                eWONTTxDone.9755
 .text          0x0000000000086078      0xcf8 C:\Users\K98David\AppData\Local\Temp\ccR5ONWP.ltrans5.ltrans.o
                0x0000000000086078                processPAIR
                0x0000000000086099                processBitMode
                0x00000000000860b2                timer4_Polling_Callback
                0x0000000000086141                Key_timer3Callback
                0x0000000000086215                processRepeat
                0x0000000000086240                processMasterSlave
                0x000000000008628a                processStopBit
                0x00000000000862cb                processDataBit
                0x000000000008630d                processParityType
                0x0000000000086350                processParity
                0x0000000000086391                processBaud
                0x000000000008642c                processReset
                0x0000000000086442                processSaveFlash
                0x000000000008647b                ISR_handleSysCtrl.3440
                0x000000000008653a                timer0Callback
                0x00000000000865b8                processRFChannel
                0x00000000000865df                processDestAddress
                0x0000000000086616                processOwnAddress
                0x0000000000086653                processPANID
                0x0000000000086690                processSlis
                0x00000000000867f8                wuart_vPrintf.constprop.40
                0x0000000000086821                UART_bRxDisable.part.8.2469
                0x00000000000868d6                UART_bTxDisable.part.9.2473
                0x0000000000086952                UART_bTxEnable.part.11.2600
                0x00000000000869d6                parseCommand
                0x0000000000086c40                CRD_vMcpsDcfmInd.1547
 .text          0x0000000000086d70      0xd85 C:\Users\K98David\AppData\Local\Temp\ccR5ONWP.ltrans6.ltrans.o
                0x0000000000086dc6                u8Write802_15_4HeaderIntoBuffer.18054
                0x0000000000086f26                vACI_OptimisedCcmStar
                0x000000000008713e                UART_bOpen.part.1.2427.constprop.42
                0x0000000000087444                WUART_vInit
                0x0000000000087716                processATEreaseEE
                0x000000000008788c                Restorekey0_timer1Callback
 .text          0x0000000000087af5      0xa24 C:\Users\K98David\AppData\Local\Temp\ccR5ONWP.ltrans7.ltrans.o
                0x0000000000087af5                UART_vInterrupt.2415
                0x0000000000087cd7                vTACintRXheader
                0x00000000000884d2                eGenRxHdrDone.9752
                0x00000000000884e2                vAppApiDefMlmeRequest
                0x0000000000088510                pvAppApiDefGetMacHandle
 .text          0x0000000000088519      0xa97 C:\Users\K98David\AppData\Local\Temp\ccR5ONWP.ltrans8.ltrans.o
                0x0000000000088519                mac_vLPBStartTimer
                0x0000000000088630                vACI_IntHandlerAes
                0x0000000000088655                vAHI_IntHandlerSpiSlave
                0x0000000000088660                vAHI_IntHandlerTickTimer
                0x00000000000886a7                vAHI_IntHandlerSi
                0x00000000000886f2                vAHI_IntHandlerTimer2
                0x0000000000088720                vAHI_IntHandlerSysCtrl
                0x000000000008877a                vAHI_IntHandlerUart1
                0x00000000000887a5                vAHI_IntHandlerUart0
                0x00000000000887d0                vAHI_IntHandlerTimer4
                0x00000000000887f1                vAHI_IntHandlerTimer3
                0x0000000000088812                vAHI_IntHandlerTimer1
                0x0000000000088832                vAHI_IntHandlerTimer0
                0x0000000000088853                vAHI_IntHandlerSpiMaster
                0x0000000000088879                vAHI_IntHandlerAnalogPeriph
                0x0000000000088899                vTTIBLETimerExpired
                0x000000000008890f                vTTITimer2Expired
                0x0000000000088914                vTTITimer1Expired
                0x0000000000088919                vTTITransactionTimerExpired
                0x0000000000088942                bUpdateTime.15083
                0x000000000008897d                pvHeap_Alloc
                0x000000000008897f                bAHI_WriteEEPROMfixSegmentData
                0x00000000000889dd                bAHI_InitialiseEEPROM
                0x0000000000088a25                iAHI_EraseEEPROMsegment
                0x0000000000088a66                processDLIS
                0x0000000000088a96                processDCMD
                0x0000000000088ac7                u16AHI_InitialiseEEP
                0x0000000000088b09                UART_vRts.part.0.2419
                0x0000000000088b5a                vAHI_UartWriteData
                0x0000000000088b76                vAHI_UartReset.part.4.20384
                0x0000000000088bae                vAHI_TimerDisable.part.2.20173
                0x0000000000088bd1                vAHI_WatchdogStop
                0x0000000000088be8                vAHI_SwReset
                0x0000000000088bf9                vAHI_DioSetOutput
                0x0000000000088c0d                vAHI_DioSetDirection
                0x0000000000088c21                vTAIdisableInterrupt
                0x0000000000088c3a                vUpdateRegisters.19353
                0x0000000000088c81                psRemove.part.0.19303
                0x0000000000088cb0                vMAC_MISCpollConfirm
                0x0000000000088ce1                MAC_u8AclFindInfo
                0x0000000000088e0b                vTASretrieveSecurity
                0x0000000000088e2d                MAC_bLookUpKeyDescriptor.16855
                0x0000000000088ea7                bTSCgetOutgoingInfo
 .text.unlikely
                0x0000000000088fb0       0x15 C:\Users\K98David\AppData\Local\Temp\ccR5ONWP.ltrans8.ltrans.o
                0x0000000000088fb0                vPollClkSource.19958.constprop.9
 .text          0x0000000000088fc5      0xb00 C:\Users\K98David\AppData\Local\Temp\ccR5ONWP.ltrans9.ltrans.o
                0x0000000000088fc5                UART_bRxEnable.part.6.2465
                0x0000000000089069                WUART_vState.part.2.2856.constprop.19
                0x0000000000089124                bTAM_AES_CCMstarPatch
                0x0000000000089268                bTAM_AES_CCMstarPatch2006
                0x0000000000089547                bTATsendFrame
                0x000000000008959a                vTrySendFromDirectCAP.12340
                0x00000000000895b5                vTrySendFromDirectNoBeacon.12344
                0x00000000000895e0                vTAMCOint1Fired
                0x00000000000896fc                vTAMCOstartBeacon
                0x0000000000089737                vStartStoreValues.12408
                0x00000000000897ee                bStartCallback.12437
                0x000000000008981d                vTAMCOint1FiredCAP
                0x0000000000089890                vTAMCOreqTXnoBeacon
                0x00000000000898a2                vTAMCOreqTXinCAP
                0x00000000000898c8                vTrySendUnslotted.12885
                0x00000000000898e2                bSendDataRequest.12887
                0x00000000000899f4                bProcessBeaconRX.12890
 *fill*         0x0000000000089ac5        0x3 00
 .text          0x0000000000089ac8      0xa00 C:\Users\K98David\AppData\Local\Temp\ccR5ONWP.ltrans10.ltrans.o
                0x0000000000089ac8                vPMICassocReqTO_1.8182
                0x0000000000089b50                vTAM_MCPSdataRequest
                0x0000000000089b93                bTACcheckPANconflict
                0x0000000000089c4c                vTAMDEstartSync
                0x0000000000089ccb                eTAMselect
                0x0000000000089e0c                MAC_pvCtor
                0x000000000008a216                u32AppApiDefInit
                0x000000000008a2cb                vDeterminePowerState.13007
                0x000000000008a34f                vTAMDEint1FiredTrackingBeacon
                0x000000000008a3ef                vTAMDEint2FiredTrackingDR
                0x000000000008a414                vTAMDEframeTXtrackingDR
                0x000000000008a46d                vTAMDEint2FiredPollActive
                0x000000000008a4a1                vTAMDEreqTXnullTrackingCAP
                0x000000000008a4ba                vTAM_TxRetryTimer
 .text          0x000000000008a4c8      0x980 C:\Users\K98David\AppData\Local\Temp\ccR5ONWP.ltrans11.ltrans.o
                0x000000000008a4c8                vPostDcfm.9745
                0x000000000008a59c                AppWarmStart
                0x000000000008a5a9                AppColdStart
                0x000000000008a5b6                vSetNextChannel.9793
                0x000000000008a5f5                MAC_vHandleMlmeReqRsp
                0x000000000008ad70                vTAMDEint1FiredTracking
                0x000000000008ade0                vTAMDEint1FiredSyncReq
 .text          0x000000000008ae48      0x866 C:\Users\K98David\AppData\Local\Temp\ccR5ONWP.ltrans12.ltrans.o
                0x000000000008ae48                mac_vLPBStopTimer
                0x000000000008ae69                vTAIsetRxEnableTime
                0x000000000008ae8a                vDoGoActive.16047
                0x000000000008aeac                vMLMEbeaconNotify
                0x000000000008b00b                vMCPSframeReceived
                0x000000000008b0cf                vTAMRXEsetPhy
                0x000000000008b192                vTAHsetPhyState
                0x000000000008b1c2                vTAMCOint2Fired
                0x000000000008b1e2                vSetPHYfromMacValue.12883
                0x000000000008b214                vTAMDEint1FiredWaitDR
                0x000000000008b221                vTACsetPHYfromMacValue
                0x000000000008b242                vTAMRXEsetReceiveForPibChange
                0x000000000008b282                vExpireHead.19308
                0x000000000008b2b2                vXCV_IntHandlerBbc
                0x000000000008b355                vAHI_TimerEnable.part.1.20165.constprop.61
                0x000000000008b3b3                vAHI_TimerStartRepeat.constprop.53
                0x000000000008b3ec                iAHI_ReadDataFromEEPROMsegment.constprop.48
                0x000000000008b44f                iAHI_WriteDataIntoEEPROMsegment.constprop.38
                0x000000000008b4b4                XCV_vCtor.constprop.27
                0x000000000008b682                vMicroIntEnableOnly.constprop.20
 .text.unlikely
                0x000000000008b6ae      0x115 C:\Users\K98David\AppData\Local\Temp\ccR5ONWP.ltrans12.ltrans.o
                0x000000000008b6ae                vAHI_WatchdogStart.constprop.12
                0x000000000008b6c5                vAHI_MemoryHold.20064
 .text          0x000000000008b7c3      0x936 C:\Users\K98David\AppData\Local\Temp\ccR5ONWP.ltrans13.ltrans.o
                0x000000000008b7c3                vAppApiDefMcpsRequest
                0x000000000008b7f1                WUART_vTx.part.0.2846.constprop.16
                0x000000000008b880                WUART_vTxAck
                0x000000000008b97b                processPsW
                0x000000000008badc                CRD_vReqStartCoordinator.1486
                0x000000000008bb46                CRD_vMlmeDcfmInd_Master.1535
                0x000000000008bbf8                ED_vReqActiveScan
                0x000000000008bc57                processExit
                0x000000000008bce4                ED_vMlmeDcfmInd_Slave.1541
 .text.unlikely
                0x000000000008c0f9       0x6a C:\Users\K98David\AppData\Local\Temp\ccR5ONWP.ltrans13.ltrans.o
                0x000000000008c0f9                ED_vReqStartEnddevice
 .text          0x000000000008c163      0x736 C:\Users\K98David\AppData\Local\Temp\ccR5ONWP.ltrans14.ltrans.o
                0x000000000008c163                TSV_eStart
                0x000000000008c247                eTAStransmitRequest
                0x000000000008c5e2                TSV_eOpen
                0x000000000008c5ea                vAppApiDefRestoreMacSettings
                0x000000000008c6c3                vAppApiDefSaveMacSettings
                0x000000000008c720                mac_vLPBSleep
                0x000000000008c7e5                pvAppApiDefGetMacAddrLocation
                0x000000000008c7ee                eAppApiDefPlmeGet
                0x000000000008c841                eAppApiDefPlmeSet
 *fill*         0x000000000008c899        0x3 00
 .text          0x000000000008c89c      0x750 C:\Users\K98David\AppData\Local\Temp\ccR5ONWP.ltrans15.ltrans.o
                0x000000000008c89c                eGenTmrExpiry.10054
                0x000000000008c8de                eWEDTEdDone.10057
                0x000000000008c902                TSV_eStop
                0x000000000008c9c1                bPMICdisassocReqSent.8178
                0x000000000008ca77                MAC_vHandleMcpsReqRsp
                0x000000000008cb04                bMCPSframeTXcomplete.10789
                0x000000000008cb59                bSendSyncLoss.15018
                0x000000000008cb71                bPollReqSent.18614
                0x000000000008cb89                bTASsendCommStatusInd
                0x000000000008cb9e                bAssocRespSent.8174
                0x000000000008cbb1                eTACprocessFrameTXcomplete
                0x000000000008cd2d                vTAMDEframeTXDEnull
                0x000000000008cd50                vTAMDEframeTXtrackingCAPgts
                0x000000000008cd7c                bPMICassocReqSent.8170
                0x000000000008cdfe                bPMICassocReqPollSent.8185
                0x000000000008ce52                eWChCChanChgd.9769
 .text          0x000000000008cfec      0x5cf C:\Users\K98David\AppData\Local\Temp\ccR5ONWP.ltrans16.ltrans.o
                0x000000000008cfec                CRD_vHwInd.1552
 .text          0x000000000008d5bb       0x25 c:/nxp/bstudio_nxp/sdk/tools/ba-elf-ba2-r36379/bin/../lib/gcc/ba-elf/4.7.4/../../../../ba-elf/lib/mcpu_jn51xx_sizeopt\libc.a(lib_a-memcmp.o)
                0x000000000008d5bb                memcmp
 .text          0x000000000008d5e0       0x19 c:/nxp/bstudio_nxp/sdk/tools/ba-elf-ba2-r36379/bin/../lib/gcc/ba-elf/4.7.4/../../../../ba-elf/lib/mcpu_jn51xx_sizeopt\libc.a(lib_a-memcpy.o)
 .text          0x000000000008d5f9       0x12 c:/nxp/bstudio_nxp/sdk/tools/ba-elf-ba2-r36379/bin/../lib/gcc/ba-elf/4.7.4/../../../../ba-elf/lib/mcpu_jn51xx_sizeopt\libc.a(lib_a-memset.o)
                0x000000000008d5f9                memset
 .text          0x000000000008d60b       0x25 c:/nxp/bstudio_nxp/sdk/tools/ba-elf-ba2-r36379/bin/../lib/gcc/ba-elf/4.7.4/../../../../ba-elf/lib/mcpu_jn51xx_sizeopt\libc.a(lib_a-strcmp.o)
                0x000000000008d60b                strcmp
 .text          0x000000000008d630       0x15 c:/nxp/bstudio_nxp/sdk/tools/ba-elf-ba2-r36379/bin/../lib/gcc/ba-elf/4.7.4/../../../../ba-elf/lib/mcpu_jn51xx_sizeopt\libc.a(lib_a-strcpy.o)
                0x000000000008d630                strcpy
 .text          0x000000000008d645       0x12 c:/nxp/bstudio_nxp/sdk/tools/ba-elf-ba2-r36379/bin/../lib/gcc/ba-elf/4.7.4/../../../../ba-elf/lib/mcpu_jn51xx_sizeopt\libc.a(lib_a-strlen.o)
                0x000000000008d645                strlen
 .text          0x000000000008d657       0x38 c:/nxp/bstudio_nxp/sdk/tools/ba-elf-ba2-r36379/bin/../lib/gcc/ba-elf/4.7.4/../../../../ba-elf/lib/mcpu_jn51xx_sizeopt\libc.a(lib_a-strncmp.o)
                0x000000000008d657                strncmp
 *fill*         0x000000000008d68f        0x1 00
 .text          0x000000000008d690      0x204 c:/nxp/bstudio_nxp/sdk/tools/ba-elf-ba2-r36379/bin/../lib/gcc/ba-elf/4.7.4/mcpu_jn51xx_sizeopt\libgcc.a(__udivsi3.o)
                0x000000000008d690                __udivsi3
 .text          0x000000000008d894      0x1b0 c:/nxp/bstudio_nxp/sdk/tools/ba-elf-ba2-r36379/bin/../lib/gcc/ba-elf/4.7.4/mcpu_jn51xx_sizeopt\libgcc.a(__umodsi3.o)
                0x000000000008d894                __umodsi3
 .text          0x000000000008da44       0x27 C:\nxp\bstudio_nxp\sdk\JN-SW-4163/Components/Library\libHardwareApi_JN516x.a(AHI_Interrupt.o)
                0x000000000008da44                vAHI_InterruptSetPriority
                0x000000000008da62                vAHI_InterruptSetActivePriorityLevel
 .text.vMicroSyscall
                0x000000000008da6b       0x17 C:\nxp\bstudio_nxp\sdk\JN-SW-4163/Components/Library\libMicroSpecific_JN516x.a(MicroSyscall_ba.o)
                0x000000000008da6b                vMicroSyscall
 .text          0x000000000008da82        0xd c:/nxp/bstudio_nxp/sdk/tools/ba-elf-ba2-r36379/bin/../lib/gcc/ba-elf/4.7.4/../../../../ba-elf/lib/mcpu_jn51xx_sizeopt\libc.a(lib_a-strtok.o)
                0x000000000008da82                strtok
 .text          0x000000000008da8f       0x78 c:/nxp/bstudio_nxp/sdk/tools/ba-elf-ba2-r36379/bin/../lib/gcc/ba-elf/4.7.4/../../../../ba-elf/lib/mcpu_jn51xx_sizeopt\libc.a(lib_a-strtok_r.o)
                0x000000000008da8f                __strtok_r
                0x000000000008db03                strtok_r
                0x000000000008db07                _flash_end = ABSOLUTE (.)

.rela.dyn       0x000000000008db08        0x0
 .rela.text     0x0000000000000000        0x0 c:/nxp/bstudio_nxp/sdk/tools/ba-elf-ba2-r36379/bin/../lib/gcc/ba-elf/4.7.4/../../../../ba-elf/lib/mcpu_jn51xx_sizeopt\libc.a(lib_a-strtok.o)
 .rela.rodata   0x0000000000000000        0x0 c:/nxp/bstudio_nxp/sdk/tools/ba-elf-ba2-r36379/bin/../lib/gcc/ba-elf/4.7.4/../../../../ba-elf/lib/mcpu_jn51xx_sizeopt\libc.a(lib_a-strtok.o)
 .rela.data     0x0000000000000000        0x0 c:/nxp/bstudio_nxp/sdk/tools/ba-elf-ba2-r36379/bin/../lib/gcc/ba-elf/4.7.4/../../../../ba-elf/lib/mcpu_jn51xx_sizeopt\libc.a(lib_a-strtok.o)
 .rela.text.unlikely
                0x0000000000000000        0x0 c:/nxp/bstudio_nxp/sdk/tools/ba-elf-ba2-r36379/bin/../lib/gcc/ba-elf/4.7.4/../../../../ba-elf/lib/mcpu_jn51xx_sizeopt\libc.a(lib_a-strtok.o)
                0x000000000400004c                . = ORIGIN (ram)

.data           0x000000000400004c      0x4fc load address 0x000000000008db08
                0x000000000400004c                _ram_data_start = ABSOLUTE (.)
 *(.data*)
 .data          0x000000000400004c       0x18 C:\Users\K98David\AppData\Local\Temp\ccR5ONWP.ltrans0.ltrans.o
                0x000000000400004c                gSerialMode
                0x0000000004000050                Timer0_Watchdog_flag
                0x0000000004000054                Timer4_Watchdog_flag
 .data          0x0000000004000064        0x1 C:\Users\K98David\AppData\Local\Temp\ccR5ONWP.ltrans2.ltrans.o
                0x0000000004000064                EEPROMDataLength
 .data          0x0000000004000065        0x1 C:\Users\K98David\AppData\Local\Temp\ccR5ONWP.ltrans5.ltrans.o
                0x0000000004000065                Timer4NowState
 *fill*         0x0000000004000066        0x2 00
 .data          0x0000000004000068        0x4 C:\Users\K98David\AppData\Local\Temp\ccR5ONWP.ltrans8.ltrans.o
                0x0000000004000068                u32HeapStart
 .data          0x000000000400006c        0x1 C:\Users\K98David\AppData\Local\Temp\ccR5ONWP.ltrans10.ltrans.o
 .data.initinboot
                0x000000000400006d        0x1 C:\Users\K98David\AppData\Local\Temp\ccR5ONWP.ltrans10.ltrans.o
                0x000000000400006d                gMAC_u8MaxBuffers
 *fill*         0x000000000400006e        0x2 00
 .data.initinboot
                0x0000000004000070        0x8 C:\Users\K98David\AppData\Local\Temp\ccR5ONWP.ltrans12.ltrans.o
 .data          0x0000000004000078       0x9a C:\Users\K98David\AppData\Local\Temp\ccR5ONWP.ltrans16.ltrans.o
                0x0000000004000078                gWorkingMode
                0x0000000004000079                gRxdelay_count
                0x000000000400007a                gWaitUARTPacket
                0x000000000400007b                au8CmdData
 *fill*         0x0000000004000112        0x6 00
 .data          0x0000000004000118      0x430 c:/nxp/bstudio_nxp/sdk/tools/ba-elf-ba2-r36379/bin/../lib/gcc/ba-elf/4.7.4/../../../../ba-elf/lib/mcpu_jn51xx_sizeopt\libc.a(lib_a-impure.o)
                0x0000000004000118                _impure_ptr
 *(.data.*)
                0x0000000004000548                . = ALIGN (0x4)
                0x0000000004000548                _ram_data_end = ABSOLUTE (.)

.bss            0x0000000004000548     0x5fa0 load address 0x000000000008e004
                0x0000000004000548                _bss_start = ABSOLUTE (.)
 *(.bss*)
 .bss           0x0000000004000548     0x11e0 C:\Users\K98David\AppData\Local\Temp\ccR5ONWP.ltrans0.ltrans.o
                0x0000000004000548                prSiAppCallback.21073
                0x000000000400054c                prSpiAppCallback.19938
                0x0000000004000550                prTickTimeAppCallback
                0x0000000004000554                prUart1AppCallback.20605
                0x0000000004000558                prUart0AppCallback.20604
                0x000000000400055c                prApAppCallback.19813
                0x0000000004000560                prAppHwCallback
                0x0000000004000564                prAppMcpsCallback
                0x0000000004000568                prAppMlmeCallback
                0x000000000400056c                u8Uart.2033
                0x000000000400056d                gbHighPowerMode
                0x000000000400056e                gu8ModuleID
                0x0000000004000570                sensorList
                0x00000000040006b0                SensorEECMD_Table
                0x0000000004000930                au16TimerSettings.20299
                0x000000000400093c                apfTimerAppCallback.20350
                0x0000000004000950                EEPROMSegmentDataLength
                0x0000000004000954                CommandList
                0x0000000004000c74                sMlmeIndQueue
                0x0000000004000c84                sMlmeIndBufferQueue
                0x0000000004000c94                sMcpsIndQueue
                0x0000000004000ca4                sMcpsIndBufferQueue
                0x0000000004000cb4                sHwIndQueue
                0x0000000004000cc4                sHwIndBufferQueue
                0x0000000004000cd8                NODE_sData
                0x0000000004000d08                gConfigData
 .bss.initinboot
                0x0000000004001728        0x8 C:\Users\K98David\AppData\Local\Temp\ccR5ONWP.ltrans0.ltrans.o
                0x0000000004001728                g_u32MacAddrLocation
                0x000000000400172c                prSysCtrlAppCallback.20141
 .bss           0x0000000004001730        0x8 C:\Users\K98David\AppData\Local\Temp\ccR5ONWP.ltrans1.ltrans.o
 .bss           0x0000000004001738      0x314 C:\Users\K98David\AppData\Local\Temp\ccR5ONWP.ltrans2.ltrans.o
                0x0000000004001738                Len
                0x0000000004001739                CMDR_Index
                0x000000000400173a                totalSegment
                0x000000000400173c                PSW_CMD_flag
                0x0000000004001740                timeCount
                0x0000000004001744                ADV_Pack
                0x0000000004001748                SensorCMD_Table
                0x00000000040017e8                EndlsList_Number
                0x00000000040017e9                StarlsList_Number
                0x00000000040017ea                gEvents
 .bss           0x0000000004001a4c        0x8 C:\Users\K98David\AppData\Local\Temp\ccR5ONWP.ltrans3.ltrans.o
 .bss           0x0000000004001a54       0x40 C:\Users\K98David\AppData\Local\Temp\ccR5ONWP.ltrans4.ltrans.o
                0x0000000004001a54                g_sLP
                0x0000000004001a90                g_pvMac
 .bss.initinboot
                0x0000000004001a94      0x1c0 C:\Users\K98David\AppData\Local\Temp\ccR5ONWP.ltrans4.ltrans.o
                0x0000000004001a94                g_sMac
 .bss           0x0000000004001c54       0x14 C:\Users\K98David\AppData\Local\Temp\ccR5ONWP.ltrans5.ltrans.o
 .bss           0x0000000004001c68     0x40b0 C:\Users\K98David\AppData\Local\Temp\ccR5ONWP.ltrans6.ltrans.o
                0x0000000004001c68                gKey0Pressed
 .bss           0x0000000004005d18        0x8 C:\Users\K98David\AppData\Local\Temp\ccR5ONWP.ltrans7.ltrans.o
 .bss           0x0000000004005d20        0x8 C:\Users\K98David\AppData\Local\Temp\ccR5ONWP.ltrans8.ltrans.o
 .bss.dontinitinboot
                0x0000000004005d28        0x4 C:\Users\K98David\AppData\Local\Temp\ccR5ONWP.ltrans8.ltrans.o
 .bss           0x0000000004005d2c       0x40 C:\Users\K98David\AppData\Local\Temp\ccR5ONWP.ltrans9.ltrans.o
                0x0000000004005d2c                au32StateTimeout.3069
 .bss.dontinitinboot
                0x0000000004005d6c        0x1 C:\Users\K98David\AppData\Local\Temp\ccR5ONWP.ltrans9.ltrans.o
                0x0000000004005d6c                u8SecurityMode.18081
 *fill*         0x0000000004005d6d        0x3 00
 .bss           0x0000000004005d70        0xc C:\Users\K98David\AppData\Local\Temp\ccR5ONWP.ltrans10.ltrans.o
                0x0000000004005d70                g_sXcv
                0x0000000004005d74                prMcpsRequest.5187
                0x0000000004005d78                prMlmeRequest.5186
 .bss.initinboot
                0x0000000004005d7c        0x4 C:\Users\K98David\AppData\Local\Temp\ccR5ONWP.ltrans10.ltrans.o
                0x0000000004005d7c                prvUserTxStartedCallback
 .bss           0x0000000004005d80       0x10 C:\Users\K98David\AppData\Local\Temp\ccR5ONWP.ltrans11.ltrans.o
                0x0000000004005d80                sAssocSecurity.8799
                0x0000000004005d8c                g_bJenieBackwardsCompatibilityMode
 .bss           0x0000000004005d90       0x1c C:\Users\K98David\AppData\Local\Temp\ccR5ONWP.ltrans12.ltrans.o
                0x0000000004005d90                gu16NumberOfSegments.20990
                0x0000000004005d92                bTxEventQueued.15913
                0x0000000004005d93                u8TxEventStatus.15914
                0x0000000004005d94                sAppHousekeeping
 .bss.dontinitinboot
                0x0000000004005dac        0x8 C:\Users\K98David\AppData\Local\Temp\ccR5ONWP.ltrans12.ltrans.o
 .bss           0x0000000004005db4      0x498 C:\Users\K98David\AppData\Local\Temp\ccR5ONWP.ltrans13.ltrans.o
                0x0000000004005db4                PswCmdData
                0x0000000004005e4a                ATSLen
 .bss           0x000000000400624c       0x1c C:\Users\K98David\AppData\Local\Temp\ccR5ONWP.ltrans14.ltrans.o
 .bss.initinboot
                0x0000000004006268        0x1 C:\Users\K98David\AppData\Local\Temp\ccR5ONWP.ltrans14.ltrans.o
 *fill*         0x0000000004006269        0x3 00
 .bss           0x000000000400626c       0x14 C:\Users\K98David\AppData\Local\Temp\ccR5ONWP.ltrans15.ltrans.o
                0x000000000400626c                s_sTimerList
                0x000000000400627c                u8AssocResponsesInProgress.8798
 .bss           0x0000000004006280      0x228 C:\Users\K98David\AppData\Local\Temp\ccR5ONWP.ltrans16.ltrans.o
                0x0000000004006280                asUart.2645
                0x00000000040062c8                Sensor485State
                0x00000000040062c9                ModeBusData
                0x000000000400635f                sensor_mode
                0x0000000004006360                gFlashDataLEDG
                0x0000000004006364                gFlashDataLED
                0x0000000004006368                gPairingPeriodCounter
                0x000000000400636a                gTurn485ReceiveMode
                0x000000000400636b                gCheckTimeoutCounter
                0x000000000400636c                gCheckRXTimeout
                0x0000000004006370                asQueue.2922
                0x00000000040063c0                gApplicationResend
                0x00000000040063c4                gDoApplicationResend
                0x00000000040063c8                WUART_sData
 .bss.dontinitinboot
                0x00000000040064a8       0x40 C:\nxp\bstudio_nxp\sdk\JN-SW-4163/Components/Library\libBoot_JN516x.a(ExceptionHandler.o)
                0x00000000040064a8                isr_handlers
 *(.bss.*)
 *(.scommon*)
 *(.scommon.*)
 *(COMMON)
                0x00000000040064e8                . = ALIGN (0x4)
                0x00000000040064e8                _bss_end = ABSOLUTE (.)

.heap           0x00000000040064e8      0xd16 load address 0x0000000000093fa4
                0x00000000040064e8                _heap_start = ABSOLUTE (.)
                0x00000000040071fe                . = (. + _minimum_heap_size)
 *fill*         0x00000000040064e8      0xd16 00

.stack          0x0000000004007800      0x800 load address 0x00000000000952bc
                0x0000000004007800                _heap_end = ABSOLUTE (.)
                0x0000000004007800                _stack_low_water_mark = ABSOLUTE (.)
                0x0000000004008000                . = (. + _stack_size)
 *fill*         0x0000000004007800      0x800 00

.test           0x000000000008e004        0x1
                0x000000000008e004        0x1 BYTE 0xff
                0x000000000008db08                _flash_data_start = LOADADDR (.data)
                0x00000000000004fc                _ram_data_len = (((_ram_data_end - _ram_data_start) + 0x3) & 0xfffffffffffffffc)
                0x0000000000005fa0                _bss_len = (((_bss_end - _bss_start) + 0x3) & 0xfffffffffffffffc)
                0x000000000000e004                _image_len = ((((_flash_end - _flash_start) + _ram_data_len) + 0x3) & 0xfffffffffffffffc)
                0x0000000004008000                _ram_top = (ABSOLUTE (ORIGIN (ram)) + 0x7fb4)
                0x0000000004008000                ram_top = (ABSOLUTE (ORIGIN (ram)) + 0x7fb4)
                0x0000000001001580                _app_ram_start = 0x1001580
                0x0000000004000068                PROVIDE (_heap_location, u32HeapStart)
                0x0000000004000068                PROVIDE (heap_location, u32HeapStart)
                0x000000000008c5e2                TSV_eOpenVector = TSV_eOpen
                0x000000000008c163                TSV_eStartVector = TSV_eStart
                0x000000000008c902                TSV_eStopVector = TSV_eStop
                0x0000000000088510                pvAppApiGetMacHandle = pvAppApiDefGetMacHandle
                0x000000000008a216                u32AppApiInit = u32AppApiDefInit
                0x00000000000884e2                vAppApiMlmeRequest = vAppApiDefMlmeRequest
                0x000000000008b7c3                vAppApiMcpsRequest = vAppApiDefMcpsRequest
                0x000000000008c841                eAppApiPlmeSet = eAppApiDefPlmeSet
                0x000000000008c7ee                eAppApiPlmeGet = eAppApiDefPlmeGet
                0x000000000008c7e5                pvAppApiGetMacAddrLocation = pvAppApiDefGetMacAddrLocation
                0x000000000008c6c3                vAppApiSaveMacSettings = vAppApiDefSaveMacSettings
                0x000000000008c5ea                vAppApiRestoreMacSettings = vAppApiDefRestoreMacSettings
OUTPUT(Coordinator_JN5168.elf elf32-ba)

.comment        0x0000000000000000       0x11
 .comment       0x0000000000000000       0x12 C:\Users\K98David\AppData\Local\Temp\ccR5ONWP.ltrans0.ltrans.o
 .comment       0x0000000000000000       0x12 C:\Users\K98David\AppData\Local\Temp\ccR5ONWP.ltrans1.ltrans.o
 .comment       0x0000000000000000       0x12 C:\Users\K98David\AppData\Local\Temp\ccR5ONWP.ltrans2.ltrans.o
 .comment       0x0000000000000000       0x12 C:\Users\K98David\AppData\Local\Temp\ccR5ONWP.ltrans3.ltrans.o
 .comment       0x0000000000000000       0x12 C:\Users\K98David\AppData\Local\Temp\ccR5ONWP.ltrans4.ltrans.o
 .comment       0x0000000000000000       0x12 C:\Users\K98David\AppData\Local\Temp\ccR5ONWP.ltrans5.ltrans.o
 .comment       0x0000000000000000       0x12 C:\Users\K98David\AppData\Local\Temp\ccR5ONWP.ltrans6.ltrans.o
 .comment       0x0000000000000000       0x12 C:\Users\K98David\AppData\Local\Temp\ccR5ONWP.ltrans7.ltrans.o
 .comment       0x0000000000000000       0x12 C:\Users\K98David\AppData\Local\Temp\ccR5ONWP.ltrans8.ltrans.o
 .comment       0x0000000000000000       0x12 C:\Users\K98David\AppData\Local\Temp\ccR5ONWP.ltrans9.ltrans.o
 .comment       0x0000000000000000       0x12 C:\Users\K98David\AppData\Local\Temp\ccR5ONWP.ltrans10.ltrans.o
 .comment       0x0000000000000000       0x12 C:\Users\K98David\AppData\Local\Temp\ccR5ONWP.ltrans11.ltrans.o
 .comment       0x0000000000000000       0x12 C:\Users\K98David\AppData\Local\Temp\ccR5ONWP.ltrans12.ltrans.o
 .comment       0x0000000000000000       0x12 C:\Users\K98David\AppData\Local\Temp\ccR5ONWP.ltrans13.ltrans.o
 .comment       0x0000000000000000       0x12 C:\Users\K98David\AppData\Local\Temp\ccR5ONWP.ltrans14.ltrans.o
 .comment       0x0000000000000000       0x12 C:\Users\K98David\AppData\Local\Temp\ccR5ONWP.ltrans15.ltrans.o
 .comment       0x0000000000000000       0x12 C:\Users\K98David\AppData\Local\Temp\ccR5ONWP.ltrans16.ltrans.o
 .comment       0x0000000000000000       0x12 c:/nxp/bstudio_nxp/sdk/tools/ba-elf-ba2-r36379/bin/../lib/gcc/ba-elf/4.7.4/../../../../ba-elf/lib/mcpu_jn51xx_sizeopt\libc.a(lib_a-memcmp.o)
 .comment       0x0000000000000000       0x12 c:/nxp/bstudio_nxp/sdk/tools/ba-elf-ba2-r36379/bin/../lib/gcc/ba-elf/4.7.4/../../../../ba-elf/lib/mcpu_jn51xx_sizeopt\libc.a(lib_a-memcpy.o)
 .comment       0x0000000000000000       0x12 c:/nxp/bstudio_nxp/sdk/tools/ba-elf-ba2-r36379/bin/../lib/gcc/ba-elf/4.7.4/../../../../ba-elf/lib/mcpu_jn51xx_sizeopt\libc.a(lib_a-memset.o)
 .comment       0x0000000000000000       0x12 c:/nxp/bstudio_nxp/sdk/tools/ba-elf-ba2-r36379/bin/../lib/gcc/ba-elf/4.7.4/../../../../ba-elf/lib/mcpu_jn51xx_sizeopt\libc.a(lib_a-strcmp.o)
 .comment       0x0000000000000000       0x12 c:/nxp/bstudio_nxp/sdk/tools/ba-elf-ba2-r36379/bin/../lib/gcc/ba-elf/4.7.4/../../../../ba-elf/lib/mcpu_jn51xx_sizeopt\libc.a(lib_a-strcpy.o)
 .comment       0x0000000000000000       0x12 c:/nxp/bstudio_nxp/sdk/tools/ba-elf-ba2-r36379/bin/../lib/gcc/ba-elf/4.7.4/../../../../ba-elf/lib/mcpu_jn51xx_sizeopt\libc.a(lib_a-strlen.o)
 .comment       0x0000000000000000       0x12 c:/nxp/bstudio_nxp/sdk/tools/ba-elf-ba2-r36379/bin/../lib/gcc/ba-elf/4.7.4/../../../../ba-elf/lib/mcpu_jn51xx_sizeopt\libc.a(lib_a-strncmp.o)
 .comment       0x0000000000000000       0x11 C:\nxp\bstudio_nxp\sdk\JN-SW-4163/Components/Library\libMicroSpecific_JN516x.a(MicroSyscall_ba.o)
                                         0x12 (size before relaxing)
 .comment       0x0000000000000000       0x12 c:/nxp/bstudio_nxp/sdk/tools/ba-elf-ba2-r36379/bin/../lib/gcc/ba-elf/4.7.4/../../../../ba-elf/lib/mcpu_jn51xx_sizeopt\libc.a(lib_a-strtok.o)
 .comment       0x0000000000000000       0x12 c:/nxp/bstudio_nxp/sdk/tools/ba-elf-ba2-r36379/bin/../lib/gcc/ba-elf/4.7.4/../../../../ba-elf/lib/mcpu_jn51xx_sizeopt\libc.a(lib_a-strtok_r.o)
 .comment       0x0000000000000000       0x12 c:/nxp/bstudio_nxp/sdk/tools/ba-elf-ba2-r36379/bin/../lib/gcc/ba-elf/4.7.4/../../../../ba-elf/lib/mcpu_jn51xx_sizeopt\libc.a(lib_a-impure.o)

.debug_info     0x0000000000000000     0x1cd3
 .debug_info    0x0000000000000000       0xf3 c:/nxp/bstudio_nxp/sdk/tools/ba-elf-ba2-r36379/bin/../lib/gcc/ba-elf/4.7.4/../../../../ba-elf/lib/mcpu_jn51xx_sizeopt\libc.a(lib_a-memcmp.o)
 .debug_info    0x00000000000000f3      0x106 c:/nxp/bstudio_nxp/sdk/tools/ba-elf-ba2-r36379/bin/../lib/gcc/ba-elf/4.7.4/../../../../ba-elf/lib/mcpu_jn51xx_sizeopt\libc.a(lib_a-memcpy.o)
 .debug_info    0x00000000000001f9       0xd7 c:/nxp/bstudio_nxp/sdk/tools/ba-elf-ba2-r36379/bin/../lib/gcc/ba-elf/4.7.4/../../../../ba-elf/lib/mcpu_jn51xx_sizeopt\libc.a(lib_a-memset.o)
 .debug_info    0x00000000000002d0       0xbb c:/nxp/bstudio_nxp/sdk/tools/ba-elf-ba2-r36379/bin/../lib/gcc/ba-elf/4.7.4/../../../../ba-elf/lib/mcpu_jn51xx_sizeopt\libc.a(lib_a-strcmp.o)
 .debug_info    0x000000000000038b       0xce c:/nxp/bstudio_nxp/sdk/tools/ba-elf-ba2-r36379/bin/../lib/gcc/ba-elf/4.7.4/../../../../ba-elf/lib/mcpu_jn51xx_sizeopt\libc.a(lib_a-strcpy.o)
 .debug_info    0x0000000000000459       0xc8 c:/nxp/bstudio_nxp/sdk/tools/ba-elf-ba2-r36379/bin/../lib/gcc/ba-elf/4.7.4/../../../../ba-elf/lib/mcpu_jn51xx_sizeopt\libc.a(lib_a-strlen.o)
 .debug_info    0x0000000000000521       0xd3 c:/nxp/bstudio_nxp/sdk/tools/ba-elf-ba2-r36379/bin/../lib/gcc/ba-elf/4.7.4/../../../../ba-elf/lib/mcpu_jn51xx_sizeopt\libc.a(lib_a-strncmp.o)
 .debug_info    0x00000000000005f4       0xb4 c:/nxp/bstudio_nxp/sdk/tools/ba-elf-ba2-r36379/bin/../lib/gcc/ba-elf/4.7.4/mcpu_jn51xx_sizeopt\libgcc.a(__udivsi3.o)
 .debug_info    0x00000000000006a8       0xb4 c:/nxp/bstudio_nxp/sdk/tools/ba-elf-ba2-r36379/bin/../lib/gcc/ba-elf/4.7.4/mcpu_jn51xx_sizeopt\libgcc.a(__umodsi3.o)
 .debug_info    0x000000000000075c       0xaa C:\nxp\bstudio_nxp\sdk\JN-SW-4163/Components/Library\libBoot_JN516x.a(ExceptionHandler.o)
 .debug_info    0x0000000000000806      0x9cf c:/nxp/bstudio_nxp/sdk/tools/ba-elf-ba2-r36379/bin/../lib/gcc/ba-elf/4.7.4/../../../../ba-elf/lib/mcpu_jn51xx_sizeopt\libc.a(lib_a-strtok.o)
 .debug_info    0x00000000000011d5      0x18e c:/nxp/bstudio_nxp/sdk/tools/ba-elf-ba2-r36379/bin/../lib/gcc/ba-elf/4.7.4/../../../../ba-elf/lib/mcpu_jn51xx_sizeopt\libc.a(lib_a-strtok_r.o)
 .debug_info    0x0000000000001363      0x970 c:/nxp/bstudio_nxp/sdk/tools/ba-elf-ba2-r36379/bin/../lib/gcc/ba-elf/4.7.4/../../../../ba-elf/lib/mcpu_jn51xx_sizeopt\libc.a(lib_a-impure.o)

.debug_abbrev   0x0000000000000000      0x7d1
 .debug_abbrev  0x0000000000000000       0x8e c:/nxp/bstudio_nxp/sdk/tools/ba-elf-ba2-r36379/bin/../lib/gcc/ba-elf/4.7.4/../../../../ba-elf/lib/mcpu_jn51xx_sizeopt\libc.a(lib_a-memcmp.o)
 .debug_abbrev  0x000000000000008e       0xa4 c:/nxp/bstudio_nxp/sdk/tools/ba-elf-ba2-r36379/bin/../lib/gcc/ba-elf/4.7.4/../../../../ba-elf/lib/mcpu_jn51xx_sizeopt\libc.a(lib_a-memcpy.o)
 .debug_abbrev  0x0000000000000132       0x8e c:/nxp/bstudio_nxp/sdk/tools/ba-elf-ba2-r36379/bin/../lib/gcc/ba-elf/4.7.4/../../../../ba-elf/lib/mcpu_jn51xx_sizeopt\libc.a(lib_a-memset.o)
 .debug_abbrev  0x00000000000001c0       0x63 c:/nxp/bstudio_nxp/sdk/tools/ba-elf-ba2-r36379/bin/../lib/gcc/ba-elf/4.7.4/../../../../ba-elf/lib/mcpu_jn51xx_sizeopt\libc.a(lib_a-strcmp.o)
 .debug_abbrev  0x0000000000000223       0x72 c:/nxp/bstudio_nxp/sdk/tools/ba-elf-ba2-r36379/bin/../lib/gcc/ba-elf/4.7.4/../../../../ba-elf/lib/mcpu_jn51xx_sizeopt\libc.a(lib_a-strcpy.o)
 .debug_abbrev  0x0000000000000295       0x7f c:/nxp/bstudio_nxp/sdk/tools/ba-elf-ba2-r36379/bin/../lib/gcc/ba-elf/4.7.4/../../../../ba-elf/lib/mcpu_jn51xx_sizeopt\libc.a(lib_a-strlen.o)
 .debug_abbrev  0x0000000000000314       0x70 c:/nxp/bstudio_nxp/sdk/tools/ba-elf-ba2-r36379/bin/../lib/gcc/ba-elf/4.7.4/../../../../ba-elf/lib/mcpu_jn51xx_sizeopt\libc.a(lib_a-strncmp.o)
 .debug_abbrev  0x0000000000000384       0x14 c:/nxp/bstudio_nxp/sdk/tools/ba-elf-ba2-r36379/bin/../lib/gcc/ba-elf/4.7.4/mcpu_jn51xx_sizeopt\libgcc.a(__udivsi3.o)
 .debug_abbrev  0x0000000000000398       0x14 c:/nxp/bstudio_nxp/sdk/tools/ba-elf-ba2-r36379/bin/../lib/gcc/ba-elf/4.7.4/mcpu_jn51xx_sizeopt\libgcc.a(__umodsi3.o)
 .debug_abbrev  0x00000000000003ac       0x14 C:\nxp\bstudio_nxp\sdk\JN-SW-4163/Components/Library\libBoot_JN516x.a(ExceptionHandler.o)
 .debug_abbrev  0x00000000000003c0      0x1c0 c:/nxp/bstudio_nxp/sdk/tools/ba-elf-ba2-r36379/bin/../lib/gcc/ba-elf/4.7.4/../../../../ba-elf/lib/mcpu_jn51xx_sizeopt\libc.a(lib_a-strtok.o)
 .debug_abbrev  0x0000000000000580       0xef c:/nxp/bstudio_nxp/sdk/tools/ba-elf-ba2-r36379/bin/../lib/gcc/ba-elf/4.7.4/../../../../ba-elf/lib/mcpu_jn51xx_sizeopt\libc.a(lib_a-strtok_r.o)
 .debug_abbrev  0x000000000000066f      0x162 c:/nxp/bstudio_nxp/sdk/tools/ba-elf-ba2-r36379/bin/../lib/gcc/ba-elf/4.7.4/../../../../ba-elf/lib/mcpu_jn51xx_sizeopt\libc.a(lib_a-impure.o)

.debug_loc      0x0000000000000000      0x44c
 .debug_loc     0x0000000000000000       0x73 c:/nxp/bstudio_nxp/sdk/tools/ba-elf-ba2-r36379/bin/../lib/gcc/ba-elf/4.7.4/../../../../ba-elf/lib/mcpu_jn51xx_sizeopt\libc.a(lib_a-memcmp.o)
 .debug_loc     0x0000000000000073       0x39 c:/nxp/bstudio_nxp/sdk/tools/ba-elf-ba2-r36379/bin/../lib/gcc/ba-elf/4.7.4/../../../../ba-elf/lib/mcpu_jn51xx_sizeopt\libc.a(lib_a-memcpy.o)
 .debug_loc     0x00000000000000ac       0x3f c:/nxp/bstudio_nxp/sdk/tools/ba-elf-ba2-r36379/bin/../lib/gcc/ba-elf/4.7.4/../../../../ba-elf/lib/mcpu_jn51xx_sizeopt\libc.a(lib_a-memset.o)
 .debug_loc     0x00000000000000eb       0x3c c:/nxp/bstudio_nxp/sdk/tools/ba-elf-ba2-r36379/bin/../lib/gcc/ba-elf/4.7.4/../../../../ba-elf/lib/mcpu_jn51xx_sizeopt\libc.a(lib_a-strcmp.o)
 .debug_loc     0x0000000000000127       0x49 c:/nxp/bstudio_nxp/sdk/tools/ba-elf-ba2-r36379/bin/../lib/gcc/ba-elf/4.7.4/../../../../ba-elf/lib/mcpu_jn51xx_sizeopt\libc.a(lib_a-strcpy.o)
 .debug_loc     0x0000000000000170       0x3f c:/nxp/bstudio_nxp/sdk/tools/ba-elf-ba2-r36379/bin/../lib/gcc/ba-elf/4.7.4/../../../../ba-elf/lib/mcpu_jn51xx_sizeopt\libc.a(lib_a-strlen.o)
 .debug_loc     0x00000000000001af       0x5a c:/nxp/bstudio_nxp/sdk/tools/ba-elf-ba2-r36379/bin/../lib/gcc/ba-elf/4.7.4/../../../../ba-elf/lib/mcpu_jn51xx_sizeopt\libc.a(lib_a-strncmp.o)
 .debug_loc     0x0000000000000209       0x42 c:/nxp/bstudio_nxp/sdk/tools/ba-elf-ba2-r36379/bin/../lib/gcc/ba-elf/4.7.4/../../../../ba-elf/lib/mcpu_jn51xx_sizeopt\libc.a(lib_a-strtok.o)
 .debug_loc     0x000000000000024b      0x201 c:/nxp/bstudio_nxp/sdk/tools/ba-elf-ba2-r36379/bin/../lib/gcc/ba-elf/4.7.4/../../../../ba-elf/lib/mcpu_jn51xx_sizeopt\libc.a(lib_a-strtok_r.o)

.debug_aranges  0x0000000000000000      0x198
 .debug_aranges
                0x0000000000000000       0x20 c:/nxp/bstudio_nxp/sdk/tools/ba-elf-ba2-r36379/bin/../lib/gcc/ba-elf/4.7.4/../../../../ba-elf/lib/mcpu_jn51xx_sizeopt\libc.a(lib_a-memcmp.o)
 .debug_aranges
                0x0000000000000020       0x20 c:/nxp/bstudio_nxp/sdk/tools/ba-elf-ba2-r36379/bin/../lib/gcc/ba-elf/4.7.4/../../../../ba-elf/lib/mcpu_jn51xx_sizeopt\libc.a(lib_a-memcpy.o)
 .debug_aranges
                0x0000000000000040       0x20 c:/nxp/bstudio_nxp/sdk/tools/ba-elf-ba2-r36379/bin/../lib/gcc/ba-elf/4.7.4/../../../../ba-elf/lib/mcpu_jn51xx_sizeopt\libc.a(lib_a-memset.o)
 .debug_aranges
                0x0000000000000060       0x20 c:/nxp/bstudio_nxp/sdk/tools/ba-elf-ba2-r36379/bin/../lib/gcc/ba-elf/4.7.4/../../../../ba-elf/lib/mcpu_jn51xx_sizeopt\libc.a(lib_a-strcmp.o)
 .debug_aranges
                0x0000000000000080       0x20 c:/nxp/bstudio_nxp/sdk/tools/ba-elf-ba2-r36379/bin/../lib/gcc/ba-elf/4.7.4/../../../../ba-elf/lib/mcpu_jn51xx_sizeopt\libc.a(lib_a-strcpy.o)
 .debug_aranges
                0x00000000000000a0       0x20 c:/nxp/bstudio_nxp/sdk/tools/ba-elf-ba2-r36379/bin/../lib/gcc/ba-elf/4.7.4/../../../../ba-elf/lib/mcpu_jn51xx_sizeopt\libc.a(lib_a-strlen.o)
 .debug_aranges
                0x00000000000000c0       0x20 c:/nxp/bstudio_nxp/sdk/tools/ba-elf-ba2-r36379/bin/../lib/gcc/ba-elf/4.7.4/../../../../ba-elf/lib/mcpu_jn51xx_sizeopt\libc.a(lib_a-strncmp.o)
 .debug_aranges
                0x00000000000000e0       0x20 c:/nxp/bstudio_nxp/sdk/tools/ba-elf-ba2-r36379/bin/../lib/gcc/ba-elf/4.7.4/mcpu_jn51xx_sizeopt\libgcc.a(__udivsi3.o)
 .debug_aranges
                0x0000000000000100       0x20 c:/nxp/bstudio_nxp/sdk/tools/ba-elf-ba2-r36379/bin/../lib/gcc/ba-elf/4.7.4/mcpu_jn51xx_sizeopt\libgcc.a(__umodsi3.o)
 .debug_aranges
                0x0000000000000120       0x20 C:\nxp\bstudio_nxp\sdk\JN-SW-4163/Components/Library\libBoot_JN516x.a(ExceptionHandler.o)
 .debug_aranges
                0x0000000000000140       0x20 c:/nxp/bstudio_nxp/sdk/tools/ba-elf-ba2-r36379/bin/../lib/gcc/ba-elf/4.7.4/../../../../ba-elf/lib/mcpu_jn51xx_sizeopt\libc.a(lib_a-strtok.o)
 .debug_aranges
                0x0000000000000160       0x20 c:/nxp/bstudio_nxp/sdk/tools/ba-elf-ba2-r36379/bin/../lib/gcc/ba-elf/4.7.4/../../../../ba-elf/lib/mcpu_jn51xx_sizeopt\libc.a(lib_a-strtok_r.o)
 .debug_aranges
                0x0000000000000180       0x18 c:/nxp/bstudio_nxp/sdk/tools/ba-elf-ba2-r36379/bin/../lib/gcc/ba-elf/4.7.4/../../../../ba-elf/lib/mcpu_jn51xx_sizeopt\libc.a(lib_a-impure.o)

.debug_line     0x0000000000000000     0x1617
 .debug_line    0x0000000000000000      0x154 c:/nxp/bstudio_nxp/sdk/tools/ba-elf-ba2-r36379/bin/../lib/gcc/ba-elf/4.7.4/../../../../ba-elf/lib/mcpu_jn51xx_sizeopt\libc.a(lib_a-memcmp.o)
 .debug_line    0x0000000000000154      0x148 c:/nxp/bstudio_nxp/sdk/tools/ba-elf-ba2-r36379/bin/../lib/gcc/ba-elf/4.7.4/../../../../ba-elf/lib/mcpu_jn51xx_sizeopt\libc.a(lib_a-memcpy.o)
 .debug_line    0x000000000000029c      0x13e c:/nxp/bstudio_nxp/sdk/tools/ba-elf-ba2-r36379/bin/../lib/gcc/ba-elf/4.7.4/../../../../ba-elf/lib/mcpu_jn51xx_sizeopt\libc.a(lib_a-memset.o)
 .debug_line    0x00000000000003da       0xf6 c:/nxp/bstudio_nxp/sdk/tools/ba-elf-ba2-r36379/bin/../lib/gcc/ba-elf/4.7.4/../../../../ba-elf/lib/mcpu_jn51xx_sizeopt\libc.a(lib_a-strcmp.o)
 .debug_line    0x00000000000004d0       0xda c:/nxp/bstudio_nxp/sdk/tools/ba-elf-ba2-r36379/bin/../lib/gcc/ba-elf/4.7.4/../../../../ba-elf/lib/mcpu_jn51xx_sizeopt\libc.a(lib_a-strcpy.o)
 .debug_line    0x00000000000005aa      0x12e c:/nxp/bstudio_nxp/sdk/tools/ba-elf-ba2-r36379/bin/../lib/gcc/ba-elf/4.7.4/../../../../ba-elf/lib/mcpu_jn51xx_sizeopt\libc.a(lib_a-strlen.o)
 .debug_line    0x00000000000006d8      0x160 c:/nxp/bstudio_nxp/sdk/tools/ba-elf-ba2-r36379/bin/../lib/gcc/ba-elf/4.7.4/../../../../ba-elf/lib/mcpu_jn51xx_sizeopt\libc.a(lib_a-strncmp.o)
 .debug_line    0x0000000000000838      0x47b c:/nxp/bstudio_nxp/sdk/tools/ba-elf-ba2-r36379/bin/../lib/gcc/ba-elf/4.7.4/mcpu_jn51xx_sizeopt\libgcc.a(__udivsi3.o)
 .debug_line    0x0000000000000cb3      0x3c7 c:/nxp/bstudio_nxp/sdk/tools/ba-elf-ba2-r36379/bin/../lib/gcc/ba-elf/4.7.4/mcpu_jn51xx_sizeopt\libgcc.a(__umodsi3.o)
 .debug_line    0x000000000000107a      0x197 C:\nxp\bstudio_nxp\sdk\JN-SW-4163/Components/Library\libBoot_JN516x.a(ExceptionHandler.o)
 .debug_line    0x0000000000001211      0x182 c:/nxp/bstudio_nxp/sdk/tools/ba-elf-ba2-r36379/bin/../lib/gcc/ba-elf/4.7.4/../../../../ba-elf/lib/mcpu_jn51xx_sizeopt\libc.a(lib_a-strtok.o)
 .debug_line    0x0000000000001393      0x16a c:/nxp/bstudio_nxp/sdk/tools/ba-elf-ba2-r36379/bin/../lib/gcc/ba-elf/4.7.4/../../../../ba-elf/lib/mcpu_jn51xx_sizeopt\libc.a(lib_a-strtok_r.o)
 .debug_line    0x00000000000014fd      0x11a c:/nxp/bstudio_nxp/sdk/tools/ba-elf-ba2-r36379/bin/../lib/gcc/ba-elf/4.7.4/../../../../ba-elf/lib/mcpu_jn51xx_sizeopt\libc.a(lib_a-impure.o)

.debug_str      0x0000000000000000      0x80d
 .debug_str     0x0000000000000000       0x50 c:/nxp/bstudio_nxp/sdk/tools/ba-elf-ba2-r36379/bin/../lib/gcc/ba-elf/4.7.4/../../../../ba-elf/lib/mcpu_jn51xx_sizeopt\libc.a(lib_a-memcmp.o)
                                        0x152 (size before relaxing)
 .debug_str     0x0000000000000050       0x5d c:/nxp/bstudio_nxp/sdk/tools/ba-elf-ba2-r36379/bin/../lib/gcc/ba-elf/4.7.4/../../../../ba-elf/lib/mcpu_jn51xx_sizeopt\libc.a(lib_a-memcpy.o)
                                        0x166 (size before relaxing)
 .debug_str     0x00000000000000ad       0x49 c:/nxp/bstudio_nxp/sdk/tools/ba-elf-ba2-r36379/bin/../lib/gcc/ba-elf/4.7.4/../../../../ba-elf/lib/mcpu_jn51xx_sizeopt\libc.a(lib_a-memset.o)
                                        0x152 (size before relaxing)
 .debug_str     0x00000000000000f6       0x49 c:/nxp/bstudio_nxp/sdk/tools/ba-elf-ba2-r36379/bin/../lib/gcc/ba-elf/4.7.4/../../../../ba-elf/lib/mcpu_jn51xx_sizeopt\libc.a(lib_a-strcmp.o)
                                        0x14b (size before relaxing)
 .debug_str     0x000000000000013f       0x49 c:/nxp/bstudio_nxp/sdk/tools/ba-elf-ba2-r36379/bin/../lib/gcc/ba-elf/4.7.4/../../../../ba-elf/lib/mcpu_jn51xx_sizeopt\libc.a(lib_a-strcpy.o)
                                        0x155 (size before relaxing)
 .debug_str     0x0000000000000188       0x4f c:/nxp/bstudio_nxp/sdk/tools/ba-elf-ba2-r36379/bin/../lib/gcc/ba-elf/4.7.4/../../../../ba-elf/lib/mcpu_jn51xx_sizeopt\libc.a(lib_a-strlen.o)
                                        0x158 (size before relaxing)
 .debug_str     0x00000000000001d7       0x4b c:/nxp/bstudio_nxp/sdk/tools/ba-elf-ba2-r36379/bin/../lib/gcc/ba-elf/4.7.4/../../../../ba-elf/lib/mcpu_jn51xx_sizeopt\libc.a(lib_a-strncmp.o)
                                        0x154 (size before relaxing)
 .debug_str     0x0000000000000222      0x4c0 c:/nxp/bstudio_nxp/sdk/tools/ba-elf-ba2-r36379/bin/../lib/gcc/ba-elf/4.7.4/../../../../ba-elf/lib/mcpu_jn51xx_sizeopt\libc.a(lib_a-strtok.o)
                                        0x51e (size before relaxing)
 .debug_str     0x00000000000006e2       0x68 c:/nxp/bstudio_nxp/sdk/tools/ba-elf-ba2-r36379/bin/../lib/gcc/ba-elf/4.7.4/../../../../ba-elf/lib/mcpu_jn51xx_sizeopt\libc.a(lib_a-strtok_r.o)
                                        0x184 (size before relaxing)
 .debug_str     0x000000000000074a       0xc3 c:/nxp/bstudio_nxp/sdk/tools/ba-elf-ba2-r36379/bin/../lib/gcc/ba-elf/4.7.4/../../../../ba-elf/lib/mcpu_jn51xx_sizeopt\libc.a(lib_a-impure.o)
                                        0x523 (size before relaxing)

.debug_frame    0x0000000000000000      0x13c
 .debug_frame   0x0000000000000000       0x20 c:/nxp/bstudio_nxp/sdk/tools/ba-elf-ba2-r36379/bin/../lib/gcc/ba-elf/4.7.4/../../../../ba-elf/lib/mcpu_jn51xx_sizeopt\libc.a(lib_a-memcmp.o)
 .debug_frame   0x0000000000000020       0x20 c:/nxp/bstudio_nxp/sdk/tools/ba-elf-ba2-r36379/bin/../lib/gcc/ba-elf/4.7.4/../../../../ba-elf/lib/mcpu_jn51xx_sizeopt\libc.a(lib_a-memcpy.o)
 .debug_frame   0x0000000000000040       0x20 c:/nxp/bstudio_nxp/sdk/tools/ba-elf-ba2-r36379/bin/../lib/gcc/ba-elf/4.7.4/../../../../ba-elf/lib/mcpu_jn51xx_sizeopt\libc.a(lib_a-memset.o)
 .debug_frame   0x0000000000000060       0x20 c:/nxp/bstudio_nxp/sdk/tools/ba-elf-ba2-r36379/bin/../lib/gcc/ba-elf/4.7.4/../../../../ba-elf/lib/mcpu_jn51xx_sizeopt\libc.a(lib_a-strcmp.o)
 .debug_frame   0x0000000000000080       0x20 c:/nxp/bstudio_nxp/sdk/tools/ba-elf-ba2-r36379/bin/../lib/gcc/ba-elf/4.7.4/../../../../ba-elf/lib/mcpu_jn51xx_sizeopt\libc.a(lib_a-strcpy.o)
 .debug_frame   0x00000000000000a0       0x20 c:/nxp/bstudio_nxp/sdk/tools/ba-elf-ba2-r36379/bin/../lib/gcc/ba-elf/4.7.4/../../../../ba-elf/lib/mcpu_jn51xx_sizeopt\libc.a(lib_a-strlen.o)
 .debug_frame   0x00000000000000c0       0x20 c:/nxp/bstudio_nxp/sdk/tools/ba-elf-ba2-r36379/bin/../lib/gcc/ba-elf/4.7.4/../../../../ba-elf/lib/mcpu_jn51xx_sizeopt\libc.a(lib_a-strncmp.o)
 .debug_frame   0x00000000000000e0       0x20 c:/nxp/bstudio_nxp/sdk/tools/ba-elf-ba2-r36379/bin/../lib/gcc/ba-elf/4.7.4/../../../../ba-elf/lib/mcpu_jn51xx_sizeopt\libc.a(lib_a-strtok.o)
 .debug_frame   0x0000000000000100       0x3c c:/nxp/bstudio_nxp/sdk/tools/ba-elf-ba2-r36379/bin/../lib/gcc/ba-elf/4.7.4/../../../../ba-elf/lib/mcpu_jn51xx_sizeopt\libc.a(lib_a-strtok_r.o)
