Archive member included because of file (symbol)

C:\nxp\bstudio_nxp\sdk\JN-SW-4163/Components/Library\libAppApi_JN516x.a(AppApi.o)
                              crd_coordinator.o (symbol from plugin) (vAppApiSetHighPowerMode)
C:\nxp\bstudio_nxp\sdk\JN-SW-4163/Components/Library\libAppApi_JN516x.a(AppApiSleep.o)
                              (vAppApiDefSaveMacSettings)
C:\nxp\bstudio_nxp\sdk\JN-SW-4163/Components/Library\libMAC_JN516x.a(mac_main.o)
                              AppApi.o (symbol from plugin) (MAC_pvCtor)
C:\nxp\bstudio_nxp\sdk\JN-SW-4163/Components/Library\libMAC_JN516x.a(mac_mcps.o)
                              AppApi.o (symbol from plugin) (MAC_vHandleMcpsReqRsp)
C:\nxp\bstudio_nxp\sdk\JN-SW-4163/Components/Library\libMAC_JN516x.a(mac_mlme.o)
                              AppApi.o (symbol from plugin) (MAC_vHandleMlmeReqRsp)
C:\nxp\bstudio_nxp\sdk\JN-SW-4163/Components/Library\libMAC_JN516x.a(mac_pib.o)
                              node.o (symbol from plugin) (MAC_psPibGetHandle)
C:\nxp\bstudio_nxp\sdk\JN-SW-4163/Components/Library\libMAC_JN516x.a(mac_pib_mlme.o)
                              mac_main.o (symbol from plugin) (mac_vPibSetDefaults)
C:\nxp\bstudio_nxp\sdk\JN-SW-4163/Components/Library\libMAC_JN516x.a(mac_pmic.o)
                              mac_main.o (symbol from plugin) (vPMICreset)
C:\nxp\bstudio_nxp\sdk\JN-SW-4163/Components/Library\libMAC_JN516x.a(mac_ind.o)
                              AppApi.o (symbol from plugin) (MAC_vRegisterMlmeDcfmIndCallbacks)
C:\nxp\bstudio_nxp\sdk\JN-SW-4163/Components/Library\libMAC_JN516x.a(mac_scan.o)
                              mac_main.o (symbol from plugin) (mac_eScanInit)
C:\nxp\bstudio_nxp\sdk\JN-SW-4163/Components/Library\libMAC_JN516x.a(mac_lp.o)
                              mac_pmic.o (symbol from plugin) (g_sLP)
C:\nxp\bstudio_nxp\sdk\JN-SW-4163/Components/Library\libMAC_JN516x.a(MCPS.o)
                              mac_mcps.o (symbol from plugin) (vTAM_MCPSdataRequest)
C:\nxp\bstudio_nxp\sdk\JN-SW-4163/Components/Library\libMAC_JN516x.a(phy_pib.o)
                              AppApi.o (symbol from plugin) (phy_ePibGet)
C:\nxp\bstudio_nxp\sdk\JN-SW-4163/Components/Library\libMAC_JN516x.a(TAM.o)
                              MCPS.o (symbol from plugin) (bTAMinPAN)
C:\nxp\bstudio_nxp\sdk\JN-SW-4163/Components/Library\libMAC_JN516x.a(TAMCO.o)
                              TAM.o (symbol from plugin) (vTAMCOsetCoordinator)
C:\nxp\bstudio_nxp\sdk\JN-SW-4163/Components/Library\libMAC_JN516x.a(TAMDE.o)
                              TAM.o (symbol from plugin) (vTAMDEdetermineNullState)
C:\nxp\bstudio_nxp\sdk\JN-SW-4163/Components/Library\libMAC_JN516x.a(TAM_MEM.o)
                              TAM.o (symbol from plugin) (vMEMreset)
C:\nxp\bstudio_nxp\sdk\JN-SW-4163/Components/Library\libMAC_JN516x.a(TAM_MLME.o)
                              mac_scan.o (symbol from plugin) (vMLMEbeaconNotify)
C:\nxp\bstudio_nxp\sdk\JN-SW-4163/Components/Library\libMAC_JN516x.a(TAM_TAH.o)
                              TAMCO.o (symbol from plugin) (vTAHsetCutOff)
C:\nxp\bstudio_nxp\sdk\JN-SW-4163/Components/Library\libMAC_JN516x.a(TAM_TAI.o)
                              TAM.o (symbol from plugin) (vTAIsetCapTime)
C:\nxp\bstudio_nxp\sdk\JN-SW-4163/Components/Library\libMAC_JN516x.a(TAM_TAT.o)
                              TAMDE.o (symbol from plugin) (vTATstartReceiveAt)
C:\nxp\bstudio_nxp\sdk\JN-SW-4163/Components/Library\libMAC_JN516x.a(TAMcommon.o)
                              mac_scan.o (symbol from plugin) (bTACassessBeaconForPayload)
C:\nxp\bstudio_nxp\sdk\JN-SW-4163/Components/Library\libMAC_JN516x.a(TAMevent.o)
                              mac_lp.o (symbol from plugin) (vTAMinsertEvent)
C:\nxp\bstudio_nxp\sdk\JN-SW-4163/Components/Library\libMAC_JN516x.a(TAMqueue.o)
                              TAMcommon.o (symbol from plugin) (vTAQaddToFifo)
C:\nxp\bstudio_nxp\sdk\JN-SW-4163/Components/Library\libMAC_JN516x.a(TAMrxEnable.o)
                              TAMevent.o (symbol from plugin) (vTAMRXEint2Fired)
C:\nxp\bstudio_nxp\sdk\JN-SW-4163/Components/Library\libMAC_JN516x.a(TAMsecurity.o)
                              TAMcommon.o (symbol from plugin) (vTSCgetIncomingInfo)
C:\nxp\bstudio_nxp\sdk\JN-SW-4163/Components/Library\libMAC_JN516x.a(TAMsideways.o)
                              mac_pmic.o (symbol from plugin) (eTAStransmitRequest)
C:\nxp\bstudio_nxp\sdk\JN-SW-4163/Components/Library\libMAC_JN516x.a(TAMtime.o)
                              TAM.o (symbol from plugin) (vTTIBLETimerExpired)
C:\nxp\bstudio_nxp\sdk\JN-SW-4163/Components/Library\libMAC_JN516x.a(TAM_AES.o)
                              TAMsecurity.o (symbol from plugin) (u8TAM_AES_WriteAuxilliarySecurityHeaderIntoBuffer)
C:\nxp\bstudio_nxp\sdk\JN-SW-4163/Components/Library\libMAC_JN516x.a(Endian.o)
                              TAM_AES.o (symbol from plugin) (vFromU16ToLe)
C:\nxp\bstudio_nxp\sdk\JN-SW-4163/Components/Library\libMAC_JN516x.a(mac_acl.o)
                              TAMsecurity.o (symbol from plugin) (MAC_u8AclFindInfo)
C:\nxp\bstudio_nxp\sdk\JN-SW-4163/Components/Library\libMAC_JN516x.a(mac_misc.o)
                              mac_mlme.o (symbol from plugin) (vMAC_MISCpollRequest)
C:\nxp\bstudio_nxp\sdk\JN-SW-4163/Components/Library\libTimerServer_JN516x.a(tsv_main.o)
                              AppApiSleep.o (symbol from plugin) (s_sTimerList)
C:\nxp\bstudio_nxp\sdk\JN-SW-4163/Components/Library\libXcv_JN516x.a(xcv_main.o)
                              AppApi.o (symbol from plugin) (XCV_vCtor)
C:\nxp\bstudio_nxp\sdk\JN-SW-4163/Components/Library\libXcv_JN516x.a(xcv_access.o)
                              mac_main.o (symbol from plugin) (XCV_vDevWriteIER)
C:\nxp\bstudio_nxp\sdk\JN-SW-4163/Components/Library\libXcv_JN516x.a(xcv_isr.o)
                              AppApi.o (symbol from plugin) (vXCV_IntHandlerPhy)
C:\nxp\bstudio_nxp\sdk\JN-SW-4163/Components/Library\libAes_JN516x.a(AES_CCM_Star.o)
                              TAM_AES.o (symbol from plugin) (vACI_OptimisedCcmStar)
C:\nxp\bstudio_nxp\sdk\JN-SW-4163/Components/Library\libAes_JN516x.a(AEScoprocessorAPI.o)
                              AES_CCM_Star.o (symbol from plugin) (vACI_CmdWaitBusy)
C:\nxp\bstudio_nxp\sdk\JN-SW-4163/Components/Library\libHardwareApi_JN516x.a(AHI_Analogue.o)
                              AppQueueApi.o (symbol from plugin) (vAHI_APRegisterCallback)
C:\nxp\bstudio_nxp\sdk\JN-SW-4163/Components/Library\libHardwareApi_JN516x.a(AHI_Dio.o)
                              crd_coordinator.o (symbol from plugin) (vAHI_DioSetDirection)
C:\nxp\bstudio_nxp\sdk\JN-SW-4163/Components/Library\libHardwareApi_JN516x.a(AHI_Reset.o)
                              QApp.o (symbol from plugin) (vAHI_SwReset)
C:\nxp\bstudio_nxp\sdk\JN-SW-4163/Components/Library\libHardwareApi_JN516x.a(AHI_Spi.o)
                              AppQueueApi.o (symbol from plugin) (vAHI_SpiRegisterCallback)
C:\nxp\bstudio_nxp\sdk\JN-SW-4163/Components/Library\libHardwareApi_JN516x.a(AHI_System.o)
                              AppApiSleep.o (symbol from plugin) (u8AHI_PowerStatus)
C:\nxp\bstudio_nxp\sdk\JN-SW-4163/Components/Library\libHardwareApi_JN516x.a(AHI_Timer.o)
                              crd_coordinator.o (symbol from plugin) (vAHI_TimerEnable)
C:\nxp\bstudio_nxp\sdk\JN-SW-4163/Components/Library\libHardwareApi_JN516x.a(AHI_TimerInt.o)
                              crd_coordinator.o (symbol from plugin) (vAHI_Timer0RegisterCallback)
C:\nxp\bstudio_nxp\sdk\JN-SW-4163/Components/Library\libHardwareApi_JN516x.a(AHI_Uart.o)
                              uart.o (symbol from plugin) (vAHI_UartSetBaudDivisor)
C:\nxp\bstudio_nxp\sdk\JN-SW-4163/Components/Library\libHardwareApi_JN516x.a(AHI_WakeTimer.o)
                              mac_lp.o (symbol from plugin) (vAHI_WakeTimerEnable)
C:\nxp\bstudio_nxp\sdk\JN-SW-4163/Components/Library\libHardwareApi_JN516x.a(AHI_Flash.o)
                              AHI_System.o (symbol from plugin) (vAHI_FlashAndEEPROMControllerIntHandler)
C:\nxp\bstudio_nxp\sdk\JN-SW-4163/Components/Library\libHardwareApi_JN516x.a(AHI_Infrared.o)
                              AHI_TimerInt.o (symbol from plugin) (vAHI_IntHandlerInfrared)
C:\nxp\bstudio_nxp\sdk\JN-SW-4163/Components/Library\libHardwareApi_JN516x.a(InternalFlashApi.o)
                              AHI_Flash.o (symbol from plugin) (bFlashErase)
C:\nxp\bstudio_nxp\sdk\JN-SW-4163/Components/Library\libHardwareApi_JN516x.a(EEP_EEPROM.o)
                              crd_coordinator.o (symbol from plugin) (u16AHI_InitialiseEEP)
C:\nxp\bstudio_nxp\sdk\JN-SW-4163/Components/Library\libHardwareApi_JN516x.a(AHI_Si.o)
                              AppQueueApi.o (symbol from plugin) (vAHI_SiRegisterCallback)
C:\nxp\bstudio_nxp\sdk\JN-SW-4163/Components/Library\libHardwareApi_JN516x.a(AHI_TickTimer.o)
                              AppQueueApi.o (symbol from plugin) (vAHI_TickTimerInit)
C:\nxp\bstudio_nxp\sdk\JN-SW-4163/Components/Library\libHardwareApi_JN516x.a(AHI_Interrupt.o)
                              AppApi.o (symbol from plugin) (vAHI_InterruptSetPriority)
C:\nxp\bstudio_nxp\sdk\JN-SW-4163/Components/Library\libHardwareApi_JN516x.a(AHI_Init.o)
                              crd_coordinator.o (symbol from plugin) (u32AHI_Init)
C:\nxp\bstudio_nxp\sdk\JN-SW-4163/Components/Library\libHardwareApi_JN516x.a(AHI_SpiSlave.o)
                              AHI_Init.o (symbol from plugin) (vAHI_IntHandlerSpiSlave)
C:\nxp\bstudio_nxp\sdk\JN-SW-4163/Components/Library\libMicroSpecific_JN516x.a(MicroInt_ba.o)
                              AppApi.o (symbol from plugin) (vMicroIntEnableOnly)
C:\nxp\bstudio_nxp\sdk\JN-SW-4163/Components/Library\libMicroSpecific_JN516x.a(MicroSyscall_ba.o)
                              AHI_Reset.o (symbol from plugin) (vMicroSyscall)
C:\nxp\bstudio_nxp\sdk\JN-SW-4163/Components/Library\libBoot_JN516x.a(Heap.o)
                              (u32HeapStart)
C:\nxp\bstudio_nxp\sdk\JN-SW-4163/Components/Library\libBoot_JN516x.a(ExceptionHandler.o)
                              (_exception_external_interrupt)
C:\nxp\bstudio_nxp\sdk\JN-SW-4163/Platform/DK4/Library\libBoardLib_JN516x.a(LcdDriver.o)
                              lcd.o (symbol from plugin) (vLcdClear)
C:\nxp\bstudio_nxp\sdk\JN-SW-4163/Platform/DK4/Library\libBoardLib_JN516x.a(LcdFont.o)
                              LcdDriver.o (symbol from plugin) (vLcdFontReset)
C:\nxp\bstudio_nxp\sdk\JN-SW-4163/Components/Library\libAppApi_JN516x.a(AppHousekeeping.o)
                              mac_scan.o (symbol from plugin) (sAppHousekeeping)
C:\nxp\bstudio_nxp\sdk\JN-SW-4163/Components/Library\libAes_JN516x.a(AEScoprocessorAPIinterrupts.o)
                              AHI_Init.o (symbol from plugin) (vACI_IntHandlerAes)
c:/nxp/bstudio_nxp/sdk/tools/ba-elf-ba2-r36379/bin/../lib/gcc/ba-elf/4.7.4/../../../../ba-elf/lib/mcpu_jn51xx_sizeopt\libc.a(lib_a-strtok.o)
                              QApp.o (symbol from plugin) (strtok)
c:/nxp/bstudio_nxp/sdk/tools/ba-elf-ba2-r36379/bin/../lib/gcc/ba-elf/4.7.4/../../../../ba-elf/lib/mcpu_jn51xx_sizeopt\libc.a(lib_a-strtok_r.o)
                              c:/nxp/bstudio_nxp/sdk/tools/ba-elf-ba2-r36379/bin/../lib/gcc/ba-elf/4.7.4/../../../../ba-elf/lib/mcpu_jn51xx_sizeopt\libc.a(lib_a-strtok.o) (__strtok_r)
c:/nxp/bstudio_nxp/sdk/tools/ba-elf-ba2-r36379/bin/../lib/gcc/ba-elf/4.7.4/../../../../ba-elf/lib/mcpu_jn51xx_sizeopt\libc.a(lib_a-impure.o)
                              c:/nxp/bstudio_nxp/sdk/tools/ba-elf-ba2-r36379/bin/../lib/gcc/ba-elf/4.7.4/../../../../ba-elf/lib/mcpu_jn51xx_sizeopt\libc.a(lib_a-strtok.o) (_impure_ptr)
c:/nxp/bstudio_nxp/sdk/tools/ba-elf-ba2-r36379/bin/../lib/gcc/ba-elf/4.7.4/../../../../ba-elf/lib/mcpu_jn51xx_sizeopt\libc.a(lib_a-memcmp.o)
                              C:\Users\K98David\AppData\Local\Temp\cc7SRPOT.ltrans1.ltrans.o (memcmp)
c:/nxp/bstudio_nxp/sdk/tools/ba-elf-ba2-r36379/bin/../lib/gcc/ba-elf/4.7.4/../../../../ba-elf/lib/mcpu_jn51xx_sizeopt\libc.a(lib_a-memcpy.o)
                              C:\Users\K98David\AppData\Local\Temp\cc7SRPOT.ltrans1.ltrans.o (memcpy)
c:/nxp/bstudio_nxp/sdk/tools/ba-elf-ba2-r36379/bin/../lib/gcc/ba-elf/4.7.4/../../../../ba-elf/lib/mcpu_jn51xx_sizeopt\libc.a(lib_a-memset.o)
                              C:\Users\K98David\AppData\Local\Temp\cc7SRPOT.ltrans1.ltrans.o (memset)
c:/nxp/bstudio_nxp/sdk/tools/ba-elf-ba2-r36379/bin/../lib/gcc/ba-elf/4.7.4/../../../../ba-elf/lib/mcpu_jn51xx_sizeopt\libc.a(lib_a-strcmp.o)
                              C:\Users\K98David\AppData\Local\Temp\cc7SRPOT.ltrans5.ltrans.o (strcmp)
c:/nxp/bstudio_nxp/sdk/tools/ba-elf-ba2-r36379/bin/../lib/gcc/ba-elf/4.7.4/../../../../ba-elf/lib/mcpu_jn51xx_sizeopt\libc.a(lib_a-strcpy.o)
                              C:\Users\K98David\AppData\Local\Temp\cc7SRPOT.ltrans0.ltrans.o (strcpy)
c:/nxp/bstudio_nxp/sdk/tools/ba-elf-ba2-r36379/bin/../lib/gcc/ba-elf/4.7.4/../../../../ba-elf/lib/mcpu_jn51xx_sizeopt\libc.a(lib_a-strlen.o)
                              C:\Users\K98David\AppData\Local\Temp\cc7SRPOT.ltrans3.ltrans.o (strlen)
c:/nxp/bstudio_nxp/sdk/tools/ba-elf-ba2-r36379/bin/../lib/gcc/ba-elf/4.7.4/../../../../ba-elf/lib/mcpu_jn51xx_sizeopt\libc.a(lib_a-strncmp.o)
                              C:\Users\K98David\AppData\Local\Temp\cc7SRPOT.ltrans5.ltrans.o (strncmp)
c:/nxp/bstudio_nxp/sdk/tools/ba-elf-ba2-r36379/bin/../lib/gcc/ba-elf/4.7.4/mcpu_jn51xx_sizeopt\libgcc.a(__udivsi3.o)
                              C:\Users\K98David\AppData\Local\Temp\cc7SRPOT.ltrans1.ltrans.o (__udivsi3)
c:/nxp/bstudio_nxp/sdk/tools/ba-elf-ba2-r36379/bin/../lib/gcc/ba-elf/4.7.4/mcpu_jn51xx_sizeopt\libgcc.a(__umodsi3.o)
                              C:\Users\K98David\AppData\Local\Temp\cc7SRPOT.ltrans6.ltrans.o (__umodsi3)

Allocating common symbols
Common symbol       size              file

apvHwIndBufferData  0x18              AppQueueApi.o (symbol from plugin)
prMAC_TofMlmeReqHandler
                    0x4               mac_mlme.o (symbol from plugin)
apvMlmeIndBufferData
                    0x18              AppQueueApi.o (symbol from plugin)
asMcpsIndBuffer     0x348             AppQueueApi.o (symbol from plugin)
OldsensorData_Count
                    0x50              Qsensor.o (symbol from plugin)
Temp                0x4               Qsensor.o (symbol from plugin)
g_tSpiConfiguration
                    0x4               AHI_Flash.o (symbol from plugin)
asHwIndBuffer       0x28              AppQueueApi.o (symbol from plugin)
u8TAM_TxStatusOverride
                    0x1               TAMevent.o (symbol from plugin)
prMAC_TofRxHandler  0x4               TAMcommon.o (symbol from plugin)
apvMlmeIndData      0x18              AppQueueApi.o (symbol from plugin)
au8Shadow           0x400             lcd.o (symbol from plugin)
apvMcpsIndData      0x18              AppQueueApi.o (symbol from plugin)
apvMcpsIndBufferData
                    0x18              AppQueueApi.o (symbol from plugin)
apvHwIndData        0x18              AppQueueApi.o (symbol from plugin)
bAHI_ExtendedTemperatureOperation
                    0x1               AHI_System.o (symbol from plugin)
bMAC_DiscardUnsuccessfulAssocResponses
                    0x1               mac_pmic.o (symbol from plugin)
u8Msq               0x1               TAM_TAT.o (symbol from plugin)
g_bLegacyHwBugEmulation
                    0x1               AES_CCM_Star.o (symbol from plugin)
asMlmeIndBuffer     0x44c             AppQueueApi.o (symbol from plugin)

Discarded input sections

 .text          0x0000000000000000        0x0 crd_coordinator.o (symbol from plugin)
 .data          0x0000000000000000        0x0 C:\Users\K98David\AppData\Local\Temp\cc7SRPOT.ltrans1.ltrans.o
 .data          0x0000000000000000        0x0 C:\Users\K98David\AppData\Local\Temp\cc7SRPOT.ltrans3.ltrans.o
 .data          0x0000000000000000        0x0 C:\Users\K98David\AppData\Local\Temp\cc7SRPOT.ltrans4.ltrans.o
 .data          0x0000000000000000        0x0 C:\Users\K98David\AppData\Local\Temp\cc7SRPOT.ltrans6.ltrans.o
 .data          0x0000000000000000        0x0 C:\Users\K98David\AppData\Local\Temp\cc7SRPOT.ltrans7.ltrans.o
 .data          0x0000000000000000        0x0 C:\Users\K98David\AppData\Local\Temp\cc7SRPOT.ltrans9.ltrans.o
 .data          0x0000000000000000        0x0 C:\Users\K98David\AppData\Local\Temp\cc7SRPOT.ltrans11.ltrans.o
 .data          0x0000000000000000        0x0 C:\Users\K98David\AppData\Local\Temp\cc7SRPOT.ltrans12.ltrans.o
 .data          0x0000000000000000        0x0 C:\Users\K98David\AppData\Local\Temp\cc7SRPOT.ltrans13.ltrans.o
 .data          0x0000000000000000        0x0 C:\Users\K98David\AppData\Local\Temp\cc7SRPOT.ltrans14.ltrans.o
 .data          0x0000000000000000        0x0 C:\Users\K98David\AppData\Local\Temp\cc7SRPOT.ltrans15.ltrans.o
 .data          0x0000000000000000        0x0 c:/nxp/bstudio_nxp/sdk/tools/ba-elf-ba2-r36379/bin/../lib/gcc/ba-elf/4.7.4/../../../../ba-elf/lib/mcpu_jn51xx_sizeopt\libc.a(lib_a-memcmp.o)
 .bss           0x0000000000000000        0x0 c:/nxp/bstudio_nxp/sdk/tools/ba-elf-ba2-r36379/bin/../lib/gcc/ba-elf/4.7.4/../../../../ba-elf/lib/mcpu_jn51xx_sizeopt\libc.a(lib_a-memcmp.o)
 .data          0x0000000000000000        0x0 c:/nxp/bstudio_nxp/sdk/tools/ba-elf-ba2-r36379/bin/../lib/gcc/ba-elf/4.7.4/../../../../ba-elf/lib/mcpu_jn51xx_sizeopt\libc.a(lib_a-memcpy.o)
 .bss           0x0000000000000000        0x0 c:/nxp/bstudio_nxp/sdk/tools/ba-elf-ba2-r36379/bin/../lib/gcc/ba-elf/4.7.4/../../../../ba-elf/lib/mcpu_jn51xx_sizeopt\libc.a(lib_a-memcpy.o)
 .data          0x0000000000000000        0x0 c:/nxp/bstudio_nxp/sdk/tools/ba-elf-ba2-r36379/bin/../lib/gcc/ba-elf/4.7.4/../../../../ba-elf/lib/mcpu_jn51xx_sizeopt\libc.a(lib_a-memset.o)
 .bss           0x0000000000000000        0x0 c:/nxp/bstudio_nxp/sdk/tools/ba-elf-ba2-r36379/bin/../lib/gcc/ba-elf/4.7.4/../../../../ba-elf/lib/mcpu_jn51xx_sizeopt\libc.a(lib_a-memset.o)
 .data          0x0000000000000000        0x0 c:/nxp/bstudio_nxp/sdk/tools/ba-elf-ba2-r36379/bin/../lib/gcc/ba-elf/4.7.4/../../../../ba-elf/lib/mcpu_jn51xx_sizeopt\libc.a(lib_a-strcmp.o)
 .bss           0x0000000000000000        0x0 c:/nxp/bstudio_nxp/sdk/tools/ba-elf-ba2-r36379/bin/../lib/gcc/ba-elf/4.7.4/../../../../ba-elf/lib/mcpu_jn51xx_sizeopt\libc.a(lib_a-strcmp.o)
 .data          0x0000000000000000        0x0 c:/nxp/bstudio_nxp/sdk/tools/ba-elf-ba2-r36379/bin/../lib/gcc/ba-elf/4.7.4/../../../../ba-elf/lib/mcpu_jn51xx_sizeopt\libc.a(lib_a-strcpy.o)
 .bss           0x0000000000000000        0x0 c:/nxp/bstudio_nxp/sdk/tools/ba-elf-ba2-r36379/bin/../lib/gcc/ba-elf/4.7.4/../../../../ba-elf/lib/mcpu_jn51xx_sizeopt\libc.a(lib_a-strcpy.o)
 .data          0x0000000000000000        0x0 c:/nxp/bstudio_nxp/sdk/tools/ba-elf-ba2-r36379/bin/../lib/gcc/ba-elf/4.7.4/../../../../ba-elf/lib/mcpu_jn51xx_sizeopt\libc.a(lib_a-strlen.o)
 .bss           0x0000000000000000        0x0 c:/nxp/bstudio_nxp/sdk/tools/ba-elf-ba2-r36379/bin/../lib/gcc/ba-elf/4.7.4/../../../../ba-elf/lib/mcpu_jn51xx_sizeopt\libc.a(lib_a-strlen.o)
 .data          0x0000000000000000        0x0 c:/nxp/bstudio_nxp/sdk/tools/ba-elf-ba2-r36379/bin/../lib/gcc/ba-elf/4.7.4/../../../../ba-elf/lib/mcpu_jn51xx_sizeopt\libc.a(lib_a-strncmp.o)
 .bss           0x0000000000000000        0x0 c:/nxp/bstudio_nxp/sdk/tools/ba-elf-ba2-r36379/bin/../lib/gcc/ba-elf/4.7.4/../../../../ba-elf/lib/mcpu_jn51xx_sizeopt\libc.a(lib_a-strncmp.o)
 .data          0x0000000000000000        0x0 c:/nxp/bstudio_nxp/sdk/tools/ba-elf-ba2-r36379/bin/../lib/gcc/ba-elf/4.7.4/mcpu_jn51xx_sizeopt\libgcc.a(__udivsi3.o)
 .bss           0x0000000000000000        0x0 c:/nxp/bstudio_nxp/sdk/tools/ba-elf-ba2-r36379/bin/../lib/gcc/ba-elf/4.7.4/mcpu_jn51xx_sizeopt\libgcc.a(__udivsi3.o)
 .data          0x0000000000000000        0x0 c:/nxp/bstudio_nxp/sdk/tools/ba-elf-ba2-r36379/bin/../lib/gcc/ba-elf/4.7.4/mcpu_jn51xx_sizeopt\libgcc.a(__umodsi3.o)
 .bss           0x0000000000000000        0x0 c:/nxp/bstudio_nxp/sdk/tools/ba-elf-ba2-r36379/bin/../lib/gcc/ba-elf/4.7.4/mcpu_jn51xx_sizeopt\libgcc.a(__umodsi3.o)
 .text          0x0000000000000000        0x0 dbg.o (symbol from plugin)
 .text          0x0000000000000000        0x0 lcd.o (symbol from plugin)
 .text          0x0000000000000000        0x0 node.o (symbol from plugin)
 .text          0x0000000000000000        0x0 queue.o (symbol from plugin)
 .text          0x0000000000000000        0x0 rnd.o (symbol from plugin)
 .text          0x0000000000000000        0x0 uart.o (symbol from plugin)
 .text          0x0000000000000000        0x0 wuart.o (symbol from plugin)
 .text          0x0000000000000000        0x0 AppQueueApi.o (symbol from plugin)
 .text          0x0000000000000000        0x0 QApp.o (symbol from plugin)
 .text          0x0000000000000000        0x0 enddevice.o (symbol from plugin)
 .text          0x0000000000000000        0x0 Qsensor.o (symbol from plugin)
 .text          0x0000000000000000        0x0 QUtils.o (symbol from plugin)
 .text          0x0000000000000000        0x0 QEvent_Process.o (symbol from plugin)
 .text          0x0000000000000000        0x0 AppApi.o (symbol from plugin)
 .text          0x0000000000000000        0x0 AppApiSleep.o (symbol from plugin)
 .text          0x0000000000000000        0x0 mac_main.o (symbol from plugin)
 .text          0x0000000000000000        0x0 mac_mcps.o (symbol from plugin)
 .text          0x0000000000000000        0x0 mac_mlme.o (symbol from plugin)
 .text          0x0000000000000000        0x0 mac_pib.o (symbol from plugin)
 .text          0x0000000000000000        0x0 mac_pib_mlme.o (symbol from plugin)
 .text          0x0000000000000000        0x0 mac_pmic.o (symbol from plugin)
 .text          0x0000000000000000        0x0 mac_ind.o (symbol from plugin)
 .text          0x0000000000000000        0x0 mac_scan.o (symbol from plugin)
 .text          0x0000000000000000        0x0 mac_lp.o (symbol from plugin)
 .text          0x0000000000000000        0x0 MCPS.o (symbol from plugin)
 .text          0x0000000000000000        0x0 phy_pib.o (symbol from plugin)
 .text          0x0000000000000000        0x0 TAM.o (symbol from plugin)
 .text          0x0000000000000000        0x0 TAMCO.o (symbol from plugin)
 .text          0x0000000000000000        0x0 TAMDE.o (symbol from plugin)
 .text          0x0000000000000000        0x0 TAM_MEM.o (symbol from plugin)
 .text          0x0000000000000000        0x0 TAM_MLME.o (symbol from plugin)
 .text          0x0000000000000000        0x0 TAM_TAH.o (symbol from plugin)
 .text          0x0000000000000000        0x0 TAM_TAI.o (symbol from plugin)
 .text          0x0000000000000000        0x0 TAM_TAT.o (symbol from plugin)
 .text          0x0000000000000000        0x0 TAMcommon.o (symbol from plugin)
 .text          0x0000000000000000        0x0 TAMevent.o (symbol from plugin)
 .text          0x0000000000000000        0x0 TAMqueue.o (symbol from plugin)
 .text          0x0000000000000000        0x0 TAMrxEnable.o (symbol from plugin)
 .text          0x0000000000000000        0x0 TAMsecurity.o (symbol from plugin)
 .text          0x0000000000000000        0x0 TAMsideways.o (symbol from plugin)
 .text          0x0000000000000000        0x0 TAMtime.o (symbol from plugin)
 .text          0x0000000000000000        0x0 TAM_AES.o (symbol from plugin)
 .text          0x0000000000000000        0x0 Endian.o (symbol from plugin)
 .text          0x0000000000000000        0x0 mac_acl.o (symbol from plugin)
 .text          0x0000000000000000        0x0 mac_misc.o (symbol from plugin)
 .text          0x0000000000000000        0x0 tsv_main.o (symbol from plugin)
 .text          0x0000000000000000        0x0 xcv_main.o (symbol from plugin)
 .text          0x0000000000000000        0x0 xcv_access.o (symbol from plugin)
 .text          0x0000000000000000        0x0 xcv_isr.o (symbol from plugin)
 .text          0x0000000000000000        0x0 AES_CCM_Star.o (symbol from plugin)
 .text          0x0000000000000000        0x0 AEScoprocessorAPI.o (symbol from plugin)
 .text          0x0000000000000000        0x0 AHI_Analogue.o (symbol from plugin)
 .text          0x0000000000000000        0x0 AHI_Dio.o (symbol from plugin)
 .text          0x0000000000000000        0x0 AHI_Reset.o (symbol from plugin)
 .text          0x0000000000000000        0x0 AHI_Spi.o (symbol from plugin)
 .text          0x0000000000000000        0x0 AHI_System.o (symbol from plugin)
 .text          0x0000000000000000        0x0 AHI_Timer.o (symbol from plugin)
 .text          0x0000000000000000        0x0 AHI_TimerInt.o (symbol from plugin)
 .text          0x0000000000000000        0x0 AHI_Uart.o (symbol from plugin)
 .text          0x0000000000000000        0x0 AHI_WakeTimer.o (symbol from plugin)
 .text          0x0000000000000000        0x0 AHI_Flash.o (symbol from plugin)
 .text          0x0000000000000000        0x0 AHI_Infrared.o (symbol from plugin)
 .text          0x0000000000000000        0x0 InternalFlashApi.o (symbol from plugin)
 .text          0x0000000000000000        0x0 EEP_EEPROM.o (symbol from plugin)
 .text          0x0000000000000000        0x0 AHI_Si.o (symbol from plugin)
 .text          0x0000000000000000        0x0 AHI_TickTimer.o (symbol from plugin)
 .data          0x0000000000000000        0x0 C:\nxp\bstudio_nxp\sdk\JN-SW-4163/Components/Library\libHardwareApi_JN516x.a(AHI_Interrupt.o)
 .bss           0x0000000000000000        0x0 C:\nxp\bstudio_nxp\sdk\JN-SW-4163/Components/Library\libHardwareApi_JN516x.a(AHI_Interrupt.o)
 .text          0x0000000000000000        0x0 AHI_Init.o (symbol from plugin)
 .text          0x0000000000000000        0x0 AHI_SpiSlave.o (symbol from plugin)
 .text          0x0000000000000000        0x0 MicroInt_ba.o (symbol from plugin)
 .text          0x0000000000000000        0x0 C:\nxp\bstudio_nxp\sdk\JN-SW-4163/Components/Library\libMicroSpecific_JN516x.a(MicroSyscall_ba.o)
 .data          0x0000000000000000        0x0 C:\nxp\bstudio_nxp\sdk\JN-SW-4163/Components/Library\libMicroSpecific_JN516x.a(MicroSyscall_ba.o)
 .bss           0x0000000000000000        0x0 C:\nxp\bstudio_nxp\sdk\JN-SW-4163/Components/Library\libMicroSpecific_JN516x.a(MicroSyscall_ba.o)
 .text          0x0000000000000000        0x0 Heap.o (symbol from plugin)
 .text          0x0000000000000000        0x0 C:\nxp\bstudio_nxp\sdk\JN-SW-4163/Components/Library\libBoot_JN516x.a(ExceptionHandler.o)
 .data          0x0000000000000000        0x0 C:\nxp\bstudio_nxp\sdk\JN-SW-4163/Components/Library\libBoot_JN516x.a(ExceptionHandler.o)
 .bss           0x0000000000000000        0x0 C:\nxp\bstudio_nxp\sdk\JN-SW-4163/Components/Library\libBoot_JN516x.a(ExceptionHandler.o)
 .text          0x0000000000000000        0x0 LcdDriver.o (symbol from plugin)
 .text          0x0000000000000000        0x0 LcdFont.o (symbol from plugin)
 .text          0x0000000000000000        0x0 AppHousekeeping.o (symbol from plugin)
 .text          0x0000000000000000        0x0 AEScoprocessorAPIinterrupts.o (symbol from plugin)
 .data          0x0000000000000000        0x0 c:/nxp/bstudio_nxp/sdk/tools/ba-elf-ba2-r36379/bin/../lib/gcc/ba-elf/4.7.4/../../../../ba-elf/lib/mcpu_jn51xx_sizeopt\libc.a(lib_a-strtok.o)
 .bss           0x0000000000000000        0x0 c:/nxp/bstudio_nxp/sdk/tools/ba-elf-ba2-r36379/bin/../lib/gcc/ba-elf/4.7.4/../../../../ba-elf/lib/mcpu_jn51xx_sizeopt\libc.a(lib_a-strtok.o)
 .data          0x0000000000000000        0x0 c:/nxp/bstudio_nxp/sdk/tools/ba-elf-ba2-r36379/bin/../lib/gcc/ba-elf/4.7.4/../../../../ba-elf/lib/mcpu_jn51xx_sizeopt\libc.a(lib_a-strtok_r.o)
 .bss           0x0000000000000000        0x0 c:/nxp/bstudio_nxp/sdk/tools/ba-elf-ba2-r36379/bin/../lib/gcc/ba-elf/4.7.4/../../../../ba-elf/lib/mcpu_jn51xx_sizeopt\libc.a(lib_a-strtok_r.o)
 .text          0x0000000000000000        0x0 c:/nxp/bstudio_nxp/sdk/tools/ba-elf-ba2-r36379/bin/../lib/gcc/ba-elf/4.7.4/../../../../ba-elf/lib/mcpu_jn51xx_sizeopt\libc.a(lib_a-impure.o)
 .bss           0x0000000000000000        0x0 c:/nxp/bstudio_nxp/sdk/tools/ba-elf-ba2-r36379/bin/../lib/gcc/ba-elf/4.7.4/../../../../ba-elf/lib/mcpu_jn51xx_sizeopt\libc.a(lib_a-impure.o)
 .rodata        0x0000000000000000        0x4 c:/nxp/bstudio_nxp/sdk/tools/ba-elf-ba2-r36379/bin/../lib/gcc/ba-elf/4.7.4/../../../../ba-elf/lib/mcpu_jn51xx_sizeopt\libc.a(lib_a-impure.o)

Memory Configuration

Name             Origin             Length             Attributes
flash            0x0000000000080000 0x0000000000040000
ram              0x000000000400004c 0x0000000000007fb4
*default*        0x0000000000000000 0xffffffffffffffff

Linker script and memory map

LOAD crd_coordinator.o
LOAD C:\Users\K98David\AppData\Local\Temp\cc7SRPOT.ltrans0.ltrans.o
LOAD C:\Users\K98David\AppData\Local\Temp\cc7SRPOT.ltrans1.ltrans.o
LOAD C:\Users\K98David\AppData\Local\Temp\cc7SRPOT.ltrans2.ltrans.o
LOAD C:\Users\K98David\AppData\Local\Temp\cc7SRPOT.ltrans3.ltrans.o
LOAD C:\Users\K98David\AppData\Local\Temp\cc7SRPOT.ltrans4.ltrans.o
LOAD C:\Users\K98David\AppData\Local\Temp\cc7SRPOT.ltrans5.ltrans.o
LOAD C:\Users\K98David\AppData\Local\Temp\cc7SRPOT.ltrans6.ltrans.o
LOAD C:\Users\K98David\AppData\Local\Temp\cc7SRPOT.ltrans7.ltrans.o
LOAD C:\Users\K98David\AppData\Local\Temp\cc7SRPOT.ltrans8.ltrans.o
LOAD C:\Users\K98David\AppData\Local\Temp\cc7SRPOT.ltrans9.ltrans.o
LOAD C:\Users\K98David\AppData\Local\Temp\cc7SRPOT.ltrans10.ltrans.o
LOAD C:\Users\K98David\AppData\Local\Temp\cc7SRPOT.ltrans11.ltrans.o
LOAD C:\Users\K98David\AppData\Local\Temp\cc7SRPOT.ltrans12.ltrans.o
LOAD C:\Users\K98David\AppData\Local\Temp\cc7SRPOT.ltrans13.ltrans.o
LOAD C:\Users\K98David\AppData\Local\Temp\cc7SRPOT.ltrans14.ltrans.o
LOAD C:\Users\K98David\AppData\Local\Temp\cc7SRPOT.ltrans15.ltrans.o
LOAD C:\Users\K98David\AppData\Local\Temp\cc7SRPOT.ltrans16.ltrans.o
LOAD c:/nxp/bstudio_nxp/sdk/tools/ba-elf-ba2-r36379/bin/../lib/gcc/ba-elf/4.7.4/../../../../ba-elf/lib/mcpu_jn51xx_sizeopt\libc.a
LOAD c:/nxp/bstudio_nxp/sdk/tools/ba-elf-ba2-r36379/bin/../lib/gcc/ba-elf/4.7.4/mcpu_jn51xx_sizeopt\libgcc.a
LOAD c:/nxp/bstudio_nxp/sdk/tools/ba-elf-ba2-r36379/bin/../lib/gcc/ba-elf/4.7.4/../../../../ba-elf/lib/mcpu_jn51xx_sizeopt\libc.a
LOAD dbg.o
LOAD lcd.o
LOAD node.o
LOAD queue.o
LOAD rnd.o
LOAD uart.o
LOAD wuart.o
LOAD AppQueueApi.o
LOAD QApp.o
LOAD enddevice.o
LOAD Qsensor.o
LOAD QUtils.o
LOAD QEvent_Process.o
START GROUP
LOAD C:\nxp\bstudio_nxp\sdk\JN-SW-4163/Components/Library\libAppApi_JN516x.a
LOAD C:\nxp\bstudio_nxp\sdk\JN-SW-4163/Components/Library\libMAC_JN516x.a
LOAD C:\nxp\bstudio_nxp\sdk\JN-SW-4163/Components/Library\libTimerServer_JN516x.a
LOAD C:\nxp\bstudio_nxp\sdk\JN-SW-4163/Components/Library\libTOF_JN516x.a
LOAD C:\nxp\bstudio_nxp\sdk\JN-SW-4163/Components/Library\libXcv_JN516x.a
LOAD C:\nxp\bstudio_nxp\sdk\JN-SW-4163/Components/Library\libAes_JN516x.a
LOAD C:\nxp\bstudio_nxp\sdk\JN-SW-4163/Components/Library\libHardwareApi_JN516x.a
LOAD C:\nxp\bstudio_nxp\sdk\JN-SW-4163/Components/Library\libMicroSpecific_JN516x.a
LOAD C:\nxp\bstudio_nxp\sdk\JN-SW-4163/Components/Library\libBoot_JN516x.a
LOAD C:\nxp\bstudio_nxp\sdk\JN-SW-4163/Components/Library\libPDM_EEPROM_JN516x_NO_RTOS.a
LOAD C:\nxp\bstudio_nxp\sdk\JN-SW-4163/Platform/DK4/Library\libBoardLib_JN516x.a
END GROUP
LOAD c:/nxp/bstudio_nxp/sdk/tools/ba-elf-ba2-r36379/bin/../lib/gcc/ba-elf/4.7.4/../../../../ba-elf/lib/mcpu_jn51xx_sizeopt\libc.a
LOAD c:/nxp/bstudio_nxp/sdk/tools/ba-elf-ba2-r36379/bin/../lib/gcc/ba-elf/4.7.4/mcpu_jn51xx_sizeopt\libgcc.a
LOAD c:/nxp/bstudio_nxp/sdk/tools/ba-elf-ba2-r36379/bin/../lib/gcc/ba-elf/4.7.4/../../../../ba-elf/lib/mcpu_jn51xx_sizeopt\libc.a
                0x0000000000000800                _stack_size = 0x800
                0x0000000000080038                _exception_vsr_table = 0x80038
                0x0000000004000000                pSPIflashFncTable = 0x4000000
                0x0000000000000800                _stack_size = 0x800
                0x0000000000000044                restore_state = 0x44
                0x000000000000004a                bZSPIWaitWIPClear = 0x4a
                0x0000000000000050                u16ZSPIflashRDID = 0x50
                0x0000000000000056                u8SelectFlashChipType = 0x56
                0x000000000000005c                memcpy = 0x5c
                0x0000000000000066                vBootFlashProg = 0x66
                [0x0000000000000d16]                _minimum_heap_size = DEFINED (_minimum_heap_size)?_minimum_heap_size:0xd16
                0x0000000000000000                _SwConfig = (DEFINED (g_bSWConf_Debug) | (DEFINED (g_bSWConf_AltDebugPort) << 0x1))

.version        0x000000000007fffc        0x4
                0x000000000007fffc        0x4 LONG 0x7030008

.bir            0x0000000000080000       0x10
                0x0000000000080000                _flash_start = ABSOLUTE (.)
                0x0000000000080000                _flash_beg = ABSOLUTE (.)
                0x0000000000080000        0x4 LONG 0x12345678
                0x0000000000080004        0x4 LONG 0x11223344
                0x0000000000080008        0x4 LONG 0x55667788
                0x000000000008000c        0x1 BYTE 0x8
                0x000000000008000d        0x1 BYTE 0x1
                0x000000000008000e        0x2 SHORT 0x0

.flashheader    0x0000000000080010       0x28
                0x0000000000080010        0x4 LONG 0x0
                0x0000000000080014        0x4 LONG 0x0
                0x0000000000080018        0x4 LONG 0x0
                0x000000000008001c        0x2 SHORT 0x0
                0x000000000008001e        0x2 SHORT 0x0 ABSOLUTE (_SwConfig)
                0x0000000000080020                _enc_start = ABSOLUTE (.)
                0x0000000000080020        0x4 LONG 0xe004 ABSOLUTE (_image_len)
                0x0000000000080024        0x4 LONG 0x8db08 ABSOLUTE (_flash_data_start)
                0x0000000000080028        0x2 SHORT 0x13 ((ABSOLUTE (_ram_data_start) / 0x4) & 0xffff)
                0x000000000008002a        0x2 SHORT 0x13f ((ABSOLUTE (_ram_data_len) / 0x4) & 0xffff)
                0x000000000008002c        0x2 SHORT 0x152 ((ABSOLUTE (_bss_start) / 0x4) & 0xffff)
                0x000000000008002e        0x2 SHORT 0x17ea ((ABSOLUTE (_bss_len) / 0x4) & 0xffff)
                0x0000000000080030        0x4 LONG 0x8a5a0 ABSOLUTE (AppWarmStart)
                0x0000000000080034        0x4 LONG 0x8a5ad ABSOLUTE (AppColdStart)
                0x0000000000000000                _enc_offset = (_enc_start & 0xf)
                0x0000000000000044                PROVIDE (vException_BusError, restore_state)
                0x0000000000000044                PROVIDE (vException_UnalignedAccess, restore_state)
                0x0000000000000044                PROVIDE (vException_IllegalInstruction, restore_state)
                0x0000000000000044                PROVIDE (vException_SysCall, restore_state)
                0x0000000000000044                PROVIDE (vException_Trap, restore_state)
                0x0000000000000044                PROVIDE (vException_StackOverflow, restore_state)
                0x0000000000080038                . = ABSOLUTE (_exception_vsr_table)

.vsr_table      0x0000000000080038       0x18
                0x0000000000080038        0x4 LONG 0x44 ABSOLUTE (vException_BusError)
                0x000000000008003c        0x4 LONG 0x44 ABSOLUTE (vException_UnalignedAccess)
                0x0000000000080040        0x4 LONG 0x44 ABSOLUTE (vException_IllegalInstruction)
                0x0000000000080044        0x4 LONG 0x44 ABSOLUTE (vException_SysCall)
                0x0000000000080048        0x4 LONG 0x44 ABSOLUTE (vException_Trap)
                0x000000000008004c        0x4 LONG 0x44 ABSOLUTE (vException_StackOverflow)

.vsr_handlers   0x0000000000080050       0xaa
 *(.vsr_handlers)
 .vsr_handlers  0x0000000000080050       0xaa C:\nxp\bstudio_nxp\sdk\JN-SW-4163/Components/Library\libBoot_JN516x.a(ExceptionHandler.o)
                0x0000000000080050                _exception_external_interrupt
                0x00000000000800f8                _default_vsr_dummy

.rodata         0x00000000000800fc     0x1319
 *(.rodata*)
 .rodata.str1.1
                0x00000000000800fc      0x414 C:\Users\K98David\AppData\Local\Temp\cc7SRPOT.ltrans0.ltrans.o
 .rodata        0x0000000000080510       0xcb C:\Users\K98David\AppData\Local\Temp\cc7SRPOT.ltrans1.ltrans.o
 .rodata.str1.1
                0x00000000000805db      0x1e3 C:\Users\K98David\AppData\Local\Temp\cc7SRPOT.ltrans2.ltrans.o
                                        0x1ea (size before relaxing)
 .rodata.str1.1
                0x00000000000807be      0x217 C:\Users\K98David\AppData\Local\Temp\cc7SRPOT.ltrans3.ltrans.o
                                        0x265 (size before relaxing)
 .rodata        0x00000000000809d5        0x3 C:\Users\K98David\AppData\Local\Temp\cc7SRPOT.ltrans3.ltrans.o
 .rodata        0x00000000000809d8       0xd4 C:\Users\K98David\AppData\Local\Temp\cc7SRPOT.ltrans4.ltrans.o
                0x00000000000809d8                s_aprScanHandleEvt.10100
                0x0000000000080a08                apvActionCalls
                0x0000000000080a90                aprLPBMacVectorRamTable
                0x0000000000080aa4                psTamMacContext
                0x0000000000080aa8                psTAMcontext
 .rodata.str1.1
                0x0000000000080aac      0x3a8 C:\Users\K98David\AppData\Local\Temp\cc7SRPOT.ltrans5.ltrans.o
                                        0x3b0 (size before relaxing)
 .rodata.str1.1
                0x0000000000080e54       0xc5 C:\Users\K98David\AppData\Local\Temp\cc7SRPOT.ltrans6.ltrans.o
                                        0x10c (size before relaxing)
 *fill*         0x0000000000080f19        0x3 00
 .rodata        0x0000000000080f1c        0xc C:\Users\K98David\AppData\Local\Temp\cc7SRPOT.ltrans7.ltrans.o
                0x0000000000080f1c                au32UartAddrOffset
 .rodata        0x0000000000080f28        0xc C:\Users\K98David\AppData\Local\Temp\cc7SRPOT.ltrans8.ltrans.o
 .rodata.str1.1
                0x0000000000080f34       0x61 C:\Users\K98David\AppData\Local\Temp\cc7SRPOT.ltrans9.ltrans.o
 .rodata        0x0000000000080f95        0xa C:\Users\K98David\AppData\Local\Temp\cc7SRPOT.ltrans9.ltrans.o
 *fill*         0x0000000000080f9f        0x1 00
 .rodata        0x0000000000080fa0       0x1c C:\Users\K98David\AppData\Local\Temp\cc7SRPOT.ltrans10.ltrans.o
                0x0000000000080fa0                psTamXcvContext
 .rodata        0x0000000000080fbc        0x6 C:\Users\K98David\AppData\Local\Temp\cc7SRPOT.ltrans11.ltrans.o
                0x0000000000080fbc                aeXcvPhyEvtToScanEvt.5378.10103
 *fill*         0x0000000000080fc2        0x2 00
 .rodata        0x0000000000080fc4       0x4c C:\Users\K98David\AppData\Local\Temp\cc7SRPOT.ltrans12.ltrans.o
                0x0000000000080fc4                au32TimerBaseAddress
                0x0000000000080fd8                CSWTCH.35.20297.20297
 .rodata.str1.1
                0x0000000000081010      0x29a C:\Users\K98David\AppData\Local\Temp\cc7SRPOT.ltrans13.ltrans.o
                                        0x2c9 (size before relaxing)
 .rodata.str1.1
                0x00000000000812aa      0x16b C:\Users\K98David\AppData\Local\Temp\cc7SRPOT.ltrans16.ltrans.o
 .rodata.str1.1
                0x0000000000000000        0x0 c:/nxp/bstudio_nxp/sdk/tools/ba-elf-ba2-r36379/bin/../lib/gcc/ba-elf/4.7.4/../../../../ba-elf/lib/mcpu_jn51xx_sizeopt\libc.a(lib_a-impure.o)
                                          0x2 (size before relaxing)

.text           0x0000000000081418     0xc6ef
 *(.text*)
 .text          0x0000000000081418      0xf44 C:\Users\K98David\AppData\Local\Temp\cc7SRPOT.ltrans0.ltrans.o
                0x0000000000081418                CRD_vMain.1559
 .text          0x000000000008235c     0x114a C:\Users\K98David\AppData\Local\Temp\cc7SRPOT.ltrans1.ltrans.o
                0x000000000008235c                mac_vLPBAdjustBeaconOffset
                0x00000000000823b9                mac_u32LPBGetBeaconTimeout
                0x00000000000823c2                eWEnDTmrExpiry.9741
                0x00000000000823cd                eWEnDEdDone.9738
                0x0000000000082428                eGenlDontCare.9735
                0x000000000008242d                eGenlIllegal.9360
                0x0000000000082434                u32GetTimer0
                0x000000000008243b                vSetTimer0
                0x000000000008244a                u8TSCframeIncrease
                0x0000000000082483                vCopyToDataFromMacAddr.16764
                0x00000000000824b6                psTAQsearchFifo
                0x00000000000824ff                bTAQremoveFromFifo
                0x000000000008253c                vTAMinsertEvent
                0x00000000000825a2                vTAM_TxRetryTimeout
                0x00000000000825a6                vTACsetTxFrameDefaults
                0x00000000000825cc                u8TACgetHeaderSize
                0x0000000000082609                u32TACpayloadToU32M
                0x000000000008262a                vTACu32ToPayloadM
                0x0000000000082642                vTACbuildBeacon
                0x000000000008284a                bTACframeInProgress
                0x0000000000082874                bTACassessBeaconForPayload
                0x00000000000828c5                bIsBbcSafeForTx
                0x00000000000828ee                vTATwriteAclMaterialToHardware
                0x0000000000082913                vTATsetBLE
                0x000000000008294a                vTATgetFramePayload
                0x0000000000082967                eTATreadTXstatus
                0x00000000000829ad                vTAHsetPhyStateDirect.part.0.14225
                0x00000000000829c9                vDoGoOff.16044
                0x00000000000829e3                vMEMreturn
                0x0000000000082a54                vTACinformOriginator
                0x0000000000082a76                pvMEMget
                0x0000000000082aa2                vTAMDEdetermineNullState
                0x0000000000082abc                vTAMCOupdatePendingList
                0x0000000000082b8e                vTAMCOsetCoordinator
                0x0000000000082bb4                vPhySetChannel
                0x0000000000082c4b                eScanHandleEvt.part.0.9771
                0x0000000000082c74                mac_eDcfmIndPost
                0x0000000000082c95                mac_psDcfmIndGetBuf
                0x0000000000082cb6                vMLMErxEnableConfirm
                0x0000000000082ce8                vMLMEcommStatus
                0x0000000000082d4b                vMLMEcommStatusFromFrame
                0x0000000000082d8f                vTSCpostTransmitUpdate
                0x0000000000082dbe                vMLMEsyncLoss
                0x0000000000082df1                vPMICpostFailedAssocDcfm
                0x0000000000082e29                vPMICassocReqTO_2.8188
                0x0000000000082e40                MAC_vPibSetMinBe
                0x0000000000082e5e                MAC_vPibSetPanId
                0x0000000000082e79                MAC_vPibSetShortAddr
                0x0000000000082e87                vHandleTofRequest.6299
                0x0000000000082e8a                vAppApiDefSetPrbsSeed
                0x0000000000082eae                sendEvent
                0x0000000000082ec0                convertHex2ASCII_LowNibble
                0x0000000000082ed8                convertHex2ASCII_HighNibble
                0x0000000000082ef0                convertASCII2Hex
                0x0000000000082f3d                calc_crc
                0x0000000000082f82                convertASCII2HexByte
                0x0000000000082fdc                bFifoPush.3178
                0x0000000000083015                vAppQApiPostMlme.3160
                0x0000000000083030                vAppQApiPostMcps.3167
                0x000000000008304b                pvFifoPull.3175
                0x0000000000083072                psAppQApiGetMlmeBuffer.3157
                0x000000000008307a                psAppQApiGetMcpsBuffer.3164
                0x0000000000083082                WUART_u8MsgSeqTxNew
                0x00000000000830a5                QUEUE_bGet
                0x000000000008312d                QUEUE_bPut
                0x00000000000831a9                UART_bPutChar
                0x00000000000831d2                printCmd
                0x00000000000831fb                UART_bPad2Min.2510
                0x000000000008323d                UART_bNum2String.2526
                0x00000000000833c0                QUEUE_bInit
 *fill*         0x00000000000834a6        0x2 00
 .text          0x00000000000834a8     0x1178 C:\Users\K98David\AppData\Local\Temp\cc7SRPOT.ltrans2.ltrans.o
                0x00000000000834a8                Eventhandle
 .text          0x0000000000084620      0xe95 C:\Users\K98David\AppData\Local\Temp\cc7SRPOT.ltrans3.ltrans.o
                0x0000000000084620                vAppQApiPostHwInt
                0x0000000000084695                vXCV_IntHandlerPhy
                0x0000000000084747                vScanHandleTimer.9357
                0x000000000008474c                vTAMRXEint2Fired
                0x0000000000084782                UART_vStartTx
                0x0000000000084858                processSwcf
                0x00000000000849b3                UART_bPrintf_ap.part.10.2583
                0x0000000000084c80                DBG_vPrintf
                0x0000000000084ccf                processSCMD
                0x0000000000084e15                processRfEnableLoop
                0x0000000000084e3f                processRfDisableLoop
                0x0000000000084e6b                processRfLoopTime
                0x0000000000084f18                processlist
                0x0000000000084f7d                processCMD1
                0x0000000000084f97                processCMD2
                0x0000000000084faa                processXLIS
                0x0000000000085124                processXCMD
                0x0000000000085242                processCMDR
                0x0000000000085281                getSensorCMD
                0x00000000000853bc                u8TAM_AES_WriteAuxilliarySecurityHeaderIntoBuffer
                0x000000000008542e                phy_ePibSet.part.1.11567
                0x0000000000085494                vTAIsetCapTime
 *fill*         0x00000000000854b5        0x3 00
 .text          0x00000000000854b8      0xbc8 C:\Users\K98David\AppData\Local\Temp\cc7SRPOT.ltrans4.ltrans.o
                0x00000000000854b8                eWBRTTxDone.9757
                0x00000000000854d6                vTAMCOframeTXgoingIdle
                0x00000000000854ef                vTAMCOframeTXcap
                0x0000000000085513                vTAMCOframeTXnobeacon
                0x0000000000085528                vTAMCOframeStarting
                0x0000000000085541                eWCoRRxDone.9748
                0x00000000000855e9                eWBcnRxDone.9760
                0x0000000000085bcd                vTAMCOframeRXcap
                0x0000000000085bdf                vTAMCOframeRXgoingIdle
                0x0000000000085bf5                vTAMCOframeRXnobeacon
                0x0000000000085c07                vTAMDEframeRX
                0x0000000000085c2f                vTAMDEframeRXtrackingDR
                0x0000000000085c72                vTAMDEframePreSyncReq
                0x0000000000085c8a                vTAMCOframeTXbeacon
                0x0000000000085d51                vTAMDEframeRXsyncReq
                0x0000000000085fa0                vTAMDEint1FiredTrackingCAPgts
                0x0000000000086051                eWONTTxDone.9754
 .text          0x0000000000086080      0xcf0 C:\Users\K98David\AppData\Local\Temp\cc7SRPOT.ltrans5.ltrans.o
                0x0000000000086080                processPAIR
                0x00000000000860a1                processBitMode
                0x00000000000860ba                timer4_Polling_Callback
                0x0000000000086149                Key_timer3Callback
                0x0000000000086220                processRepeat
                0x000000000008624b                processMasterSlave
                0x0000000000086295                processStopBit
                0x00000000000862d6                processDataBit
                0x0000000000086318                processParityType
                0x000000000008635b                processParity
                0x000000000008639c                processBaud
                0x0000000000086434                processReset
                0x000000000008644a                processSaveFlash
                0x0000000000086483                ISR_handleSysCtrl.3439
                0x0000000000086542                timer0Callback
                0x00000000000865c0                processRFChannel
                0x00000000000865e7                processDestAddress
                0x000000000008661e                processOwnAddress
                0x000000000008665b                processPANID
                0x0000000000086698                processSlis
                0x0000000000086800                wuart_vPrintf.constprop.40
                0x0000000000086829                UART_bRxDisable.part.8.2468
                0x00000000000868de                UART_bTxDisable.part.9.2472
                0x000000000008695a                UART_bTxEnable.part.11.2599
                0x00000000000869de                parseCommand
                0x0000000000086c48                CRD_vMcpsDcfmInd.1547
 .text          0x0000000000086d70      0xd89 C:\Users\K98David\AppData\Local\Temp\cc7SRPOT.ltrans6.ltrans.o
                0x0000000000086dc6                u8Write802_15_4HeaderIntoBuffer.18053
                0x0000000000086f26                vACI_OptimisedCcmStar
                0x000000000008713e                UART_bOpen.part.1.2426.constprop.42
                0x0000000000087444                WUART_vInit
                0x0000000000087716                processATEreaseEE
                0x000000000008788c                Restorekey0_timer1Callback
 .text          0x0000000000087af9      0xa24 C:\Users\K98David\AppData\Local\Temp\cc7SRPOT.ltrans7.ltrans.o
                0x0000000000087af9                UART_vInterrupt.2414
                0x0000000000087cdb                vTACintRXheader
                0x00000000000884d6                eGenRxHdrDone.9751
                0x00000000000884e6                vAppApiDefMlmeRequest
                0x0000000000088514                pvAppApiDefGetMacHandle
 .text          0x000000000008851d      0xa97 C:\Users\K98David\AppData\Local\Temp\cc7SRPOT.ltrans8.ltrans.o
                0x000000000008851d                mac_vLPBStartTimer
                0x0000000000088634                vACI_IntHandlerAes
                0x0000000000088659                vAHI_IntHandlerSpiSlave
                0x0000000000088664                vAHI_IntHandlerTickTimer
                0x00000000000886ab                vAHI_IntHandlerSi
                0x00000000000886f6                vAHI_IntHandlerTimer2
                0x0000000000088724                vAHI_IntHandlerSysCtrl
                0x000000000008877e                vAHI_IntHandlerUart1
                0x00000000000887a9                vAHI_IntHandlerUart0
                0x00000000000887d4                vAHI_IntHandlerTimer4
                0x00000000000887f5                vAHI_IntHandlerTimer3
                0x0000000000088816                vAHI_IntHandlerTimer1
                0x0000000000088836                vAHI_IntHandlerTimer0
                0x0000000000088857                vAHI_IntHandlerSpiMaster
                0x000000000008887d                vAHI_IntHandlerAnalogPeriph
                0x000000000008889d                vTTIBLETimerExpired
                0x0000000000088913                vTTITimer2Expired
                0x0000000000088918                vTTITimer1Expired
                0x000000000008891d                vTTITransactionTimerExpired
                0x0000000000088946                bUpdateTime.15082
                0x0000000000088981                pvHeap_Alloc
                0x0000000000088983                bAHI_WriteEEPROMfixSegmentData
                0x00000000000889e1                bAHI_InitialiseEEPROM
                0x0000000000088a29                iAHI_EraseEEPROMsegment
                0x0000000000088a6a                processDLIS
                0x0000000000088a9a                processDCMD
                0x0000000000088acb                u16AHI_InitialiseEEP
                0x0000000000088b0d                UART_vRts.part.0.2418
                0x0000000000088b5e                vAHI_UartWriteData
                0x0000000000088b7a                vAHI_UartReset.part.4.20383
                0x0000000000088bb2                vAHI_TimerDisable.part.2.20172
                0x0000000000088bd5                vAHI_WatchdogStop
                0x0000000000088bec                vAHI_SwReset
                0x0000000000088bfd                vAHI_DioSetOutput
                0x0000000000088c11                vAHI_DioSetDirection
                0x0000000000088c25                vTAIdisableInterrupt
                0x0000000000088c3e                vUpdateRegisters.19352
                0x0000000000088c85                psRemove.part.0.19302
                0x0000000000088cb4                vMAC_MISCpollConfirm
                0x0000000000088ce5                MAC_u8AclFindInfo
                0x0000000000088e0f                vTASretrieveSecurity
                0x0000000000088e31                MAC_bLookUpKeyDescriptor.16854
                0x0000000000088eab                bTSCgetOutgoingInfo
 .text.unlikely
                0x0000000000088fb4       0x15 C:\Users\K98David\AppData\Local\Temp\cc7SRPOT.ltrans8.ltrans.o
                0x0000000000088fb4                vPollClkSource.19957.constprop.9
 .text          0x0000000000088fc9      0xb00 C:\Users\K98David\AppData\Local\Temp\cc7SRPOT.ltrans9.ltrans.o
                0x0000000000088fc9                UART_bRxEnable.part.6.2464
                0x000000000008906d                WUART_vState.part.2.2855.constprop.19
                0x0000000000089128                bTAM_AES_CCMstarPatch
                0x000000000008926c                bTAM_AES_CCMstarPatch2006
                0x000000000008954b                bTATsendFrame
                0x000000000008959e                vTrySendFromDirectCAP.12339
                0x00000000000895b9                vTrySendFromDirectNoBeacon.12343
                0x00000000000895e4                vTAMCOint1Fired
                0x0000000000089700                vTAMCOstartBeacon
                0x000000000008973b                vStartStoreValues.12407
                0x00000000000897f2                bStartCallback.12436
                0x0000000000089821                vTAMCOint1FiredCAP
                0x0000000000089894                vTAMCOreqTXnoBeacon
                0x00000000000898a6                vTAMCOreqTXinCAP
                0x00000000000898cc                vTrySendUnslotted.12884
                0x00000000000898e6                bSendDataRequest.12886
                0x00000000000899f8                bProcessBeaconRX.12889
 *fill*         0x0000000000089ac9        0x3 00
 .text          0x0000000000089acc      0xa00 C:\Users\K98David\AppData\Local\Temp\cc7SRPOT.ltrans10.ltrans.o
                0x0000000000089acc                vPMICassocReqTO_1.8181
                0x0000000000089b54                vTAM_MCPSdataRequest
                0x0000000000089b97                bTACcheckPANconflict
                0x0000000000089c50                vTAMDEstartSync
                0x0000000000089ccf                eTAMselect
                0x0000000000089e10                MAC_pvCtor
                0x000000000008a21a                u32AppApiDefInit
                0x000000000008a2cf                vDeterminePowerState.13006
                0x000000000008a353                vTAMDEint1FiredTrackingBeacon
                0x000000000008a3f3                vTAMDEint2FiredTrackingDR
                0x000000000008a418                vTAMDEframeTXtrackingDR
                0x000000000008a471                vTAMDEint2FiredPollActive
                0x000000000008a4a5                vTAMDEreqTXnullTrackingCAP
                0x000000000008a4be                vTAM_TxRetryTimer
 .text          0x000000000008a4cc      0x980 C:\Users\K98David\AppData\Local\Temp\cc7SRPOT.ltrans11.ltrans.o
                0x000000000008a4cc                vPostDcfm.9744
                0x000000000008a5a0                AppWarmStart
                0x000000000008a5ad                AppColdStart
                0x000000000008a5ba                vSetNextChannel.9792
                0x000000000008a5f9                MAC_vHandleMlmeReqRsp
                0x000000000008ad74                vTAMDEint1FiredTracking
                0x000000000008ade4                vTAMDEint1FiredSyncReq
 .text          0x000000000008ae4c      0x866 C:\Users\K98David\AppData\Local\Temp\cc7SRPOT.ltrans12.ltrans.o
                0x000000000008ae4c                mac_vLPBStopTimer
                0x000000000008ae6d                vTAIsetRxEnableTime
                0x000000000008ae8e                vDoGoActive.16046
                0x000000000008aeb0                vMLMEbeaconNotify
                0x000000000008b00f                vMCPSframeReceived
                0x000000000008b0d3                vTAMRXEsetPhy
                0x000000000008b196                vTAHsetPhyState
                0x000000000008b1c6                vTAMCOint2Fired
                0x000000000008b1e6                vSetPHYfromMacValue.12882
                0x000000000008b218                vTAMDEint1FiredWaitDR
                0x000000000008b225                vTACsetPHYfromMacValue
                0x000000000008b246                vTAMRXEsetReceiveForPibChange
                0x000000000008b286                vExpireHead.19307
                0x000000000008b2b6                vXCV_IntHandlerBbc
                0x000000000008b359                vAHI_TimerEnable.part.1.20164.constprop.61
                0x000000000008b3b7                vAHI_TimerStartRepeat.constprop.53
                0x000000000008b3f0                iAHI_ReadDataFromEEPROMsegment.constprop.48
                0x000000000008b453                iAHI_WriteDataIntoEEPROMsegment.constprop.38
                0x000000000008b4b8                XCV_vCtor.constprop.27
                0x000000000008b686                vMicroIntEnableOnly.constprop.20
 .text.unlikely
                0x000000000008b6b2      0x115 C:\Users\K98David\AppData\Local\Temp\cc7SRPOT.ltrans12.ltrans.o
                0x000000000008b6b2                vAHI_WatchdogStart.constprop.12
                0x000000000008b6c9                vAHI_MemoryHold.20063
 .text          0x000000000008b7c7      0x939 C:\Users\K98David\AppData\Local\Temp\cc7SRPOT.ltrans13.ltrans.o
                0x000000000008b7c7                vAppApiDefMcpsRequest
                0x000000000008b7f5                WUART_vTx.part.0.2845.constprop.16
                0x000000000008b884                WUART_vTxAck
                0x000000000008b97f                processPsW
                0x000000000008bae0                CRD_vReqStartCoordinator.1486
                0x000000000008bb4a                CRD_vMlmeDcfmInd_Master.1535
                0x000000000008bbff                ED_vReqActiveScan
                0x000000000008bc5e                processExit
                0x000000000008bceb                ED_vMlmeDcfmInd_Slave.1541
 .text.unlikely
                0x000000000008c100       0x6a C:\Users\K98David\AppData\Local\Temp\cc7SRPOT.ltrans13.ltrans.o
                0x000000000008c100                ED_vReqStartEnddevice
 .text          0x000000000008c16a      0x736 C:\Users\K98David\AppData\Local\Temp\cc7SRPOT.ltrans14.ltrans.o
                0x000000000008c16a                TSV_eStart
                0x000000000008c24e                eTAStransmitRequest
                0x000000000008c5e9                TSV_eOpen
                0x000000000008c5f1                vAppApiDefRestoreMacSettings
                0x000000000008c6ca                vAppApiDefSaveMacSettings
                0x000000000008c727                mac_vLPBSleep
                0x000000000008c7ec                pvAppApiDefGetMacAddrLocation
                0x000000000008c7f5                eAppApiDefPlmeGet
                0x000000000008c848                eAppApiDefPlmeSet
 *fill*         0x000000000008c8a0        0x0 00
 .text          0x000000000008c8a0      0x750 C:\Users\K98David\AppData\Local\Temp\cc7SRPOT.ltrans15.ltrans.o
                0x000000000008c8a0                eGenTmrExpiry.10053
                0x000000000008c8e2                eWEDTEdDone.10056
                0x000000000008c906                TSV_eStop
                0x000000000008c9c5                bPMICdisassocReqSent.8177
                0x000000000008ca7b                MAC_vHandleMcpsReqRsp
                0x000000000008cb08                bMCPSframeTXcomplete.10788
                0x000000000008cb5d                bSendSyncLoss.15017
                0x000000000008cb75                bPollReqSent.18613
                0x000000000008cb8d                bTASsendCommStatusInd
                0x000000000008cba2                bAssocRespSent.8173
                0x000000000008cbb5                eTACprocessFrameTXcomplete
                0x000000000008cd31                vTAMDEframeTXDEnull
                0x000000000008cd54                vTAMDEframeTXtrackingCAPgts
                0x000000000008cd80                bPMICassocReqSent.8169
                0x000000000008ce02                bPMICassocReqPollSent.8184
                0x000000000008ce56                eWChCChanChgd.9768
 .text          0x000000000008cff0      0x5c9 C:\Users\K98David\AppData\Local\Temp\cc7SRPOT.ltrans16.ltrans.o
                0x000000000008cff0                CRD_vHwInd.1552
 .text          0x000000000008d5b9       0x25 c:/nxp/bstudio_nxp/sdk/tools/ba-elf-ba2-r36379/bin/../lib/gcc/ba-elf/4.7.4/../../../../ba-elf/lib/mcpu_jn51xx_sizeopt\libc.a(lib_a-memcmp.o)
                0x000000000008d5b9                memcmp
 .text          0x000000000008d5de       0x19 c:/nxp/bstudio_nxp/sdk/tools/ba-elf-ba2-r36379/bin/../lib/gcc/ba-elf/4.7.4/../../../../ba-elf/lib/mcpu_jn51xx_sizeopt\libc.a(lib_a-memcpy.o)
 .text          0x000000000008d5f7       0x12 c:/nxp/bstudio_nxp/sdk/tools/ba-elf-ba2-r36379/bin/../lib/gcc/ba-elf/4.7.4/../../../../ba-elf/lib/mcpu_jn51xx_sizeopt\libc.a(lib_a-memset.o)
                0x000000000008d5f7                memset
 .text          0x000000000008d609       0x25 c:/nxp/bstudio_nxp/sdk/tools/ba-elf-ba2-r36379/bin/../lib/gcc/ba-elf/4.7.4/../../../../ba-elf/lib/mcpu_jn51xx_sizeopt\libc.a(lib_a-strcmp.o)
                0x000000000008d609                strcmp
 .text          0x000000000008d62e       0x15 c:/nxp/bstudio_nxp/sdk/tools/ba-elf-ba2-r36379/bin/../lib/gcc/ba-elf/4.7.4/../../../../ba-elf/lib/mcpu_jn51xx_sizeopt\libc.a(lib_a-strcpy.o)
                0x000000000008d62e                strcpy
 .text          0x000000000008d643       0x12 c:/nxp/bstudio_nxp/sdk/tools/ba-elf-ba2-r36379/bin/../lib/gcc/ba-elf/4.7.4/../../../../ba-elf/lib/mcpu_jn51xx_sizeopt\libc.a(lib_a-strlen.o)
                0x000000000008d643                strlen
 .text          0x000000000008d655       0x38 c:/nxp/bstudio_nxp/sdk/tools/ba-elf-ba2-r36379/bin/../lib/gcc/ba-elf/4.7.4/../../../../ba-elf/lib/mcpu_jn51xx_sizeopt\libc.a(lib_a-strncmp.o)
                0x000000000008d655                strncmp
 *fill*         0x000000000008d68d        0x3 00
 .text          0x000000000008d690      0x204 c:/nxp/bstudio_nxp/sdk/tools/ba-elf-ba2-r36379/bin/../lib/gcc/ba-elf/4.7.4/mcpu_jn51xx_sizeopt\libgcc.a(__udivsi3.o)
                0x000000000008d690                __udivsi3
 .text          0x000000000008d894      0x1b0 c:/nxp/bstudio_nxp/sdk/tools/ba-elf-ba2-r36379/bin/../lib/gcc/ba-elf/4.7.4/mcpu_jn51xx_sizeopt\libgcc.a(__umodsi3.o)
                0x000000000008d894                __umodsi3
 .text          0x000000000008da44       0x27 C:\nxp\bstudio_nxp\sdk\JN-SW-4163/Components/Library\libHardwareApi_JN516x.a(AHI_Interrupt.o)
                0x000000000008da44                vAHI_InterruptSetPriority
                0x000000000008da62                vAHI_InterruptSetActivePriorityLevel
 .text.vMicroSyscall
                0x000000000008da6b       0x17 C:\nxp\bstudio_nxp\sdk\JN-SW-4163/Components/Library\libMicroSpecific_JN516x.a(MicroSyscall_ba.o)
                0x000000000008da6b                vMicroSyscall
 .text          0x000000000008da82        0xd c:/nxp/bstudio_nxp/sdk/tools/ba-elf-ba2-r36379/bin/../lib/gcc/ba-elf/4.7.4/../../../../ba-elf/lib/mcpu_jn51xx_sizeopt\libc.a(lib_a-strtok.o)
                0x000000000008da82                strtok
 .text          0x000000000008da8f       0x78 c:/nxp/bstudio_nxp/sdk/tools/ba-elf-ba2-r36379/bin/../lib/gcc/ba-elf/4.7.4/../../../../ba-elf/lib/mcpu_jn51xx_sizeopt\libc.a(lib_a-strtok_r.o)
                0x000000000008da8f                __strtok_r
                0x000000000008db03                strtok_r
                0x000000000008db07                _flash_end = ABSOLUTE (.)

.rela.dyn       0x000000000008db08        0x0
 .rela.text     0x0000000000000000        0x0 c:/nxp/bstudio_nxp/sdk/tools/ba-elf-ba2-r36379/bin/../lib/gcc/ba-elf/4.7.4/../../../../ba-elf/lib/mcpu_jn51xx_sizeopt\libc.a(lib_a-strtok.o)
 .rela.rodata   0x0000000000000000        0x0 c:/nxp/bstudio_nxp/sdk/tools/ba-elf-ba2-r36379/bin/../lib/gcc/ba-elf/4.7.4/../../../../ba-elf/lib/mcpu_jn51xx_sizeopt\libc.a(lib_a-strtok.o)
 .rela.data     0x0000000000000000        0x0 c:/nxp/bstudio_nxp/sdk/tools/ba-elf-ba2-r36379/bin/../lib/gcc/ba-elf/4.7.4/../../../../ba-elf/lib/mcpu_jn51xx_sizeopt\libc.a(lib_a-strtok.o)
 .rela.text.unlikely
                0x0000000000000000        0x0 c:/nxp/bstudio_nxp/sdk/tools/ba-elf-ba2-r36379/bin/../lib/gcc/ba-elf/4.7.4/../../../../ba-elf/lib/mcpu_jn51xx_sizeopt\libc.a(lib_a-strtok.o)
                0x000000000400004c                . = ORIGIN (ram)

.data           0x000000000400004c      0x4fc load address 0x000000000008db08
                0x000000000400004c                _ram_data_start = ABSOLUTE (.)
 *(.data*)
 .data          0x000000000400004c       0x18 C:\Users\K98David\AppData\Local\Temp\cc7SRPOT.ltrans0.ltrans.o
                0x000000000400004c                gSerialMode
                0x0000000004000050                Timer0_Watchdog_flag
                0x0000000004000054                Timer4_Watchdog_flag
 .data          0x0000000004000064        0x1 C:\Users\K98David\AppData\Local\Temp\cc7SRPOT.ltrans2.ltrans.o
                0x0000000004000064                EEPROMDataLength
 .data          0x0000000004000065        0x1 C:\Users\K98David\AppData\Local\Temp\cc7SRPOT.ltrans5.ltrans.o
                0x0000000004000065                Timer4NowState
 *fill*         0x0000000004000066        0x2 00
 .data          0x0000000004000068        0x4 C:\Users\K98David\AppData\Local\Temp\cc7SRPOT.ltrans8.ltrans.o
                0x0000000004000068                u32HeapStart
 .data          0x000000000400006c        0x1 C:\Users\K98David\AppData\Local\Temp\cc7SRPOT.ltrans10.ltrans.o
 .data.initinboot
                0x000000000400006d        0x1 C:\Users\K98David\AppData\Local\Temp\cc7SRPOT.ltrans10.ltrans.o
                0x000000000400006d                gMAC_u8MaxBuffers
 *fill*         0x000000000400006e        0x2 00
 .data.initinboot
                0x0000000004000070        0x8 C:\Users\K98David\AppData\Local\Temp\cc7SRPOT.ltrans12.ltrans.o
 .data          0x0000000004000078       0x9b C:\Users\K98David\AppData\Local\Temp\cc7SRPOT.ltrans16.ltrans.o
                0x0000000004000078                sensor_mode
                0x0000000004000079                gWorkingMode
                0x000000000400007a                gRxdelay_count
                0x000000000400007b                gWaitUARTPacket
                0x000000000400007c                au8CmdData
 *fill*         0x0000000004000113        0x5 00
 .data          0x0000000004000118      0x430 c:/nxp/bstudio_nxp/sdk/tools/ba-elf-ba2-r36379/bin/../lib/gcc/ba-elf/4.7.4/../../../../ba-elf/lib/mcpu_jn51xx_sizeopt\libc.a(lib_a-impure.o)
                0x0000000004000118                _impure_ptr
 *(.data.*)
                0x0000000004000548                . = ALIGN (0x4)
                0x0000000004000548                _ram_data_end = ABSOLUTE (.)

.bss            0x0000000004000548     0x5fa8 load address 0x000000000008e004
                0x0000000004000548                _bss_start = ABSOLUTE (.)
 *(.bss*)
 .bss           0x0000000004000548     0x11e0 C:\Users\K98David\AppData\Local\Temp\cc7SRPOT.ltrans0.ltrans.o
                0x0000000004000548                prSiAppCallback.21072
                0x000000000400054c                prSpiAppCallback.19937
                0x0000000004000550                prTickTimeAppCallback
                0x0000000004000554                prUart1AppCallback.20604
                0x0000000004000558                prUart0AppCallback.20603
                0x000000000400055c                prApAppCallback.19812
                0x0000000004000560                prAppHwCallback
                0x0000000004000564                prAppMcpsCallback
                0x0000000004000568                prAppMlmeCallback
                0x000000000400056c                u8Uart.2032
                0x000000000400056d                gbHighPowerMode
                0x000000000400056e                gu8ModuleID
                0x0000000004000570                sensorList
                0x00000000040006b0                SensorEECMD_Table
                0x0000000004000930                au16TimerSettings.20298
                0x000000000400093c                apfTimerAppCallback.20349
                0x0000000004000950                EEPROMSegmentDataLength
                0x0000000004000954                CommandList
                0x0000000004000c74                sMlmeIndQueue
                0x0000000004000c84                sMlmeIndBufferQueue
                0x0000000004000c94                sMcpsIndQueue
                0x0000000004000ca4                sMcpsIndBufferQueue
                0x0000000004000cb4                sHwIndQueue
                0x0000000004000cc4                sHwIndBufferQueue
                0x0000000004000cd8                NODE_sData
                0x0000000004000d08                gConfigData
 .bss.initinboot
                0x0000000004001728        0x8 C:\Users\K98David\AppData\Local\Temp\cc7SRPOT.ltrans0.ltrans.o
                0x0000000004001728                g_u32MacAddrLocation
                0x000000000400172c                prSysCtrlAppCallback.20140
 .bss           0x0000000004001730        0x8 C:\Users\K98David\AppData\Local\Temp\cc7SRPOT.ltrans1.ltrans.o
 .bss           0x0000000004001738      0x314 C:\Users\K98David\AppData\Local\Temp\cc7SRPOT.ltrans2.ltrans.o
                0x0000000004001738                Len
                0x0000000004001739                CMDR_Index
                0x000000000400173a                totalSegment
                0x000000000400173c                PSW_CMD_flag
                0x0000000004001740                timeCount
                0x0000000004001744                ADV_Pack
                0x0000000004001748                SensorCMD_Table
                0x00000000040017e8                EndlsList_Number
                0x00000000040017e9                StarlsList_Number
                0x00000000040017ea                gEvents
 .bss           0x0000000004001a4c        0x8 C:\Users\K98David\AppData\Local\Temp\cc7SRPOT.ltrans3.ltrans.o
 .bss           0x0000000004001a54       0x40 C:\Users\K98David\AppData\Local\Temp\cc7SRPOT.ltrans4.ltrans.o
                0x0000000004001a54                g_sLP
                0x0000000004001a90                g_pvMac
 .bss.initinboot
                0x0000000004001a94      0x1c0 C:\Users\K98David\AppData\Local\Temp\cc7SRPOT.ltrans4.ltrans.o
                0x0000000004001a94                g_sMac
 .bss           0x0000000004001c54       0x14 C:\Users\K98David\AppData\Local\Temp\cc7SRPOT.ltrans5.ltrans.o
 .bss           0x0000000004001c68     0x40b0 C:\Users\K98David\AppData\Local\Temp\cc7SRPOT.ltrans6.ltrans.o
                0x0000000004001c68                gKey0Pressed
 .bss           0x0000000004005d18        0x8 C:\Users\K98David\AppData\Local\Temp\cc7SRPOT.ltrans7.ltrans.o
 .bss           0x0000000004005d20        0x8 C:\Users\K98David\AppData\Local\Temp\cc7SRPOT.ltrans8.ltrans.o
 .bss.dontinitinboot
                0x0000000004005d28        0x4 C:\Users\K98David\AppData\Local\Temp\cc7SRPOT.ltrans8.ltrans.o
 .bss           0x0000000004005d2c       0x40 C:\Users\K98David\AppData\Local\Temp\cc7SRPOT.ltrans9.ltrans.o
                0x0000000004005d2c                au32StateTimeout.3068
 .bss.dontinitinboot
                0x0000000004005d6c        0x1 C:\Users\K98David\AppData\Local\Temp\cc7SRPOT.ltrans9.ltrans.o
                0x0000000004005d6c                u8SecurityMode.18080
 *fill*         0x0000000004005d6d        0x3 00
 .bss           0x0000000004005d70        0xc C:\Users\K98David\AppData\Local\Temp\cc7SRPOT.ltrans10.ltrans.o
                0x0000000004005d70                g_sXcv
                0x0000000004005d74                prMcpsRequest.5186
                0x0000000004005d78                prMlmeRequest.5185
 .bss.initinboot
                0x0000000004005d7c        0x4 C:\Users\K98David\AppData\Local\Temp\cc7SRPOT.ltrans10.ltrans.o
                0x0000000004005d7c                prvUserTxStartedCallback
 .bss           0x0000000004005d80       0x10 C:\Users\K98David\AppData\Local\Temp\cc7SRPOT.ltrans11.ltrans.o
                0x0000000004005d80                sAssocSecurity.8798
                0x0000000004005d8c                g_bJenieBackwardsCompatibilityMode
 .bss           0x0000000004005d90       0x1c C:\Users\K98David\AppData\Local\Temp\cc7SRPOT.ltrans12.ltrans.o
                0x0000000004005d90                gu16NumberOfSegments.20989
                0x0000000004005d92                bTxEventQueued.15912
                0x0000000004005d93                u8TxEventStatus.15913
                0x0000000004005d94                sAppHousekeeping
 .bss.dontinitinboot
                0x0000000004005dac        0x8 C:\Users\K98David\AppData\Local\Temp\cc7SRPOT.ltrans12.ltrans.o
 .bss           0x0000000004005db4      0x498 C:\Users\K98David\AppData\Local\Temp\cc7SRPOT.ltrans13.ltrans.o
                0x0000000004005db4                PswCmdData
                0x0000000004005e4a                ATSLen
 .bss           0x000000000400624c       0x1c C:\Users\K98David\AppData\Local\Temp\cc7SRPOT.ltrans14.ltrans.o
 .bss.initinboot
                0x0000000004006268        0x1 C:\Users\K98David\AppData\Local\Temp\cc7SRPOT.ltrans14.ltrans.o
 *fill*         0x0000000004006269        0x3 00
 .bss           0x000000000400626c       0x14 C:\Users\K98David\AppData\Local\Temp\cc7SRPOT.ltrans15.ltrans.o
                0x000000000400626c                s_sTimerList
                0x000000000400627c                u8AssocResponsesInProgress.8797
 .bss           0x0000000004006280      0x230 C:\Users\K98David\AppData\Local\Temp\cc7SRPOT.ltrans16.ltrans.o
                0x0000000004006280                asUart.2644
                0x00000000040062c8                Sensor485State
                0x00000000040062c9                ModeBusData
                0x0000000004006360                gFlashDataLEDG
                0x0000000004006364                gPairingPeriodCounter
                0x0000000004006366                gTurn485ReceiveMode
                0x0000000004006367                gCheckTimeoutCounter
                0x0000000004006368                gCheckRXTimeout
                0x000000000400636c                asQueue.2921
                0x00000000040063bc                gApplicationResend
                0x00000000040063c0                gDoApplicationResend
                0x00000000040063c8                WUART_sData
 .bss.dontinitinboot
                0x00000000040064b0       0x40 C:\nxp\bstudio_nxp\sdk\JN-SW-4163/Components/Library\libBoot_JN516x.a(ExceptionHandler.o)
                0x00000000040064b0                isr_handlers
 *(.bss.*)
 *(.scommon*)
 *(.scommon.*)
 *(COMMON)
                0x00000000040064f0                . = ALIGN (0x4)
                0x00000000040064f0                _bss_end = ABSOLUTE (.)

.heap           0x00000000040064f0      0xd16 load address 0x0000000000093fac
                0x00000000040064f0                _heap_start = ABSOLUTE (.)
                0x0000000004007206                . = (. + _minimum_heap_size)
 *fill*         0x00000000040064f0      0xd16 00

.stack          0x0000000004007800      0x800 load address 0x00000000000952bc
                0x0000000004007800                _heap_end = ABSOLUTE (.)
                0x0000000004007800                _stack_low_water_mark = ABSOLUTE (.)
                0x0000000004008000                . = (. + _stack_size)
 *fill*         0x0000000004007800      0x800 00

.test           0x000000000008e004        0x1
                0x000000000008e004        0x1 BYTE 0xff
                0x000000000008db08                _flash_data_start = LOADADDR (.data)
                0x00000000000004fc                _ram_data_len = (((_ram_data_end - _ram_data_start) + 0x3) & 0xfffffffffffffffc)
                0x0000000000005fa8                _bss_len = (((_bss_end - _bss_start) + 0x3) & 0xfffffffffffffffc)
                0x000000000000e004                _image_len = ((((_flash_end - _flash_start) + _ram_data_len) + 0x3) & 0xfffffffffffffffc)
                0x0000000004008000                _ram_top = (ABSOLUTE (ORIGIN (ram)) + 0x7fb4)
                0x0000000004008000                ram_top = (ABSOLUTE (ORIGIN (ram)) + 0x7fb4)
                0x0000000001001580                _app_ram_start = 0x1001580
                0x0000000004000068                PROVIDE (_heap_location, u32HeapStart)
                0x0000000004000068                PROVIDE (heap_location, u32HeapStart)
                0x000000000008c5e9                TSV_eOpenVector = TSV_eOpen
                0x000000000008c16a                TSV_eStartVector = TSV_eStart
                0x000000000008c906                TSV_eStopVector = TSV_eStop
                0x0000000000088514                pvAppApiGetMacHandle = pvAppApiDefGetMacHandle
                0x000000000008a21a                u32AppApiInit = u32AppApiDefInit
                0x00000000000884e6                vAppApiMlmeRequest = vAppApiDefMlmeRequest
                0x000000000008b7c7                vAppApiMcpsRequest = vAppApiDefMcpsRequest
                0x000000000008c848                eAppApiPlmeSet = eAppApiDefPlmeSet
                0x000000000008c7f5                eAppApiPlmeGet = eAppApiDefPlmeGet
                0x000000000008c7ec                pvAppApiGetMacAddrLocation = pvAppApiDefGetMacAddrLocation
                0x000000000008c6ca                vAppApiSaveMacSettings = vAppApiDefSaveMacSettings
                0x000000000008c5f1                vAppApiRestoreMacSettings = vAppApiDefRestoreMacSettings
OUTPUT(Coordinator_JN5168.elf elf32-ba)

.comment        0x0000000000000000       0x11
 .comment       0x0000000000000000       0x12 C:\Users\K98David\AppData\Local\Temp\cc7SRPOT.ltrans0.ltrans.o
 .comment       0x0000000000000000       0x12 C:\Users\K98David\AppData\Local\Temp\cc7SRPOT.ltrans1.ltrans.o
 .comment       0x0000000000000000       0x12 C:\Users\K98David\AppData\Local\Temp\cc7SRPOT.ltrans2.ltrans.o
 .comment       0x0000000000000000       0x12 C:\Users\K98David\AppData\Local\Temp\cc7SRPOT.ltrans3.ltrans.o
 .comment       0x0000000000000000       0x12 C:\Users\K98David\AppData\Local\Temp\cc7SRPOT.ltrans4.ltrans.o
 .comment       0x0000000000000000       0x12 C:\Users\K98David\AppData\Local\Temp\cc7SRPOT.ltrans5.ltrans.o
 .comment       0x0000000000000000       0x12 C:\Users\K98David\AppData\Local\Temp\cc7SRPOT.ltrans6.ltrans.o
 .comment       0x0000000000000000       0x12 C:\Users\K98David\AppData\Local\Temp\cc7SRPOT.ltrans7.ltrans.o
 .comment       0x0000000000000000       0x12 C:\Users\K98David\AppData\Local\Temp\cc7SRPOT.ltrans8.ltrans.o
 .comment       0x0000000000000000       0x12 C:\Users\K98David\AppData\Local\Temp\cc7SRPOT.ltrans9.ltrans.o
 .comment       0x0000000000000000       0x12 C:\Users\K98David\AppData\Local\Temp\cc7SRPOT.ltrans10.ltrans.o
 .comment       0x0000000000000000       0x12 C:\Users\K98David\AppData\Local\Temp\cc7SRPOT.ltrans11.ltrans.o
 .comment       0x0000000000000000       0x12 C:\Users\K98David\AppData\Local\Temp\cc7SRPOT.ltrans12.ltrans.o
 .comment       0x0000000000000000       0x12 C:\Users\K98David\AppData\Local\Temp\cc7SRPOT.ltrans13.ltrans.o
 .comment       0x0000000000000000       0x12 C:\Users\K98David\AppData\Local\Temp\cc7SRPOT.ltrans14.ltrans.o
 .comment       0x0000000000000000       0x12 C:\Users\K98David\AppData\Local\Temp\cc7SRPOT.ltrans15.ltrans.o
 .comment       0x0000000000000000       0x12 C:\Users\K98David\AppData\Local\Temp\cc7SRPOT.ltrans16.ltrans.o
 .comment       0x0000000000000000       0x12 c:/nxp/bstudio_nxp/sdk/tools/ba-elf-ba2-r36379/bin/../lib/gcc/ba-elf/4.7.4/../../../../ba-elf/lib/mcpu_jn51xx_sizeopt\libc.a(lib_a-memcmp.o)
 .comment       0x0000000000000000       0x12 c:/nxp/bstudio_nxp/sdk/tools/ba-elf-ba2-r36379/bin/../lib/gcc/ba-elf/4.7.4/../../../../ba-elf/lib/mcpu_jn51xx_sizeopt\libc.a(lib_a-memcpy.o)
 .comment       0x0000000000000000       0x12 c:/nxp/bstudio_nxp/sdk/tools/ba-elf-ba2-r36379/bin/../lib/gcc/ba-elf/4.7.4/../../../../ba-elf/lib/mcpu_jn51xx_sizeopt\libc.a(lib_a-memset.o)
 .comment       0x0000000000000000       0x12 c:/nxp/bstudio_nxp/sdk/tools/ba-elf-ba2-r36379/bin/../lib/gcc/ba-elf/4.7.4/../../../../ba-elf/lib/mcpu_jn51xx_sizeopt\libc.a(lib_a-strcmp.o)
 .comment       0x0000000000000000       0x12 c:/nxp/bstudio_nxp/sdk/tools/ba-elf-ba2-r36379/bin/../lib/gcc/ba-elf/4.7.4/../../../../ba-elf/lib/mcpu_jn51xx_sizeopt\libc.a(lib_a-strcpy.o)
 .comment       0x0000000000000000       0x12 c:/nxp/bstudio_nxp/sdk/tools/ba-elf-ba2-r36379/bin/../lib/gcc/ba-elf/4.7.4/../../../../ba-elf/lib/mcpu_jn51xx_sizeopt\libc.a(lib_a-strlen.o)
 .comment       0x0000000000000000       0x12 c:/nxp/bstudio_nxp/sdk/tools/ba-elf-ba2-r36379/bin/../lib/gcc/ba-elf/4.7.4/../../../../ba-elf/lib/mcpu_jn51xx_sizeopt\libc.a(lib_a-strncmp.o)
 .comment       0x0000000000000000       0x11 C:\nxp\bstudio_nxp\sdk\JN-SW-4163/Components/Library\libMicroSpecific_JN516x.a(MicroSyscall_ba.o)
                                         0x12 (size before relaxing)
 .comment       0x0000000000000000       0x12 c:/nxp/bstudio_nxp/sdk/tools/ba-elf-ba2-r36379/bin/../lib/gcc/ba-elf/4.7.4/../../../../ba-elf/lib/mcpu_jn51xx_sizeopt\libc.a(lib_a-strtok.o)
 .comment       0x0000000000000000       0x12 c:/nxp/bstudio_nxp/sdk/tools/ba-elf-ba2-r36379/bin/../lib/gcc/ba-elf/4.7.4/../../../../ba-elf/lib/mcpu_jn51xx_sizeopt\libc.a(lib_a-strtok_r.o)
 .comment       0x0000000000000000       0x12 c:/nxp/bstudio_nxp/sdk/tools/ba-elf-ba2-r36379/bin/../lib/gcc/ba-elf/4.7.4/../../../../ba-elf/lib/mcpu_jn51xx_sizeopt\libc.a(lib_a-impure.o)

.debug_info     0x0000000000000000     0x1cd3
 .debug_info    0x0000000000000000       0xf3 c:/nxp/bstudio_nxp/sdk/tools/ba-elf-ba2-r36379/bin/../lib/gcc/ba-elf/4.7.4/../../../../ba-elf/lib/mcpu_jn51xx_sizeopt\libc.a(lib_a-memcmp.o)
 .debug_info    0x00000000000000f3      0x106 c:/nxp/bstudio_nxp/sdk/tools/ba-elf-ba2-r36379/bin/../lib/gcc/ba-elf/4.7.4/../../../../ba-elf/lib/mcpu_jn51xx_sizeopt\libc.a(lib_a-memcpy.o)
 .debug_info    0x00000000000001f9       0xd7 c:/nxp/bstudio_nxp/sdk/tools/ba-elf-ba2-r36379/bin/../lib/gcc/ba-elf/4.7.4/../../../../ba-elf/lib/mcpu_jn51xx_sizeopt\libc.a(lib_a-memset.o)
 .debug_info    0x00000000000002d0       0xbb c:/nxp/bstudio_nxp/sdk/tools/ba-elf-ba2-r36379/bin/../lib/gcc/ba-elf/4.7.4/../../../../ba-elf/lib/mcpu_jn51xx_sizeopt\libc.a(lib_a-strcmp.o)
 .debug_info    0x000000000000038b       0xce c:/nxp/bstudio_nxp/sdk/tools/ba-elf-ba2-r36379/bin/../lib/gcc/ba-elf/4.7.4/../../../../ba-elf/lib/mcpu_jn51xx_sizeopt\libc.a(lib_a-strcpy.o)
 .debug_info    0x0000000000000459       0xc8 c:/nxp/bstudio_nxp/sdk/tools/ba-elf-ba2-r36379/bin/../lib/gcc/ba-elf/4.7.4/../../../../ba-elf/lib/mcpu_jn51xx_sizeopt\libc.a(lib_a-strlen.o)
 .debug_info    0x0000000000000521       0xd3 c:/nxp/bstudio_nxp/sdk/tools/ba-elf-ba2-r36379/bin/../lib/gcc/ba-elf/4.7.4/../../../../ba-elf/lib/mcpu_jn51xx_sizeopt\libc.a(lib_a-strncmp.o)
 .debug_info    0x00000000000005f4       0xb4 c:/nxp/bstudio_nxp/sdk/tools/ba-elf-ba2-r36379/bin/../lib/gcc/ba-elf/4.7.4/mcpu_jn51xx_sizeopt\libgcc.a(__udivsi3.o)
 .debug_info    0x00000000000006a8       0xb4 c:/nxp/bstudio_nxp/sdk/tools/ba-elf-ba2-r36379/bin/../lib/gcc/ba-elf/4.7.4/mcpu_jn51xx_sizeopt\libgcc.a(__umodsi3.o)
 .debug_info    0x000000000000075c       0xaa C:\nxp\bstudio_nxp\sdk\JN-SW-4163/Components/Library\libBoot_JN516x.a(ExceptionHandler.o)
 .debug_info    0x0000000000000806      0x9cf c:/nxp/bstudio_nxp/sdk/tools/ba-elf-ba2-r36379/bin/../lib/gcc/ba-elf/4.7.4/../../../../ba-elf/lib/mcpu_jn51xx_sizeopt\libc.a(lib_a-strtok.o)
 .debug_info    0x00000000000011d5      0x18e c:/nxp/bstudio_nxp/sdk/tools/ba-elf-ba2-r36379/bin/../lib/gcc/ba-elf/4.7.4/../../../../ba-elf/lib/mcpu_jn51xx_sizeopt\libc.a(lib_a-strtok_r.o)
 .debug_info    0x0000000000001363      0x970 c:/nxp/bstudio_nxp/sdk/tools/ba-elf-ba2-r36379/bin/../lib/gcc/ba-elf/4.7.4/../../../../ba-elf/lib/mcpu_jn51xx_sizeopt\libc.a(lib_a-impure.o)

.debug_abbrev   0x0000000000000000      0x7d1
 .debug_abbrev  0x0000000000000000       0x8e c:/nxp/bstudio_nxp/sdk/tools/ba-elf-ba2-r36379/bin/../lib/gcc/ba-elf/4.7.4/../../../../ba-elf/lib/mcpu_jn51xx_sizeopt\libc.a(lib_a-memcmp.o)
 .debug_abbrev  0x000000000000008e       0xa4 c:/nxp/bstudio_nxp/sdk/tools/ba-elf-ba2-r36379/bin/../lib/gcc/ba-elf/4.7.4/../../../../ba-elf/lib/mcpu_jn51xx_sizeopt\libc.a(lib_a-memcpy.o)
 .debug_abbrev  0x0000000000000132       0x8e c:/nxp/bstudio_nxp/sdk/tools/ba-elf-ba2-r36379/bin/../lib/gcc/ba-elf/4.7.4/../../../../ba-elf/lib/mcpu_jn51xx_sizeopt\libc.a(lib_a-memset.o)
 .debug_abbrev  0x00000000000001c0       0x63 c:/nxp/bstudio_nxp/sdk/tools/ba-elf-ba2-r36379/bin/../lib/gcc/ba-elf/4.7.4/../../../../ba-elf/lib/mcpu_jn51xx_sizeopt\libc.a(lib_a-strcmp.o)
 .debug_abbrev  0x0000000000000223       0x72 c:/nxp/bstudio_nxp/sdk/tools/ba-elf-ba2-r36379/bin/../lib/gcc/ba-elf/4.7.4/../../../../ba-elf/lib/mcpu_jn51xx_sizeopt\libc.a(lib_a-strcpy.o)
 .debug_abbrev  0x0000000000000295       0x7f c:/nxp/bstudio_nxp/sdk/tools/ba-elf-ba2-r36379/bin/../lib/gcc/ba-elf/4.7.4/../../../../ba-elf/lib/mcpu_jn51xx_sizeopt\libc.a(lib_a-strlen.o)
 .debug_abbrev  0x0000000000000314       0x70 c:/nxp/bstudio_nxp/sdk/tools/ba-elf-ba2-r36379/bin/../lib/gcc/ba-elf/4.7.4/../../../../ba-elf/lib/mcpu_jn51xx_sizeopt\libc.a(lib_a-strncmp.o)
 .debug_abbrev  0x0000000000000384       0x14 c:/nxp/bstudio_nxp/sdk/tools/ba-elf-ba2-r36379/bin/../lib/gcc/ba-elf/4.7.4/mcpu_jn51xx_sizeopt\libgcc.a(__udivsi3.o)
 .debug_abbrev  0x0000000000000398       0x14 c:/nxp/bstudio_nxp/sdk/tools/ba-elf-ba2-r36379/bin/../lib/gcc/ba-elf/4.7.4/mcpu_jn51xx_sizeopt\libgcc.a(__umodsi3.o)
 .debug_abbrev  0x00000000000003ac       0x14 C:\nxp\bstudio_nxp\sdk\JN-SW-4163/Components/Library\libBoot_JN516x.a(ExceptionHandler.o)
 .debug_abbrev  0x00000000000003c0      0x1c0 c:/nxp/bstudio_nxp/sdk/tools/ba-elf-ba2-r36379/bin/../lib/gcc/ba-elf/4.7.4/../../../../ba-elf/lib/mcpu_jn51xx_sizeopt\libc.a(lib_a-strtok.o)
 .debug_abbrev  0x0000000000000580       0xef c:/nxp/bstudio_nxp/sdk/tools/ba-elf-ba2-r36379/bin/../lib/gcc/ba-elf/4.7.4/../../../../ba-elf/lib/mcpu_jn51xx_sizeopt\libc.a(lib_a-strtok_r.o)
 .debug_abbrev  0x000000000000066f      0x162 c:/nxp/bstudio_nxp/sdk/tools/ba-elf-ba2-r36379/bin/../lib/gcc/ba-elf/4.7.4/../../../../ba-elf/lib/mcpu_jn51xx_sizeopt\libc.a(lib_a-impure.o)

.debug_loc      0x0000000000000000      0x44c
 .debug_loc     0x0000000000000000       0x73 c:/nxp/bstudio_nxp/sdk/tools/ba-elf-ba2-r36379/bin/../lib/gcc/ba-elf/4.7.4/../../../../ba-elf/lib/mcpu_jn51xx_sizeopt\libc.a(lib_a-memcmp.o)
 .debug_loc     0x0000000000000073       0x39 c:/nxp/bstudio_nxp/sdk/tools/ba-elf-ba2-r36379/bin/../lib/gcc/ba-elf/4.7.4/../../../../ba-elf/lib/mcpu_jn51xx_sizeopt\libc.a(lib_a-memcpy.o)
 .debug_loc     0x00000000000000ac       0x3f c:/nxp/bstudio_nxp/sdk/tools/ba-elf-ba2-r36379/bin/../lib/gcc/ba-elf/4.7.4/../../../../ba-elf/lib/mcpu_jn51xx_sizeopt\libc.a(lib_a-memset.o)
 .debug_loc     0x00000000000000eb       0x3c c:/nxp/bstudio_nxp/sdk/tools/ba-elf-ba2-r36379/bin/../lib/gcc/ba-elf/4.7.4/../../../../ba-elf/lib/mcpu_jn51xx_sizeopt\libc.a(lib_a-strcmp.o)
 .debug_loc     0x0000000000000127       0x49 c:/nxp/bstudio_nxp/sdk/tools/ba-elf-ba2-r36379/bin/../lib/gcc/ba-elf/4.7.4/../../../../ba-elf/lib/mcpu_jn51xx_sizeopt\libc.a(lib_a-strcpy.o)
 .debug_loc     0x0000000000000170       0x3f c:/nxp/bstudio_nxp/sdk/tools/ba-elf-ba2-r36379/bin/../lib/gcc/ba-elf/4.7.4/../../../../ba-elf/lib/mcpu_jn51xx_sizeopt\libc.a(lib_a-strlen.o)
 .debug_loc     0x00000000000001af       0x5a c:/nxp/bstudio_nxp/sdk/tools/ba-elf-ba2-r36379/bin/../lib/gcc/ba-elf/4.7.4/../../../../ba-elf/lib/mcpu_jn51xx_sizeopt\libc.a(lib_a-strncmp.o)
 .debug_loc     0x0000000000000209       0x42 c:/nxp/bstudio_nxp/sdk/tools/ba-elf-ba2-r36379/bin/../lib/gcc/ba-elf/4.7.4/../../../../ba-elf/lib/mcpu_jn51xx_sizeopt\libc.a(lib_a-strtok.o)
 .debug_loc     0x000000000000024b      0x201 c:/nxp/bstudio_nxp/sdk/tools/ba-elf-ba2-r36379/bin/../lib/gcc/ba-elf/4.7.4/../../../../ba-elf/lib/mcpu_jn51xx_sizeopt\libc.a(lib_a-strtok_r.o)

.debug_aranges  0x0000000000000000      0x198
 .debug_aranges
                0x0000000000000000       0x20 c:/nxp/bstudio_nxp/sdk/tools/ba-elf-ba2-r36379/bin/../lib/gcc/ba-elf/4.7.4/../../../../ba-elf/lib/mcpu_jn51xx_sizeopt\libc.a(lib_a-memcmp.o)
 .debug_aranges
                0x0000000000000020       0x20 c:/nxp/bstudio_nxp/sdk/tools/ba-elf-ba2-r36379/bin/../lib/gcc/ba-elf/4.7.4/../../../../ba-elf/lib/mcpu_jn51xx_sizeopt\libc.a(lib_a-memcpy.o)
 .debug_aranges
                0x0000000000000040       0x20 c:/nxp/bstudio_nxp/sdk/tools/ba-elf-ba2-r36379/bin/../lib/gcc/ba-elf/4.7.4/../../../../ba-elf/lib/mcpu_jn51xx_sizeopt\libc.a(lib_a-memset.o)
 .debug_aranges
                0x0000000000000060       0x20 c:/nxp/bstudio_nxp/sdk/tools/ba-elf-ba2-r36379/bin/../lib/gcc/ba-elf/4.7.4/../../../../ba-elf/lib/mcpu_jn51xx_sizeopt\libc.a(lib_a-strcmp.o)
 .debug_aranges
                0x0000000000000080       0x20 c:/nxp/bstudio_nxp/sdk/tools/ba-elf-ba2-r36379/bin/../lib/gcc/ba-elf/4.7.4/../../../../ba-elf/lib/mcpu_jn51xx_sizeopt\libc.a(lib_a-strcpy.o)
 .debug_aranges
                0x00000000000000a0       0x20 c:/nxp/bstudio_nxp/sdk/tools/ba-elf-ba2-r36379/bin/../lib/gcc/ba-elf/4.7.4/../../../../ba-elf/lib/mcpu_jn51xx_sizeopt\libc.a(lib_a-strlen.o)
 .debug_aranges
                0x00000000000000c0       0x20 c:/nxp/bstudio_nxp/sdk/tools/ba-elf-ba2-r36379/bin/../lib/gcc/ba-elf/4.7.4/../../../../ba-elf/lib/mcpu_jn51xx_sizeopt\libc.a(lib_a-strncmp.o)
 .debug_aranges
                0x00000000000000e0       0x20 c:/nxp/bstudio_nxp/sdk/tools/ba-elf-ba2-r36379/bin/../lib/gcc/ba-elf/4.7.4/mcpu_jn51xx_sizeopt\libgcc.a(__udivsi3.o)
 .debug_aranges
                0x0000000000000100       0x20 c:/nxp/bstudio_nxp/sdk/tools/ba-elf-ba2-r36379/bin/../lib/gcc/ba-elf/4.7.4/mcpu_jn51xx_sizeopt\libgcc.a(__umodsi3.o)
 .debug_aranges
                0x0000000000000120       0x20 C:\nxp\bstudio_nxp\sdk\JN-SW-4163/Components/Library\libBoot_JN516x.a(ExceptionHandler.o)
 .debug_aranges
                0x0000000000000140       0x20 c:/nxp/bstudio_nxp/sdk/tools/ba-elf-ba2-r36379/bin/../lib/gcc/ba-elf/4.7.4/../../../../ba-elf/lib/mcpu_jn51xx_sizeopt\libc.a(lib_a-strtok.o)
 .debug_aranges
                0x0000000000000160       0x20 c:/nxp/bstudio_nxp/sdk/tools/ba-elf-ba2-r36379/bin/../lib/gcc/ba-elf/4.7.4/../../../../ba-elf/lib/mcpu_jn51xx_sizeopt\libc.a(lib_a-strtok_r.o)
 .debug_aranges
                0x0000000000000180       0x18 c:/nxp/bstudio_nxp/sdk/tools/ba-elf-ba2-r36379/bin/../lib/gcc/ba-elf/4.7.4/../../../../ba-elf/lib/mcpu_jn51xx_sizeopt\libc.a(lib_a-impure.o)

.debug_line     0x0000000000000000     0x1617
 .debug_line    0x0000000000000000      0x154 c:/nxp/bstudio_nxp/sdk/tools/ba-elf-ba2-r36379/bin/../lib/gcc/ba-elf/4.7.4/../../../../ba-elf/lib/mcpu_jn51xx_sizeopt\libc.a(lib_a-memcmp.o)
 .debug_line    0x0000000000000154      0x148 c:/nxp/bstudio_nxp/sdk/tools/ba-elf-ba2-r36379/bin/../lib/gcc/ba-elf/4.7.4/../../../../ba-elf/lib/mcpu_jn51xx_sizeopt\libc.a(lib_a-memcpy.o)
 .debug_line    0x000000000000029c      0x13e c:/nxp/bstudio_nxp/sdk/tools/ba-elf-ba2-r36379/bin/../lib/gcc/ba-elf/4.7.4/../../../../ba-elf/lib/mcpu_jn51xx_sizeopt\libc.a(lib_a-memset.o)
 .debug_line    0x00000000000003da       0xf6 c:/nxp/bstudio_nxp/sdk/tools/ba-elf-ba2-r36379/bin/../lib/gcc/ba-elf/4.7.4/../../../../ba-elf/lib/mcpu_jn51xx_sizeopt\libc.a(lib_a-strcmp.o)
 .debug_line    0x00000000000004d0       0xda c:/nxp/bstudio_nxp/sdk/tools/ba-elf-ba2-r36379/bin/../lib/gcc/ba-elf/4.7.4/../../../../ba-elf/lib/mcpu_jn51xx_sizeopt\libc.a(lib_a-strcpy.o)
 .debug_line    0x00000000000005aa      0x12e c:/nxp/bstudio_nxp/sdk/tools/ba-elf-ba2-r36379/bin/../lib/gcc/ba-elf/4.7.4/../../../../ba-elf/lib/mcpu_jn51xx_sizeopt\libc.a(lib_a-strlen.o)
 .debug_line    0x00000000000006d8      0x160 c:/nxp/bstudio_nxp/sdk/tools/ba-elf-ba2-r36379/bin/../lib/gcc/ba-elf/4.7.4/../../../../ba-elf/lib/mcpu_jn51xx_sizeopt\libc.a(lib_a-strncmp.o)
 .debug_line    0x0000000000000838      0x47b c:/nxp/bstudio_nxp/sdk/tools/ba-elf-ba2-r36379/bin/../lib/gcc/ba-elf/4.7.4/mcpu_jn51xx_sizeopt\libgcc.a(__udivsi3.o)
 .debug_line    0x0000000000000cb3      0x3c7 c:/nxp/bstudio_nxp/sdk/tools/ba-elf-ba2-r36379/bin/../lib/gcc/ba-elf/4.7.4/mcpu_jn51xx_sizeopt\libgcc.a(__umodsi3.o)
 .debug_line    0x000000000000107a      0x197 C:\nxp\bstudio_nxp\sdk\JN-SW-4163/Components/Library\libBoot_JN516x.a(ExceptionHandler.o)
 .debug_line    0x0000000000001211      0x182 c:/nxp/bstudio_nxp/sdk/tools/ba-elf-ba2-r36379/bin/../lib/gcc/ba-elf/4.7.4/../../../../ba-elf/lib/mcpu_jn51xx_sizeopt\libc.a(lib_a-strtok.o)
 .debug_line    0x0000000000001393      0x16a c:/nxp/bstudio_nxp/sdk/tools/ba-elf-ba2-r36379/bin/../lib/gcc/ba-elf/4.7.4/../../../../ba-elf/lib/mcpu_jn51xx_sizeopt\libc.a(lib_a-strtok_r.o)
 .debug_line    0x00000000000014fd      0x11a c:/nxp/bstudio_nxp/sdk/tools/ba-elf-ba2-r36379/bin/../lib/gcc/ba-elf/4.7.4/../../../../ba-elf/lib/mcpu_jn51xx_sizeopt\libc.a(lib_a-impure.o)

.debug_str      0x0000000000000000      0x80d
 .debug_str     0x0000000000000000       0x50 c:/nxp/bstudio_nxp/sdk/tools/ba-elf-ba2-r36379/bin/../lib/gcc/ba-elf/4.7.4/../../../../ba-elf/lib/mcpu_jn51xx_sizeopt\libc.a(lib_a-memcmp.o)
                                        0x152 (size before relaxing)
 .debug_str     0x0000000000000050       0x5d c:/nxp/bstudio_nxp/sdk/tools/ba-elf-ba2-r36379/bin/../lib/gcc/ba-elf/4.7.4/../../../../ba-elf/lib/mcpu_jn51xx_sizeopt\libc.a(lib_a-memcpy.o)
                                        0x166 (size before relaxing)
 .debug_str     0x00000000000000ad       0x49 c:/nxp/bstudio_nxp/sdk/tools/ba-elf-ba2-r36379/bin/../lib/gcc/ba-elf/4.7.4/../../../../ba-elf/lib/mcpu_jn51xx_sizeopt\libc.a(lib_a-memset.o)
                                        0x152 (size before relaxing)
 .debug_str     0x00000000000000f6       0x49 c:/nxp/bstudio_nxp/sdk/tools/ba-elf-ba2-r36379/bin/../lib/gcc/ba-elf/4.7.4/../../../../ba-elf/lib/mcpu_jn51xx_sizeopt\libc.a(lib_a-strcmp.o)
                                        0x14b (size before relaxing)
 .debug_str     0x000000000000013f       0x49 c:/nxp/bstudio_nxp/sdk/tools/ba-elf-ba2-r36379/bin/../lib/gcc/ba-elf/4.7.4/../../../../ba-elf/lib/mcpu_jn51xx_sizeopt\libc.a(lib_a-strcpy.o)
                                        0x155 (size before relaxing)
 .debug_str     0x0000000000000188       0x4f c:/nxp/bstudio_nxp/sdk/tools/ba-elf-ba2-r36379/bin/../lib/gcc/ba-elf/4.7.4/../../../../ba-elf/lib/mcpu_jn51xx_sizeopt\libc.a(lib_a-strlen.o)
                                        0x158 (size before relaxing)
 .debug_str     0x00000000000001d7       0x4b c:/nxp/bstudio_nxp/sdk/tools/ba-elf-ba2-r36379/bin/../lib/gcc/ba-elf/4.7.4/../../../../ba-elf/lib/mcpu_jn51xx_sizeopt\libc.a(lib_a-strncmp.o)
                                        0x154 (size before relaxing)
 .debug_str     0x0000000000000222      0x4c0 c:/nxp/bstudio_nxp/sdk/tools/ba-elf-ba2-r36379/bin/../lib/gcc/ba-elf/4.7.4/../../../../ba-elf/lib/mcpu_jn51xx_sizeopt\libc.a(lib_a-strtok.o)
                                        0x51e (size before relaxing)
 .debug_str     0x00000000000006e2       0x68 c:/nxp/bstudio_nxp/sdk/tools/ba-elf-ba2-r36379/bin/../lib/gcc/ba-elf/4.7.4/../../../../ba-elf/lib/mcpu_jn51xx_sizeopt\libc.a(lib_a-strtok_r.o)
                                        0x184 (size before relaxing)
 .debug_str     0x000000000000074a       0xc3 c:/nxp/bstudio_nxp/sdk/tools/ba-elf-ba2-r36379/bin/../lib/gcc/ba-elf/4.7.4/../../../../ba-elf/lib/mcpu_jn51xx_sizeopt\libc.a(lib_a-impure.o)
                                        0x523 (size before relaxing)

.debug_frame    0x0000000000000000      0x13c
 .debug_frame   0x0000000000000000       0x20 c:/nxp/bstudio_nxp/sdk/tools/ba-elf-ba2-r36379/bin/../lib/gcc/ba-elf/4.7.4/../../../../ba-elf/lib/mcpu_jn51xx_sizeopt\libc.a(lib_a-memcmp.o)
 .debug_frame   0x0000000000000020       0x20 c:/nxp/bstudio_nxp/sdk/tools/ba-elf-ba2-r36379/bin/../lib/gcc/ba-elf/4.7.4/../../../../ba-elf/lib/mcpu_jn51xx_sizeopt\libc.a(lib_a-memcpy.o)
 .debug_frame   0x0000000000000040       0x20 c:/nxp/bstudio_nxp/sdk/tools/ba-elf-ba2-r36379/bin/../lib/gcc/ba-elf/4.7.4/../../../../ba-elf/lib/mcpu_jn51xx_sizeopt\libc.a(lib_a-memset.o)
 .debug_frame   0x0000000000000060       0x20 c:/nxp/bstudio_nxp/sdk/tools/ba-elf-ba2-r36379/bin/../lib/gcc/ba-elf/4.7.4/../../../../ba-elf/lib/mcpu_jn51xx_sizeopt\libc.a(lib_a-strcmp.o)
 .debug_frame   0x0000000000000080       0x20 c:/nxp/bstudio_nxp/sdk/tools/ba-elf-ba2-r36379/bin/../lib/gcc/ba-elf/4.7.4/../../../../ba-elf/lib/mcpu_jn51xx_sizeopt\libc.a(lib_a-strcpy.o)
 .debug_frame   0x00000000000000a0       0x20 c:/nxp/bstudio_nxp/sdk/tools/ba-elf-ba2-r36379/bin/../lib/gcc/ba-elf/4.7.4/../../../../ba-elf/lib/mcpu_jn51xx_sizeopt\libc.a(lib_a-strlen.o)
 .debug_frame   0x00000000000000c0       0x20 c:/nxp/bstudio_nxp/sdk/tools/ba-elf-ba2-r36379/bin/../lib/gcc/ba-elf/4.7.4/../../../../ba-elf/lib/mcpu_jn51xx_sizeopt\libc.a(lib_a-strncmp.o)
 .debug_frame   0x00000000000000e0       0x20 c:/nxp/bstudio_nxp/sdk/tools/ba-elf-ba2-r36379/bin/../lib/gcc/ba-elf/4.7.4/../../../../ba-elf/lib/mcpu_jn51xx_sizeopt\libc.a(lib_a-strtok.o)
 .debug_frame   0x0000000000000100       0x3c c:/nxp/bstudio_nxp/sdk/tools/ba-elf-ba2-r36379/bin/../lib/gcc/ba-elf/4.7.4/../../../../ba-elf/lib/mcpu_jn51xx_sizeopt\libc.a(lib_a-strtok_r.o)
