16:22:47 **** Incremental Build of configuration Coordinator_JN5168 for project Z200 ****
make clean JENNIC_CHIP=JN5168 all 
Building trace version ...
rm -f crd_coordinator.o dbg.o lcd.o node.o queue.o rnd.o uart.o wuart.o AppQueueApi.o QApp.o enddevice.o Qsensor.o QUtils.o QEvent_Process.o crd_coordinator.d dbg.d lcd.d node.d queue.d rnd.d uart.d wuart.d AppQueueApi.d QApp.d enddevice.d Qsensor.d QUtils.d QEvent_Process.d Coordinator_JN5168*.bin Coordinator_JN5168*.elf Coordinator_JN5168*.map
Compiling /c/nxp/bstudio_nxp/NewZ200RS485Sensor-new/NewZ200RS485Sensor/Z200/Coordinator/Source/crd_coordinator.c ...
C:\nxp\bstudio_nxp\sdk\JN-SW-4163/../Tools/ba-elf-ba2-r36379/bin/ba-elf-gcc -c -o crd_coordinator.o -DLED_CTRL_CARRIER_BOARD= -DJN516x=5160 -DJN5168=5168 -DJENNIC_CHIP_NAME=_JN5168 -DJENNIC_CHIP_FAMILY_NAME=_JN516x -march=ba2 -mcpu=jn51xx -mredzone-size=4 -mbranch-cost=3 -fomit-frame-pointer -Os -fshort-enums -Wall  -Wpacked -Wcast-align -fdata-sections -ffunction-sections -flto  -DWATCHDOG_ENABLED -DJENNIC_HW_BBC_RXINCCA=1 -DJENNIC_HW_BBC_DMA=1 -DJENNIC_HW_BBC_ISA=0 -DJENNIC_SW_EXTERNAL_FLASH=0 -DJN516X_DMA_UART_BACKWARDS_COMPATIBLE_API=1 -DUART_BACKWARDS_COMPATIBLE_API=1 -DJENNIC_CHIP=JN5168 -DJENNIC_CHIP_JN5168 -DJENNIC_CHIP_FAMILY=JN516x -DJENNIC_CHIP_FAMILY_JN516x -DJENNIC_STACK_MAC -DJENNIC_MAC_MAC -Wall -Wunreachable-code -DEMBEDDED -IC:\nxp\bstudio_nxp\sdk\JN-SW-4163/Platform/Common/Include -DJENNIC_PCB=DEVKIT4 -DJENNIC_PCB_DEVKIT4 -IC:\nxp\bstudio_nxp\sdk\JN-SW-4163/Platform/DK4/Include -IC:\nxp\bstudio_nxp\sdk\JN-SW-4163/Components/Common/Include -DDBG_ENABLE -I/c/nxp/bstudio_nxp/NewZ200RS485Sensor-new/NewZ200RS485Sensor/Z200/Coordinator/Source -I/c/nxp/bstudio_nxp/NewZ200RS485Sensor-new/NewZ200RS485Sensor/Z200/Coordinator/Source/.. -I/c/nxp/bstudio_nxp/NewZ200RS485Sensor-new/NewZ200RS485Sensor/Z200/Common/Source -IC:\nxp\bstudio_nxp\sdk\JN-SW-4163/Components/JennicLogo/Include -IC:\nxp\bstudio_nxp\sdk\JN-SW-4163/Components/Utilities/Include -IC:\nxp\bstudio_nxp\sdk\JN-SW-4163/Components/AppQueueApi/Include  -IC:\nxp\bstudio_nxp\sdk\JN-SW-4163/Components/AppApi/Include -IC:\nxp\bstudio_nxp\sdk\JN-SW-4163/Components/MAC/Include -IC:\nxp\bstudio_nxp\sdk\JN-SW-4163/Components/MMAC/Include -IC:\nxp\bstudio_nxp\sdk\JN-SW-4163/Components/HardwareApi/Include -IC:\nxp\bstudio_nxp\sdk\JN-SW-4163/Components/Aes/Include -IC:\nxp\bstudio_nxp\sdk\JN-SW-4163/Components/DBG/Include -IC:\nxp\bstudio_nxp\sdk\JN-SW-4163/Components/MAC/Include -IC:\nxp\bstudio_nxp\sdk\JN-SW-4163/Components/TimerServer/Include -IC:\nxp\bstudio_nxp\sdk\JN-SW-4163/Components/PDM/Include  /c/nxp/bstudio_nxp/NewZ200RS485Sensor-new/NewZ200RS485Sensor/Z200/Coordinator/Source/crd_coordinator.c -MD -MF crd_coordinator.d -MP
c:/nxp/bstudio_nxp/NewZ200RS485Sensor-new/NewZ200RS485Sensor/Z200/Coordinator/Source/crd_coordinator.c: In function 'CRD_vMain':
c:/nxp/bstudio_nxp/NewZ200RS485Sensor-new/NewZ200RS485Sensor/Z200/Coordinator/Source/crd_coordinator.c:262:6: warning: pointer targets in passing argument 1 of 'printMsg' differ in signedness [-Wpointer-sign]
In file included from c:/nxp/bstudio_nxp/NewZ200RS485Sensor-new/NewZ200RS485Sensor/Z200/Coordinator/Source/crd_coordinator.c:55:0:
c:/nxp/bstudio_nxp/NewZ200RS485Sensor-new/NewZ200RS485Sensor/Z200/Common/Source/QApp.h:92:6: note: expected 'uint8 *' but argument is of type 'char *'
c:/nxp/bstudio_nxp/NewZ200RS485Sensor-new/NewZ200RS485Sensor/Z200/Coordinator/Source/crd_coordinator.c:263:6: warning: pointer targets in passing argument 1 of 'printMsg' differ in signedness [-Wpointer-sign]
In file included from c:/nxp/bstudio_nxp/NewZ200RS485Sensor-new/NewZ200RS485Sensor/Z200/Coordinator/Source/crd_coordinator.c:55:0:
c:/nxp/bstudio_nxp/NewZ200RS485Sensor-new/NewZ200RS485Sensor/Z200/Common/Source/QApp.h:92:6: note: expected 'uint8 *' but argument is of type 'char *'
c:/nxp/bstudio_nxp/NewZ200RS485Sensor-new/NewZ200RS485Sensor/Z200/Coordinator/Source/crd_coordinator.c: In function 'CRD_vInit':
c:/nxp/bstudio_nxp/NewZ200RS485Sensor-new/NewZ200RS485Sensor/Z200/Coordinator/Source/crd_coordinator.c:438:9: warning: unused variable 'u32BaudRate' [-Wunused-variable]
c:/nxp/bstudio_nxp/NewZ200RS485Sensor-new/NewZ200RS485Sensor/Z200/Coordinator/Source/crd_coordinator.c: In function 'CRD_vIndAssociate':
c:/nxp/bstudio_nxp/NewZ200RS485Sensor-new/NewZ200RS485Sensor/Z200/Coordinator/Source/crd_coordinator.c:1169:9: warning: "/*" within comment [-Wcomment]
c:/nxp/bstudio_nxp/NewZ200RS485Sensor-new/NewZ200RS485Sensor/Z200/Coordinator/Source/crd_coordinator.c:1183:56: warning: "/*" within comment [-Wcomment]
c:/nxp/bstudio_nxp/NewZ200RS485Sensor-new/NewZ200RS485Sensor/Z200/Coordinator/Source/crd_coordinator.c:1196:56: warning: "/*" within comment [-Wcomment]
c:/nxp/bstudio_nxp/NewZ200RS485Sensor-new/NewZ200RS485Sensor/Z200/Coordinator/Source/crd_coordinator.c:1143:8: warning: unused variable 'u16RxSize' [-Wunused-variable]
c:/nxp/bstudio_nxp/NewZ200RS485Sensor-new/NewZ200RS485Sensor/Z200/Coordinator/Source/crd_coordinator.c:1142:9: warning: unused variable 'u16Pos' [-Wunused-variable]
c:/nxp/bstudio_nxp/NewZ200RS485Sensor-new/NewZ200RS485Sensor/Z200/Coordinator/Source/crd_coordinator.c:1141:8: warning: unused variable 'OutData' [-Wunused-variable]
c:/nxp/bstudio_nxp/NewZ200RS485Sensor-new/NewZ200RS485Sensor/Z200/Coordinator/Source/crd_coordinator.c:1140:8: warning: unused variable 'STM32' [-Wunused-variable]
c:/nxp/bstudio_nxp/NewZ200RS485Sensor-new/NewZ200RS485Sensor/Z200/Coordinator/Source/crd_coordinator.c:1139:17: warning: unused variable 'x' [-Wunused-variable]
c:/nxp/bstudio_nxp/NewZ200RS485Sensor-new/NewZ200RS485Sensor/Z200/Coordinator/Source/crd_coordinator.c:1139:11: warning: unused variable 'len' [-Wunused-variable]
c:/nxp/bstudio_nxp/NewZ200RS485Sensor-new/NewZ200RS485Sensor/Z200/Coordinator/Source/crd_coordinator.c:1138:11: warning: unused variable 'addTempOut' [-Wunused-variable]
c:/nxp/bstudio_nxp/NewZ200RS485Sensor-new/NewZ200RS485Sensor/Z200/Coordinator/Source/crd_coordinator.c:1137:12: warning: unused variable 'u16EndDeviceIndex' [-Wunused-variable]
c:/nxp/bstudio_nxp/NewZ200RS485Sensor-new/NewZ200RS485Sensor/Z200/Coordinator/Source/crd_coordinator.c: At top level:
c:/nxp/bstudio_nxp/NewZ200RS485Sensor-new/NewZ200RS485Sensor/Z200/Coordinator/Source/crd_coordinator.c:998:14: warning: 'CRD_vReqEnergyScan' defined but not used [-Wunused-function]
c:/nxp/bstudio_nxp/NewZ200RS485Sensor-new/NewZ200RS485Sensor/Z200/Coordinator/Source/crd_coordinator.c:1304:14: warning: 'CRD_vIndAssociate_One2One' defined but not used [-Wunused-function]

Compiling /c/nxp/bstudio_nxp/NewZ200RS485Sensor-new/NewZ200RS485Sensor/Z200/Common/Source/dbg.c ...
C:\nxp\bstudio_nxp\sdk\JN-SW-4163/../Tools/ba-elf-ba2-r36379/bin/ba-elf-gcc -c -o dbg.o -DLED_CTRL_CARRIER_BOARD= -DJN516x=5160 -DJN5168=5168 -DJENNIC_CHIP_NAME=_JN5168 -DJENNIC_CHIP_FAMILY_NAME=_JN516x -march=ba2 -mcpu=jn51xx -mredzone-size=4 -mbranch-cost=3 -fomit-frame-pointer -Os -fshort-enums -Wall  -Wpacked -Wcast-align -fdata-sections -ffunction-sections -flto  -DWATCHDOG_ENABLED -DJENNIC_HW_BBC_RXINCCA=1 -DJENNIC_HW_BBC_DMA=1 -DJENNIC_HW_BBC_ISA=0 -DJENNIC_SW_EXTERNAL_FLASH=0 -DJN516X_DMA_UART_BACKWARDS_COMPATIBLE_API=1 -DUART_BACKWARDS_COMPATIBLE_API=1 -DJENNIC_CHIP=JN5168 -DJENNIC_CHIP_JN5168 -DJENNIC_CHIP_FAMILY=JN516x -DJENNIC_CHIP_FAMILY_JN516x -DJENNIC_STACK_MAC -DJENNIC_MAC_MAC -Wall -Wunreachable-code -DEMBEDDED -IC:\nxp\bstudio_nxp\sdk\JN-SW-4163/Platform/Common/Include -DJENNIC_PCB=DEVKIT4 -DJENNIC_PCB_DEVKIT4 -IC:\nxp\bstudio_nxp\sdk\JN-SW-4163/Platform/DK4/Include -IC:\nxp\bstudio_nxp\sdk\JN-SW-4163/Components/Common/Include -DDBG_ENABLE -I/c/nxp/bstudio_nxp/NewZ200RS485Sensor-new/NewZ200RS485Sensor/Z200/Coordinator/Source -I/c/nxp/bstudio_nxp/NewZ200RS485Sensor-new/NewZ200RS485Sensor/Z200/Coordinator/Source/.. -I/c/nxp/bstudio_nxp/NewZ200RS485Sensor-new/NewZ200RS485Sensor/Z200/Common/Source -IC:\nxp\bstudio_nxp\sdk\JN-SW-4163/Components/JennicLogo/Include -IC:\nxp\bstudio_nxp\sdk\JN-SW-4163/Components/Utilities/Include -IC:\nxp\bstudio_nxp\sdk\JN-SW-4163/Components/AppQueueApi/Include  -IC:\nxp\bstudio_nxp\sdk\JN-SW-4163/Components/AppApi/Include -IC:\nxp\bstudio_nxp\sdk\JN-SW-4163/Components/MAC/Include -IC:\nxp\bstudio_nxp\sdk\JN-SW-4163/Components/MMAC/Include -IC:\nxp\bstudio_nxp\sdk\JN-SW-4163/Components/HardwareApi/Include -IC:\nxp\bstudio_nxp\sdk\JN-SW-4163/Components/Aes/Include -IC:\nxp\bstudio_nxp\sdk\JN-SW-4163/Components/DBG/Include -IC:\nxp\bstudio_nxp\sdk\JN-SW-4163/Components/MAC/Include -IC:\nxp\bstudio_nxp\sdk\JN-SW-4163/Components/TimerServer/Include -IC:\nxp\bstudio_nxp\sdk\JN-SW-4163/Components/PDM/Include  /c/nxp/bstudio_nxp/NewZ200RS485Sensor-new/NewZ200RS485Sensor/Z200/Common/Source/dbg.c -MD -MF dbg.d -MP

Compiling /c/nxp/bstudio_nxp/NewZ200RS485Sensor-new/NewZ200RS485Sensor/Z200/Common/Source/lcd.c ...
C:\nxp\bstudio_nxp\sdk\JN-SW-4163/../Tools/ba-elf-ba2-r36379/bin/ba-elf-gcc -c -o lcd.o -DLED_CTRL_CARRIER_BOARD= -DJN516x=5160 -DJN5168=5168 -DJENNIC_CHIP_NAME=_JN5168 -DJENNIC_CHIP_FAMILY_NAME=_JN516x -march=ba2 -mcpu=jn51xx -mredzone-size=4 -mbranch-cost=3 -fomit-frame-pointer -Os -fshort-enums -Wall  -Wpacked -Wcast-align -fdata-sections -ffunction-sections -flto  -DWATCHDOG_ENABLED -DJENNIC_HW_BBC_RXINCCA=1 -DJENNIC_HW_BBC_DMA=1 -DJENNIC_HW_BBC_ISA=0 -DJENNIC_SW_EXTERNAL_FLASH=0 -DJN516X_DMA_UART_BACKWARDS_COMPATIBLE_API=1 -DUART_BACKWARDS_COMPATIBLE_API=1 -DJENNIC_CHIP=JN5168 -DJENNIC_CHIP_JN5168 -DJENNIC_CHIP_FAMILY=JN516x -DJENNIC_CHIP_FAMILY_JN516x -DJENNIC_STACK_MAC -DJENNIC_MAC_MAC -Wall -Wunreachable-code -DEMBEDDED -IC:\nxp\bstudio_nxp\sdk\JN-SW-4163/Platform/Common/Include -DJENNIC_PCB=DEVKIT4 -DJENNIC_PCB_DEVKIT4 -IC:\nxp\bstudio_nxp\sdk\JN-SW-4163/Platform/DK4/Include -IC:\nxp\bstudio_nxp\sdk\JN-SW-4163/Components/Common/Include -DDBG_ENABLE -I/c/nxp/bstudio_nxp/NewZ200RS485Sensor-new/NewZ200RS485Sensor/Z200/Coordinator/Source -I/c/nxp/bstudio_nxp/NewZ200RS485Sensor-new/NewZ200RS485Sensor/Z200/Coordinator/Source/.. -I/c/nxp/bstudio_nxp/NewZ200RS485Sensor-new/NewZ200RS485Sensor/Z200/Common/Source -IC:\nxp\bstudio_nxp\sdk\JN-SW-4163/Components/JennicLogo/Include -IC:\nxp\bstudio_nxp\sdk\JN-SW-4163/Components/Utilities/Include -IC:\nxp\bstudio_nxp\sdk\JN-SW-4163/Components/AppQueueApi/Include  -IC:\nxp\bstudio_nxp\sdk\JN-SW-4163/Components/AppApi/Include -IC:\nxp\bstudio_nxp\sdk\JN-SW-4163/Components/MAC/Include -IC:\nxp\bstudio_nxp\sdk\JN-SW-4163/Components/MMAC/Include -IC:\nxp\bstudio_nxp\sdk\JN-SW-4163/Components/HardwareApi/Include -IC:\nxp\bstudio_nxp\sdk\JN-SW-4163/Components/Aes/Include -IC:\nxp\bstudio_nxp\sdk\JN-SW-4163/Components/DBG/Include -IC:\nxp\bstudio_nxp\sdk\JN-SW-4163/Components/MAC/Include -IC:\nxp\bstudio_nxp\sdk\JN-SW-4163/Components/TimerServer/Include -IC:\nxp\bstudio_nxp\sdk\JN-SW-4163/Components/PDM/Include  /c/nxp/bstudio_nxp/NewZ200RS485Sensor-new/NewZ200RS485Sensor/Z200/Common/Source/lcd.c -MD -MF lcd.d -MP

Compiling /c/nxp/bstudio_nxp/NewZ200RS485Sensor-new/NewZ200RS485Sensor/Z200/Common/Source/node.c ...
C:\nxp\bstudio_nxp\sdk\JN-SW-4163/../Tools/ba-elf-ba2-r36379/bin/ba-elf-gcc -c -o node.o -DLED_CTRL_CARRIER_BOARD= -DJN516x=5160 -DJN5168=5168 -DJENNIC_CHIP_NAME=_JN5168 -DJENNIC_CHIP_FAMILY_NAME=_JN516x -march=ba2 -mcpu=jn51xx -mredzone-size=4 -mbranch-cost=3 -fomit-frame-pointer -Os -fshort-enums -Wall  -Wpacked -Wcast-align -fdata-sections -ffunction-sections -flto  -DWATCHDOG_ENABLED -DJENNIC_HW_BBC_RXINCCA=1 -DJENNIC_HW_BBC_DMA=1 -DJENNIC_HW_BBC_ISA=0 -DJENNIC_SW_EXTERNAL_FLASH=0 -DJN516X_DMA_UART_BACKWARDS_COMPATIBLE_API=1 -DUART_BACKWARDS_COMPATIBLE_API=1 -DJENNIC_CHIP=JN5168 -DJENNIC_CHIP_JN5168 -DJENNIC_CHIP_FAMILY=JN516x -DJENNIC_CHIP_FAMILY_JN516x -DJENNIC_STACK_MAC -DJENNIC_MAC_MAC -Wall -Wunreachable-code -DEMBEDDED -IC:\nxp\bstudio_nxp\sdk\JN-SW-4163/Platform/Common/Include -DJENNIC_PCB=DEVKIT4 -DJENNIC_PCB_DEVKIT4 -IC:\nxp\bstudio_nxp\sdk\JN-SW-4163/Platform/DK4/Include -IC:\nxp\bstudio_nxp\sdk\JN-SW-4163/Components/Common/Include -DDBG_ENABLE -I/c/nxp/bstudio_nxp/NewZ200RS485Sensor-new/NewZ200RS485Sensor/Z200/Coordinator/Source -I/c/nxp/bstudio_nxp/NewZ200RS485Sensor-new/NewZ200RS485Sensor/Z200/Coordinator/Source/.. -I/c/nxp/bstudio_nxp/NewZ200RS485Sensor-new/NewZ200RS485Sensor/Z200/Common/Source -IC:\nxp\bstudio_nxp\sdk\JN-SW-4163/Components/JennicLogo/Include -IC:\nxp\bstudio_nxp\sdk\JN-SW-4163/Components/Utilities/Include -IC:\nxp\bstudio_nxp\sdk\JN-SW-4163/Components/AppQueueApi/Include  -IC:\nxp\bstudio_nxp\sdk\JN-SW-4163/Components/AppApi/Include -IC:\nxp\bstudio_nxp\sdk\JN-SW-4163/Components/MAC/Include -IC:\nxp\bstudio_nxp\sdk\JN-SW-4163/Components/MMAC/Include -IC:\nxp\bstudio_nxp\sdk\JN-SW-4163/Components/HardwareApi/Include -IC:\nxp\bstudio_nxp\sdk\JN-SW-4163/Components/Aes/Include -IC:\nxp\bstudio_nxp\sdk\JN-SW-4163/Components/DBG/Include -IC:\nxp\bstudio_nxp\sdk\JN-SW-4163/Components/MAC/Include -IC:\nxp\bstudio_nxp\sdk\JN-SW-4163/Components/TimerServer/Include -IC:\nxp\bstudio_nxp\sdk\JN-SW-4163/Components/PDM/Include  /c/nxp/bstudio_nxp/NewZ200RS485Sensor-new/NewZ200RS485Sensor/Z200/Common/Source/node.c -MD -MF node.d -MP
c:/nxp/bstudio_nxp/NewZ200RS485Sensor-new/NewZ200RS485Sensor/Z200/Common/Source/node.c: In function 'NODE_vTxAck':
c:/nxp/bstudio_nxp/NewZ200RS485Sensor-new/NewZ200RS485Sensor/Z200/Common/Source/node.c:149:31: warning: unknown escape sequence: '\c' [enabled by default]

Compiling /c/nxp/bstudio_nxp/NewZ200RS485Sensor-new/NewZ200RS485Sensor/Z200/Common/Source/queue.c ...
C:\nxp\bstudio_nxp\sdk\JN-SW-4163/../Tools/ba-elf-ba2-r36379/bin/ba-elf-gcc -c -o queue.o -DLED_CTRL_CARRIER_BOARD= -DJN516x=5160 -DJN5168=5168 -DJENNIC_CHIP_NAME=_JN5168 -DJENNIC_CHIP_FAMILY_NAME=_JN516x -march=ba2 -mcpu=jn51xx -mredzone-size=4 -mbranch-cost=3 -fomit-frame-pointer -Os -fshort-enums -Wall  -Wpacked -Wcast-align -fdata-sections -ffunction-sections -flto  -DWATCHDOG_ENABLED -DJENNIC_HW_BBC_RXINCCA=1 -DJENNIC_HW_BBC_DMA=1 -DJENNIC_HW_BBC_ISA=0 -DJENNIC_SW_EXTERNAL_FLASH=0 -DJN516X_DMA_UART_BACKWARDS_COMPATIBLE_API=1 -DUART_BACKWARDS_COMPATIBLE_API=1 -DJENNIC_CHIP=JN5168 -DJENNIC_CHIP_JN5168 -DJENNIC_CHIP_FAMILY=JN516x -DJENNIC_CHIP_FAMILY_JN516x -DJENNIC_STACK_MAC -DJENNIC_MAC_MAC -Wall -Wunreachable-code -DEMBEDDED -IC:\nxp\bstudio_nxp\sdk\JN-SW-4163/Platform/Common/Include -DJENNIC_PCB=DEVKIT4 -DJENNIC_PCB_DEVKIT4 -IC:\nxp\bstudio_nxp\sdk\JN-SW-4163/Platform/DK4/Include -IC:\nxp\bstudio_nxp\sdk\JN-SW-4163/Components/Common/Include -DDBG_ENABLE -I/c/nxp/bstudio_nxp/NewZ200RS485Sensor-new/NewZ200RS485Sensor/Z200/Coordinator/Source -I/c/nxp/bstudio_nxp/NewZ200RS485Sensor-new/NewZ200RS485Sensor/Z200/Coordinator/Source/.. -I/c/nxp/bstudio_nxp/NewZ200RS485Sensor-new/NewZ200RS485Sensor/Z200/Common/Source -IC:\nxp\bstudio_nxp\sdk\JN-SW-4163/Components/JennicLogo/Include -IC:\nxp\bstudio_nxp\sdk\JN-SW-4163/Components/Utilities/Include -IC:\nxp\bstudio_nxp\sdk\JN-SW-4163/Components/AppQueueApi/Include  -IC:\nxp\bstudio_nxp\sdk\JN-SW-4163/Components/AppApi/Include -IC:\nxp\bstudio_nxp\sdk\JN-SW-4163/Components/MAC/Include -IC:\nxp\bstudio_nxp\sdk\JN-SW-4163/Components/MMAC/Include -IC:\nxp\bstudio_nxp\sdk\JN-SW-4163/Components/HardwareApi/Include -IC:\nxp\bstudio_nxp\sdk\JN-SW-4163/Components/Aes/Include -IC:\nxp\bstudio_nxp\sdk\JN-SW-4163/Components/DBG/Include -IC:\nxp\bstudio_nxp\sdk\JN-SW-4163/Components/MAC/Include -IC:\nxp\bstudio_nxp\sdk\JN-SW-4163/Components/TimerServer/Include -IC:\nxp\bstudio_nxp\sdk\JN-SW-4163/Components/PDM/Include  /c/nxp/bstudio_nxp/NewZ200RS485Sensor-new/NewZ200RS485Sensor/Z200/Common/Source/queue.c -MD -MF queue.d -MP

Compiling /c/nxp/bstudio_nxp/NewZ200RS485Sensor-new/NewZ200RS485Sensor/Z200/Common/Source/rnd.c ...
C:\nxp\bstudio_nxp\sdk\JN-SW-4163/../Tools/ba-elf-ba2-r36379/bin/ba-elf-gcc -c -o rnd.o -DLED_CTRL_CARRIER_BOARD= -DJN516x=5160 -DJN5168=5168 -DJENNIC_CHIP_NAME=_JN5168 -DJENNIC_CHIP_FAMILY_NAME=_JN516x -march=ba2 -mcpu=jn51xx -mredzone-size=4 -mbranch-cost=3 -fomit-frame-pointer -Os -fshort-enums -Wall  -Wpacked -Wcast-align -fdata-sections -ffunction-sections -flto  -DWATCHDOG_ENABLED -DJENNIC_HW_BBC_RXINCCA=1 -DJENNIC_HW_BBC_DMA=1 -DJENNIC_HW_BBC_ISA=0 -DJENNIC_SW_EXTERNAL_FLASH=0 -DJN516X_DMA_UART_BACKWARDS_COMPATIBLE_API=1 -DUART_BACKWARDS_COMPATIBLE_API=1 -DJENNIC_CHIP=JN5168 -DJENNIC_CHIP_JN5168 -DJENNIC_CHIP_FAMILY=JN516x -DJENNIC_CHIP_FAMILY_JN516x -DJENNIC_STACK_MAC -DJENNIC_MAC_MAC -Wall -Wunreachable-code -DEMBEDDED -IC:\nxp\bstudio_nxp\sdk\JN-SW-4163/Platform/Common/Include -DJENNIC_PCB=DEVKIT4 -DJENNIC_PCB_DEVKIT4 -IC:\nxp\bstudio_nxp\sdk\JN-SW-4163/Platform/DK4/Include -IC:\nxp\bstudio_nxp\sdk\JN-SW-4163/Components/Common/Include -DDBG_ENABLE -I/c/nxp/bstudio_nxp/NewZ200RS485Sensor-new/NewZ200RS485Sensor/Z200/Coordinator/Source -I/c/nxp/bstudio_nxp/NewZ200RS485Sensor-new/NewZ200RS485Sensor/Z200/Coordinator/Source/.. -I/c/nxp/bstudio_nxp/NewZ200RS485Sensor-new/NewZ200RS485Sensor/Z200/Common/Source -IC:\nxp\bstudio_nxp\sdk\JN-SW-4163/Components/JennicLogo/Include -IC:\nxp\bstudio_nxp\sdk\JN-SW-4163/Components/Utilities/Include -IC:\nxp\bstudio_nxp\sdk\JN-SW-4163/Components/AppQueueApi/Include  -IC:\nxp\bstudio_nxp\sdk\JN-SW-4163/Components/AppApi/Include -IC:\nxp\bstudio_nxp\sdk\JN-SW-4163/Components/MAC/Include -IC:\nxp\bstudio_nxp\sdk\JN-SW-4163/Components/MMAC/Include -IC:\nxp\bstudio_nxp\sdk\JN-SW-4163/Components/HardwareApi/Include -IC:\nxp\bstudio_nxp\sdk\JN-SW-4163/Components/Aes/Include -IC:\nxp\bstudio_nxp\sdk\JN-SW-4163/Components/DBG/Include -IC:\nxp\bstudio_nxp\sdk\JN-SW-4163/Components/MAC/Include -IC:\nxp\bstudio_nxp\sdk\JN-SW-4163/Components/TimerServer/Include -IC:\nxp\bstudio_nxp\sdk\JN-SW-4163/Components/PDM/Include  /c/nxp/bstudio_nxp/NewZ200RS485Sensor-new/NewZ200RS485Sensor/Z200/Common/Source/rnd.c -MD -MF rnd.d -MP

Compiling /c/nxp/bstudio_nxp/NewZ200RS485Sensor-new/NewZ200RS485Sensor/Z200/Common/Source/uart.c ...
C:\nxp\bstudio_nxp\sdk\JN-SW-4163/../Tools/ba-elf-ba2-r36379/bin/ba-elf-gcc -c -o uart.o -DLED_CTRL_CARRIER_BOARD= -DJN516x=5160 -DJN5168=5168 -DJENNIC_CHIP_NAME=_JN5168 -DJENNIC_CHIP_FAMILY_NAME=_JN516x -march=ba2 -mcpu=jn51xx -mredzone-size=4 -mbranch-cost=3 -fomit-frame-pointer -Os -fshort-enums -Wall  -Wpacked -Wcast-align -fdata-sections -ffunction-sections -flto  -DWATCHDOG_ENABLED -DJENNIC_HW_BBC_RXINCCA=1 -DJENNIC_HW_BBC_DMA=1 -DJENNIC_HW_BBC_ISA=0 -DJENNIC_SW_EXTERNAL_FLASH=0 -DJN516X_DMA_UART_BACKWARDS_COMPATIBLE_API=1 -DUART_BACKWARDS_COMPATIBLE_API=1 -DJENNIC_CHIP=JN5168 -DJENNIC_CHIP_JN5168 -DJENNIC_CHIP_FAMILY=JN516x -DJENNIC_CHIP_FAMILY_JN516x -DJENNIC_STACK_MAC -DJENNIC_MAC_MAC -Wall -Wunreachable-code -DEMBEDDED -IC:\nxp\bstudio_nxp\sdk\JN-SW-4163/Platform/Common/Include -DJENNIC_PCB=DEVKIT4 -DJENNIC_PCB_DEVKIT4 -IC:\nxp\bstudio_nxp\sdk\JN-SW-4163/Platform/DK4/Include -IC:\nxp\bstudio_nxp\sdk\JN-SW-4163/Components/Common/Include -DDBG_ENABLE -I/c/nxp/bstudio_nxp/NewZ200RS485Sensor-new/NewZ200RS485Sensor/Z200/Coordinator/Source -I/c/nxp/bstudio_nxp/NewZ200RS485Sensor-new/NewZ200RS485Sensor/Z200/Coordinator/Source/.. -I/c/nxp/bstudio_nxp/NewZ200RS485Sensor-new/NewZ200RS485Sensor/Z200/Common/Source -IC:\nxp\bstudio_nxp\sdk\JN-SW-4163/Components/JennicLogo/Include -IC:\nxp\bstudio_nxp\sdk\JN-SW-4163/Components/Utilities/Include -IC:\nxp\bstudio_nxp\sdk\JN-SW-4163/Components/AppQueueApi/Include  -IC:\nxp\bstudio_nxp\sdk\JN-SW-4163/Components/AppApi/Include -IC:\nxp\bstudio_nxp\sdk\JN-SW-4163/Components/MAC/Include -IC:\nxp\bstudio_nxp\sdk\JN-SW-4163/Components/MMAC/Include -IC:\nxp\bstudio_nxp\sdk\JN-SW-4163/Components/HardwareApi/Include -IC:\nxp\bstudio_nxp\sdk\JN-SW-4163/Components/Aes/Include -IC:\nxp\bstudio_nxp\sdk\JN-SW-4163/Components/DBG/Include -IC:\nxp\bstudio_nxp\sdk\JN-SW-4163/Components/MAC/Include -IC:\nxp\bstudio_nxp\sdk\JN-SW-4163/Components/TimerServer/Include -IC:\nxp\bstudio_nxp\sdk\JN-SW-4163/Components/PDM/Include  /c/nxp/bstudio_nxp/NewZ200RS485Sensor-new/NewZ200RS485Sensor/Z200/Common/Source/uart.c -MD -MF uart.d -MP
c:/nxp/bstudio_nxp/NewZ200RS485Sensor-new/NewZ200RS485Sensor/Z200/Common/Source/uart.c: In function 'sendAChar':
c:/nxp/bstudio_nxp/NewZ200RS485Sensor-new/NewZ200RS485Sensor/Z200/Common/Source/uart.c:1298:7: warning: variable 'bAdd' set but not used [-Wunused-but-set-variable]

Compiling /c/nxp/bstudio_nxp/NewZ200RS485Sensor-new/NewZ200RS485Sensor/Z200/Common/Source/wuart.c ...
C:\nxp\bstudio_nxp\sdk\JN-SW-4163/../Tools/ba-elf-ba2-r36379/bin/ba-elf-gcc -c -o wuart.o -DLED_CTRL_CARRIER_BOARD= -DJN516x=5160 -DJN5168=5168 -DJENNIC_CHIP_NAME=_JN5168 -DJENNIC_CHIP_FAMILY_NAME=_JN516x -march=ba2 -mcpu=jn51xx -mredzone-size=4 -mbranch-cost=3 -fomit-frame-pointer -Os -fshort-enums -Wall  -Wpacked -Wcast-align -fdata-sections -ffunction-sections -flto  -DWATCHDOG_ENABLED -DJENNIC_HW_BBC_RXINCCA=1 -DJENNIC_HW_BBC_DMA=1 -DJENNIC_HW_BBC_ISA=0 -DJENNIC_SW_EXTERNAL_FLASH=0 -DJN516X_DMA_UART_BACKWARDS_COMPATIBLE_API=1 -DUART_BACKWARDS_COMPATIBLE_API=1 -DJENNIC_CHIP=JN5168 -DJENNIC_CHIP_JN5168 -DJENNIC_CHIP_FAMILY=JN516x -DJENNIC_CHIP_FAMILY_JN516x -DJENNIC_STACK_MAC -DJENNIC_MAC_MAC -Wall -Wunreachable-code -DEMBEDDED -IC:\nxp\bstudio_nxp\sdk\JN-SW-4163/Platform/Common/Include -DJENNIC_PCB=DEVKIT4 -DJENNIC_PCB_DEVKIT4 -IC:\nxp\bstudio_nxp\sdk\JN-SW-4163/Platform/DK4/Include -IC:\nxp\bstudio_nxp\sdk\JN-SW-4163/Components/Common/Include -DDBG_ENABLE -I/c/nxp/bstudio_nxp/NewZ200RS485Sensor-new/NewZ200RS485Sensor/Z200/Coordinator/Source -I/c/nxp/bstudio_nxp/NewZ200RS485Sensor-new/NewZ200RS485Sensor/Z200/Coordinator/Source/.. -I/c/nxp/bstudio_nxp/NewZ200RS485Sensor-new/NewZ200RS485Sensor/Z200/Common/Source -IC:\nxp\bstudio_nxp\sdk\JN-SW-4163/Components/JennicLogo/Include -IC:\nxp\bstudio_nxp\sdk\JN-SW-4163/Components/Utilities/Include -IC:\nxp\bstudio_nxp\sdk\JN-SW-4163/Components/AppQueueApi/Include  -IC:\nxp\bstudio_nxp\sdk\JN-SW-4163/Components/AppApi/Include -IC:\nxp\bstudio_nxp\sdk\JN-SW-4163/Components/MAC/Include -IC:\nxp\bstudio_nxp\sdk\JN-SW-4163/Components/MMAC/Include -IC:\nxp\bstudio_nxp\sdk\JN-SW-4163/Components/HardwareApi/Include -IC:\nxp\bstudio_nxp\sdk\JN-SW-4163/Components/Aes/Include -IC:\nxp\bstudio_nxp\sdk\JN-SW-4163/Components/DBG/Include -IC:\nxp\bstudio_nxp\sdk\JN-SW-4163/Components/MAC/Include -IC:\nxp\bstudio_nxp\sdk\JN-SW-4163/Components/TimerServer/Include -IC:\nxp\bstudio_nxp\sdk\JN-SW-4163/Components/PDM/Include  /c/nxp/bstudio_nxp/NewZ200RS485Sensor-new/NewZ200RS485Sensor/Z200/Common/Source/wuart.c -MD -MF wuart.d -MP
c:/nxp/bstudio_nxp/NewZ200RS485Sensor-new/NewZ200RS485Sensor/Z200/Common/Source/wuart.c: In function 'WUART_vInit':
c:/nxp/bstudio_nxp/NewZ200RS485Sensor-new/NewZ200RS485Sensor/Z200/Common/Source/wuart.c:141:10: warning: unused variable 'i' [-Wunused-variable]
c:/nxp/bstudio_nxp/NewZ200RS485Sensor-new/NewZ200RS485Sensor/Z200/Common/Source/wuart.c: In function 'WUART_vTick':
c:/nxp/bstudio_nxp/NewZ200RS485Sensor-new/NewZ200RS485Sensor/Z200/Common/Source/wuart.c:371:10: warning: unused variable 'bitmap' [-Wunused-variable]
c:/nxp/bstudio_nxp/NewZ200RS485Sensor-new/NewZ200RS485Sensor/Z200/Common/Source/wuart.c: In function 'WUART_vRxQ':
c:/nxp/bstudio_nxp/NewZ200RS485Sensor-new/NewZ200RS485Sensor/Z200/Common/Source/wuart.c:544:5: warning: pointer targets in passing argument 1 of 'strncmp' differ in signedness [-Wpointer-sign]
In file included from c:/nxp/bstudio_nxp/NewZ200RS485Sensor-new/NewZ200RS485Sensor/Z200/Common/Source/wuart.c:41:0:
c:\nxp\bstudio_nxp\sdk\tools\ba-elf-ba2-r36379\bin\../lib/gcc/ba-elf/4.7.4/../../../../ba-elf/include/string.h:35:6: note: expected 'const char *' but argument is of type 'uint8 *'
c:/nxp/bstudio_nxp/NewZ200RS485Sensor-new/NewZ200RS485Sensor/Z200/Common/Source/wuart.c:546:5: warning: pointer targets in passing argument 1 of 'strncmp' differ in signedness [-Wpointer-sign]
In file included from c:/nxp/bstudio_nxp/NewZ200RS485Sensor-new/NewZ200RS485Sensor/Z200/Common/Source/wuart.c:41:0:
c:\nxp\bstudio_nxp\sdk\tools\ba-elf-ba2-r36379\bin\../lib/gcc/ba-elf/4.7.4/../../../../ba-elf/include/string.h:35:6: note: expected 'const char *' but argument is of type 'uint8 *'
c:/nxp/bstudio_nxp/NewZ200RS485Sensor-new/NewZ200RS485Sensor/Z200/Common/Source/wuart.c:548:5: warning: pointer targets in passing argument 1 of 'strncmp' differ in signedness [-Wpointer-sign]
In file included from c:/nxp/bstudio_nxp/NewZ200RS485Sensor-new/NewZ200RS485Sensor/Z200/Common/Source/wuart.c:41:0:
c:\nxp\bstudio_nxp\sdk\tools\ba-elf-ba2-r36379\bin\../lib/gcc/ba-elf/4.7.4/../../../../ba-elf/include/string.h:35:6: note: expected 'const char *' but argument is of type 'uint8 *'
c:/nxp/bstudio_nxp/NewZ200RS485Sensor-new/NewZ200RS485Sensor/Z200/Common/Source/wuart.c:556:16: warning: implicit declaration of function 'convertHex2ASCII_HighNibble' [-Wimplicit-function-declaration]
c:/nxp/bstudio_nxp/NewZ200RS485Sensor-new/NewZ200RS485Sensor/Z200/Common/Source/wuart.c:557:16: warning: implicit declaration of function 'convertHex2ASCII_LowNibble' [-Wimplicit-function-declaration]
c:/nxp/bstudio_nxp/NewZ200RS485Sensor-new/NewZ200RS485Sensor/Z200/Common/Source/wuart.c:507:8: warning: unused variable 'Temp' [-Wunused-variable]
c:/nxp/bstudio_nxp/NewZ200RS485Sensor-new/NewZ200RS485Sensor/Z200/Common/Source/wuart.c:506:7: warning: unused variable 'Hex2ASCII2' [-Wunused-variable]
c:/nxp/bstudio_nxp/NewZ200RS485Sensor-new/NewZ200RS485Sensor/Z200/Common/Source/wuart.c:504:9: warning: unused variable 'AddAddress' [-Wunused-variable]
c:/nxp/bstudio_nxp/NewZ200RS485Sensor-new/NewZ200RS485Sensor/Z200/Common/Source/wuart.c:500:23: warning: unused variable 'h' [-Wunused-variable]
c:/nxp/bstudio_nxp/NewZ200RS485Sensor-new/NewZ200RS485Sensor/Z200/Common/Source/wuart.c:500:11: warning: unused variable 'y' [-Wunused-variable]
c:/nxp/bstudio_nxp/NewZ200RS485Sensor-new/NewZ200RS485Sensor/Z200/Common/Source/wuart.c:498:11: warning: unused variable 'bHandled' [-Wunused-variable]
c:/nxp/bstudio_nxp/NewZ200RS485Sensor-new/NewZ200RS485Sensor/Z200/Common/Source/wuart.c: In function 'WUART_bTxData':
c:/nxp/bstudio_nxp/NewZ200RS485Sensor-new/NewZ200RS485Sensor/Z200/Common/Source/wuart.c:887:4: warning: pointer targets in passing argument 1 of 'printMsg' differ in signedness [-Wpointer-sign]
In file included from c:/nxp/bstudio_nxp/NewZ200RS485Sensor-new/NewZ200RS485Sensor/Z200/Common/Source/wuart.c:63:0:
c:/nxp/bstudio_nxp/NewZ200RS485Sensor-new/NewZ200RS485Sensor/Z200/Common/Source/QApp.h:92:6: note: expected 'uint8 *' but argument is of type 'char *'
c:/nxp/bstudio_nxp/NewZ200RS485Sensor-new/NewZ200RS485Sensor/Z200/Common/Source/wuart.c:845:11: warning: unused variable 'x' [-Wunused-variable]
c:/nxp/bstudio_nxp/NewZ200RS485Sensor-new/NewZ200RS485Sensor/Z200/Common/Source/wuart.c: In function 'sendTestData':
c:/nxp/bstudio_nxp/NewZ200RS485Sensor-new/NewZ200RS485Sensor/Z200/Common/Source/wuart.c:1047:9: warning: unused variable 'got1B' [-Wunused-variable]
c:/nxp/bstudio_nxp/NewZ200RS485Sensor-new/NewZ200RS485Sensor/Z200/Common/Source/wuart.c:1045:10: warning: variable 'bTxData' set but not used [-Wunused-but-set-variable]
c:/nxp/bstudio_nxp/NewZ200RS485Sensor-new/NewZ200RS485Sensor/Z200/Common/Source/wuart.c: At top level:
c:/nxp/bstudio_nxp/NewZ200RS485Sensor-new/NewZ200RS485Sensor/Z200/Common/Source/wuart.c:1016:15: warning: 'WUART_u8DataSeqTxNew' defined but not used [-Wunused-function]

Compiling \nxp\bstudio_nxp\sdk\JN-SW-4163/Components/AppQueueApi/Source/AppQueueApi.c ...
C:\nxp\bstudio_nxp\sdk\JN-SW-4163/../Tools/ba-elf-ba2-r36379/bin/ba-elf-gcc -c -o AppQueueApi.o -DLED_CTRL_CARRIER_BOARD= -DJN516x=5160 -DJN5168=5168 -DJENNIC_CHIP_NAME=_JN5168 -DJENNIC_CHIP_FAMILY_NAME=_JN516x -march=ba2 -mcpu=jn51xx -mredzone-size=4 -mbranch-cost=3 -fomit-frame-pointer -Os -fshort-enums -Wall  -Wpacked -Wcast-align -fdata-sections -ffunction-sections -flto  -DWATCHDOG_ENABLED -DJENNIC_HW_BBC_RXINCCA=1 -DJENNIC_HW_BBC_DMA=1 -DJENNIC_HW_BBC_ISA=0 -DJENNIC_SW_EXTERNAL_FLASH=0 -DJN516X_DMA_UART_BACKWARDS_COMPATIBLE_API=1 -DUART_BACKWARDS_COMPATIBLE_API=1 -DJENNIC_CHIP=JN5168 -DJENNIC_CHIP_JN5168 -DJENNIC_CHIP_FAMILY=JN516x -DJENNIC_CHIP_FAMILY_JN516x -DJENNIC_STACK_MAC -DJENNIC_MAC_MAC -Wall -Wunreachable-code -DEMBEDDED -IC:\nxp\bstudio_nxp\sdk\JN-SW-4163/Platform/Common/Include -DJENNIC_PCB=DEVKIT4 -DJENNIC_PCB_DEVKIT4 -IC:\nxp\bstudio_nxp\sdk\JN-SW-4163/Platform/DK4/Include -IC:\nxp\bstudio_nxp\sdk\JN-SW-4163/Components/Common/Include -DDBG_ENABLE -I/c/nxp/bstudio_nxp/NewZ200RS485Sensor-new/NewZ200RS485Sensor/Z200/Coordinator/Source -I/c/nxp/bstudio_nxp/NewZ200RS485Sensor-new/NewZ200RS485Sensor/Z200/Coordinator/Source/.. -I/c/nxp/bstudio_nxp/NewZ200RS485Sensor-new/NewZ200RS485Sensor/Z200/Common/Source -IC:\nxp\bstudio_nxp\sdk\JN-SW-4163/Components/JennicLogo/Include -IC:\nxp\bstudio_nxp\sdk\JN-SW-4163/Components/Utilities/Include -IC:\nxp\bstudio_nxp\sdk\JN-SW-4163/Components/AppQueueApi/Include  -IC:\nxp\bstudio_nxp\sdk\JN-SW-4163/Components/AppApi/Include -IC:\nxp\bstudio_nxp\sdk\JN-SW-4163/Components/MAC/Include -IC:\nxp\bstudio_nxp\sdk\JN-SW-4163/Components/MMAC/Include -IC:\nxp\bstudio_nxp\sdk\JN-SW-4163/Components/HardwareApi/Include -IC:\nxp\bstudio_nxp\sdk\JN-SW-4163/Components/Aes/Include -IC:\nxp\bstudio_nxp\sdk\JN-SW-4163/Components/DBG/Include -IC:\nxp\bstudio_nxp\sdk\JN-SW-4163/Components/MAC/Include -IC:\nxp\bstudio_nxp\sdk\JN-SW-4163/Components/TimerServer/Include -IC:\nxp\bstudio_nxp\sdk\JN-SW-4163/Components/PDM/Include  \nxp\bstudio_nxp\sdk\JN-SW-4163/Components/AppQueueApi/Source/AppQueueApi.c -MD -MF AppQueueApi.d -MP

Compiling /c/nxp/bstudio_nxp/NewZ200RS485Sensor-new/NewZ200RS485Sensor/Z200/Common/Source/QApp.c ...
C:\nxp\bstudio_nxp\sdk\JN-SW-4163/../Tools/ba-elf-ba2-r36379/bin/ba-elf-gcc -c -o QApp.o -DLED_CTRL_CARRIER_BOARD= -DJN516x=5160 -DJN5168=5168 -DJENNIC_CHIP_NAME=_JN5168 -DJENNIC_CHIP_FAMILY_NAME=_JN516x -march=ba2 -mcpu=jn51xx -mredzone-size=4 -mbranch-cost=3 -fomit-frame-pointer -Os -fshort-enums -Wall  -Wpacked -Wcast-align -fdata-sections -ffunction-sections -flto  -DWATCHDOG_ENABLED -DJENNIC_HW_BBC_RXINCCA=1 -DJENNIC_HW_BBC_DMA=1 -DJENNIC_HW_BBC_ISA=0 -DJENNIC_SW_EXTERNAL_FLASH=0 -DJN516X_DMA_UART_BACKWARDS_COMPATIBLE_API=1 -DUART_BACKWARDS_COMPATIBLE_API=1 -DJENNIC_CHIP=JN5168 -DJENNIC_CHIP_JN5168 -DJENNIC_CHIP_FAMILY=JN516x -DJENNIC_CHIP_FAMILY_JN516x -DJENNIC_STACK_MAC -DJENNIC_MAC_MAC -Wall -Wunreachable-code -DEMBEDDED -IC:\nxp\bstudio_nxp\sdk\JN-SW-4163/Platform/Common/Include -DJENNIC_PCB=DEVKIT4 -DJENNIC_PCB_DEVKIT4 -IC:\nxp\bstudio_nxp\sdk\JN-SW-4163/Platform/DK4/Include -IC:\nxp\bstudio_nxp\sdk\JN-SW-4163/Components/Common/Include -DDBG_ENABLE -I/c/nxp/bstudio_nxp/NewZ200RS485Sensor-new/NewZ200RS485Sensor/Z200/Coordinator/Source -I/c/nxp/bstudio_nxp/NewZ200RS485Sensor-new/NewZ200RS485Sensor/Z200/Coordinator/Source/.. -I/c/nxp/bstudio_nxp/NewZ200RS485Sensor-new/NewZ200RS485Sensor/Z200/Common/Source -IC:\nxp\bstudio_nxp\sdk\JN-SW-4163/Components/JennicLogo/Include -IC:\nxp\bstudio_nxp\sdk\JN-SW-4163/Components/Utilities/Include -IC:\nxp\bstudio_nxp\sdk\JN-SW-4163/Components/AppQueueApi/Include  -IC:\nxp\bstudio_nxp\sdk\JN-SW-4163/Components/AppApi/Include -IC:\nxp\bstudio_nxp\sdk\JN-SW-4163/Components/MAC/Include -IC:\nxp\bstudio_nxp\sdk\JN-SW-4163/Components/MMAC/Include -IC:\nxp\bstudio_nxp\sdk\JN-SW-4163/Components/HardwareApi/Include -IC:\nxp\bstudio_nxp\sdk\JN-SW-4163/Components/Aes/Include -IC:\nxp\bstudio_nxp\sdk\JN-SW-4163/Components/DBG/Include -IC:\nxp\bstudio_nxp\sdk\JN-SW-4163/Components/MAC/Include -IC:\nxp\bstudio_nxp\sdk\JN-SW-4163/Components/TimerServer/Include -IC:\nxp\bstudio_nxp\sdk\JN-SW-4163/Components/PDM/Include  /c/nxp/bstudio_nxp/NewZ200RS485Sensor-new/NewZ200RS485Sensor/Z200/Common/Source/QApp.c -MD -MF QApp.d -MP
c:/nxp/bstudio_nxp/NewZ200RS485Sensor-new/NewZ200RS485Sensor/Z200/Common/Source/QApp.c: In function 'parseCommand':
c:/nxp/bstudio_nxp/NewZ200RS485Sensor-new/NewZ200RS485Sensor/Z200/Common/Source/QApp.c:130:13: warning: unused variable 'y' [-Wunused-variable]
c:/nxp/bstudio_nxp/NewZ200RS485Sensor-new/NewZ200RS485Sensor/Z200/Common/Source/QApp.c: In function 'processPsW':
c:/nxp/bstudio_nxp/NewZ200RS485Sensor-new/NewZ200RS485Sensor/Z200/Common/Source/QApp.c:341:14: warning: unused variable 'y' [-Wunused-variable]
c:/nxp/bstudio_nxp/NewZ200RS485Sensor-new/NewZ200RS485Sensor/Z200/Common/Source/QApp.c: In function 'processBitMode':
c:/nxp/bstudio_nxp/NewZ200RS485Sensor-new/NewZ200RS485Sensor/Z200/Common/Source/QApp.c:406:2: warning: pointer targets in passing argument 1 of 'printMsg' differ in signedness [-Wpointer-sign]
In file included from c:/nxp/bstudio_nxp/NewZ200RS485Sensor-new/NewZ200RS485Sensor/Z200/Common/Source/QApp.c:12:0:
c:/nxp/bstudio_nxp/NewZ200RS485Sensor-new/NewZ200RS485Sensor/Z200/Common/Source/QApp.h:92:6: note: expected 'uint8 *' but argument is of type 'char *'
c:/nxp/bstudio_nxp/NewZ200RS485Sensor-new/NewZ200RS485Sensor/Z200/Common/Source/QApp.c:403:9: warning: unused variable 'sName' [-Wunused-variable]
c:/nxp/bstudio_nxp/NewZ200RS485Sensor-new/NewZ200RS485Sensor/Z200/Common/Source/QApp.c: In function 'processExit':
c:/nxp/bstudio_nxp/NewZ200RS485Sensor-new/NewZ200RS485Sensor/Z200/Common/Source/QApp.c:509:2: warning: pointer targets in passing argument 1 of 'printMsg' differ in signedness [-Wpointer-sign]
In file included from c:/nxp/bstudio_nxp/NewZ200RS485Sensor-new/NewZ200RS485Sensor/Z200/Common/Source/QApp.c:12:0:
c:/nxp/bstudio_nxp/NewZ200RS485Sensor-new/NewZ200RS485Sensor/Z200/Common/Source/QApp.h:92:6: note: expected 'uint8 *' but argument is of type 'char *'
c:/nxp/bstudio_nxp/NewZ200RS485Sensor-new/NewZ200RS485Sensor/Z200/Common/Source/QApp.c:512:3: warning: implicit declaration of function 'ED_vReqActiveScan' [-Wimplicit-function-declaration]
c:/nxp/bstudio_nxp/NewZ200RS485Sensor-new/NewZ200RS485Sensor/Z200/Common/Source/QApp.c: In function 'Restorekey0_timer1Callback':
c:/nxp/bstudio_nxp/NewZ200RS485Sensor-new/NewZ200RS485Sensor/Z200/Common/Source/QApp.c:876:5: warning: pointer targets in passing argument 1 of 'printMsg' differ in signedness [-Wpointer-sign]
c:/nxp/bstudio_nxp/NewZ200RS485Sensor-new/NewZ200RS485Sensor/Z200/Common/Source/QApp.c:723:6: note: expected 'uint8 *' but argument is of type 'char *'

Compiling /c/nxp/bstudio_nxp/NewZ200RS485Sensor-new/NewZ200RS485Sensor/Z200/Coordinator/Source/enddevice.c ...
C:\nxp\bstudio_nxp\sdk\JN-SW-4163/../Tools/ba-elf-ba2-r36379/bin/ba-elf-gcc -c -o enddevice.o -DLED_CTRL_CARRIER_BOARD= -DJN516x=5160 -DJN5168=5168 -DJENNIC_CHIP_NAME=_JN5168 -DJENNIC_CHIP_FAMILY_NAME=_JN516x -march=ba2 -mcpu=jn51xx -mredzone-size=4 -mbranch-cost=3 -fomit-frame-pointer -Os -fshort-enums -Wall  -Wpacked -Wcast-align -fdata-sections -ffunction-sections -flto  -DWATCHDOG_ENABLED -DJENNIC_HW_BBC_RXINCCA=1 -DJENNIC_HW_BBC_DMA=1 -DJENNIC_HW_BBC_ISA=0 -DJENNIC_SW_EXTERNAL_FLASH=0 -DJN516X_DMA_UART_BACKWARDS_COMPATIBLE_API=1 -DUART_BACKWARDS_COMPATIBLE_API=1 -DJENNIC_CHIP=JN5168 -DJENNIC_CHIP_JN5168 -DJENNIC_CHIP_FAMILY=JN516x -DJENNIC_CHIP_FAMILY_JN516x -DJENNIC_STACK_MAC -DJENNIC_MAC_MAC -Wall -Wunreachable-code -DEMBEDDED -IC:\nxp\bstudio_nxp\sdk\JN-SW-4163/Platform/Common/Include -DJENNIC_PCB=DEVKIT4 -DJENNIC_PCB_DEVKIT4 -IC:\nxp\bstudio_nxp\sdk\JN-SW-4163/Platform/DK4/Include -IC:\nxp\bstudio_nxp\sdk\JN-SW-4163/Components/Common/Include -DDBG_ENABLE -I/c/nxp/bstudio_nxp/NewZ200RS485Sensor-new/NewZ200RS485Sensor/Z200/Coordinator/Source -I/c/nxp/bstudio_nxp/NewZ200RS485Sensor-new/NewZ200RS485Sensor/Z200/Coordinator/Source/.. -I/c/nxp/bstudio_nxp/NewZ200RS485Sensor-new/NewZ200RS485Sensor/Z200/Common/Source -IC:\nxp\bstudio_nxp\sdk\JN-SW-4163/Components/JennicLogo/Include -IC:\nxp\bstudio_nxp\sdk\JN-SW-4163/Components/Utilities/Include -IC:\nxp\bstudio_nxp\sdk\JN-SW-4163/Components/AppQueueApi/Include  -IC:\nxp\bstudio_nxp\sdk\JN-SW-4163/Components/AppApi/Include -IC:\nxp\bstudio_nxp\sdk\JN-SW-4163/Components/MAC/Include -IC:\nxp\bstudio_nxp\sdk\JN-SW-4163/Components/MMAC/Include -IC:\nxp\bstudio_nxp\sdk\JN-SW-4163/Components/HardwareApi/Include -IC:\nxp\bstudio_nxp\sdk\JN-SW-4163/Components/Aes/Include -IC:\nxp\bstudio_nxp\sdk\JN-SW-4163/Components/DBG/Include -IC:\nxp\bstudio_nxp\sdk\JN-SW-4163/Components/MAC/Include -IC:\nxp\bstudio_nxp\sdk\JN-SW-4163/Components/TimerServer/Include -IC:\nxp\bstudio_nxp\sdk\JN-SW-4163/Components/PDM/Include  /c/nxp/bstudio_nxp/NewZ200RS485Sensor-new/NewZ200RS485Sensor/Z200/Coordinator/Source/enddevice.c -MD -MF enddevice.d -MP

Compiling /c/nxp/bstudio_nxp/NewZ200RS485Sensor-new/NewZ200RS485Sensor/Z200/Common/Source/Qsensor.c ...
C:\nxp\bstudio_nxp\sdk\JN-SW-4163/../Tools/ba-elf-ba2-r36379/bin/ba-elf-gcc -c -o Qsensor.o -DLED_CTRL_CARRIER_BOARD= -DJN516x=5160 -DJN5168=5168 -DJENNIC_CHIP_NAME=_JN5168 -DJENNIC_CHIP_FAMILY_NAME=_JN516x -march=ba2 -mcpu=jn51xx -mredzone-size=4 -mbranch-cost=3 -fomit-frame-pointer -Os -fshort-enums -Wall  -Wpacked -Wcast-align -fdata-sections -ffunction-sections -flto  -DWATCHDOG_ENABLED -DJENNIC_HW_BBC_RXINCCA=1 -DJENNIC_HW_BBC_DMA=1 -DJENNIC_HW_BBC_ISA=0 -DJENNIC_SW_EXTERNAL_FLASH=0 -DJN516X_DMA_UART_BACKWARDS_COMPATIBLE_API=1 -DUART_BACKWARDS_COMPATIBLE_API=1 -DJENNIC_CHIP=JN5168 -DJENNIC_CHIP_JN5168 -DJENNIC_CHIP_FAMILY=JN516x -DJENNIC_CHIP_FAMILY_JN516x -DJENNIC_STACK_MAC -DJENNIC_MAC_MAC -Wall -Wunreachable-code -DEMBEDDED -IC:\nxp\bstudio_nxp\sdk\JN-SW-4163/Platform/Common/Include -DJENNIC_PCB=DEVKIT4 -DJENNIC_PCB_DEVKIT4 -IC:\nxp\bstudio_nxp\sdk\JN-SW-4163/Platform/DK4/Include -IC:\nxp\bstudio_nxp\sdk\JN-SW-4163/Components/Common/Include -DDBG_ENABLE -I/c/nxp/bstudio_nxp/NewZ200RS485Sensor-new/NewZ200RS485Sensor/Z200/Coordinator/Source -I/c/nxp/bstudio_nxp/NewZ200RS485Sensor-new/NewZ200RS485Sensor/Z200/Coordinator/Source/.. -I/c/nxp/bstudio_nxp/NewZ200RS485Sensor-new/NewZ200RS485Sensor/Z200/Common/Source -IC:\nxp\bstudio_nxp\sdk\JN-SW-4163/Components/JennicLogo/Include -IC:\nxp\bstudio_nxp\sdk\JN-SW-4163/Components/Utilities/Include -IC:\nxp\bstudio_nxp\sdk\JN-SW-4163/Components/AppQueueApi/Include  -IC:\nxp\bstudio_nxp\sdk\JN-SW-4163/Components/AppApi/Include -IC:\nxp\bstudio_nxp\sdk\JN-SW-4163/Components/MAC/Include -IC:\nxp\bstudio_nxp\sdk\JN-SW-4163/Components/MMAC/Include -IC:\nxp\bstudio_nxp\sdk\JN-SW-4163/Components/HardwareApi/Include -IC:\nxp\bstudio_nxp\sdk\JN-SW-4163/Components/Aes/Include -IC:\nxp\bstudio_nxp\sdk\JN-SW-4163/Components/DBG/Include -IC:\nxp\bstudio_nxp\sdk\JN-SW-4163/Components/MAC/Include -IC:\nxp\bstudio_nxp\sdk\JN-SW-4163/Components/TimerServer/Include -IC:\nxp\bstudio_nxp\sdk\JN-SW-4163/Components/PDM/Include  /c/nxp/bstudio_nxp/NewZ200RS485Sensor-new/NewZ200RS485Sensor/Z200/Common/Source/Qsensor.c -MD -MF Qsensor.d -MP
c:/nxp/bstudio_nxp/NewZ200RS485Sensor-new/NewZ200RS485Sensor/Z200/Common/Source/Qsensor.c:85:1: warning: missing braces around initializer [-Wmissing-braces]
c:/nxp/bstudio_nxp/NewZ200RS485Sensor-new/NewZ200RS485Sensor/Z200/Common/Source/Qsensor.c:85:1: warning: (near initialization for 'Fifo_Data[0]') [-Wmissing-braces]
c:/nxp/bstudio_nxp/NewZ200RS485Sensor-new/NewZ200RS485Sensor/Z200/Common/Source/Qsensor.c: In function 'processSlis':
c:/nxp/bstudio_nxp/NewZ200RS485Sensor-new/NewZ200RS485Sensor/Z200/Common/Source/Qsensor.c:189:5: warning: implicit declaration of function 'convertASCII2Hex' [-Wimplicit-function-declaration]
c:/nxp/bstudio_nxp/NewZ200RS485Sensor-new/NewZ200RS485Sensor/Z200/Common/Source/Qsensor.c:191:2: warning: implicit declaration of function 'DBG_vPrintf' [-Wimplicit-function-declaration]
c:/nxp/bstudio_nxp/NewZ200RS485Sensor-new/NewZ200RS485Sensor/Z200/Common/Source/Qsensor.c:219:2: warning: passing argument 3 of 'iAHI_WriteDataIntoEEPROMsegment' from incompatible pointer type [enabled by default]
In file included from C:\nxp\bstudio_nxp\sdk\JN-SW-4163/Components/HardwareApi/Include/AppHardwareApi_JN5168.h:35:0,
                 from C:\nxp\bstudio_nxp\sdk\JN-SW-4163/Components/HardwareApi/Include/AppHardwareApi.h:42,
                 from c:/nxp/bstudio_nxp/NewZ200RS485Sensor-new/NewZ200RS485Sensor/Z200/Common/Source/Qsensor.c:17:
C:\nxp\bstudio_nxp\sdk\JN-SW-4163/Components/HardwareApi/Include/AppHardwareApi_JN516x.h:1349:12: note: expected 'uint8 *' but argument is of type 'struct SensorLog_t *'
c:/nxp/bstudio_nxp/NewZ200RS485Sensor-new/NewZ200RS485Sensor/Z200/Common/Source/Qsensor.c:183:13: warning: unused variable 'y' [-Wunused-variable]
c:/nxp/bstudio_nxp/NewZ200RS485Sensor-new/NewZ200RS485Sensor/Z200/Common/Source/Qsensor.c:182:13: warning: unused variable 'x' [-Wunused-variable]
c:/nxp/bstudio_nxp/NewZ200RS485Sensor-new/NewZ200RS485Sensor/Z200/Common/Source/Qsensor.c: In function 'processSCMD':
c:/nxp/bstudio_nxp/NewZ200RS485Sensor-new/NewZ200RS485Sensor/Z200/Common/Source/Qsensor.c:310:2: warning: passing argument 3 of 'iAHI_WriteDataIntoEEPROMsegment' from incompatible pointer type [enabled by default]
In file included from C:\nxp\bstudio_nxp\sdk\JN-SW-4163/Components/HardwareApi/Include/AppHardwareApi_JN5168.h:35:0,
                 from C:\nxp\bstudio_nxp\sdk\JN-SW-4163/Components/HardwareApi/Include/AppHardwareApi.h:42,
                 from c:/nxp/bstudio_nxp/NewZ200RS485Sensor-new/NewZ200RS485Sensor/Z200/Common/Source/Qsensor.c:17:
C:\nxp\bstudio_nxp\sdk\JN-SW-4163/Components/HardwareApi/Include/AppHardwareApi_JN516x.h:1349:12: note: expected 'uint8 *' but argument is of type 'struct SensorEECMDTable_t *'
c:/nxp/bstudio_nxp/NewZ200RS485Sensor-new/NewZ200RS485Sensor/Z200/Common/Source/Qsensor.c: In function 'processRfLoopTime':
c:/nxp/bstudio_nxp/NewZ200RS485Sensor-new/NewZ200RS485Sensor/Z200/Common/Source/Qsensor.c:424:3: warning: passing argument 3 of 'iAHI_WriteDataIntoEEPROMsegment' from incompatible pointer type [enabled by default]
In file included from C:\nxp\bstudio_nxp\sdk\JN-SW-4163/Components/HardwareApi/Include/AppHardwareApi_JN5168.h:35:0,
                 from C:\nxp\bstudio_nxp\sdk\JN-SW-4163/Components/HardwareApi/Include/AppHardwareApi.h:42,
                 from c:/nxp/bstudio_nxp/NewZ200RS485Sensor-new/NewZ200RS485Sensor/Z200/Common/Source/Qsensor.c:17:
C:\nxp\bstudio_nxp\sdk\JN-SW-4163/Components/HardwareApi/Include/AppHardwareApi_JN516x.h:1349:12: note: expected 'uint8 *' but argument is of type 'struct SensorLog_t *'
c:/nxp/bstudio_nxp/NewZ200RS485Sensor-new/NewZ200RS485Sensor/Z200/Common/Source/Qsensor.c: In function 'processXLIS':
c:/nxp/bstudio_nxp/NewZ200RS485Sensor-new/NewZ200RS485Sensor/Z200/Common/Source/Qsensor.c:521:4: warning: passing argument 3 of 'iAHI_WriteDataIntoEEPROMsegment' from incompatible pointer type [enabled by default]
In file included from C:\nxp\bstudio_nxp\sdk\JN-SW-4163/Components/HardwareApi/Include/AppHardwareApi_JN5168.h:35:0,
                 from C:\nxp\bstudio_nxp\sdk\JN-SW-4163/Components/HardwareApi/Include/AppHardwareApi.h:42,
                 from c:/nxp/bstudio_nxp/NewZ200RS485Sensor-new/NewZ200RS485Sensor/Z200/Common/Source/Qsensor.c:17:
C:\nxp\bstudio_nxp\sdk\JN-SW-4163/Components/HardwareApi/Include/AppHardwareApi_JN516x.h:1349:12: note: expected 'uint8 *' but argument is of type 'struct SensorLog_t *'
c:/nxp/bstudio_nxp/NewZ200RS485Sensor-new/NewZ200RS485Sensor/Z200/Common/Source/Qsensor.c:546:4: warning: passing argument 3 of 'iAHI_WriteDataIntoEEPROMsegment' from incompatible pointer type [enabled by default]
In file included from C:\nxp\bstudio_nxp\sdk\JN-SW-4163/Components/HardwareApi/Include/AppHardwareApi_JN5168.h:35:0,
                 from C:\nxp\bstudio_nxp\sdk\JN-SW-4163/Components/HardwareApi/Include/AppHardwareApi.h:42,
                 from c:/nxp/bstudio_nxp/NewZ200RS485Sensor-new/NewZ200RS485Sensor/Z200/Common/Source/Qsensor.c:17:
C:\nxp\bstudio_nxp\sdk\JN-SW-4163/Components/HardwareApi/Include/AppHardwareApi_JN516x.h:1349:12: note: expected 'uint8 *' but argument is of type 'struct SensorLog_t *'
c:/nxp/bstudio_nxp/NewZ200RS485Sensor-new/NewZ200RS485Sensor/Z200/Common/Source/Qsensor.c: In function 'processXCMD':
c:/nxp/bstudio_nxp/NewZ200RS485Sensor-new/NewZ200RS485Sensor/Z200/Common/Source/Qsensor.c:585:4: warning: passing argument 3 of 'iAHI_WriteDataIntoEEPROMsegment' from incompatible pointer type [enabled by default]
In file included from C:\nxp\bstudio_nxp\sdk\JN-SW-4163/Components/HardwareApi/Include/AppHardwareApi_JN5168.h:35:0,
                 from C:\nxp\bstudio_nxp\sdk\JN-SW-4163/Components/HardwareApi/Include/AppHardwareApi.h:42,
                 from c:/nxp/bstudio_nxp/NewZ200RS485Sensor-new/NewZ200RS485Sensor/Z200/Common/Source/Qsensor.c:17:
C:\nxp\bstudio_nxp\sdk\JN-SW-4163/Components/HardwareApi/Include/AppHardwareApi_JN516x.h:1349:12: note: expected 'uint8 *' but argument is of type 'struct SensorCMD_t *'
c:/nxp/bstudio_nxp/NewZ200RS485Sensor-new/NewZ200RS485Sensor/Z200/Common/Source/Qsensor.c:591:4: warning: passing argument 3 of 'iAHI_WriteDataIntoEEPROMsegment' from incompatible pointer type [enabled by default]
In file included from C:\nxp\bstudio_nxp\sdk\JN-SW-4163/Components/HardwareApi/Include/AppHardwareApi_JN5168.h:35:0,
                 from C:\nxp\bstudio_nxp\sdk\JN-SW-4163/Components/HardwareApi/Include/AppHardwareApi.h:42,
                 from c:/nxp/bstudio_nxp/NewZ200RS485Sensor-new/NewZ200RS485Sensor/Z200/Common/Source/Qsensor.c:17:
C:\nxp\bstudio_nxp\sdk\JN-SW-4163/Components/HardwareApi/Include/AppHardwareApi_JN516x.h:1349:12: note: expected 'uint8 *' but argument is of type 'struct SensorCMD_t *'
c:/nxp/bstudio_nxp/NewZ200RS485Sensor-new/NewZ200RS485Sensor/Z200/Common/Source/Qsensor.c: In function 'timer4_Polling_Callback':
c:/nxp/bstudio_nxp/NewZ200RS485Sensor-new/NewZ200RS485Sensor/Z200/Common/Source/Qsensor.c:765:7: warning: unused variable 'outStr' [-Wunused-variable]
c:/nxp/bstudio_nxp/NewZ200RS485Sensor-new/NewZ200RS485Sensor/Z200/Common/Source/Qsensor.c:764:18: warning: unused variable 'z' [-Wunused-variable]
c:/nxp/bstudio_nxp/NewZ200RS485Sensor-new/NewZ200RS485Sensor/Z200/Common/Source/Qsensor.c:764:10: warning: unused variable 'y' [-Wunused-variable]
c:/nxp/bstudio_nxp/NewZ200RS485Sensor-new/NewZ200RS485Sensor/Z200/Common/Source/Qsensor.c: In function 'getSensorCMD':
c:/nxp/bstudio_nxp/NewZ200RS485Sensor-new/NewZ200RS485Sensor/Z200/Common/Source/Qsensor.c:815:128: warning: operation on 'gTXRS485Sensor_Count' may be undefined [-Wsequence-point]
c:/nxp/bstudio_nxp/NewZ200RS485Sensor-new/NewZ200RS485Sensor/Z200/Common/Source/Qsensor.c:816:7: warning: pointer targets in passing argument 1 of 'strlen' differ in signedness [-Wpointer-sign]
In file included from c:/nxp/bstudio_nxp/NewZ200RS485Sensor-new/NewZ200RS485Sensor/Z200/Common/Source/Qsensor.c:20:0:
c:\nxp\bstudio_nxp\sdk\tools\ba-elf-ba2-r36379\bin\../lib/gcc/ba-elf/4.7.4/../../../../ba-elf/include/string.h:33:9: note: expected 'const char *' but argument is of type 'uint8_t *'
c:/nxp/bstudio_nxp/NewZ200RS485Sensor-new/NewZ200RS485Sensor/Z200/Common/Source/Qsensor.c: In function 'readEEpromSensor':
c:/nxp/bstudio_nxp/NewZ200RS485Sensor-new/NewZ200RS485Sensor/Z200/Common/Source/Qsensor.c:1009:3: warning: passing argument 3 of 'iAHI_ReadDataFromEEPROMsegment' from incompatible pointer type [enabled by default]
In file included from C:\nxp\bstudio_nxp\sdk\JN-SW-4163/Components/HardwareApi/Include/AppHardwareApi_JN5168.h:35:0,
                 from C:\nxp\bstudio_nxp\sdk\JN-SW-4163/Components/HardwareApi/Include/AppHardwareApi.h:42,
                 from c:/nxp/bstudio_nxp/NewZ200RS485Sensor-new/NewZ200RS485Sensor/Z200/Common/Source/Qsensor.c:17:
C:\nxp\bstudio_nxp\sdk\JN-SW-4163/Components/HardwareApi/Include/AppHardwareApi_JN516x.h:1355:12: note: expected 'uint8 *' but argument is of type 'struct SensorEECMDTable_t *'
c:/nxp/bstudio_nxp/NewZ200RS485Sensor-new/NewZ200RS485Sensor/Z200/Common/Source/Qsensor.c:1032:3: warning: passing argument 3 of 'iAHI_ReadDataFromEEPROMsegment' from incompatible pointer type [enabled by default]
In file included from C:\nxp\bstudio_nxp\sdk\JN-SW-4163/Components/HardwareApi/Include/AppHardwareApi_JN5168.h:35:0,
                 from C:\nxp\bstudio_nxp\sdk\JN-SW-4163/Components/HardwareApi/Include/AppHardwareApi.h:42,
                 from c:/nxp/bstudio_nxp/NewZ200RS485Sensor-new/NewZ200RS485Sensor/Z200/Common/Source/Qsensor.c:17:
C:\nxp\bstudio_nxp\sdk\JN-SW-4163/Components/HardwareApi/Include/AppHardwareApi_JN516x.h:1355:12: note: expected 'uint8 *' but argument is of type 'struct SensorLog_t *'
c:/nxp/bstudio_nxp/NewZ200RS485Sensor-new/NewZ200RS485Sensor/Z200/Common/Source/Qsensor.c: In function 'CpydataFifo':
c:/nxp/bstudio_nxp/NewZ200RS485Sensor-new/NewZ200RS485Sensor/Z200/Common/Source/Qsensor.c:1054:3: warning: passing argument 3 of 'iAHI_ReadDataFromEEPROMsegment' from incompatible pointer type [enabled by default]
In file included from C:\nxp\bstudio_nxp\sdk\JN-SW-4163/Components/HardwareApi/Include/AppHardwareApi_JN5168.h:35:0,
                 from C:\nxp\bstudio_nxp\sdk\JN-SW-4163/Components/HardwareApi/Include/AppHardwareApi.h:42,
                 from c:/nxp/bstudio_nxp/NewZ200RS485Sensor-new/NewZ200RS485Sensor/Z200/Common/Source/Qsensor.c:17:
C:\nxp\bstudio_nxp\sdk\JN-SW-4163/Components/HardwareApi/Include/AppHardwareApi_JN516x.h:1355:12: note: expected 'uint8 *' but argument is of type 'struct SensorEECMDTable_t *'
c:/nxp/bstudio_nxp/NewZ200RS485Sensor-new/NewZ200RS485Sensor/Z200/Common/Source/Qsensor.c:1049:10: warning: unused variable 'z' [-Wunused-variable]
c:/nxp/bstudio_nxp/NewZ200RS485Sensor-new/NewZ200RS485Sensor/Z200/Common/Source/Qsensor.c: In function 'processSensorE':
c:/nxp/bstudio_nxp/NewZ200RS485Sensor-new/NewZ200RS485Sensor/Z200/Common/Source/Qsensor.c:131:1: warning: control reaches end of non-void function [-Wreturn-type]

Compiling /c/nxp/bstudio_nxp/NewZ200RS485Sensor-new/NewZ200RS485Sensor/Z200/Common/Source/QUtils.c ...
C:\nxp\bstudio_nxp\sdk\JN-SW-4163/../Tools/ba-elf-ba2-r36379/bin/ba-elf-gcc -c -o QUtils.o -DLED_CTRL_CARRIER_BOARD= -DJN516x=5160 -DJN5168=5168 -DJENNIC_CHIP_NAME=_JN5168 -DJENNIC_CHIP_FAMILY_NAME=_JN516x -march=ba2 -mcpu=jn51xx -mredzone-size=4 -mbranch-cost=3 -fomit-frame-pointer -Os -fshort-enums -Wall  -Wpacked -Wcast-align -fdata-sections -ffunction-sections -flto  -DWATCHDOG_ENABLED -DJENNIC_HW_BBC_RXINCCA=1 -DJENNIC_HW_BBC_DMA=1 -DJENNIC_HW_BBC_ISA=0 -DJENNIC_SW_EXTERNAL_FLASH=0 -DJN516X_DMA_UART_BACKWARDS_COMPATIBLE_API=1 -DUART_BACKWARDS_COMPATIBLE_API=1 -DJENNIC_CHIP=JN5168 -DJENNIC_CHIP_JN5168 -DJENNIC_CHIP_FAMILY=JN516x -DJENNIC_CHIP_FAMILY_JN516x -DJENNIC_STACK_MAC -DJENNIC_MAC_MAC -Wall -Wunreachable-code -DEMBEDDED -IC:\nxp\bstudio_nxp\sdk\JN-SW-4163/Platform/Common/Include -DJENNIC_PCB=DEVKIT4 -DJENNIC_PCB_DEVKIT4 -IC:\nxp\bstudio_nxp\sdk\JN-SW-4163/Platform/DK4/Include -IC:\nxp\bstudio_nxp\sdk\JN-SW-4163/Components/Common/Include -DDBG_ENABLE -I/c/nxp/bstudio_nxp/NewZ200RS485Sensor-new/NewZ200RS485Sensor/Z200/Coordinator/Source -I/c/nxp/bstudio_nxp/NewZ200RS485Sensor-new/NewZ200RS485Sensor/Z200/Coordinator/Source/.. -I/c/nxp/bstudio_nxp/NewZ200RS485Sensor-new/NewZ200RS485Sensor/Z200/Common/Source -IC:\nxp\bstudio_nxp\sdk\JN-SW-4163/Components/JennicLogo/Include -IC:\nxp\bstudio_nxp\sdk\JN-SW-4163/Components/Utilities/Include -IC:\nxp\bstudio_nxp\sdk\JN-SW-4163/Components/AppQueueApi/Include  -IC:\nxp\bstudio_nxp\sdk\JN-SW-4163/Components/AppApi/Include -IC:\nxp\bstudio_nxp\sdk\JN-SW-4163/Components/MAC/Include -IC:\nxp\bstudio_nxp\sdk\JN-SW-4163/Components/MMAC/Include -IC:\nxp\bstudio_nxp\sdk\JN-SW-4163/Components/HardwareApi/Include -IC:\nxp\bstudio_nxp\sdk\JN-SW-4163/Components/Aes/Include -IC:\nxp\bstudio_nxp\sdk\JN-SW-4163/Components/DBG/Include -IC:\nxp\bstudio_nxp\sdk\JN-SW-4163/Components/MAC/Include -IC:\nxp\bstudio_nxp\sdk\JN-SW-4163/Components/TimerServer/Include -IC:\nxp\bstudio_nxp\sdk\JN-SW-4163/Components/PDM/Include  /c/nxp/bstudio_nxp/NewZ200RS485Sensor-new/NewZ200RS485Sensor/Z200/Common/Source/QUtils.c -MD -MF QUtils.d -MP
c:/nxp/bstudio_nxp/NewZ200RS485Sensor-new/NewZ200RS485Sensor/Z200/Common/Source/QUtils.c: In function 'convertASCII2Hex':
c:/nxp/bstudio_nxp/NewZ200RS485Sensor-new/NewZ200RS485Sensor/Z200/Common/Source/QUtils.c:28:10: warning: 'abyte' may be used uninitialized in this function [-Wmaybe-uninitialized]
c:/nxp/bstudio_nxp/NewZ200RS485Sensor-new/NewZ200RS485Sensor/Z200/Common/Source/QUtils.c: In function 'convertASCII2HexOneByte':
c:/nxp/bstudio_nxp/NewZ200RS485Sensor-new/NewZ200RS485Sensor/Z200/Common/Source/QUtils.c:57:2: warning: 'abyte' may be used uninitialized in this function [-Wmaybe-uninitialized]

Compiling /c/nxp/bstudio_nxp/NewZ200RS485Sensor-new/NewZ200RS485Sensor/Z200/Common/Source/QEvent_Process.c ...
C:\nxp\bstudio_nxp\sdk\JN-SW-4163/../Tools/ba-elf-ba2-r36379/bin/ba-elf-gcc -c -o QEvent_Process.o -DLED_CTRL_CARRIER_BOARD= -DJN516x=5160 -DJN5168=5168 -DJENNIC_CHIP_NAME=_JN5168 -DJENNIC_CHIP_FAMILY_NAME=_JN516x -march=ba2 -mcpu=jn51xx -mredzone-size=4 -mbranch-cost=3 -fomit-frame-pointer -Os -fshort-enums -Wall  -Wpacked -Wcast-align -fdata-sections -ffunction-sections -flto  -DWATCHDOG_ENABLED -DJENNIC_HW_BBC_RXINCCA=1 -DJENNIC_HW_BBC_DMA=1 -DJENNIC_HW_BBC_ISA=0 -DJENNIC_SW_EXTERNAL_FLASH=0 -DJN516X_DMA_UART_BACKWARDS_COMPATIBLE_API=1 -DUART_BACKWARDS_COMPATIBLE_API=1 -DJENNIC_CHIP=JN5168 -DJENNIC_CHIP_JN5168 -DJENNIC_CHIP_FAMILY=JN516x -DJENNIC_CHIP_FAMILY_JN516x -DJENNIC_STACK_MAC -DJENNIC_MAC_MAC -Wall -Wunreachable-code -DEMBEDDED -IC:\nxp\bstudio_nxp\sdk\JN-SW-4163/Platform/Common/Include -DJENNIC_PCB=DEVKIT4 -DJENNIC_PCB_DEVKIT4 -IC:\nxp\bstudio_nxp\sdk\JN-SW-4163/Platform/DK4/Include -IC:\nxp\bstudio_nxp\sdk\JN-SW-4163/Components/Common/Include -DDBG_ENABLE -I/c/nxp/bstudio_nxp/NewZ200RS485Sensor-new/NewZ200RS485Sensor/Z200/Coordinator/Source -I/c/nxp/bstudio_nxp/NewZ200RS485Sensor-new/NewZ200RS485Sensor/Z200/Coordinator/Source/.. -I/c/nxp/bstudio_nxp/NewZ200RS485Sensor-new/NewZ200RS485Sensor/Z200/Common/Source -IC:\nxp\bstudio_nxp\sdk\JN-SW-4163/Components/JennicLogo/Include -IC:\nxp\bstudio_nxp\sdk\JN-SW-4163/Components/Utilities/Include -IC:\nxp\bstudio_nxp\sdk\JN-SW-4163/Components/AppQueueApi/Include  -IC:\nxp\bstudio_nxp\sdk\JN-SW-4163/Components/AppApi/Include -IC:\nxp\bstudio_nxp\sdk\JN-SW-4163/Components/MAC/Include -IC:\nxp\bstudio_nxp\sdk\JN-SW-4163/Components/MMAC/Include -IC:\nxp\bstudio_nxp\sdk\JN-SW-4163/Components/HardwareApi/Include -IC:\nxp\bstudio_nxp\sdk\JN-SW-4163/Components/Aes/Include -IC:\nxp\bstudio_nxp\sdk\JN-SW-4163/Components/DBG/Include -IC:\nxp\bstudio_nxp\sdk\JN-SW-4163/Components/MAC/Include -IC:\nxp\bstudio_nxp\sdk\JN-SW-4163/Components/TimerServer/Include -IC:\nxp\bstudio_nxp\sdk\JN-SW-4163/Components/PDM/Include  /c/nxp/bstudio_nxp/NewZ200RS485Sensor-new/NewZ200RS485Sensor/Z200/Common/Source/QEvent_Process.c -MD -MF QEvent_Process.d -MP
c:/nxp/bstudio_nxp/NewZ200RS485Sensor-new/NewZ200RS485Sensor/Z200/Common/Source/QEvent_Process.c: In function 'Eventhandle':
c:/nxp/bstudio_nxp/NewZ200RS485Sensor-new/NewZ200RS485Sensor/Z200/Common/Source/QEvent_Process.c:44:3: warning: implicit declaration of function 'DBG_vPrintf' [-Wimplicit-function-declaration]
c:/nxp/bstudio_nxp/NewZ200RS485Sensor-new/NewZ200RS485Sensor/Z200/Common/Source/QEvent_Process.c:49:7: warning: implicit declaration of function 'ED_vReqActiveScan' [-Wimplicit-function-declaration]
c:/nxp/bstudio_nxp/NewZ200RS485Sensor-new/NewZ200RS485Sensor/Z200/Common/Source/QEvent_Process.c:69:3: warning: pointer targets in passing argument 1 of 'getSensorCMD' differ in signedness [-Wpointer-sign]
In file included from c:/nxp/bstudio_nxp/NewZ200RS485Sensor-new/NewZ200RS485Sensor/Z200/Common/Source/QEvent_Process.c:15:0:
c:/nxp/bstudio_nxp/NewZ200RS485Sensor-new/NewZ200RS485Sensor/Z200/Common/Source/Qsensor.h:102:9: note: expected 'uint8_t *' but argument is of type 'char *'
c:/nxp/bstudio_nxp/NewZ200RS485Sensor-new/NewZ200RS485Sensor/Z200/Common/Source/QEvent_Process.c:71:4: warning: pointer targets in passing argument 1 of 'printCmd' differ in signedness [-Wpointer-sign]
In file included from c:/nxp/bstudio_nxp/NewZ200RS485Sensor-new/NewZ200RS485Sensor/Z200/Common/Source/QEvent_Process.c:15:0:
c:/nxp/bstudio_nxp/NewZ200RS485Sensor-new/NewZ200RS485Sensor/Z200/Common/Source/Qsensor.h:81:6: note: expected 'uint8 *' but argument is of type 'char *'
c:/nxp/bstudio_nxp/NewZ200RS485Sensor-new/NewZ200RS485Sensor/Z200/Common/Source/QEvent_Process.c:83:3: warning: pointer targets in passing argument 1 of 'getSensorCMD' differ in signedness [-Wpointer-sign]
In file included from c:/nxp/bstudio_nxp/NewZ200RS485Sensor-new/NewZ200RS485Sensor/Z200/Common/Source/QEvent_Process.c:15:0:
c:/nxp/bstudio_nxp/NewZ200RS485Sensor-new/NewZ200RS485Sensor/Z200/Common/Source/Qsensor.h:102:9: note: expected 'uint8_t *' but argument is of type 'char *'
c:/nxp/bstudio_nxp/NewZ200RS485Sensor-new/NewZ200RS485Sensor/Z200/Common/Source/QEvent_Process.c:85:4: warning: pointer targets in passing argument 1 of 'printCmd' differ in signedness [-Wpointer-sign]
In file included from c:/nxp/bstudio_nxp/NewZ200RS485Sensor-new/NewZ200RS485Sensor/Z200/Common/Source/QEvent_Process.c:15:0:
c:/nxp/bstudio_nxp/NewZ200RS485Sensor-new/NewZ200RS485Sensor/Z200/Common/Source/Qsensor.h:81:6: note: expected 'uint8 *' but argument is of type 'char *'
c:/nxp/bstudio_nxp/NewZ200RS485Sensor-new/NewZ200RS485Sensor/Z200/Common/Source/QEvent_Process.c:94:12: warning: unused variable 'gRFRS485_Count' [-Wunused-variable]
c:/nxp/bstudio_nxp/NewZ200RS485Sensor-new/NewZ200RS485Sensor/Z200/Common/Source/QEvent_Process.c:93:14: warning: unused variable 'x' [-Wunused-variable]
c:/nxp/bstudio_nxp/NewZ200RS485Sensor-new/NewZ200RS485Sensor/Z200/Common/Source/QEvent_Process.c:244:3: warning: "/*" within comment [-Wcomment]
c:/nxp/bstudio_nxp/NewZ200RS485Sensor-new/NewZ200RS485Sensor/Z200/Common/Source/QEvent_Process.c:159:16: warning: unused variable 'y' [-Wunused-variable]
c:/nxp/bstudio_nxp/NewZ200RS485Sensor-new/NewZ200RS485Sensor/Z200/Common/Source/QEvent_Process.c:272:7: warning: passing argument 3 of 'iAHI_ReadDataFromEEPROMsegment' from incompatible pointer type [enabled by default]
In file included from C:\nxp\bstudio_nxp\sdk\JN-SW-4163/Components/HardwareApi/Include/AppHardwareApi_JN5168.h:35:0,
                 from C:\nxp\bstudio_nxp\sdk\JN-SW-4163/Components/HardwareApi/Include/AppHardwareApi.h:42,
                 from c:/nxp/bstudio_nxp/NewZ200RS485Sensor-new/NewZ200RS485Sensor/Z200/Common/Source/QEvent_Process.c:11:
C:\nxp\bstudio_nxp\sdk\JN-SW-4163/Components/HardwareApi/Include/AppHardwareApi_JN516x.h:1355:12: note: expected 'uint8 *' but argument is of type 'struct SensorCMD_t *'
c:/nxp/bstudio_nxp/NewZ200RS485Sensor-new/NewZ200RS485Sensor/Z200/Common/Source/QEvent_Process.c:339:24: warning: cast to pointer from integer of different size [-Wint-to-pointer-cast]
c:/nxp/bstudio_nxp/NewZ200RS485Sensor-new/NewZ200RS485Sensor/Z200/Common/Source/QEvent_Process.c:339:24: warning: initialization makes integer from pointer without a cast [enabled by default]
c:/nxp/bstudio_nxp/NewZ200RS485Sensor-new/NewZ200RS485Sensor/Z200/Common/Source/QEvent_Process.c:327:14: warning: unused variable 'y' [-Wunused-variable]
c:/nxp/bstudio_nxp/NewZ200RS485Sensor-new/NewZ200RS485Sensor/Z200/Common/Source/QEvent_Process.c:361:6: warning: "/*" within comment [-Wcomment]
c:/nxp/bstudio_nxp/NewZ200RS485Sensor-new/NewZ200RS485Sensor/Z200/Common/Source/QEvent_Process.c:427:7: warning: passing argument 1 of 'printCmd' from incompatible pointer type [enabled by default]
In file included from c:/nxp/bstudio_nxp/NewZ200RS485Sensor-new/NewZ200RS485Sensor/Z200/Common/Source/QEvent_Process.c:15:0:
c:/nxp/bstudio_nxp/NewZ200RS485Sensor-new/NewZ200RS485Sensor/Z200/Common/Source/Qsensor.h:81:6: note: expected 'uint8 *' but argument is of type 'uint8_t (*)[15]'
c:/nxp/bstudio_nxp/NewZ200RS485Sensor-new/NewZ200RS485Sensor/Z200/Common/Source/QEvent_Process.c:525:7: warning: passing argument 3 of 'iAHI_WriteDataIntoEEPROMsegment' from incompatible pointer type [enabled by default]
In file included from C:\nxp\bstudio_nxp\sdk\JN-SW-4163/Components/HardwareApi/Include/AppHardwareApi_JN5168.h:35:0,
                 from C:\nxp\bstudio_nxp\sdk\JN-SW-4163/Components/HardwareApi/Include/AppHardwareApi.h:42,
                 from c:/nxp/bstudio_nxp/NewZ200RS485Sensor-new/NewZ200RS485Sensor/Z200/Common/Source/QEvent_Process.c:11:
C:\nxp\bstudio_nxp\sdk\JN-SW-4163/Components/HardwareApi/Include/AppHardwareApi_JN516x.h:1349:12: note: expected 'uint8 *' but argument is of type 'struct SensorEECMDTable_t *'
c:/nxp/bstudio_nxp/NewZ200RS485Sensor-new/NewZ200RS485Sensor/Z200/Common/Source/QEvent_Process.c:450:16: warning: unused variable 'ASCII' [-Wunused-variable]
c:/nxp/bstudio_nxp/NewZ200RS485Sensor-new/NewZ200RS485Sensor/Z200/Common/Source/QEvent_Process.c:449:38: warning: unused variable 'EEArrGroup' [-Wunused-variable]
c:/nxp/bstudio_nxp/NewZ200RS485Sensor-new/NewZ200RS485Sensor/Z200/Common/Source/QEvent_Process.c:449:28: warning: unused variable 'EEGroup' [-Wunused-variable]
c:/nxp/bstudio_nxp/NewZ200RS485Sensor-new/NewZ200RS485Sensor/Z200/Common/Source/QEvent_Process.c:449:15: warning: unused variable 'CMD_Number' [-Wunused-variable]
c:/nxp/bstudio_nxp/NewZ200RS485Sensor-new/NewZ200RS485Sensor/Z200/Common/Source/QEvent_Process.c:448:25: warning: unused variable 'Len' [-Wunused-variable]
c:/nxp/bstudio_nxp/NewZ200RS485Sensor-new/NewZ200RS485Sensor/Z200/Common/Source/QEvent_Process.c:542:7: warning: passing argument 3 of 'iAHI_ReadDataFromEEPROMsegment' from incompatible pointer type [enabled by default]
In file included from C:\nxp\bstudio_nxp\sdk\JN-SW-4163/Components/HardwareApi/Include/AppHardwareApi_JN5168.h:35:0,
                 from C:\nxp\bstudio_nxp\sdk\JN-SW-4163/Components/HardwareApi/Include/AppHardwareApi.h:42,
                 from c:/nxp/bstudio_nxp/NewZ200RS485Sensor-new/NewZ200RS485Sensor/Z200/Common/Source/QEvent_Process.c:11:
C:\nxp\bstudio_nxp\sdk\JN-SW-4163/Components/HardwareApi/Include/AppHardwareApi_JN516x.h:1355:12: note: expected 'uint8 *' but argument is of type 'struct SensorEECMDTable_t *'
c:/nxp/bstudio_nxp/NewZ200RS485Sensor-new/NewZ200RS485Sensor/Z200/Common/Source/QEvent_Process.c:534:38: warning: unused variable 'g' [-Wunused-variable]
c:/nxp/bstudio_nxp/NewZ200RS485Sensor-new/NewZ200RS485Sensor/Z200/Common/Source/QEvent_Process.c:533:26: warning: unused variable 'One_Value' [-Wunused-variable]
c:/nxp/bstudio_nxp/NewZ200RS485Sensor-new/NewZ200RS485Sensor/Z200/Common/Source/QEvent_Process.c:533:14: warning: unused variable 'Ten_Value' [-Wunused-variable]

Linking Coordinator_JN5168.elf ...
C:\nxp\bstudio_nxp\sdk\JN-SW-4163/../Tools/ba-elf-ba2-r36379/bin/ba-elf-gcc -Wl,--gc-sections -Wl,-u_AppColdStart -Wl,-u_AppWarmStart -TApp_Stack_Size.ld -march=ba2 -mcpu=jn51xx -mredzone-size=4 -mbranch-cost=3 -fomit-frame-pointer -Os -fshort-enums -flto  -nostartfiles -LC:\nxp\bstudio_nxp\sdk\JN-SW-4163/Chip/JN5168/Build -LC:\nxp\bstudio_nxp\sdk\JN-SW-4163/Chip/JN5168/Library -LC:\nxp\bstudio_nxp\sdk\JN-SW-4163/Platform/DK4/Library -LC:\nxp\bstudio_nxp\sdk\JN-SW-4163/Components/Library -LC:\nxp\bstudio_nxp\sdk\JN-SW-4163/Stack/MAC/Build -TAppBuildMac.ld -o Coordinator_JN5168.elf crd_coordinator.o dbg.o lcd.o node.o queue.o rnd.o uart.o wuart.o AppQueueApi.o QApp.o enddevice.o Qsensor.o QUtils.o QEvent_Process.o -Wl,--start-group  -lAppApi_JN516x -lMAC_JN516x -lTimerServer_JN516x -lTOF_JN516x -lXcv_JN516x -lAes_JN516x -lHardwareApi_JN516x -lMicroSpecific_JN516x -lBoot_JN516x -lPDM_EEPROM_JN516x_NO_RTOS -lBoardLib_JN516x -Wl,--end-group -Wl,-Map,Coordinator_JN5168.map 
C:\nxp\bstudio_nxp\sdk\JN-SW-4163/../Tools/ba-elf-ba2-r36379/bin/ba-elf-size Coordinator_JN5168.elf
   text	   data	    bss	    dec	    hex	filename
  55986	   1360	  29879	  87225	  154b9	Coordinator_JN5168.elf

Generating binary ...
C:\nxp\bstudio_nxp\sdk\JN-SW-4163/../Tools/ba-elf-ba2-r36379/bin/ba-elf-objcopy -S -O binary Coordinator_JN5168.elf Coordinator_JN5168.bin
