14:44:45 **** Incremental Build of configuration Coordinator_JN5168 for project Z200 ****
make clean JENNIC_CHIP=JN5168 all 
Building trace version ...
rm -f crd_coordinator.o dbg.o lcd.o node.o queue.o rnd.o uart.o wuart.o AppQueueApi.o QApp.o enddevice.o crd_coordinator.d dbg.d lcd.d node.d queue.d rnd.d uart.d wuart.d AppQueueApi.d QApp.d enddevice.d Coordinator_JN5168*.bin Coordinator_JN5168*.elf Coordinator_JN5168*.map
Compiling /c/nxp/bstudio_nxp/Z200Transparent/Z200/Coordinator/Source/crd_coordinator.c ...
C:\nxp\bstudio_nxp\sdk\JN-SW-4163/../Tools/ba-elf-ba2-r36379/bin/ba-elf-gcc -c -o crd_coordinator.o -DLED_CTRL_CARRIER_BOARD= -DJN516x=5160 -DJN5168=5168 -DJENNIC_CHIP_NAME=_JN5168 -DJENNIC_CHIP_FAMILY_NAME=_JN516x -march=ba2 -mcpu=jn51xx -mredzone-size=4 -mbranch-cost=3 -fomit-frame-pointer -Os -fshort-enums -Wall  -Wpacked -Wcast-align -fdata-sections -ffunction-sections -flto  -DWATCHDOG_ENABLED -DJENNIC_HW_BBC_RXINCCA=1 -DJENNIC_HW_BBC_DMA=1 -DJENNIC_HW_BBC_ISA=0 -DJENNIC_SW_EXTERNAL_FLASH=0 -DJN516X_DMA_UART_BACKWARDS_COMPATIBLE_API=1 -DUART_BACKWARDS_COMPATIBLE_API=1 -DJENNIC_CHIP=JN5168 -DJENNIC_CHIP_JN5168 -DJENNIC_CHIP_FAMILY=JN516x -DJENNIC_CHIP_FAMILY_JN516x -DJENNIC_STACK_MAC -DJENNIC_MAC_MAC -Wall -Wunreachable-code -DEMBEDDED -IC:\nxp\bstudio_nxp\sdk\JN-SW-4163/Platform/Common/Include -DJENNIC_PCB=DEVKIT4 -DJENNIC_PCB_DEVKIT4 -IC:\nxp\bstudio_nxp\sdk\JN-SW-4163/Platform/DK4/Include -IC:\nxp\bstudio_nxp\sdk\JN-SW-4163/Components/Common/Include -DDBG_ENABLE -I/c/nxp/bstudio_nxp/Z200Transparent/Z200/Coordinator/Source -I/c/nxp/bstudio_nxp/Z200Transparent/Z200/Coordinator/Source/.. -I/c/nxp/bstudio_nxp/Z200Transparent/Z200/Common/Source -IC:\nxp\bstudio_nxp\sdk\JN-SW-4163/Components/JennicLogo/Include -IC:\nxp\bstudio_nxp\sdk\JN-SW-4163/Components/Utilities/Include -IC:\nxp\bstudio_nxp\sdk\JN-SW-4163/Components/AppQueueApi/Include  -IC:\nxp\bstudio_nxp\sdk\JN-SW-4163/Components/AppApi/Include -IC:\nxp\bstudio_nxp\sdk\JN-SW-4163/Components/MAC/Include -IC:\nxp\bstudio_nxp\sdk\JN-SW-4163/Components/MMAC/Include -IC:\nxp\bstudio_nxp\sdk\JN-SW-4163/Components/HardwareApi/Include -IC:\nxp\bstudio_nxp\sdk\JN-SW-4163/Components/Aes/Include -IC:\nxp\bstudio_nxp\sdk\JN-SW-4163/Components/DBG/Include -IC:\nxp\bstudio_nxp\sdk\JN-SW-4163/Components/MAC/Include -IC:\nxp\bstudio_nxp\sdk\JN-SW-4163/Components/TimerServer/Include -IC:\nxp\bstudio_nxp\sdk\JN-SW-4163/Components/PDM/Include  /c/nxp/bstudio_nxp/Z200Transparent/Z200/Coordinator/Source/crd_coordinator.c -MD -MF crd_coordinator.d -MP
c:/nxp/bstudio_nxp/Z200Transparent/Z200/Coordinator/Source/crd_coordinator.c: In function 'CRD_vMain':
c:/nxp/bstudio_nxp/Z200Transparent/Z200/Coordinator/Source/crd_coordinator.c:204:6: warning: pointer targets in passing argument 1 of 'printMsg' differ in signedness [-Wpointer-sign]
In file included from c:/nxp/bstudio_nxp/Z200Transparent/Z200/Coordinator/Source/crd_coordinator.c:55:0:
c:/nxp/bstudio_nxp/Z200Transparent/Z200/Common/Source/QApp.h:89:6: note: expected 'uint8 *' but argument is of type 'char *'
c:/nxp/bstudio_nxp/Z200Transparent/Z200/Coordinator/Source/crd_coordinator.c:205:6: warning: pointer targets in passing argument 1 of 'printMsg' differ in signedness [-Wpointer-sign]
In file included from c:/nxp/bstudio_nxp/Z200Transparent/Z200/Coordinator/Source/crd_coordinator.c:55:0:
c:/nxp/bstudio_nxp/Z200Transparent/Z200/Common/Source/QApp.h:89:6: note: expected 'uint8 *' but argument is of type 'char *'
c:/nxp/bstudio_nxp/Z200Transparent/Z200/Coordinator/Source/crd_coordinator.c:210:4: warning: pointer targets in passing argument 1 of 'printMsg' differ in signedness [-Wpointer-sign]
In file included from c:/nxp/bstudio_nxp/Z200Transparent/Z200/Coordinator/Source/crd_coordinator.c:55:0:
c:/nxp/bstudio_nxp/Z200Transparent/Z200/Common/Source/QApp.h:89:6: note: expected 'uint8 *' but argument is of type 'char *'
c:/nxp/bstudio_nxp/Z200Transparent/Z200/Coordinator/Source/crd_coordinator.c:247:6: warning: pointer targets in passing argument 1 of 'printMsg' differ in signedness [-Wpointer-sign]
In file included from c:/nxp/bstudio_nxp/Z200Transparent/Z200/Coordinator/Source/crd_coordinator.c:55:0:
c:/nxp/bstudio_nxp/Z200Transparent/Z200/Common/Source/QApp.h:89:6: note: expected 'uint8 *' but argument is of type 'char *'
c:/nxp/bstudio_nxp/Z200Transparent/Z200/Coordinator/Source/crd_coordinator.c:248:6: warning: pointer targets in passing argument 1 of 'printMsg' differ in signedness [-Wpointer-sign]
In file included from c:/nxp/bstudio_nxp/Z200Transparent/Z200/Coordinator/Source/crd_coordinator.c:55:0:
c:/nxp/bstudio_nxp/Z200Transparent/Z200/Common/Source/QApp.h:89:6: note: expected 'uint8 *' but argument is of type 'char *'
c:/nxp/bstudio_nxp/Z200Transparent/Z200/Coordinator/Source/crd_coordinator.c:255:7: warning: pointer targets in passing argument 1 of 'printMsg' differ in signedness [-Wpointer-sign]
In file included from c:/nxp/bstudio_nxp/Z200Transparent/Z200/Coordinator/Source/crd_coordinator.c:55:0:
c:/nxp/bstudio_nxp/Z200Transparent/Z200/Common/Source/QApp.h:89:6: note: expected 'uint8 *' but argument is of type 'char *'
c:/nxp/bstudio_nxp/Z200Transparent/Z200/Coordinator/Source/crd_coordinator.c:291:6: warning: pointer targets in passing argument 1 of 'printMsg' differ in signedness [-Wpointer-sign]
In file included from c:/nxp/bstudio_nxp/Z200Transparent/Z200/Coordinator/Source/crd_coordinator.c:55:0:
c:/nxp/bstudio_nxp/Z200Transparent/Z200/Common/Source/QApp.h:89:6: note: expected 'uint8 *' but argument is of type 'char *'
c:/nxp/bstudio_nxp/Z200Transparent/Z200/Coordinator/Source/crd_coordinator.c:292:6: warning: pointer targets in passing argument 1 of 'printMsg' differ in signedness [-Wpointer-sign]
In file included from c:/nxp/bstudio_nxp/Z200Transparent/Z200/Coordinator/Source/crd_coordinator.c:55:0:
c:/nxp/bstudio_nxp/Z200Transparent/Z200/Common/Source/QApp.h:89:6: note: expected 'uint8 *' but argument is of type 'char *'
c:/nxp/bstudio_nxp/Z200Transparent/Z200/Coordinator/Source/crd_coordinator.c:297:4: warning: pointer targets in passing argument 1 of 'printMsg' differ in signedness [-Wpointer-sign]
In file included from c:/nxp/bstudio_nxp/Z200Transparent/Z200/Coordinator/Source/crd_coordinator.c:55:0:
c:/nxp/bstudio_nxp/Z200Transparent/Z200/Common/Source/QApp.h:89:6: note: expected 'uint8 *' but argument is of type 'char *'
c:/nxp/bstudio_nxp/Z200Transparent/Z200/Coordinator/Source/crd_coordinator.c:333:6: warning: pointer targets in passing argument 1 of 'printMsg' differ in signedness [-Wpointer-sign]
In file included from c:/nxp/bstudio_nxp/Z200Transparent/Z200/Coordinator/Source/crd_coordinator.c:55:0:
c:/nxp/bstudio_nxp/Z200Transparent/Z200/Common/Source/QApp.h:89:6: note: expected 'uint8 *' but argument is of type 'char *'
c:/nxp/bstudio_nxp/Z200Transparent/Z200/Coordinator/Source/crd_coordinator.c:334:6: warning: pointer targets in passing argument 1 of 'printMsg' differ in signedness [-Wpointer-sign]
In file included from c:/nxp/bstudio_nxp/Z200Transparent/Z200/Coordinator/Source/crd_coordinator.c:55:0:
c:/nxp/bstudio_nxp/Z200Transparent/Z200/Common/Source/QApp.h:89:6: note: expected 'uint8 *' but argument is of type 'char *'
c:/nxp/bstudio_nxp/Z200Transparent/Z200/Coordinator/Source/crd_coordinator.c:349:8: warning: pointer targets in passing argument 1 of 'printMsg' differ in signedness [-Wpointer-sign]
In file included from c:/nxp/bstudio_nxp/Z200Transparent/Z200/Coordinator/Source/crd_coordinator.c:55:0:
c:/nxp/bstudio_nxp/Z200Transparent/Z200/Common/Source/QApp.h:89:6: note: expected 'uint8 *' but argument is of type 'char *'
c:/nxp/bstudio_nxp/Z200Transparent/Z200/Coordinator/Source/crd_coordinator.c: In function 'CRD_vInit':
c:/nxp/bstudio_nxp/Z200Transparent/Z200/Coordinator/Source/crd_coordinator.c:505:3: warning: pointer targets in passing argument 1 of 'printMsg' differ in signedness [-Wpointer-sign]
In file included from c:/nxp/bstudio_nxp/Z200Transparent/Z200/Coordinator/Source/crd_coordinator.c:55:0:
c:/nxp/bstudio_nxp/Z200Transparent/Z200/Common/Source/QApp.h:89:6: note: expected 'uint8 *' but argument is of type 'char *'
c:/nxp/bstudio_nxp/Z200Transparent/Z200/Coordinator/Source/crd_coordinator.c:409:9: warning: unused variable 'u32BaudRate' [-Wunused-variable]
c:/nxp/bstudio_nxp/Z200Transparent/Z200/Coordinator/Source/crd_coordinator.c:408:9: warning: variable 'totalSegments' set but not used [-Wunused-but-set-variable]
c:/nxp/bstudio_nxp/Z200Transparent/Z200/Coordinator/Source/crd_coordinator.c: In function 'CRD_vIndAssociate':
c:/nxp/bstudio_nxp/Z200Transparent/Z200/Coordinator/Source/crd_coordinator.c:1076:3: warning: pointer targets in passing argument 1 of 'printMsg' differ in signedness [-Wpointer-sign]
In file included from c:/nxp/bstudio_nxp/Z200Transparent/Z200/Coordinator/Source/crd_coordinator.c:55:0:
c:/nxp/bstudio_nxp/Z200Transparent/Z200/Common/Source/QApp.h:89:6: note: expected 'uint8 *' but argument is of type 'char *'
c:/nxp/bstudio_nxp/Z200Transparent/Z200/Coordinator/Source/crd_coordinator.c:1046:12: warning: unused variable 'u16EndDeviceIndex' [-Wunused-variable]
c:/nxp/bstudio_nxp/Z200Transparent/Z200/Coordinator/Source/crd_coordinator.c: At top level:
c:/nxp/bstudio_nxp/Z200Transparent/Z200/Coordinator/Source/crd_coordinator.c:907:14: warning: 'CRD_vReqEnergyScan' defined but not used [-Wunused-function]
c:/nxp/bstudio_nxp/Z200Transparent/Z200/Coordinator/Source/crd_coordinator.c:1092:14: warning: 'CRD_vIndAssociate_One2One' defined but not used [-Wunused-function]

Compiling /c/nxp/bstudio_nxp/Z200Transparent/Z200/Common/Source/dbg.c ...
C:\nxp\bstudio_nxp\sdk\JN-SW-4163/../Tools/ba-elf-ba2-r36379/bin/ba-elf-gcc -c -o dbg.o -DLED_CTRL_CARRIER_BOARD= -DJN516x=5160 -DJN5168=5168 -DJENNIC_CHIP_NAME=_JN5168 -DJENNIC_CHIP_FAMILY_NAME=_JN516x -march=ba2 -mcpu=jn51xx -mredzone-size=4 -mbranch-cost=3 -fomit-frame-pointer -Os -fshort-enums -Wall  -Wpacked -Wcast-align -fdata-sections -ffunction-sections -flto  -DWATCHDOG_ENABLED -DJENNIC_HW_BBC_RXINCCA=1 -DJENNIC_HW_BBC_DMA=1 -DJENNIC_HW_BBC_ISA=0 -DJENNIC_SW_EXTERNAL_FLASH=0 -DJN516X_DMA_UART_BACKWARDS_COMPATIBLE_API=1 -DUART_BACKWARDS_COMPATIBLE_API=1 -DJENNIC_CHIP=JN5168 -DJENNIC_CHIP_JN5168 -DJENNIC_CHIP_FAMILY=JN516x -DJENNIC_CHIP_FAMILY_JN516x -DJENNIC_STACK_MAC -DJENNIC_MAC_MAC -Wall -Wunreachable-code -DEMBEDDED -IC:\nxp\bstudio_nxp\sdk\JN-SW-4163/Platform/Common/Include -DJENNIC_PCB=DEVKIT4 -DJENNIC_PCB_DEVKIT4 -IC:\nxp\bstudio_nxp\sdk\JN-SW-4163/Platform/DK4/Include -IC:\nxp\bstudio_nxp\sdk\JN-SW-4163/Components/Common/Include -DDBG_ENABLE -I/c/nxp/bstudio_nxp/Z200Transparent/Z200/Coordinator/Source -I/c/nxp/bstudio_nxp/Z200Transparent/Z200/Coordinator/Source/.. -I/c/nxp/bstudio_nxp/Z200Transparent/Z200/Common/Source -IC:\nxp\bstudio_nxp\sdk\JN-SW-4163/Components/JennicLogo/Include -IC:\nxp\bstudio_nxp\sdk\JN-SW-4163/Components/Utilities/Include -IC:\nxp\bstudio_nxp\sdk\JN-SW-4163/Components/AppQueueApi/Include  -IC:\nxp\bstudio_nxp\sdk\JN-SW-4163/Components/AppApi/Include -IC:\nxp\bstudio_nxp\sdk\JN-SW-4163/Components/MAC/Include -IC:\nxp\bstudio_nxp\sdk\JN-SW-4163/Components/MMAC/Include -IC:\nxp\bstudio_nxp\sdk\JN-SW-4163/Components/HardwareApi/Include -IC:\nxp\bstudio_nxp\sdk\JN-SW-4163/Components/Aes/Include -IC:\nxp\bstudio_nxp\sdk\JN-SW-4163/Components/DBG/Include -IC:\nxp\bstudio_nxp\sdk\JN-SW-4163/Components/MAC/Include -IC:\nxp\bstudio_nxp\sdk\JN-SW-4163/Components/TimerServer/Include -IC:\nxp\bstudio_nxp\sdk\JN-SW-4163/Components/PDM/Include  /c/nxp/bstudio_nxp/Z200Transparent/Z200/Common/Source/dbg.c -MD -MF dbg.d -MP

Compiling /c/nxp/bstudio_nxp/Z200Transparent/Z200/Common/Source/lcd.c ...
C:\nxp\bstudio_nxp\sdk\JN-SW-4163/../Tools/ba-elf-ba2-r36379/bin/ba-elf-gcc -c -o lcd.o -DLED_CTRL_CARRIER_BOARD= -DJN516x=5160 -DJN5168=5168 -DJENNIC_CHIP_NAME=_JN5168 -DJENNIC_CHIP_FAMILY_NAME=_JN516x -march=ba2 -mcpu=jn51xx -mredzone-size=4 -mbranch-cost=3 -fomit-frame-pointer -Os -fshort-enums -Wall  -Wpacked -Wcast-align -fdata-sections -ffunction-sections -flto  -DWATCHDOG_ENABLED -DJENNIC_HW_BBC_RXINCCA=1 -DJENNIC_HW_BBC_DMA=1 -DJENNIC_HW_BBC_ISA=0 -DJENNIC_SW_EXTERNAL_FLASH=0 -DJN516X_DMA_UART_BACKWARDS_COMPATIBLE_API=1 -DUART_BACKWARDS_COMPATIBLE_API=1 -DJENNIC_CHIP=JN5168 -DJENNIC_CHIP_JN5168 -DJENNIC_CHIP_FAMILY=JN516x -DJENNIC_CHIP_FAMILY_JN516x -DJENNIC_STACK_MAC -DJENNIC_MAC_MAC -Wall -Wunreachable-code -DEMBEDDED -IC:\nxp\bstudio_nxp\sdk\JN-SW-4163/Platform/Common/Include -DJENNIC_PCB=DEVKIT4 -DJENNIC_PCB_DEVKIT4 -IC:\nxp\bstudio_nxp\sdk\JN-SW-4163/Platform/DK4/Include -IC:\nxp\bstudio_nxp\sdk\JN-SW-4163/Components/Common/Include -DDBG_ENABLE -I/c/nxp/bstudio_nxp/Z200Transparent/Z200/Coordinator/Source -I/c/nxp/bstudio_nxp/Z200Transparent/Z200/Coordinator/Source/.. -I/c/nxp/bstudio_nxp/Z200Transparent/Z200/Common/Source -IC:\nxp\bstudio_nxp\sdk\JN-SW-4163/Components/JennicLogo/Include -IC:\nxp\bstudio_nxp\sdk\JN-SW-4163/Components/Utilities/Include -IC:\nxp\bstudio_nxp\sdk\JN-SW-4163/Components/AppQueueApi/Include  -IC:\nxp\bstudio_nxp\sdk\JN-SW-4163/Components/AppApi/Include -IC:\nxp\bstudio_nxp\sdk\JN-SW-4163/Components/MAC/Include -IC:\nxp\bstudio_nxp\sdk\JN-SW-4163/Components/MMAC/Include -IC:\nxp\bstudio_nxp\sdk\JN-SW-4163/Components/HardwareApi/Include -IC:\nxp\bstudio_nxp\sdk\JN-SW-4163/Components/Aes/Include -IC:\nxp\bstudio_nxp\sdk\JN-SW-4163/Components/DBG/Include -IC:\nxp\bstudio_nxp\sdk\JN-SW-4163/Components/MAC/Include -IC:\nxp\bstudio_nxp\sdk\JN-SW-4163/Components/TimerServer/Include -IC:\nxp\bstudio_nxp\sdk\JN-SW-4163/Components/PDM/Include  /c/nxp/bstudio_nxp/Z200Transparent/Z200/Common/Source/lcd.c -MD -MF lcd.d -MP

Compiling /c/nxp/bstudio_nxp/Z200Transparent/Z200/Common/Source/node.c ...
C:\nxp\bstudio_nxp\sdk\JN-SW-4163/../Tools/ba-elf-ba2-r36379/bin/ba-elf-gcc -c -o node.o -DLED_CTRL_CARRIER_BOARD= -DJN516x=5160 -DJN5168=5168 -DJENNIC_CHIP_NAME=_JN5168 -DJENNIC_CHIP_FAMILY_NAME=_JN516x -march=ba2 -mcpu=jn51xx -mredzone-size=4 -mbranch-cost=3 -fomit-frame-pointer -Os -fshort-enums -Wall  -Wpacked -Wcast-align -fdata-sections -ffunction-sections -flto  -DWATCHDOG_ENABLED -DJENNIC_HW_BBC_RXINCCA=1 -DJENNIC_HW_BBC_DMA=1 -DJENNIC_HW_BBC_ISA=0 -DJENNIC_SW_EXTERNAL_FLASH=0 -DJN516X_DMA_UART_BACKWARDS_COMPATIBLE_API=1 -DUART_BACKWARDS_COMPATIBLE_API=1 -DJENNIC_CHIP=JN5168 -DJENNIC_CHIP_JN5168 -DJENNIC_CHIP_FAMILY=JN516x -DJENNIC_CHIP_FAMILY_JN516x -DJENNIC_STACK_MAC -DJENNIC_MAC_MAC -Wall -Wunreachable-code -DEMBEDDED -IC:\nxp\bstudio_nxp\sdk\JN-SW-4163/Platform/Common/Include -DJENNIC_PCB=DEVKIT4 -DJENNIC_PCB_DEVKIT4 -IC:\nxp\bstudio_nxp\sdk\JN-SW-4163/Platform/DK4/Include -IC:\nxp\bstudio_nxp\sdk\JN-SW-4163/Components/Common/Include -DDBG_ENABLE -I/c/nxp/bstudio_nxp/Z200Transparent/Z200/Coordinator/Source -I/c/nxp/bstudio_nxp/Z200Transparent/Z200/Coordinator/Source/.. -I/c/nxp/bstudio_nxp/Z200Transparent/Z200/Common/Source -IC:\nxp\bstudio_nxp\sdk\JN-SW-4163/Components/JennicLogo/Include -IC:\nxp\bstudio_nxp\sdk\JN-SW-4163/Components/Utilities/Include -IC:\nxp\bstudio_nxp\sdk\JN-SW-4163/Components/AppQueueApi/Include  -IC:\nxp\bstudio_nxp\sdk\JN-SW-4163/Components/AppApi/Include -IC:\nxp\bstudio_nxp\sdk\JN-SW-4163/Components/MAC/Include -IC:\nxp\bstudio_nxp\sdk\JN-SW-4163/Components/MMAC/Include -IC:\nxp\bstudio_nxp\sdk\JN-SW-4163/Components/HardwareApi/Include -IC:\nxp\bstudio_nxp\sdk\JN-SW-4163/Components/Aes/Include -IC:\nxp\bstudio_nxp\sdk\JN-SW-4163/Components/DBG/Include -IC:\nxp\bstudio_nxp\sdk\JN-SW-4163/Components/MAC/Include -IC:\nxp\bstudio_nxp\sdk\JN-SW-4163/Components/TimerServer/Include -IC:\nxp\bstudio_nxp\sdk\JN-SW-4163/Components/PDM/Include  /c/nxp/bstudio_nxp/Z200Transparent/Z200/Common/Source/node.c -MD -MF node.d -MP
c:/nxp/bstudio_nxp/Z200Transparent/Z200/Common/Source/node.c: In function 'NODE_vTxAck':
c:/nxp/bstudio_nxp/Z200Transparent/Z200/Common/Source/node.c:149:31: warning: unknown escape sequence: '\c' [enabled by default]

Compiling /c/nxp/bstudio_nxp/Z200Transparent/Z200/Common/Source/queue.c ...
C:\nxp\bstudio_nxp\sdk\JN-SW-4163/../Tools/ba-elf-ba2-r36379/bin/ba-elf-gcc -c -o queue.o -DLED_CTRL_CARRIER_BOARD= -DJN516x=5160 -DJN5168=5168 -DJENNIC_CHIP_NAME=_JN5168 -DJENNIC_CHIP_FAMILY_NAME=_JN516x -march=ba2 -mcpu=jn51xx -mredzone-size=4 -mbranch-cost=3 -fomit-frame-pointer -Os -fshort-enums -Wall  -Wpacked -Wcast-align -fdata-sections -ffunction-sections -flto  -DWATCHDOG_ENABLED -DJENNIC_HW_BBC_RXINCCA=1 -DJENNIC_HW_BBC_DMA=1 -DJENNIC_HW_BBC_ISA=0 -DJENNIC_SW_EXTERNAL_FLASH=0 -DJN516X_DMA_UART_BACKWARDS_COMPATIBLE_API=1 -DUART_BACKWARDS_COMPATIBLE_API=1 -DJENNIC_CHIP=JN5168 -DJENNIC_CHIP_JN5168 -DJENNIC_CHIP_FAMILY=JN516x -DJENNIC_CHIP_FAMILY_JN516x -DJENNIC_STACK_MAC -DJENNIC_MAC_MAC -Wall -Wunreachable-code -DEMBEDDED -IC:\nxp\bstudio_nxp\sdk\JN-SW-4163/Platform/Common/Include -DJENNIC_PCB=DEVKIT4 -DJENNIC_PCB_DEVKIT4 -IC:\nxp\bstudio_nxp\sdk\JN-SW-4163/Platform/DK4/Include -IC:\nxp\bstudio_nxp\sdk\JN-SW-4163/Components/Common/Include -DDBG_ENABLE -I/c/nxp/bstudio_nxp/Z200Transparent/Z200/Coordinator/Source -I/c/nxp/bstudio_nxp/Z200Transparent/Z200/Coordinator/Source/.. -I/c/nxp/bstudio_nxp/Z200Transparent/Z200/Common/Source -IC:\nxp\bstudio_nxp\sdk\JN-SW-4163/Components/JennicLogo/Include -IC:\nxp\bstudio_nxp\sdk\JN-SW-4163/Components/Utilities/Include -IC:\nxp\bstudio_nxp\sdk\JN-SW-4163/Components/AppQueueApi/Include  -IC:\nxp\bstudio_nxp\sdk\JN-SW-4163/Components/AppApi/Include -IC:\nxp\bstudio_nxp\sdk\JN-SW-4163/Components/MAC/Include -IC:\nxp\bstudio_nxp\sdk\JN-SW-4163/Components/MMAC/Include -IC:\nxp\bstudio_nxp\sdk\JN-SW-4163/Components/HardwareApi/Include -IC:\nxp\bstudio_nxp\sdk\JN-SW-4163/Components/Aes/Include -IC:\nxp\bstudio_nxp\sdk\JN-SW-4163/Components/DBG/Include -IC:\nxp\bstudio_nxp\sdk\JN-SW-4163/Components/MAC/Include -IC:\nxp\bstudio_nxp\sdk\JN-SW-4163/Components/TimerServer/Include -IC:\nxp\bstudio_nxp\sdk\JN-SW-4163/Components/PDM/Include  /c/nxp/bstudio_nxp/Z200Transparent/Z200/Common/Source/queue.c -MD -MF queue.d -MP

Compiling /c/nxp/bstudio_nxp/Z200Transparent/Z200/Common/Source/rnd.c ...
C:\nxp\bstudio_nxp\sdk\JN-SW-4163/../Tools/ba-elf-ba2-r36379/bin/ba-elf-gcc -c -o rnd.o -DLED_CTRL_CARRIER_BOARD= -DJN516x=5160 -DJN5168=5168 -DJENNIC_CHIP_NAME=_JN5168 -DJENNIC_CHIP_FAMILY_NAME=_JN516x -march=ba2 -mcpu=jn51xx -mredzone-size=4 -mbranch-cost=3 -fomit-frame-pointer -Os -fshort-enums -Wall  -Wpacked -Wcast-align -fdata-sections -ffunction-sections -flto  -DWATCHDOG_ENABLED -DJENNIC_HW_BBC_RXINCCA=1 -DJENNIC_HW_BBC_DMA=1 -DJENNIC_HW_BBC_ISA=0 -DJENNIC_SW_EXTERNAL_FLASH=0 -DJN516X_DMA_UART_BACKWARDS_COMPATIBLE_API=1 -DUART_BACKWARDS_COMPATIBLE_API=1 -DJENNIC_CHIP=JN5168 -DJENNIC_CHIP_JN5168 -DJENNIC_CHIP_FAMILY=JN516x -DJENNIC_CHIP_FAMILY_JN516x -DJENNIC_STACK_MAC -DJENNIC_MAC_MAC -Wall -Wunreachable-code -DEMBEDDED -IC:\nxp\bstudio_nxp\sdk\JN-SW-4163/Platform/Common/Include -DJENNIC_PCB=DEVKIT4 -DJENNIC_PCB_DEVKIT4 -IC:\nxp\bstudio_nxp\sdk\JN-SW-4163/Platform/DK4/Include -IC:\nxp\bstudio_nxp\sdk\JN-SW-4163/Components/Common/Include -DDBG_ENABLE -I/c/nxp/bstudio_nxp/Z200Transparent/Z200/Coordinator/Source -I/c/nxp/bstudio_nxp/Z200Transparent/Z200/Coordinator/Source/.. -I/c/nxp/bstudio_nxp/Z200Transparent/Z200/Common/Source -IC:\nxp\bstudio_nxp\sdk\JN-SW-4163/Components/JennicLogo/Include -IC:\nxp\bstudio_nxp\sdk\JN-SW-4163/Components/Utilities/Include -IC:\nxp\bstudio_nxp\sdk\JN-SW-4163/Components/AppQueueApi/Include  -IC:\nxp\bstudio_nxp\sdk\JN-SW-4163/Components/AppApi/Include -IC:\nxp\bstudio_nxp\sdk\JN-SW-4163/Components/MAC/Include -IC:\nxp\bstudio_nxp\sdk\JN-SW-4163/Components/MMAC/Include -IC:\nxp\bstudio_nxp\sdk\JN-SW-4163/Components/HardwareApi/Include -IC:\nxp\bstudio_nxp\sdk\JN-SW-4163/Components/Aes/Include -IC:\nxp\bstudio_nxp\sdk\JN-SW-4163/Components/DBG/Include -IC:\nxp\bstudio_nxp\sdk\JN-SW-4163/Components/MAC/Include -IC:\nxp\bstudio_nxp\sdk\JN-SW-4163/Components/TimerServer/Include -IC:\nxp\bstudio_nxp\sdk\JN-SW-4163/Components/PDM/Include  /c/nxp/bstudio_nxp/Z200Transparent/Z200/Common/Source/rnd.c -MD -MF rnd.d -MP

Compiling /c/nxp/bstudio_nxp/Z200Transparent/Z200/Common/Source/uart.c ...
C:\nxp\bstudio_nxp\sdk\JN-SW-4163/../Tools/ba-elf-ba2-r36379/bin/ba-elf-gcc -c -o uart.o -DLED_CTRL_CARRIER_BOARD= -DJN516x=5160 -DJN5168=5168 -DJENNIC_CHIP_NAME=_JN5168 -DJENNIC_CHIP_FAMILY_NAME=_JN516x -march=ba2 -mcpu=jn51xx -mredzone-size=4 -mbranch-cost=3 -fomit-frame-pointer -Os -fshort-enums -Wall  -Wpacked -Wcast-align -fdata-sections -ffunction-sections -flto  -DWATCHDOG_ENABLED -DJENNIC_HW_BBC_RXINCCA=1 -DJENNIC_HW_BBC_DMA=1 -DJENNIC_HW_BBC_ISA=0 -DJENNIC_SW_EXTERNAL_FLASH=0 -DJN516X_DMA_UART_BACKWARDS_COMPATIBLE_API=1 -DUART_BACKWARDS_COMPATIBLE_API=1 -DJENNIC_CHIP=JN5168 -DJENNIC_CHIP_JN5168 -DJENNIC_CHIP_FAMILY=JN516x -DJENNIC_CHIP_FAMILY_JN516x -DJENNIC_STACK_MAC -DJENNIC_MAC_MAC -Wall -Wunreachable-code -DEMBEDDED -IC:\nxp\bstudio_nxp\sdk\JN-SW-4163/Platform/Common/Include -DJENNIC_PCB=DEVKIT4 -DJENNIC_PCB_DEVKIT4 -IC:\nxp\bstudio_nxp\sdk\JN-SW-4163/Platform/DK4/Include -IC:\nxp\bstudio_nxp\sdk\JN-SW-4163/Components/Common/Include -DDBG_ENABLE -I/c/nxp/bstudio_nxp/Z200Transparent/Z200/Coordinator/Source -I/c/nxp/bstudio_nxp/Z200Transparent/Z200/Coordinator/Source/.. -I/c/nxp/bstudio_nxp/Z200Transparent/Z200/Common/Source -IC:\nxp\bstudio_nxp\sdk\JN-SW-4163/Components/JennicLogo/Include -IC:\nxp\bstudio_nxp\sdk\JN-SW-4163/Components/Utilities/Include -IC:\nxp\bstudio_nxp\sdk\JN-SW-4163/Components/AppQueueApi/Include  -IC:\nxp\bstudio_nxp\sdk\JN-SW-4163/Components/AppApi/Include -IC:\nxp\bstudio_nxp\sdk\JN-SW-4163/Components/MAC/Include -IC:\nxp\bstudio_nxp\sdk\JN-SW-4163/Components/MMAC/Include -IC:\nxp\bstudio_nxp\sdk\JN-SW-4163/Components/HardwareApi/Include -IC:\nxp\bstudio_nxp\sdk\JN-SW-4163/Components/Aes/Include -IC:\nxp\bstudio_nxp\sdk\JN-SW-4163/Components/DBG/Include -IC:\nxp\bstudio_nxp\sdk\JN-SW-4163/Components/MAC/Include -IC:\nxp\bstudio_nxp\sdk\JN-SW-4163/Components/TimerServer/Include -IC:\nxp\bstudio_nxp\sdk\JN-SW-4163/Components/PDM/Include  /c/nxp/bstudio_nxp/Z200Transparent/Z200/Common/Source/uart.c -MD -MF uart.d -MP
c:/nxp/bstudio_nxp/Z200Transparent/Z200/Common/Source/uart.c: In function 'sendAChar':
c:/nxp/bstudio_nxp/Z200Transparent/Z200/Common/Source/uart.c:1298:7: warning: variable 'bAdd' set but not used [-Wunused-but-set-variable]

Compiling /c/nxp/bstudio_nxp/Z200Transparent/Z200/Common/Source/wuart.c ...
C:\nxp\bstudio_nxp\sdk\JN-SW-4163/../Tools/ba-elf-ba2-r36379/bin/ba-elf-gcc -c -o wuart.o -DLED_CTRL_CARRIER_BOARD= -DJN516x=5160 -DJN5168=5168 -DJENNIC_CHIP_NAME=_JN5168 -DJENNIC_CHIP_FAMILY_NAME=_JN516x -march=ba2 -mcpu=jn51xx -mredzone-size=4 -mbranch-cost=3 -fomit-frame-pointer -Os -fshort-enums -Wall  -Wpacked -Wcast-align -fdata-sections -ffunction-sections -flto  -DWATCHDOG_ENABLED -DJENNIC_HW_BBC_RXINCCA=1 -DJENNIC_HW_BBC_DMA=1 -DJENNIC_HW_BBC_ISA=0 -DJENNIC_SW_EXTERNAL_FLASH=0 -DJN516X_DMA_UART_BACKWARDS_COMPATIBLE_API=1 -DUART_BACKWARDS_COMPATIBLE_API=1 -DJENNIC_CHIP=JN5168 -DJENNIC_CHIP_JN5168 -DJENNIC_CHIP_FAMILY=JN516x -DJENNIC_CHIP_FAMILY_JN516x -DJENNIC_STACK_MAC -DJENNIC_MAC_MAC -Wall -Wunreachable-code -DEMBEDDED -IC:\nxp\bstudio_nxp\sdk\JN-SW-4163/Platform/Common/Include -DJENNIC_PCB=DEVKIT4 -DJENNIC_PCB_DEVKIT4 -IC:\nxp\bstudio_nxp\sdk\JN-SW-4163/Platform/DK4/Include -IC:\nxp\bstudio_nxp\sdk\JN-SW-4163/Components/Common/Include -DDBG_ENABLE -I/c/nxp/bstudio_nxp/Z200Transparent/Z200/Coordinator/Source -I/c/nxp/bstudio_nxp/Z200Transparent/Z200/Coordinator/Source/.. -I/c/nxp/bstudio_nxp/Z200Transparent/Z200/Common/Source -IC:\nxp\bstudio_nxp\sdk\JN-SW-4163/Components/JennicLogo/Include -IC:\nxp\bstudio_nxp\sdk\JN-SW-4163/Components/Utilities/Include -IC:\nxp\bstudio_nxp\sdk\JN-SW-4163/Components/AppQueueApi/Include  -IC:\nxp\bstudio_nxp\sdk\JN-SW-4163/Components/AppApi/Include -IC:\nxp\bstudio_nxp\sdk\JN-SW-4163/Components/MAC/Include -IC:\nxp\bstudio_nxp\sdk\JN-SW-4163/Components/MMAC/Include -IC:\nxp\bstudio_nxp\sdk\JN-SW-4163/Components/HardwareApi/Include -IC:\nxp\bstudio_nxp\sdk\JN-SW-4163/Components/Aes/Include -IC:\nxp\bstudio_nxp\sdk\JN-SW-4163/Components/DBG/Include -IC:\nxp\bstudio_nxp\sdk\JN-SW-4163/Components/MAC/Include -IC:\nxp\bstudio_nxp\sdk\JN-SW-4163/Components/TimerServer/Include -IC:\nxp\bstudio_nxp\sdk\JN-SW-4163/Components/PDM/Include  /c/nxp/bstudio_nxp/Z200Transparent/Z200/Common/Source/wuart.c -MD -MF wuart.d -MP
c:/nxp/bstudio_nxp/Z200Transparent/Z200/Common/Source/wuart.c: In function 'WUART_vInit':
c:/nxp/bstudio_nxp/Z200Transparent/Z200/Common/Source/wuart.c:134:10: warning: unused variable 'i' [-Wunused-variable]
c:/nxp/bstudio_nxp/Z200Transparent/Z200/Common/Source/wuart.c: In function 'WUART_vTick':
c:/nxp/bstudio_nxp/Z200Transparent/Z200/Common/Source/wuart.c:341:7: warning: pointer targets in passing argument 1 of 'printMsg' differ in signedness [-Wpointer-sign]
In file included from c:/nxp/bstudio_nxp/Z200Transparent/Z200/Common/Source/wuart.c:62:0:
c:/nxp/bstudio_nxp/Z200Transparent/Z200/Common/Source/QApp.h:89:6: note: expected 'uint8 *' but argument is of type 'char *'
c:/nxp/bstudio_nxp/Z200Transparent/Z200/Common/Source/wuart.c:328:10: warning: unused variable 'bitmap' [-Wunused-variable]
c:/nxp/bstudio_nxp/Z200Transparent/Z200/Common/Source/wuart.c:395:7: warning: pointer targets in passing argument 1 of 'printMsg' differ in signedness [-Wpointer-sign]
In file included from c:/nxp/bstudio_nxp/Z200Transparent/Z200/Common/Source/wuart.c:62:0:
c:/nxp/bstudio_nxp/Z200Transparent/Z200/Common/Source/QApp.h:89:6: note: expected 'uint8 *' but argument is of type 'char *'
c:/nxp/bstudio_nxp/Z200Transparent/Z200/Common/Source/wuart.c: In function 'WUART_vRxQ':
c:/nxp/bstudio_nxp/Z200Transparent/Z200/Common/Source/wuart.c:434:11: warning: unused variable 'bHandled' [-Wunused-variable]
c:/nxp/bstudio_nxp/Z200Transparent/Z200/Common/Source/wuart.c: In function 'WUART_bTxData':
c:/nxp/bstudio_nxp/Z200Transparent/Z200/Common/Source/wuart.c:686:4: warning: pointer targets in passing argument 1 of 'printMsg' differ in signedness [-Wpointer-sign]
In file included from c:/nxp/bstudio_nxp/Z200Transparent/Z200/Common/Source/wuart.c:62:0:
c:/nxp/bstudio_nxp/Z200Transparent/Z200/Common/Source/QApp.h:89:6: note: expected 'uint8 *' but argument is of type 'char *'
c:/nxp/bstudio_nxp/Z200Transparent/Z200/Common/Source/wuart.c: In function 'sendTestData':
c:/nxp/bstudio_nxp/Z200Transparent/Z200/Common/Source/wuart.c:795:9: warning: unused variable 'got1B' [-Wunused-variable]
c:/nxp/bstudio_nxp/Z200Transparent/Z200/Common/Source/wuart.c:793:10: warning: variable 'bTxData' set but not used [-Wunused-but-set-variable]
c:/nxp/bstudio_nxp/Z200Transparent/Z200/Common/Source/wuart.c: At top level:
c:/nxp/bstudio_nxp/Z200Transparent/Z200/Common/Source/wuart.c:764:15: warning: 'WUART_u8DataSeqTxNew' defined but not used [-Wunused-function]

Compiling \nxp\bstudio_nxp\sdk\JN-SW-4163/Components/AppQueueApi/Source/AppQueueApi.c ...
C:\nxp\bstudio_nxp\sdk\JN-SW-4163/../Tools/ba-elf-ba2-r36379/bin/ba-elf-gcc -c -o AppQueueApi.o -DLED_CTRL_CARRIER_BOARD= -DJN516x=5160 -DJN5168=5168 -DJENNIC_CHIP_NAME=_JN5168 -DJENNIC_CHIP_FAMILY_NAME=_JN516x -march=ba2 -mcpu=jn51xx -mredzone-size=4 -mbranch-cost=3 -fomit-frame-pointer -Os -fshort-enums -Wall  -Wpacked -Wcast-align -fdata-sections -ffunction-sections -flto  -DWATCHDOG_ENABLED -DJENNIC_HW_BBC_RXINCCA=1 -DJENNIC_HW_BBC_DMA=1 -DJENNIC_HW_BBC_ISA=0 -DJENNIC_SW_EXTERNAL_FLASH=0 -DJN516X_DMA_UART_BACKWARDS_COMPATIBLE_API=1 -DUART_BACKWARDS_COMPATIBLE_API=1 -DJENNIC_CHIP=JN5168 -DJENNIC_CHIP_JN5168 -DJENNIC_CHIP_FAMILY=JN516x -DJENNIC_CHIP_FAMILY_JN516x -DJENNIC_STACK_MAC -DJENNIC_MAC_MAC -Wall -Wunreachable-code -DEMBEDDED -IC:\nxp\bstudio_nxp\sdk\JN-SW-4163/Platform/Common/Include -DJENNIC_PCB=DEVKIT4 -DJENNIC_PCB_DEVKIT4 -IC:\nxp\bstudio_nxp\sdk\JN-SW-4163/Platform/DK4/Include -IC:\nxp\bstudio_nxp\sdk\JN-SW-4163/Components/Common/Include -DDBG_ENABLE -I/c/nxp/bstudio_nxp/Z200Transparent/Z200/Coordinator/Source -I/c/nxp/bstudio_nxp/Z200Transparent/Z200/Coordinator/Source/.. -I/c/nxp/bstudio_nxp/Z200Transparent/Z200/Common/Source -IC:\nxp\bstudio_nxp\sdk\JN-SW-4163/Components/JennicLogo/Include -IC:\nxp\bstudio_nxp\sdk\JN-SW-4163/Components/Utilities/Include -IC:\nxp\bstudio_nxp\sdk\JN-SW-4163/Components/AppQueueApi/Include  -IC:\nxp\bstudio_nxp\sdk\JN-SW-4163/Components/AppApi/Include -IC:\nxp\bstudio_nxp\sdk\JN-SW-4163/Components/MAC/Include -IC:\nxp\bstudio_nxp\sdk\JN-SW-4163/Components/MMAC/Include -IC:\nxp\bstudio_nxp\sdk\JN-SW-4163/Components/HardwareApi/Include -IC:\nxp\bstudio_nxp\sdk\JN-SW-4163/Components/Aes/Include -IC:\nxp\bstudio_nxp\sdk\JN-SW-4163/Components/DBG/Include -IC:\nxp\bstudio_nxp\sdk\JN-SW-4163/Components/MAC/Include -IC:\nxp\bstudio_nxp\sdk\JN-SW-4163/Components/TimerServer/Include -IC:\nxp\bstudio_nxp\sdk\JN-SW-4163/Components/PDM/Include  \nxp\bstudio_nxp\sdk\JN-SW-4163/Components/AppQueueApi/Source/AppQueueApi.c -MD -MF AppQueueApi.d -MP

Compiling /c/nxp/bstudio_nxp/Z200Transparent/Z200/Common/Source/QApp.c ...
C:\nxp\bstudio_nxp\sdk\JN-SW-4163/../Tools/ba-elf-ba2-r36379/bin/ba-elf-gcc -c -o QApp.o -DLED_CTRL_CARRIER_BOARD= -DJN516x=5160 -DJN5168=5168 -DJENNIC_CHIP_NAME=_JN5168 -DJENNIC_CHIP_FAMILY_NAME=_JN516x -march=ba2 -mcpu=jn51xx -mredzone-size=4 -mbranch-cost=3 -fomit-frame-pointer -Os -fshort-enums -Wall  -Wpacked -Wcast-align -fdata-sections -ffunction-sections -flto  -DWATCHDOG_ENABLED -DJENNIC_HW_BBC_RXINCCA=1 -DJENNIC_HW_BBC_DMA=1 -DJENNIC_HW_BBC_ISA=0 -DJENNIC_SW_EXTERNAL_FLASH=0 -DJN516X_DMA_UART_BACKWARDS_COMPATIBLE_API=1 -DUART_BACKWARDS_COMPATIBLE_API=1 -DJENNIC_CHIP=JN5168 -DJENNIC_CHIP_JN5168 -DJENNIC_CHIP_FAMILY=JN516x -DJENNIC_CHIP_FAMILY_JN516x -DJENNIC_STACK_MAC -DJENNIC_MAC_MAC -Wall -Wunreachable-code -DEMBEDDED -IC:\nxp\bstudio_nxp\sdk\JN-SW-4163/Platform/Common/Include -DJENNIC_PCB=DEVKIT4 -DJENNIC_PCB_DEVKIT4 -IC:\nxp\bstudio_nxp\sdk\JN-SW-4163/Platform/DK4/Include -IC:\nxp\bstudio_nxp\sdk\JN-SW-4163/Components/Common/Include -DDBG_ENABLE -I/c/nxp/bstudio_nxp/Z200Transparent/Z200/Coordinator/Source -I/c/nxp/bstudio_nxp/Z200Transparent/Z200/Coordinator/Source/.. -I/c/nxp/bstudio_nxp/Z200Transparent/Z200/Common/Source -IC:\nxp\bstudio_nxp\sdk\JN-SW-4163/Components/JennicLogo/Include -IC:\nxp\bstudio_nxp\sdk\JN-SW-4163/Components/Utilities/Include -IC:\nxp\bstudio_nxp\sdk\JN-SW-4163/Components/AppQueueApi/Include  -IC:\nxp\bstudio_nxp\sdk\JN-SW-4163/Components/AppApi/Include -IC:\nxp\bstudio_nxp\sdk\JN-SW-4163/Components/MAC/Include -IC:\nxp\bstudio_nxp\sdk\JN-SW-4163/Components/MMAC/Include -IC:\nxp\bstudio_nxp\sdk\JN-SW-4163/Components/HardwareApi/Include -IC:\nxp\bstudio_nxp\sdk\JN-SW-4163/Components/Aes/Include -IC:\nxp\bstudio_nxp\sdk\JN-SW-4163/Components/DBG/Include -IC:\nxp\bstudio_nxp\sdk\JN-SW-4163/Components/MAC/Include -IC:\nxp\bstudio_nxp\sdk\JN-SW-4163/Components/TimerServer/Include -IC:\nxp\bstudio_nxp\sdk\JN-SW-4163/Components/PDM/Include  /c/nxp/bstudio_nxp/Z200Transparent/Z200/Common/Source/QApp.c -MD -MF QApp.d -MP
c:/nxp/bstudio_nxp/Z200Transparent/Z200/Common/Source/QApp.c: In function 'parseCommand':
c:/nxp/bstudio_nxp/Z200Transparent/Z200/Common/Source/QApp.c:127:5: warning: pointer targets in passing argument 1 of 'printMsg' differ in signedness [-Wpointer-sign]
In file included from c:/nxp/bstudio_nxp/Z200Transparent/Z200/Common/Source/QApp.c:12:0:
c:/nxp/bstudio_nxp/Z200Transparent/Z200/Common/Source/QApp.h:89:6: note: expected 'uint8 *' but argument is of type 'char *'
c:/nxp/bstudio_nxp/Z200Transparent/Z200/Common/Source/QApp.c:129:5: warning: pointer targets in passing argument 1 of 'printMsg' differ in signedness [-Wpointer-sign]
In file included from c:/nxp/bstudio_nxp/Z200Transparent/Z200/Common/Source/QApp.c:12:0:
c:/nxp/bstudio_nxp/Z200Transparent/Z200/Common/Source/QApp.h:89:6: note: expected 'uint8 *' but argument is of type 'char *'
c:/nxp/bstudio_nxp/Z200Transparent/Z200/Common/Source/QApp.c: In function 'processBitMode':
c:/nxp/bstudio_nxp/Z200Transparent/Z200/Common/Source/QApp.c:295:2: warning: pointer targets in passing argument 1 of 'printMsg' differ in signedness [-Wpointer-sign]
In file included from c:/nxp/bstudio_nxp/Z200Transparent/Z200/Common/Source/QApp.c:12:0:
c:/nxp/bstudio_nxp/Z200Transparent/Z200/Common/Source/QApp.h:89:6: note: expected 'uint8 *' but argument is of type 'char *'
c:/nxp/bstudio_nxp/Z200Transparent/Z200/Common/Source/QApp.c:292:9: warning: unused variable 'sName' [-Wunused-variable]
c:/nxp/bstudio_nxp/Z200Transparent/Z200/Common/Source/QApp.c: In function 'processExit':
c:/nxp/bstudio_nxp/Z200Transparent/Z200/Common/Source/QApp.c:398:2: warning: pointer targets in passing argument 1 of 'printMsg' differ in signedness [-Wpointer-sign]
In file included from c:/nxp/bstudio_nxp/Z200Transparent/Z200/Common/Source/QApp.c:12:0:
c:/nxp/bstudio_nxp/Z200Transparent/Z200/Common/Source/QApp.h:89:6: note: expected 'uint8 *' but argument is of type 'char *'
c:/nxp/bstudio_nxp/Z200Transparent/Z200/Common/Source/QApp.c:401:3: warning: implicit declaration of function 'ED_vReqActiveScan' [-Wimplicit-function-declaration]
c:/nxp/bstudio_nxp/Z200Transparent/Z200/Common/Source/QApp.c: In function 'timer1Callback':
c:/nxp/bstudio_nxp/Z200Transparent/Z200/Common/Source/QApp.c:679:5: warning: pointer targets in passing argument 1 of 'printMsg' differ in signedness [-Wpointer-sign]
c:/nxp/bstudio_nxp/Z200Transparent/Z200/Common/Source/QApp.c:544:6: note: expected 'uint8 *' but argument is of type 'char *'
c:/nxp/bstudio_nxp/Z200Transparent/Z200/Common/Source/QApp.c: At top level:
c:/nxp/bstudio_nxp/Z200Transparent/Z200/Common/Source/QApp.c:34:14: warning: 'dataLEDCounter' defined but not used [-Wunused-variable]

Compiling /c/nxp/bstudio_nxp/Z200Transparent/Z200/Coordinator/Source/enddevice.c ...
C:\nxp\bstudio_nxp\sdk\JN-SW-4163/../Tools/ba-elf-ba2-r36379/bin/ba-elf-gcc -c -o enddevice.o -DLED_CTRL_CARRIER_BOARD= -DJN516x=5160 -DJN5168=5168 -DJENNIC_CHIP_NAME=_JN5168 -DJENNIC_CHIP_FAMILY_NAME=_JN516x -march=ba2 -mcpu=jn51xx -mredzone-size=4 -mbranch-cost=3 -fomit-frame-pointer -Os -fshort-enums -Wall  -Wpacked -Wcast-align -fdata-sections -ffunction-sections -flto  -DWATCHDOG_ENABLED -DJENNIC_HW_BBC_RXINCCA=1 -DJENNIC_HW_BBC_DMA=1 -DJENNIC_HW_BBC_ISA=0 -DJENNIC_SW_EXTERNAL_FLASH=0 -DJN516X_DMA_UART_BACKWARDS_COMPATIBLE_API=1 -DUART_BACKWARDS_COMPATIBLE_API=1 -DJENNIC_CHIP=JN5168 -DJENNIC_CHIP_JN5168 -DJENNIC_CHIP_FAMILY=JN516x -DJENNIC_CHIP_FAMILY_JN516x -DJENNIC_STACK_MAC -DJENNIC_MAC_MAC -Wall -Wunreachable-code -DEMBEDDED -IC:\nxp\bstudio_nxp\sdk\JN-SW-4163/Platform/Common/Include -DJENNIC_PCB=DEVKIT4 -DJENNIC_PCB_DEVKIT4 -IC:\nxp\bstudio_nxp\sdk\JN-SW-4163/Platform/DK4/Include -IC:\nxp\bstudio_nxp\sdk\JN-SW-4163/Components/Common/Include -DDBG_ENABLE -I/c/nxp/bstudio_nxp/Z200Transparent/Z200/Coordinator/Source -I/c/nxp/bstudio_nxp/Z200Transparent/Z200/Coordinator/Source/.. -I/c/nxp/bstudio_nxp/Z200Transparent/Z200/Common/Source -IC:\nxp\bstudio_nxp\sdk\JN-SW-4163/Components/JennicLogo/Include -IC:\nxp\bstudio_nxp\sdk\JN-SW-4163/Components/Utilities/Include -IC:\nxp\bstudio_nxp\sdk\JN-SW-4163/Components/AppQueueApi/Include  -IC:\nxp\bstudio_nxp\sdk\JN-SW-4163/Components/AppApi/Include -IC:\nxp\bstudio_nxp\sdk\JN-SW-4163/Components/MAC/Include -IC:\nxp\bstudio_nxp\sdk\JN-SW-4163/Components/MMAC/Include -IC:\nxp\bstudio_nxp\sdk\JN-SW-4163/Components/HardwareApi/Include -IC:\nxp\bstudio_nxp\sdk\JN-SW-4163/Components/Aes/Include -IC:\nxp\bstudio_nxp\sdk\JN-SW-4163/Components/DBG/Include -IC:\nxp\bstudio_nxp\sdk\JN-SW-4163/Components/MAC/Include -IC:\nxp\bstudio_nxp\sdk\JN-SW-4163/Components/TimerServer/Include -IC:\nxp\bstudio_nxp\sdk\JN-SW-4163/Components/PDM/Include  /c/nxp/bstudio_nxp/Z200Transparent/Z200/Coordinator/Source/enddevice.c -MD -MF enddevice.d -MP
c:/nxp/bstudio_nxp/Z200Transparent/Z200/Coordinator/Source/enddevice.c: In function 'ED_vDcfmAssociate':
c:/nxp/bstudio_nxp/Z200Transparent/Z200/Coordinator/Source/enddevice.c:385:5: warning: pointer targets in passing argument 1 of 'printMsg' differ in signedness [-Wpointer-sign]
In file included from c:/nxp/bstudio_nxp/Z200Transparent/Z200/Coordinator/Source/enddevice.c:13:0:
c:/nxp/bstudio_nxp/Z200Transparent/Z200/Common/Source/QApp.h:89:6: note: expected 'uint8 *' but argument is of type 'char *'
c:/nxp/bstudio_nxp/Z200Transparent/Z200/Coordinator/Source/enddevice.c:429:4: warning: pointer targets in passing argument 1 of 'printMsg' differ in signedness [-Wpointer-sign]
In file included from c:/nxp/bstudio_nxp/Z200Transparent/Z200/Coordinator/Source/enddevice.c:13:0:
c:/nxp/bstudio_nxp/Z200Transparent/Z200/Common/Source/QApp.h:89:6: note: expected 'uint8 *' but argument is of type 'char *'

Linking Coordinator_JN5168.elf ...
C:\nxp\bstudio_nxp\sdk\JN-SW-4163/../Tools/ba-elf-ba2-r36379/bin/ba-elf-gcc -Wl,--gc-sections -Wl,-u_AppColdStart -Wl,-u_AppWarmStart -TApp_Stack_Size.ld -march=ba2 -mcpu=jn51xx -mredzone-size=4 -mbranch-cost=3 -fomit-frame-pointer -Os -fshort-enums -flto  -nostartfiles -LC:\nxp\bstudio_nxp\sdk\JN-SW-4163/Chip/JN5168/Build -LC:\nxp\bstudio_nxp\sdk\JN-SW-4163/Chip/JN5168/Library -LC:\nxp\bstudio_nxp\sdk\JN-SW-4163/Platform/DK4/Library -LC:\nxp\bstudio_nxp\sdk\JN-SW-4163/Components/Library -LC:\nxp\bstudio_nxp\sdk\JN-SW-4163/Stack/MAC/Build -TAppBuildMac.ld -o Coordinator_JN5168.elf crd_coordinator.o dbg.o lcd.o node.o queue.o rnd.o uart.o wuart.o AppQueueApi.o QApp.o enddevice.o -Wl,--start-group  -lAppApi_JN516x -lMAC_JN516x -lTimerServer_JN516x -lTOF_JN516x -lXcv_JN516x -lAes_JN516x -lHardwareApi_JN516x -lMicroSpecific_JN516x -lBoot_JN516x -lPDM_EEPROM_JN516x_NO_RTOS -lBoardLib_JN516x -Wl,--end-group -Wl,-Map,Coordinator_JN5168.map 
C:\nxp\bstudio_nxp\sdk\JN-SW-4163/../Tools/ba-elf-ba2-r36379/bin/ba-elf-size Coordinator_JN5168.elf
   text	   data	    bss	    dec	    hex	filename
  44205	   1312	  27135	  72652	  11bcc	Coordinator_JN5168.elf

Generating binary ...
C:\nxp\bstudio_nxp\sdk\JN-SW-4163/../Tools/ba-elf-ba2-r36379/bin/ba-elf-objcopy -S -O binary Coordinator_JN5168.elf Coordinator_JN5168.bin
